OpenJDK 64-Bit Server VM (25.242-b08) for linux-amd64 JRE (1.8.0_242-8u242-b08-1~deb9u1-b08), built on Feb 10 2020 12:38:09 by "pbuilder" with gcc 6.3.0 20170516
Memory: 4k page, physical 8011028k(2204192k free), swap 8413180k(7307752k free)
CommandLine flags: -XX:+CMSEdenChunksRecordAlways -XX:CMSInitiatingOccupancyFraction=75 -XX:+CMSParallelInitialMarkEnabled -XX:+CMSParallelRemarkEnabled -XX:CMSWaitDuration=10000 -XX:+ExitOnOutOfMemoryError -XX:GCLogFileSize=10485760 -XX:+HeapDumpOnOutOfMemoryError -XX:+IgnoreUnrecognizedVMOptions -XX:InitialHeapSize=128176448 -XX:MaxHeapSize=2050823168 -XX:MaxNewSize=348966912 -XX:MaxTenuringThreshold=6 -XX:NumberOfGCLogFiles=10 -XX:OldPLABSize=16 -XX:+PerfDisableSharedMem -XX:+PrintGC -XX:+PrintGCApplicationStoppedTime -XX:+PrintGCDateStamps -XX:+PrintGCDetails -XX:+PrintGCTimeStamps -XX:+PrintHeapAtGC -XX:+PrintTenuringDistribution -XX:+ResizeTLAB -XX:-UseBiasedLocking -XX:+UseCMSInitiatingOccupancyOnly -XX:+UseCompressedClassPointers -XX:+UseCompressedOops -XX:+UseConcMarkSweepGC -XX:+UseCondCardMark -XX:+UseGCLogFileRotation -XX:+UseParNewGC -XX:+UseTLAB 
{Heap before GC invocations=0 (full 0):
 par new generation   total 38080K, used 33856K [0x0000000085c00000, 0x0000000088550000, 0x000000009a8c0000)
  eden space 33856K, 100% used [0x0000000085c00000, 0x0000000087d10000, 0x0000000087d10000)
  from space 4224K,   0% used [0x0000000087d10000, 0x0000000087d10000, 0x0000000088130000)
  to   space 4224K,   0% used [0x0000000088130000, 0x0000000088130000, 0x0000000088550000)
 concurrent mark-sweep generation total 84672K, used 0K [0x000000009a8c0000, 0x000000009fb70000, 0x0000000100000000)
 Metaspace       used 5712K, capacity 5974K, committed 6144K, reserved 1056768K
  class space    used 581K, capacity 699K, committed 768K, reserved 1048576K
2020-12-20T12:34:46.780+0000: 0.742: [GC (Allocation Failure) 2020-12-20T12:34:46.780+0000: 0.742: [ParNew
Desired survivor size 2162688 bytes, new threshold 1 (max 6)
- age   1:    3603584 bytes,    3603584 total
: 33856K->3560K(38080K), 0.0082817 secs] 33856K->3560K(122752K), 0.0084506 secs] [Times: user=0.03 sys=0.01, real=0.01 secs] 
Heap after GC invocations=1 (full 0):
 par new generation   total 38080K, used 3560K [0x0000000085c00000, 0x0000000088550000, 0x000000009a8c0000)
  eden space 33856K,   0% used [0x0000000085c00000, 0x0000000085c00000, 0x0000000087d10000)
  from space 4224K,  84% used [0x0000000088130000, 0x00000000884aa028, 0x0000000088550000)
  to   space 4224K,   0% used [0x0000000087d10000, 0x0000000087d10000, 0x0000000088130000)
 concurrent mark-sweep generation total 84672K, used 0K [0x000000009a8c0000, 0x000000009fb70000, 0x0000000100000000)
 Metaspace       used 5712K, capacity 5974K, committed 6144K, reserved 1056768K
  class space    used 581K, capacity 699K, committed 768K, reserved 1048576K
}
2020-12-20T12:34:46.788+0000: 0.750: Total time for which application threads were stopped: 0.0088188 seconds, Stopping threads took: 0.0000379 seconds
2020-12-20T12:34:46.849+0000: 0.811: Total time for which application threads were stopped: 0.0002748 seconds, Stopping threads took: 0.0000374 seconds
{Heap before GC invocations=1 (full 0):
 par new generation   total 38080K, used 37416K [0x0000000085c00000, 0x0000000088550000, 0x000000009a8c0000)
  eden space 33856K, 100% used [0x0000000085c00000, 0x0000000087d10000, 0x0000000087d10000)
  from space 4224K,  84% used [0x0000000088130000, 0x00000000884aa028, 0x0000000088550000)
  to   space 4224K,   0% used [0x0000000087d10000, 0x0000000087d10000, 0x0000000088130000)
 concurrent mark-sweep generation total 84672K, used 0K [0x000000009a8c0000, 0x000000009fb70000, 0x0000000100000000)
 Metaspace       used 5979K, capacity 6166K, committed 6400K, reserved 1056768K
  class space    used 613K, capacity 699K, committed 768K, reserved 1048576K
2020-12-20T12:34:47.030+0000: 0.992: [GC (Allocation Failure) 2020-12-20T12:34:47.030+0000: 0.992: [ParNew
Desired survivor size 2162688 bytes, new threshold 6 (max 6)
- age   1:    1570816 bytes,    1570816 total
: 37416K->3181K(38080K), 0.0231865 secs] 37416K->5901K(122752K), 0.0233368 secs] [Times: user=0.05 sys=0.01, real=0.02 secs] 
Heap after GC invocations=2 (full 0):
 par new generation   total 38080K, used 3181K [0x0000000085c00000, 0x0000000088550000, 0x000000009a8c0000)
  eden space 33856K,   0% used [0x0000000085c00000, 0x0000000085c00000, 0x0000000087d10000)
  from space 4224K,  75% used [0x0000000087d10000, 0x000000008802b660, 0x0000000088130000)
  to   space 4224K,   0% used [0x0000000088130000, 0x0000000088130000, 0x0000000088550000)
 concurrent mark-sweep generation total 84672K, used 2719K [0x000000009a8c0000, 0x000000009fb70000, 0x0000000100000000)
 Metaspace       used 5979K, capacity 6166K, committed 6400K, reserved 1056768K
  class space    used 613K, capacity 699K, committed 768K, reserved 1048576K
}
2020-12-20T12:34:47.053+0000: 1.015: Total time for which application threads were stopped: 0.0235796 seconds, Stopping threads took: 0.0000351 seconds
{Heap before GC invocations=2 (full 0):
 par new generation   total 38080K, used 37037K [0x0000000085c00000, 0x0000000088550000, 0x000000009a8c0000)
  eden space 33856K, 100% used [0x0000000085c00000, 0x0000000087d10000, 0x0000000087d10000)
  from space 4224K,  75% used [0x0000000087d10000, 0x000000008802b660, 0x0000000088130000)
  to   space 4224K,   0% used [0x0000000088130000, 0x0000000088130000, 0x0000000088550000)
 concurrent mark-sweep generation total 84672K, used 2719K [0x000000009a8c0000, 0x000000009fb70000, 0x0000000100000000)
 Metaspace       used 6406K, capacity 6678K, committed 6912K, reserved 1056768K
  class space    used 673K, capacity 763K, committed 768K, reserved 1048576K
2020-12-20T12:34:47.363+0000: 1.325: [GC (Allocation Failure) 2020-12-20T12:34:47.363+0000: 1.325: [ParNew
Desired survivor size 2162688 bytes, new threshold 6 (max 6)
- age   1:    1387896 bytes,    1387896 total
- age   2:     158232 bytes,    1546128 total
: 37037K->1799K(38080K), 0.0073675 secs] 39757K->4519K(122752K), 0.0075092 secs] [Times: user=0.03 sys=0.00, real=0.01 secs] 
Heap after GC invocations=3 (full 0):
 par new generation   total 38080K, used 1799K [0x0000000085c00000, 0x0000000088550000, 0x000000009a8c0000)
  eden space 33856K,   0% used [0x0000000085c00000, 0x0000000085c00000, 0x0000000087d10000)
  from space 4224K,  42% used [0x0000000088130000, 0x00000000882f1f98, 0x0000000088550000)
  to   space 4224K,   0% used [0x0000000087d10000, 0x0000000087d10000, 0x0000000088130000)
 concurrent mark-sweep generation total 84672K, used 2719K [0x000000009a8c0000, 0x000000009fb70000, 0x0000000100000000)
 Metaspace       used 6406K, capacity 6678K, committed 6912K, reserved 1056768K
  class space    used 673K, capacity 763K, committed 768K, reserved 1048576K
}
2020-12-20T12:34:47.370+0000: 1.333: Total time for which application threads were stopped: 0.0078034 seconds, Stopping threads took: 0.0000408 seconds
2020-12-20T12:34:47.388+0000: 1.350: Total time for which application threads were stopped: 0.0003489 seconds, Stopping threads took: 0.0000760 seconds
{Heap before GC invocations=3 (full 0):
 par new generation   total 38080K, used 35655K [0x0000000085c00000, 0x0000000088550000, 0x000000009a8c0000)
  eden space 33856K, 100% used [0x0000000085c00000, 0x0000000087d10000, 0x0000000087d10000)
  from space 4224K,  42% used [0x0000000088130000, 0x00000000882f1f98, 0x0000000088550000)
  to   space 4224K,   0% used [0x0000000087d10000, 0x0000000087d10000, 0x0000000088130000)
 concurrent mark-sweep generation total 84672K, used 2719K [0x000000009a8c0000, 0x000000009fb70000, 0x0000000100000000)
 Metaspace       used 7717K, capacity 7998K, committed 8192K, reserved 1056768K
  class space    used 829K, capacity 923K, committed 1024K, reserved 1048576K
2020-12-20T12:34:47.682+0000: 1.644: [GC (Allocation Failure) 2020-12-20T12:34:47.682+0000: 1.644: [ParNew
Desired survivor size 2162688 bytes, new threshold 3 (max 6)
- age   1:    1997376 bytes,    1997376 total
- age   2:      93888 bytes,    2091264 total
- age   3:     156288 bytes,    2247552 total
: 35655K->2301K(38080K), 0.0084157 secs] 38375K->5020K(122752K), 0.0085458 secs] [Times: user=0.02 sys=0.00, real=0.01 secs] 
Heap after GC invocations=4 (full 0):
 par new generation   total 38080K, used 2301K [0x0000000085c00000, 0x0000000088550000, 0x000000009a8c0000)
  eden space 33856K,   0% used [0x0000000085c00000, 0x0000000085c00000, 0x0000000087d10000)
  from space 4224K,  54% used [0x0000000087d10000, 0x0000000087f4f460, 0x0000000088130000)
  to   space 4224K,   0% used [0x0000000088130000, 0x0000000088130000, 0x0000000088550000)
 concurrent mark-sweep generation total 84672K, used 2719K [0x000000009a8c0000, 0x000000009fb70000, 0x0000000100000000)
 Metaspace       used 7717K, capacity 7998K, committed 8192K, reserved 1056768K
  class space    used 829K, capacity 923K, committed 1024K, reserved 1048576K
}
2020-12-20T12:34:47.690+0000: 1.652: Total time for which application threads were stopped: 0.0088108 seconds, Stopping threads took: 0.0000328 seconds
2020-12-20T12:34:47.712+0000: 1.674: Total time for which application threads were stopped: 0.0003492 seconds, Stopping threads took: 0.0000444 seconds
{Heap before GC invocations=4 (full 0):
 par new generation   total 38080K, used 36157K [0x0000000085c00000, 0x0000000088550000, 0x000000009a8c0000)
  eden space 33856K, 100% used [0x0000000085c00000, 0x0000000087d10000, 0x0000000087d10000)
  from space 4224K,  54% used [0x0000000087d10000, 0x0000000087f4f460, 0x0000000088130000)
  to   space 4224K,   0% used [0x0000000088130000, 0x0000000088130000, 0x0000000088550000)
 concurrent mark-sweep generation total 84672K, used 2719K [0x000000009a8c0000, 0x000000009fb70000, 0x0000000100000000)
 Metaspace       used 8258K, capacity 8574K, committed 8704K, reserved 1056768K
  class space    used 908K, capacity 987K, committed 1024K, reserved 1048576K
2020-12-20T12:34:47.982+0000: 1.944: [GC (Allocation Failure) 2020-12-20T12:34:47.982+0000: 1.944: [ParNew
Desired survivor size 2162688 bytes, new threshold 6 (max 6)
- age   1:     767536 bytes,     767536 total
- age   2:     257336 bytes,    1024872 total
- age   3:      91496 bytes,    1116368 total
: 36157K->1312K(38080K), 0.0079739 secs] 38876K->4182K(122752K), 0.0081290 secs] [Times: user=0.02 sys=0.00, real=0.01 secs] 
Heap after GC invocations=5 (full 0):
 par new generation   total 38080K, used 1312K [0x0000000085c00000, 0x0000000088550000, 0x000000009a8c0000)
  eden space 33856K,   0% used [0x0000000085c00000, 0x0000000085c00000, 0x0000000087d10000)
  from space 4224K,  31% used [0x0000000088130000, 0x0000000088278248, 0x0000000088550000)
  to   space 4224K,   0% used [0x0000000087d10000, 0x0000000087d10000, 0x0000000088130000)
 concurrent mark-sweep generation total 84672K, used 2869K [0x000000009a8c0000, 0x000000009fb70000, 0x0000000100000000)
 Metaspace       used 8258K, capacity 8574K, committed 8704K, reserved 1056768K
  class space    used 908K, capacity 987K, committed 1024K, reserved 1048576K
}
2020-12-20T12:34:47.990+0000: 1.953: Total time for which application threads were stopped: 0.0084347 seconds, Stopping threads took: 0.0000415 seconds
2020-12-20T12:34:48.051+0000: 2.013: Total time for which application threads were stopped: 0.0003729 seconds, Stopping threads took: 0.0000444 seconds
{Heap before GC invocations=5 (full 0):
 par new generation   total 38080K, used 35168K [0x0000000085c00000, 0x0000000088550000, 0x000000009a8c0000)
  eden space 33856K, 100% used [0x0000000085c00000, 0x0000000087d10000, 0x0000000087d10000)
  from space 4224K,  31% used [0x0000000088130000, 0x0000000088278248, 0x0000000088550000)
  to   space 4224K,   0% used [0x0000000087d10000, 0x0000000087d10000, 0x0000000088130000)
 concurrent mark-sweep generation total 84672K, used 2869K [0x000000009a8c0000, 0x000000009fb70000, 0x0000000100000000)
 Metaspace       used 9051K, capacity 9342K, committed 9600K, reserved 1058816K
  class space    used 1011K, capacity 1115K, committed 1152K, reserved 1048576K
2020-12-20T12:34:48.213+0000: 2.176: [GC (Allocation Failure) 2020-12-20T12:34:48.214+0000: 2.176: [ParNew
Desired survivor size 2162688 bytes, new threshold 6 (max 6)
- age   1:     794432 bytes,     794432 total
- age   2:     150432 bytes,     944864 total
- age   3:     253360 bytes,    1198224 total
- age   4:      82432 bytes,    1280656 total
: 35168K->1337K(38080K), 0.0053596 secs] 38038K->4206K(122752K), 0.0055166 secs] [Times: user=0.01 sys=0.01, real=0.00 secs] 
Heap after GC invocations=6 (full 0):
 par new generation   total 38080K, used 1337K [0x0000000085c00000, 0x0000000088550000, 0x000000009a8c0000)
  eden space 33856K,   0% used [0x0000000085c00000, 0x0000000085c00000, 0x0000000087d10000)
  from space 4224K,  31% used [0x0000000087d10000, 0x0000000087e5e478, 0x0000000088130000)
  to   space 4224K,   0% used [0x0000000088130000, 0x0000000088130000, 0x0000000088550000)
 concurrent mark-sweep generation total 84672K, used 2869K [0x000000009a8c0000, 0x000000009fb70000, 0x0000000100000000)
 Metaspace       used 9051K, capacity 9342K, committed 9600K, reserved 1058816K
  class space    used 1011K, capacity 1115K, committed 1152K, reserved 1048576K
}
2020-12-20T12:34:48.219+0000: 2.181: Total time for which application threads were stopped: 0.0057759 seconds, Stopping threads took: 0.0000417 seconds
{Heap before GC invocations=6 (full 0):
 par new generation   total 38080K, used 35193K [0x0000000085c00000, 0x0000000088550000, 0x000000009a8c0000)
  eden space 33856K, 100% used [0x0000000085c00000, 0x0000000087d10000, 0x0000000087d10000)
  from space 4224K,  31% used [0x0000000087d10000, 0x0000000087e5e478, 0x0000000088130000)
  to   space 4224K,   0% used [0x0000000088130000, 0x0000000088130000, 0x0000000088550000)
 concurrent mark-sweep generation total 84672K, used 2869K [0x000000009a8c0000, 0x000000009fb70000, 0x0000000100000000)
 Metaspace       used 9570K, capacity 9838K, committed 10240K, reserved 1058816K
  class space    used 1071K, capacity 1153K, committed 1280K, reserved 1048576K
2020-12-20T12:34:48.462+0000: 2.424: [GC (Allocation Failure) 2020-12-20T12:34:48.462+0000: 2.424: [ParNew
Desired survivor size 2162688 bytes, new threshold 6 (max 6)
- age   1:    1236944 bytes,    1236944 total
- age   2:     306864 bytes,    1543808 total
- age   3:     149568 bytes,    1693376 total
- age   4:     227456 bytes,    1920832 total
- age   5:      81912 bytes,    2002744 total
: 35193K->2336K(38080K), 0.0087983 secs] 38062K->5205K(122752K), 0.0089411 secs] [Times: user=0.02 sys=0.00, real=0.01 secs] 
Heap after GC invocations=7 (full 0):
 par new generation   total 38080K, used 2336K [0x0000000085c00000, 0x0000000088550000, 0x000000009a8c0000)
  eden space 33856K,   0% used [0x0000000085c00000, 0x0000000085c00000, 0x0000000087d10000)
  from space 4224K,  55% used [0x0000000088130000, 0x0000000088378100, 0x0000000088550000)
  to   space 4224K,   0% used [0x0000000087d10000, 0x0000000087d10000, 0x0000000088130000)
 concurrent mark-sweep generation total 84672K, used 2869K [0x000000009a8c0000, 0x000000009fb70000, 0x0000000100000000)
 Metaspace       used 9570K, capacity 9838K, committed 10240K, reserved 1058816K
  class space    used 1071K, capacity 1153K, committed 1280K, reserved 1048576K
}
2020-12-20T12:34:48.471+0000: 2.433: Total time for which application threads were stopped: 0.0092412 seconds, Stopping threads took: 0.0000374 seconds
{Heap before GC invocations=7 (full 0):
 par new generation   total 38080K, used 36192K [0x0000000085c00000, 0x0000000088550000, 0x000000009a8c0000)
  eden space 33856K, 100% used [0x0000000085c00000, 0x0000000087d10000, 0x0000000087d10000)
  from space 4224K,  55% used [0x0000000088130000, 0x0000000088378100, 0x0000000088550000)
  to   space 4224K,   0% used [0x0000000087d10000, 0x0000000087d10000, 0x0000000088130000)
 concurrent mark-sweep generation total 84672K, used 2869K [0x000000009a8c0000, 0x000000009fb70000, 0x0000000100000000)
 Metaspace       used 10183K, capacity 10516K, committed 10752K, reserved 1058816K
  class space    used 1157K, capacity 1252K, committed 1280K, reserved 1048576K
2020-12-20T12:34:48.730+0000: 2.692: [GC (Allocation Failure) 2020-12-20T12:34:48.730+0000: 2.692: [ParNew
Desired survivor size 2162688 bytes, new threshold 5 (max 6)
- age   1:    1265080 bytes,    1265080 total
- age   2:     249184 bytes,    1514264 total
- age   3:     306032 bytes,    1820296 total
- age   4:     149568 bytes,    1969864 total
- age   5:     227456 bytes,    2197320 total
- age   6:      81912 bytes,    2279232 total
: 36192K->2749K(38080K), 0.0075175 secs] 39061K->5618K(122752K), 0.0077543 secs] [Times: user=0.02 sys=0.00, real=0.01 secs] 
Heap after GC invocations=8 (full 0):
 par new generation   total 38080K, used 2749K [0x0000000085c00000, 0x0000000088550000, 0x000000009a8c0000)
  eden space 33856K,   0% used [0x0000000085c00000, 0x0000000085c00000, 0x0000000087d10000)
  from space 4224K,  65% used [0x0000000087d10000, 0x0000000087fbf5b0, 0x0000000088130000)
  to   space 4224K,   0% used [0x0000000088130000, 0x0000000088130000, 0x0000000088550000)
 concurrent mark-sweep generation total 84672K, used 2869K [0x000000009a8c0000, 0x000000009fb70000, 0x0000000100000000)
 Metaspace       used 10183K, capacity 10516K, committed 10752K, reserved 1058816K
  class space    used 1157K, capacity 1252K, committed 1280K, reserved 1048576K
}
2020-12-20T12:34:48.738+0000: 2.700: Total time for which application threads were stopped: 0.0080185 seconds, Stopping threads took: 0.0000418 seconds
{Heap before GC invocations=8 (full 0):
 par new generation   total 38080K, used 36605K [0x0000000085c00000, 0x0000000088550000, 0x000000009a8c0000)
  eden space 33856K, 100% used [0x0000000085c00000, 0x0000000087d10000, 0x0000000087d10000)
  from space 4224K,  65% used [0x0000000087d10000, 0x0000000087fbf5b0, 0x0000000088130000)
  to   space 4224K,   0% used [0x0000000088130000, 0x0000000088130000, 0x0000000088550000)
 concurrent mark-sweep generation total 84672K, used 2869K [0x000000009a8c0000, 0x000000009fb70000, 0x0000000100000000)
 Metaspace       used 10893K, capacity 11238K, committed 11392K, reserved 1058816K
  class space    used 1257K, capacity 1363K, committed 1408K, reserved 1048576K
2020-12-20T12:34:48.962+0000: 2.924: [GC (Allocation Failure) 2020-12-20T12:34:48.962+0000: 2.924: [ParNew
Desired survivor size 2162688 bytes, new threshold 5 (max 6)
- age   1:    1423752 bytes,    1423752 total
- age   2:     125912 bytes,    1549664 total
- age   3:     246896 bytes,    1796560 total
- age   4:     304488 bytes,    2101048 total
- age   5:     140224 bytes,    2241272 total
: 36605K->2835K(38080K), 0.0071078 secs] 39474K->6010K(122752K), 0.0072533 secs] [Times: user=0.01 sys=0.00, real=0.01 secs] 
Heap after GC invocations=9 (full 0):
 par new generation   total 38080K, used 2835K [0x0000000085c00000, 0x0000000088550000, 0x000000009a8c0000)
  eden space 33856K,   0% used [0x0000000085c00000, 0x0000000085c00000, 0x0000000087d10000)
  from space 4224K,  67% used [0x0000000088130000, 0x00000000883f4c70, 0x0000000088550000)
  to   space 4224K,   0% used [0x0000000087d10000, 0x0000000087d10000, 0x0000000088130000)
 concurrent mark-sweep generation total 84672K, used 3174K [0x000000009a8c0000, 0x000000009fb70000, 0x0000000100000000)
 Metaspace       used 10893K, capacity 11238K, committed 11392K, reserved 1058816K
  class space    used 1257K, capacity 1363K, committed 1408K, reserved 1048576K
}
2020-12-20T12:34:48.969+0000: 2.931: Total time for which application threads were stopped: 0.0075444 seconds, Stopping threads took: 0.0000322 seconds
{Heap before GC invocations=9 (full 0):
 par new generation   total 38080K, used 36691K [0x0000000085c00000, 0x0000000088550000, 0x000000009a8c0000)
  eden space 33856K, 100% used [0x0000000085c00000, 0x0000000087d10000, 0x0000000087d10000)
  from space 4224K,  67% used [0x0000000088130000, 0x00000000883f4c70, 0x0000000088550000)
  to   space 4224K,   0% used [0x0000000087d10000, 0x0000000087d10000, 0x0000000088130000)
 concurrent mark-sweep generation total 84672K, used 3174K [0x000000009a8c0000, 0x000000009fb70000, 0x0000000100000000)
 Metaspace       used 11287K, capacity 11630K, committed 11776K, reserved 1058816K
  class space    used 1317K, capacity 1429K, committed 1536K, reserved 1048576K
2020-12-20T12:34:49.095+0000: 3.057: [GC (Allocation Failure) 2020-12-20T12:34:49.095+0000: 3.058: [ParNew
Desired survivor size 2162688 bytes, new threshold 6 (max 6)
- age   1:     605112 bytes,     605112 total
- age   2:     206648 bytes,     811760 total
- age   3:     120848 bytes,     932608 total
- age   4:     244360 bytes,    1176968 total
- age   5:     299856 bytes,    1476824 total
: 36691K->1853K(38080K), 0.0050709 secs] 39866K->5168K(122752K), 0.0052527 secs] [Times: user=0.01 sys=0.00, real=0.00 secs] 
Heap after GC invocations=10 (full 0):
 par new generation   total 38080K, used 1853K [0x0000000085c00000, 0x0000000088550000, 0x000000009a8c0000)
  eden space 33856K,   0% used [0x0000000085c00000, 0x0000000085c00000, 0x0000000087d10000)
  from space 4224K,  43% used [0x0000000087d10000, 0x0000000087edf728, 0x0000000088130000)
  to   space 4224K,   0% used [0x0000000088130000, 0x0000000088130000, 0x0000000088550000)
 concurrent mark-sweep generation total 84672K, used 3314K [0x000000009a8c0000, 0x000000009fb70000, 0x0000000100000000)
 Metaspace       used 11287K, capacity 11630K, committed 11776K, reserved 1058816K
  class space    used 1317K, capacity 1429K, committed 1536K, reserved 1048576K
}
2020-12-20T12:34:49.101+0000: 3.063: Total time for which application threads were stopped: 0.0055606 seconds, Stopping threads took: 0.0000284 seconds
{Heap before GC invocations=10 (full 0):
 par new generation   total 38080K, used 35709K [0x0000000085c00000, 0x0000000088550000, 0x000000009a8c0000)
  eden space 33856K, 100% used [0x0000000085c00000, 0x0000000087d10000, 0x0000000087d10000)
  from space 4224K,  43% used [0x0000000087d10000, 0x0000000087edf728, 0x0000000088130000)
  to   space 4224K,   0% used [0x0000000088130000, 0x0000000088130000, 0x0000000088550000)
 concurrent mark-sweep generation total 84672K, used 3314K [0x000000009a8c0000, 0x000000009fb70000, 0x0000000100000000)
 Metaspace       used 12156K, capacity 12512K, committed 12800K, reserved 1060864K
  class space    used 1414K, capacity 1530K, committed 1536K, reserved 1048576K
2020-12-20T12:34:49.266+0000: 3.228: [GC (Allocation Failure) 2020-12-20T12:34:49.266+0000: 3.228: [ParNew
Desired survivor size 2162688 bytes, new threshold 6 (max 6)
- age   1:    1179976 bytes,    1179976 total
- age   2:     107608 bytes,    1287584 total
- age   3:     200968 bytes,    1488552 total
- age   4:     120216 bytes,    1608768 total
- age   5:     241752 bytes,    1850520 total
- age   6:     299856 bytes,    2150376 total
: 35709K->2657K(38080K), 0.0064232 secs] 39024K->5971K(122752K), 0.0065688 secs] [Times: user=0.02 sys=0.00, real=0.00 secs] 
Heap after GC invocations=11 (full 0):
 par new generation   total 38080K, used 2657K [0x0000000085c00000, 0x0000000088550000, 0x000000009a8c0000)
  eden space 33856K,   0% used [0x0000000085c00000, 0x0000000085c00000, 0x0000000087d10000)
  from space 4224K,  62% used [0x0000000088130000, 0x00000000883c84f0, 0x0000000088550000)
  to   space 4224K,   0% used [0x0000000087d10000, 0x0000000087d10000, 0x0000000088130000)
 concurrent mark-sweep generation total 84672K, used 3314K [0x000000009a8c0000, 0x000000009fb70000, 0x0000000100000000)
 Metaspace       used 12156K, capacity 12512K, committed 12800K, reserved 1060864K
  class space    used 1414K, capacity 1530K, committed 1536K, reserved 1048576K
}
2020-12-20T12:34:49.273+0000: 3.235: Total time for which application threads were stopped: 0.0068375 seconds, Stopping threads took: 0.0000292 seconds
{Heap before GC invocations=11 (full 0):
 par new generation   total 38080K, used 36513K [0x0000000085c00000, 0x0000000088550000, 0x000000009a8c0000)
  eden space 33856K, 100% used [0x0000000085c00000, 0x0000000087d10000, 0x0000000087d10000)
  from space 4224K,  62% used [0x0000000088130000, 0x00000000883c84f0, 0x0000000088550000)
  to   space 4224K,   0% used [0x0000000087d10000, 0x0000000087d10000, 0x0000000088130000)
 concurrent mark-sweep generation total 84672K, used 3314K [0x000000009a8c0000, 0x000000009fb70000, 0x0000000100000000)
 Metaspace       used 12841K, capacity 13186K, committed 13440K, reserved 1060864K
  class space    used 1505K, capacity 1619K, committed 1664K, reserved 1048576K
2020-12-20T12:34:49.426+0000: 3.388: [GC (Allocation Failure) 2020-12-20T12:34:49.426+0000: 3.388: [ParNew
Desired survivor size 2162688 bytes, new threshold 6 (max 6)
- age   1:     528640 bytes,     528640 total
- age   2:     232248 bytes,     760888 total
- age   3:     103608 bytes,     864496 total
- age   4:     190440 bytes,    1054936 total
- age   5:     119688 bytes,    1174624 total
- age   6:     241592 bytes,    1416216 total
: 36513K->1767K(38080K), 0.0055447 secs] 39827K->5378K(122752K), 0.0057117 secs] [Times: user=0.01 sys=0.00, real=0.00 secs] 
Heap after GC invocations=12 (full 0):
 par new generation   total 38080K, used 1767K [0x0000000085c00000, 0x0000000088550000, 0x000000009a8c0000)
  eden space 33856K,   0% used [0x0000000085c00000, 0x0000000085c00000, 0x0000000087d10000)
  from space 4224K,  41% used [0x0000000087d10000, 0x0000000087ec9f70, 0x0000000088130000)
  to   space 4224K,   0% used [0x0000000088130000, 0x0000000088130000, 0x0000000088550000)
 concurrent mark-sweep generation total 84672K, used 3610K [0x000000009a8c0000, 0x000000009fb70000, 0x0000000100000000)
 Metaspace       used 12841K, capacity 13186K, committed 13440K, reserved 1060864K
  class space    used 1505K, capacity 1619K, committed 1664K, reserved 1048576K
}
2020-12-20T12:34:49.432+0000: 3.394: Total time for which application threads were stopped: 0.0060731 seconds, Stopping threads took: 0.0000488 seconds
{Heap before GC invocations=12 (full 0):
 par new generation   total 38080K, used 35623K [0x0000000085c00000, 0x0000000088550000, 0x000000009a8c0000)
  eden space 33856K, 100% used [0x0000000085c00000, 0x0000000087d10000, 0x0000000087d10000)
  from space 4224K,  41% used [0x0000000087d10000, 0x0000000087ec9f70, 0x0000000088130000)
  to   space 4224K,   0% used [0x0000000088130000, 0x0000000088130000, 0x0000000088550000)
 concurrent mark-sweep generation total 84672K, used 3610K [0x000000009a8c0000, 0x000000009fb70000, 0x0000000100000000)
 Metaspace       used 13313K, capacity 13862K, committed 14080K, reserved 1060864K
  class space    used 1579K, capacity 1727K, committed 1792K, reserved 1048576K
2020-12-20T12:34:49.604+0000: 3.567: [GC (Allocation Failure) 2020-12-20T12:34:49.604+0000: 3.567: [ParNew
Desired survivor size 2162688 bytes, new threshold 6 (max 6)
- age   1:    1208584 bytes,    1208584 total
- age   2:     235600 bytes,    1444184 total
- age   3:     230008 bytes,    1674192 total
- age   4:     101112 bytes,    1775304 total
- age   5:     190376 bytes,    1965680 total
- age   6:     119544 bytes,    2085224 total
: 35623K->2363K(38080K), 0.0086694 secs] 39234K->6212K(122752K), 0.0088255 secs] [Times: user=0.02 sys=0.00, real=0.01 secs] 
Heap after GC invocations=13 (full 0):
 par new generation   total 38080K, used 2363K [0x0000000085c00000, 0x0000000088550000, 0x000000009a8c0000)
  eden space 33856K,   0% used [0x0000000085c00000, 0x0000000085c00000, 0x0000000087d10000)
  from space 4224K,  55% used [0x0000000088130000, 0x000000008837ec40, 0x0000000088550000)
  to   space 4224K,   0% used [0x0000000087d10000, 0x0000000087d10000, 0x0000000088130000)
 concurrent mark-sweep generation total 84672K, used 3849K [0x000000009a8c0000, 0x000000009fb70000, 0x0000000100000000)
 Metaspace       used 13313K, capacity 13862K, committed 14080K, reserved 1060864K
  class space    used 1579K, capacity 1727K, committed 1792K, reserved 1048576K
}
2020-12-20T12:34:49.613+0000: 3.575: Total time for which application threads were stopped: 0.0092079 seconds, Stopping threads took: 0.0000381 seconds
2020-12-20T12:34:49.647+0000: 3.609: Total time for which application threads were stopped: 0.0004155 seconds, Stopping threads took: 0.0000383 seconds
{Heap before GC invocations=13 (full 0):
 par new generation   total 38080K, used 36219K [0x0000000085c00000, 0x0000000088550000, 0x000000009a8c0000)
  eden space 33856K, 100% used [0x0000000085c00000, 0x0000000087d10000, 0x0000000087d10000)
  from space 4224K,  55% used [0x0000000088130000, 0x000000008837ec40, 0x0000000088550000)
  to   space 4224K,   0% used [0x0000000087d10000, 0x0000000087d10000, 0x0000000088130000)
 concurrent mark-sweep generation total 84672K, used 3849K [0x000000009a8c0000, 0x000000009fb70000, 0x0000000100000000)
 Metaspace       used 13583K, capacity 14086K, committed 14336K, reserved 1062912K
  class space    used 1618K, capacity 1759K, committed 1792K, reserved 1048576K
2020-12-20T12:34:49.706+0000: 3.668: [GC (Allocation Failure) 2020-12-20T12:34:49.706+0000: 3.668: [ParNew
Desired survivor size 2162688 bytes, new threshold 6 (max 6)
- age   1:     729760 bytes,     729760 total
- age   2:     165744 bytes,     895504 total
- age   3:     234768 bytes,    1130272 total
- age   4:     230008 bytes,    1360280 total
- age   5:     101112 bytes,    1461392 total
- age   6:     189960 bytes,    1651352 total
: 36219K->2011K(38080K), 0.0061698 secs] 40068K->5984K(122752K), 0.0063697 secs] [Times: user=0.02 sys=0.00, real=0.00 secs] 
Heap after GC invocations=14 (full 0):
 par new generation   total 38080K, used 2011K [0x0000000085c00000, 0x0000000088550000, 0x000000009a8c0000)
  eden space 33856K,   0% used [0x0000000085c00000, 0x0000000085c00000, 0x0000000087d10000)
  from space 4224K,  47% used [0x0000000087d10000, 0x0000000087f06ff0, 0x0000000088130000)
  to   space 4224K,   0% used [0x0000000088130000, 0x0000000088130000, 0x0000000088550000)
 concurrent mark-sweep generation total 84672K, used 3972K [0x000000009a8c0000, 0x000000009fb70000, 0x0000000100000000)
 Metaspace       used 13583K, capacity 14086K, committed 14336K, reserved 1062912K
  class space    used 1618K, capacity 1759K, committed 1792K, reserved 1048576K
}
2020-12-20T12:34:49.713+0000: 3.675: Total time for which application threads were stopped: 0.0067305 seconds, Stopping threads took: 0.0000377 seconds
{Heap before GC invocations=14 (full 0):
 par new generation   total 38080K, used 35867K [0x0000000085c00000, 0x0000000088550000, 0x000000009a8c0000)
  eden space 33856K, 100% used [0x0000000085c00000, 0x0000000087d10000, 0x0000000087d10000)
  from space 4224K,  47% used [0x0000000087d10000, 0x0000000087f06ff0, 0x0000000088130000)
  to   space 4224K,   0% used [0x0000000088130000, 0x0000000088130000, 0x0000000088550000)
 concurrent mark-sweep generation total 84672K, used 3972K [0x000000009a8c0000, 0x000000009fb70000, 0x0000000100000000)
 Metaspace       used 13838K, capacity 14310K, committed 14336K, reserved 1062912K
  class space    used 1655K, capacity 1791K, committed 1792K, reserved 1048576K
2020-12-20T12:34:49.834+0000: 3.796: [GC (Allocation Failure) 2020-12-20T12:34:49.834+0000: 3.796: [ParNew
Desired survivor size 2162688 bytes, new threshold 6 (max 6)
- age   1:    1029248 bytes,    1029248 total
- age   2:      44000 bytes,    1073248 total
- age   3:     165264 bytes,    1238512 total
- age   4:     234768 bytes,    1473280 total
- age   5:     230008 bytes,    1703288 total
- age   6:     101112 bytes,    1804400 total
: 35867K->2394K(38080K), 0.0066498 secs] 39840K->6558K(122752K), 0.0067736 secs] [Times: user=0.02 sys=0.01, real=0.00 secs] 
Heap after GC invocations=15 (full 0):
 par new generation   total 38080K, used 2394K [0x0000000085c00000, 0x0000000088550000, 0x000000009a8c0000)
  eden space 33856K,   0% used [0x0000000085c00000, 0x0000000085c00000, 0x0000000087d10000)
  from space 4224K,  56% used [0x0000000088130000, 0x00000000883869e0, 0x0000000088550000)
  to   space 4224K,   0% used [0x0000000087d10000, 0x0000000087d10000, 0x0000000088130000)
 concurrent mark-sweep generation total 84672K, used 4163K [0x000000009a8c0000, 0x000000009fb70000, 0x0000000100000000)
 Metaspace       used 13838K, capacity 14310K, committed 14336K, reserved 1062912K
  class space    used 1655K, capacity 1791K, committed 1792K, reserved 1048576K
}
2020-12-20T12:34:49.841+0000: 3.803: Total time for which application threads were stopped: 0.0069891 seconds, Stopping threads took: 0.0000366 seconds
2020-12-20T12:34:49.976+0000: 3.938: Total time for which application threads were stopped: 0.0005375 seconds, Stopping threads took: 0.0000434 seconds
2020-12-20T12:34:50.018+0000: 3.980: Total time for which application threads were stopped: 0.0003990 seconds, Stopping threads took: 0.0000398 seconds
{Heap before GC invocations=15 (full 0):
 par new generation   total 38080K, used 36250K [0x0000000085c00000, 0x0000000088550000, 0x000000009a8c0000)
  eden space 33856K, 100% used [0x0000000085c00000, 0x0000000087d10000, 0x0000000087d10000)
  from space 4224K,  56% used [0x0000000088130000, 0x00000000883869e0, 0x0000000088550000)
  to   space 4224K,   0% used [0x0000000087d10000, 0x0000000087d10000, 0x0000000088130000)
 concurrent mark-sweep generation total 84672K, used 4163K [0x000000009a8c0000, 0x000000009fb70000, 0x0000000100000000)
 Metaspace       used 14160K, capacity 14684K, committed 14976K, reserved 1062912K
  class space    used 1682K, capacity 1800K, committed 1920K, reserved 1048576K
2020-12-20T12:34:50.103+0000: 4.065: [GC (Allocation Failure) 2020-12-20T12:34:50.103+0000: 4.065: [ParNew
Desired survivor size 2162688 bytes, new threshold 6 (max 6)
- age   1:     238880 bytes,     238880 total
- age   2:      58192 bytes,     297072 total
- age   3:      40408 bytes,     337480 total
- age   4:     157128 bytes,     494608 total
- age   5:     234744 bytes,     729352 total
- age   6:     228616 bytes,     957968 total
: 36250K->1397K(38080K), 0.0030028 secs] 40414K->5664K(122752K), 0.0031528 secs] [Times: user=0.02 sys=0.00, real=0.01 secs] 
Heap after GC invocations=16 (full 0):
 par new generation   total 38080K, used 1397K [0x0000000085c00000, 0x0000000088550000, 0x000000009a8c0000)
  eden space 33856K,   0% used [0x0000000085c00000, 0x0000000085c00000, 0x0000000087d10000)
  from space 4224K,  33% used [0x0000000087d10000, 0x0000000087e6d578, 0x0000000088130000)
  to   space 4224K,   0% used [0x0000000088130000, 0x0000000088130000, 0x0000000088550000)
 concurrent mark-sweep generation total 84672K, used 4266K [0x000000009a8c0000, 0x000000009fb70000, 0x0000000100000000)
 Metaspace       used 14160K, capacity 14684K, committed 14976K, reserved 1062912K
  class space    used 1682K, capacity 1800K, committed 1920K, reserved 1048576K
}
2020-12-20T12:34:50.106+0000: 4.068: Total time for which application threads were stopped: 0.0034238 seconds, Stopping threads took: 0.0000383 seconds
{Heap before GC invocations=16 (full 0):
 par new generation   total 38080K, used 35253K [0x0000000085c00000, 0x0000000088550000, 0x000000009a8c0000)
  eden space 33856K, 100% used [0x0000000085c00000, 0x0000000087d10000, 0x0000000087d10000)
  from space 4224K,  33% used [0x0000000087d10000, 0x0000000087e6d578, 0x0000000088130000)
  to   space 4224K,   0% used [0x0000000088130000, 0x0000000088130000, 0x0000000088550000)
 concurrent mark-sweep generation total 84672K, used 4266K [0x000000009a8c0000, 0x000000009fb70000, 0x0000000100000000)
 Metaspace       used 14603K, capacity 15232K, committed 15488K, reserved 1062912K
  class space    used 1742K, capacity 1886K, committed 1920K, reserved 1048576K
2020-12-20T12:34:50.310+0000: 4.272: [GC (Allocation Failure) 2020-12-20T12:34:50.310+0000: 4.272: [ParNew
Desired survivor size 2162688 bytes, new threshold 5 (max 6)
- age   1:    1717464 bytes,    1717464 total
- age   2:     216312 bytes,    1933776 total
- age   3:      57464 bytes,    1991240 total
- age   4:      40408 bytes,    2031648 total
- age   5:     146848 bytes,    2178496 total
- age   6:     155512 bytes,    2334008 total
: 35253K->3025K(38080K), 0.0098595 secs] 39520K->7522K(122752K), 0.0099784 secs] [Times: user=0.03 sys=0.00, real=0.01 secs] 
Heap after GC invocations=17 (full 0):
 par new generation   total 38080K, used 3025K [0x0000000085c00000, 0x0000000088550000, 0x000000009a8c0000)
  eden space 33856K,   0% used [0x0000000085c00000, 0x0000000085c00000, 0x0000000087d10000)
  from space 4224K,  71% used [0x0000000088130000, 0x0000000088424778, 0x0000000088550000)
  to   space 4224K,   0% used [0x0000000087d10000, 0x0000000087d10000, 0x0000000088130000)
 concurrent mark-sweep generation total 84672K, used 4497K [0x000000009a8c0000, 0x000000009fb70000, 0x0000000100000000)
 Metaspace       used 14603K, capacity 15232K, committed 15488K, reserved 1062912K
  class space    used 1742K, capacity 1886K, committed 1920K, reserved 1048576K
}
2020-12-20T12:34:50.320+0000: 4.282: Total time for which application threads were stopped: 0.0110550 seconds, Stopping threads took: 0.0008436 seconds
2020-12-20T12:34:50.343+0000: 4.306: Total time for which application threads were stopped: 0.0005772 seconds, Stopping threads took: 0.0000884 seconds
{Heap before GC invocations=17 (full 0):
 par new generation   total 38080K, used 36881K [0x0000000085c00000, 0x0000000088550000, 0x000000009a8c0000)
  eden space 33856K, 100% used [0x0000000085c00000, 0x0000000087d10000, 0x0000000087d10000)
  from space 4224K,  71% used [0x0000000088130000, 0x0000000088424778, 0x0000000088550000)
  to   space 4224K,   0% used [0x0000000087d10000, 0x0000000087d10000, 0x0000000088130000)
 concurrent mark-sweep generation total 84672K, used 4497K [0x000000009a8c0000, 0x000000009fb70000, 0x0000000100000000)
 Metaspace       used 15225K, capacity 15816K, committed 16128K, reserved 1062912K
  class space    used 1810K, capacity 1952K, committed 2048K, reserved 1048576K
2020-12-20T12:34:50.439+0000: 4.401: [GC (Allocation Failure) 2020-12-20T12:34:50.439+0000: 4.401: [ParNew
Desired survivor size 2162688 bytes, new threshold 2 (max 6)
- age   1:    1586384 bytes,    1586384 total
- age   2:     675592 bytes,    2261976 total
- age   3:     215480 bytes,    2477456 total
- age   4:      57440 bytes,    2534896 total
- age   5:      40408 bytes,    2575304 total
: 36881K->3444K(38080K), 0.0104668 secs] 41378K->8238K(122752K), 0.0106211 secs] [Times: user=0.03 sys=0.00, real=0.01 secs] 
Heap after GC invocations=18 (full 0):
 par new generation   total 38080K, used 3444K [0x0000000085c00000, 0x0000000088550000, 0x000000009a8c0000)
  eden space 33856K,   0% used [0x0000000085c00000, 0x0000000085c00000, 0x0000000087d10000)
  from space 4224K,  81% used [0x0000000087d10000, 0x000000008806d0c8, 0x0000000088130000)
  to   space 4224K,   0% used [0x0000000088130000, 0x0000000088130000, 0x0000000088550000)
 concurrent mark-sweep generation total 84672K, used 4794K [0x000000009a8c0000, 0x000000009fb70000, 0x0000000100000000)
 Metaspace       used 15225K, capacity 15816K, committed 16128K, reserved 1062912K
  class space    used 1810K, capacity 1952K, committed 2048K, reserved 1048576K
}
2020-12-20T12:34:50.450+0000: 4.412: Total time for which application threads were stopped: 0.0108908 seconds, Stopping threads took: 0.0000402 seconds
{Heap before GC invocations=18 (full 0):
 par new generation   total 38080K, used 37300K [0x0000000085c00000, 0x0000000088550000, 0x000000009a8c0000)
  eden space 33856K, 100% used [0x0000000085c00000, 0x0000000087d10000, 0x0000000087d10000)
  from space 4224K,  81% used [0x0000000087d10000, 0x000000008806d0c8, 0x0000000088130000)
  to   space 4224K,   0% used [0x0000000088130000, 0x0000000088130000, 0x0000000088550000)
 concurrent mark-sweep generation total 84672K, used 4794K [0x000000009a8c0000, 0x000000009fb70000, 0x0000000100000000)
 Metaspace       used 15667K, capacity 16224K, committed 16384K, reserved 1062912K
  class space    used 1876K, capacity 2028K, committed 2048K, reserved 1048576K
2020-12-20T12:34:50.523+0000: 4.485: [GC (Allocation Failure) 2020-12-20T12:34:50.523+0000: 4.485: [ParNew
Desired survivor size 2162688 bytes, new threshold 6 (max 6)
- age   1:    1710784 bytes,    1710784 total
- age   2:     121760 bytes,    1832544 total
: 37300K->2160K(38080K), 0.0117925 secs] 42094K->7930K(122752K), 0.0119217 secs] [Times: user=0.03 sys=0.00, real=0.02 secs] 
Heap after GC invocations=19 (full 0):
 par new generation   total 38080K, used 2160K [0x0000000085c00000, 0x0000000088550000, 0x000000009a8c0000)
  eden space 33856K,   0% used [0x0000000085c00000, 0x0000000085c00000, 0x0000000087d10000)
  from space 4224K,  51% used [0x0000000088130000, 0x000000008834c260, 0x0000000088550000)
  to   space 4224K,   0% used [0x0000000087d10000, 0x0000000087d10000, 0x0000000088130000)
 concurrent mark-sweep generation total 84672K, used 5769K [0x000000009a8c0000, 0x000000009fb70000, 0x0000000100000000)
 Metaspace       used 15667K, capacity 16224K, committed 16384K, reserved 1062912K
  class space    used 1876K, capacity 2028K, committed 2048K, reserved 1048576K
}
2020-12-20T12:34:50.535+0000: 4.497: Total time for which application threads were stopped: 0.0122105 seconds, Stopping threads took: 0.0000780 seconds
{Heap before GC invocations=19 (full 0):
 par new generation   total 38080K, used 36016K [0x0000000085c00000, 0x0000000088550000, 0x000000009a8c0000)
  eden space 33856K, 100% used [0x0000000085c00000, 0x0000000087d10000, 0x0000000087d10000)
  from space 4224K,  51% used [0x0000000088130000, 0x000000008834c260, 0x0000000088550000)
  to   space 4224K,   0% used [0x0000000087d10000, 0x0000000087d10000, 0x0000000088130000)
 concurrent mark-sweep generation total 84672K, used 5769K [0x000000009a8c0000, 0x000000009fb70000, 0x0000000100000000)
 Metaspace       used 16227K, capacity 16800K, committed 17024K, reserved 1064960K
  class space    used 1932K, capacity 2092K, committed 2176K, reserved 1048576K
2020-12-20T12:34:50.609+0000: 4.571: [GC (Allocation Failure) 2020-12-20T12:34:50.609+0000: 4.572: [ParNew
Desired survivor size 2162688 bytes, new threshold 6 (max 6)
- age   1:    1752408 bytes,    1752408 total
- age   2:     124064 bytes,    1876472 total
- age   3:     114624 bytes,    1991096 total
: 36016K->2039K(38080K), 0.0071448 secs] 41786K->7809K(122752K), 0.0073199 secs] [Times: user=0.01 sys=0.00, real=0.01 secs] 
Heap after GC invocations=20 (full 0):
 par new generation   total 38080K, used 2039K [0x0000000085c00000, 0x0000000088550000, 0x000000009a8c0000)
  eden space 33856K,   0% used [0x0000000085c00000, 0x0000000085c00000, 0x0000000087d10000)
  from space 4224K,  48% used [0x0000000087d10000, 0x0000000087f0de48, 0x0000000088130000)
  to   space 4224K,   0% used [0x0000000088130000, 0x0000000088130000, 0x0000000088550000)
 concurrent mark-sweep generation total 84672K, used 5769K [0x000000009a8c0000, 0x000000009fb70000, 0x0000000100000000)
 Metaspace       used 16227K, capacity 16800K, committed 17024K, reserved 1064960K
  class space    used 1932K, capacity 2092K, committed 2176K, reserved 1048576K
}
2020-12-20T12:34:50.617+0000: 4.579: Total time for which application threads were stopped: 0.0081959 seconds, Stopping threads took: 0.0006439 seconds
{Heap before GC invocations=20 (full 0):
 par new generation   total 38080K, used 35895K [0x0000000085c00000, 0x0000000088550000, 0x000000009a8c0000)
  eden space 33856K, 100% used [0x0000000085c00000, 0x0000000087d10000, 0x0000000087d10000)
  from space 4224K,  48% used [0x0000000087d10000, 0x0000000087f0de48, 0x0000000088130000)
  to   space 4224K,   0% used [0x0000000088130000, 0x0000000088130000, 0x0000000088550000)
 concurrent mark-sweep generation total 84672K, used 5769K [0x000000009a8c0000, 0x000000009fb70000, 0x0000000100000000)
 Metaspace       used 16933K, capacity 17520K, committed 17792K, reserved 1064960K
  class space    used 2002K, capacity 2160K, committed 2176K, reserved 1048576K
2020-12-20T12:34:50.686+0000: 4.648: [GC (Allocation Failure) 2020-12-20T12:34:50.686+0000: 4.648: [ParNew
Desired survivor size 2162688 bytes, new threshold 6 (max 6)
- age   1:    1165160 bytes,    1165160 total
- age   2:     116872 bytes,    1282032 total
- age   3:     117328 bytes,    1399360 total
- age   4:     108392 bytes,    1507752 total
: 35895K->1719K(38080K), 0.0070277 secs] 41665K->7489K(122752K), 0.0071917 secs] [Times: user=0.02 sys=0.00, real=0.00 secs] 
Heap after GC invocations=21 (full 0):
 par new generation   total 38080K, used 1719K [0x0000000085c00000, 0x0000000088550000, 0x000000009a8c0000)
  eden space 33856K,   0% used [0x0000000085c00000, 0x0000000085c00000, 0x0000000087d10000)
  from space 4224K,  40% used [0x0000000088130000, 0x00000000882ddfe0, 0x0000000088550000)
  to   space 4224K,   0% used [0x0000000087d10000, 0x0000000087d10000, 0x0000000088130000)
 concurrent mark-sweep generation total 84672K, used 5769K [0x000000009a8c0000, 0x000000009fb70000, 0x0000000100000000)
 Metaspace       used 16933K, capacity 17520K, committed 17792K, reserved 1064960K
  class space    used 2002K, capacity 2160K, committed 2176K, reserved 1048576K
}
2020-12-20T12:34:50.693+0000: 4.655: Total time for which application threads were stopped: 0.0075208 seconds, Stopping threads took: 0.0000359 seconds
{Heap before GC invocations=21 (full 0):
 par new generation   total 38080K, used 35575K [0x0000000085c00000, 0x0000000088550000, 0x000000009a8c0000)
  eden space 33856K, 100% used [0x0000000085c00000, 0x0000000087d10000, 0x0000000087d10000)
  from space 4224K,  40% used [0x0000000088130000, 0x00000000882ddfe0, 0x0000000088550000)
  to   space 4224K,   0% used [0x0000000087d10000, 0x0000000087d10000, 0x0000000088130000)
 concurrent mark-sweep generation total 84672K, used 5769K [0x000000009a8c0000, 0x000000009fb70000, 0x0000000100000000)
 Metaspace       used 17624K, capacity 18224K, committed 18432K, reserved 1064960K
  class space    used 2065K, capacity 2224K, committed 2304K, reserved 1048576K
2020-12-20T12:34:50.786+0000: 4.748: [GC (Allocation Failure) 2020-12-20T12:34:50.786+0000: 4.748: [ParNew
Desired survivor size 2162688 bytes, new threshold 6 (max 6)
- age   1:    1374640 bytes,    1374640 total
- age   2:     127520 bytes,    1502160 total
- age   3:     106776 bytes,    1608936 total
- age   4:     116032 bytes,    1724968 total
- age   5:     103240 bytes,    1828208 total
: 35575K->1884K(38080K), 0.0065751 secs] 41345K->7653K(122752K), 0.0067304 secs] [Times: user=0.02 sys=0.00, real=0.00 secs] 
Heap after GC invocations=22 (full 0):
 par new generation   total 38080K, used 1884K [0x0000000085c00000, 0x0000000088550000, 0x000000009a8c0000)
  eden space 33856K,   0% used [0x0000000085c00000, 0x0000000085c00000, 0x0000000087d10000)
  from space 4224K,  44% used [0x0000000087d10000, 0x0000000087ee7068, 0x0000000088130000)
  to   space 4224K,   0% used [0x0000000088130000, 0x0000000088130000, 0x0000000088550000)
 concurrent mark-sweep generation total 84672K, used 5769K [0x000000009a8c0000, 0x000000009fb70000, 0x0000000100000000)
 Metaspace       used 17624K, capacity 18224K, committed 18432K, reserved 1064960K
  class space    used 2065K, capacity 2224K, committed 2304K, reserved 1048576K
}
2020-12-20T12:34:50.793+0000: 4.755: Total time for which application threads were stopped: 0.0072185 seconds, Stopping threads took: 0.0002729 seconds
{Heap before GC invocations=22 (full 0):
 par new generation   total 38080K, used 35740K [0x0000000085c00000, 0x0000000088550000, 0x000000009a8c0000)
  eden space 33856K, 100% used [0x0000000085c00000, 0x0000000087d10000, 0x0000000087d10000)
  from space 4224K,  44% used [0x0000000087d10000, 0x0000000087ee7068, 0x0000000088130000)
  to   space 4224K,   0% used [0x0000000088130000, 0x0000000088130000, 0x0000000088550000)
 concurrent mark-sweep generation total 84672K, used 5769K [0x000000009a8c0000, 0x000000009fb70000, 0x0000000100000000)
 Metaspace       used 18245K, capacity 18838K, committed 18944K, reserved 1067008K
  class space    used 2142K, capacity 2297K, committed 2304K, reserved 1048576K
2020-12-20T12:34:50.881+0000: 4.843: [GC (Allocation Failure) 2020-12-20T12:34:50.881+0000: 4.843: [ParNew
Desired survivor size 2162688 bytes, new threshold 6 (max 6)
- age   1:     698424 bytes,     698424 total
- age   2:     127040 bytes,     825464 total
- age   3:     114832 bytes,     940296 total
- age   4:     101952 bytes,    1042248 total
- age   5:     114632 bytes,    1156880 total
- age   6:     102992 bytes,    1259872 total
: 35740K->1634K(38080K), 0.0072664 secs] 41509K->7403K(122752K), 0.0073927 secs] [Times: user=0.01 sys=0.00, real=0.01 secs] 
Heap after GC invocations=23 (full 0):
 par new generation   total 38080K, used 1634K [0x0000000085c00000, 0x0000000088550000, 0x000000009a8c0000)
  eden space 33856K,   0% used [0x0000000085c00000, 0x0000000085c00000, 0x0000000087d10000)
  from space 4224K,  38% used [0x0000000088130000, 0x00000000882c89c0, 0x0000000088550000)
  to   space 4224K,   0% used [0x0000000087d10000, 0x0000000087d10000, 0x0000000088130000)
 concurrent mark-sweep generation total 84672K, used 5769K [0x000000009a8c0000, 0x000000009fb70000, 0x0000000100000000)
 Metaspace       used 18245K, capacity 18838K, committed 18944K, reserved 1067008K
  class space    used 2142K, capacity 2297K, committed 2304K, reserved 1048576K
}
2020-12-20T12:34:50.888+0000: 4.851: Total time for which application threads were stopped: 0.0077744 seconds, Stopping threads took: 0.0000725 seconds
{Heap before GC invocations=23 (full 0):
 par new generation   total 38080K, used 35490K [0x0000000085c00000, 0x0000000088550000, 0x000000009a8c0000)
  eden space 33856K, 100% used [0x0000000085c00000, 0x0000000087d10000, 0x0000000087d10000)
  from space 4224K,  38% used [0x0000000088130000, 0x00000000882c89c0, 0x0000000088550000)
  to   space 4224K,   0% used [0x0000000087d10000, 0x0000000087d10000, 0x0000000088130000)
 concurrent mark-sweep generation total 84672K, used 5769K [0x000000009a8c0000, 0x000000009fb70000, 0x0000000100000000)
 Metaspace       used 18919K, capacity 19574K, committed 19840K, reserved 1067008K
  class space    used 2227K, capacity 2393K, committed 2432K, reserved 1048576K
2020-12-20T12:34:50.995+0000: 4.958: [GC (Allocation Failure) 2020-12-20T12:34:50.995+0000: 4.958: [ParNew
Desired survivor size 2162688 bytes, new threshold 6 (max 6)
- age   1:     712736 bytes,     712736 total
- age   2:     149624 bytes,     862360 total
- age   3:     124512 bytes,     986872 total
- age   4:     109424 bytes,    1096296 total
- age   5:      95224 bytes,    1191520 total
- age   6:     114600 bytes,    1306120 total
: 35490K->1647K(38080K), 0.0045495 secs] 41259K->7519K(122752K), 0.0046895 secs] [Times: user=0.01 sys=0.00, real=0.00 secs] 
Heap after GC invocations=24 (full 0):
 par new generation   total 38080K, used 1647K [0x0000000085c00000, 0x0000000088550000, 0x000000009a8c0000)
  eden space 33856K,   0% used [0x0000000085c00000, 0x0000000085c00000, 0x0000000087d10000)
  from space 4224K,  38% used [0x0000000087d10000, 0x0000000087eabd58, 0x0000000088130000)
  to   space 4224K,   0% used [0x0000000088130000, 0x0000000088130000, 0x0000000088550000)
 concurrent mark-sweep generation total 84672K, used 5872K [0x000000009a8c0000, 0x000000009fb70000, 0x0000000100000000)
 Metaspace       used 18919K, capacity 19574K, committed 19840K, reserved 1067008K
  class space    used 2227K, capacity 2393K, committed 2432K, reserved 1048576K
}
2020-12-20T12:34:51.000+0000: 4.962: Total time for which application threads were stopped: 0.0049061 seconds, Stopping threads took: 0.0000325 seconds
2020-12-20T12:34:51.022+0000: 4.984: Total time for which application threads were stopped: 0.0006193 seconds, Stopping threads took: 0.0001760 seconds
{Heap before GC invocations=24 (full 0):
 par new generation   total 38080K, used 35503K [0x0000000085c00000, 0x0000000088550000, 0x000000009a8c0000)
  eden space 33856K, 100% used [0x0000000085c00000, 0x0000000087d10000, 0x0000000087d10000)
  from space 4224K,  38% used [0x0000000087d10000, 0x0000000087eabd58, 0x0000000088130000)
  to   space 4224K,   0% used [0x0000000088130000, 0x0000000088130000, 0x0000000088550000)
 concurrent mark-sweep generation total 84672K, used 5872K [0x000000009a8c0000, 0x000000009fb70000, 0x0000000100000000)
 Metaspace       used 19655K, capacity 20310K, committed 20480K, reserved 1067008K
  class space    used 2333K, capacity 2489K, committed 2560K, reserved 1048576K
2020-12-20T12:34:51.117+0000: 5.080: [GC (Allocation Failure) 2020-12-20T12:34:51.118+0000: 5.080: [ParNew
Desired survivor size 2162688 bytes, new threshold 6 (max 6)
- age   1:    1167760 bytes,    1167760 total
- age   2:      82352 bytes,    1250112 total
- age   3:     147544 bytes,    1397656 total
- age   4:     124024 bytes,    1521680 total
- age   5:     109360 bytes,    1631040 total
- age   6:      95208 bytes,    1726248 total
: 35503K->2126K(38080K), 0.0051420 secs] 41375K->8113K(122752K), 0.0052697 secs] [Times: user=0.01 sys=0.00, real=0.00 secs] 
Heap after GC invocations=25 (full 0):
 par new generation   total 38080K, used 2126K [0x0000000085c00000, 0x0000000088550000, 0x000000009a8c0000)
  eden space 33856K,   0% used [0x0000000085c00000, 0x0000000085c00000, 0x0000000087d10000)
  from space 4224K,  50% used [0x0000000088130000, 0x0000000088343a50, 0x0000000088550000)
  to   space 4224K,   0% used [0x0000000087d10000, 0x0000000087d10000, 0x0000000088130000)
 concurrent mark-sweep generation total 84672K, used 5986K [0x000000009a8c0000, 0x000000009fb70000, 0x0000000100000000)
 Metaspace       used 19655K, capacity 20310K, committed 20480K, reserved 1067008K
  class space    used 2333K, capacity 2489K, committed 2560K, reserved 1048576K
}
2020-12-20T12:34:51.123+0000: 5.085: Total time for which application threads were stopped: 0.0055825 seconds, Stopping threads took: 0.0000894 seconds
{Heap before GC invocations=25 (full 0):
 par new generation   total 38080K, used 35982K [0x0000000085c00000, 0x0000000088550000, 0x000000009a8c0000)
  eden space 33856K, 100% used [0x0000000085c00000, 0x0000000087d10000, 0x0000000087d10000)
  from space 4224K,  50% used [0x0000000088130000, 0x0000000088343a50, 0x0000000088550000)
  to   space 4224K,   0% used [0x0000000087d10000, 0x0000000087d10000, 0x0000000088130000)
 concurrent mark-sweep generation total 84672K, used 5986K [0x000000009a8c0000, 0x000000009fb70000, 0x0000000100000000)
 Metaspace       used 20070K, capacity 20694K, committed 20992K, reserved 1067008K
  class space    used 2399K, capacity 2553K, committed 2560K, reserved 1048576K
2020-12-20T12:34:51.183+0000: 5.146: [GC (Allocation Failure) 2020-12-20T12:34:51.183+0000: 5.146: [ParNew
Desired survivor size 2162688 bytes, new threshold 6 (max 6)
- age   1:     788760 bytes,     788760 total
- age   2:     394048 bytes,    1182808 total
- age   3:      81520 bytes,    1264328 total
- age   4:     147128 bytes,    1411456 total
- age   5:     123056 bytes,    1534512 total
- age   6:     109360 bytes,    1643872 total
: 35982K->2085K(38080K), 0.0069679 secs] 41969K->8168K(122752K), 0.0071008 secs] [Times: user=0.02 sys=0.00, real=0.01 secs] 
Heap after GC invocations=26 (full 0):
 par new generation   total 38080K, used 2085K [0x0000000085c00000, 0x0000000088550000, 0x000000009a8c0000)
  eden space 33856K,   0% used [0x0000000085c00000, 0x0000000085c00000, 0x0000000087d10000)
  from space 4224K,  49% used [0x0000000087d10000, 0x0000000087f196b8, 0x0000000088130000)
  to   space 4224K,   0% used [0x0000000088130000, 0x0000000088130000, 0x0000000088550000)
 concurrent mark-sweep generation total 84672K, used 6082K [0x000000009a8c0000, 0x000000009fb70000, 0x0000000100000000)
 Metaspace       used 20070K, capacity 20694K, committed 20992K, reserved 1067008K
  class space    used 2399K, capacity 2553K, committed 2560K, reserved 1048576K
}
2020-12-20T12:34:51.191+0000: 5.153: Total time for which application threads were stopped: 0.0073737 seconds, Stopping threads took: 0.0000636 seconds
2020-12-20T12:34:51.270+0000: 5.233: Total time for which application threads were stopped: 0.0002130 seconds, Stopping threads took: 0.0000867 seconds
2020-12-20T12:34:51.297+0000: 5.259: Total time for which application threads were stopped: 0.0002300 seconds, Stopping threads took: 0.0000779 seconds
{Heap before GC invocations=26 (full 0):
 par new generation   total 38080K, used 35941K [0x0000000085c00000, 0x0000000088550000, 0x000000009a8c0000)
  eden space 33856K, 100% used [0x0000000085c00000, 0x0000000087d10000, 0x0000000087d10000)
  from space 4224K,  49% used [0x0000000087d10000, 0x0000000087f196b8, 0x0000000088130000)
  to   space 4224K,   0% used [0x0000000088130000, 0x0000000088130000, 0x0000000088550000)
 concurrent mark-sweep generation total 84672K, used 6082K [0x000000009a8c0000, 0x000000009fb70000, 0x0000000100000000)
 Metaspace       used 20912K, capacity 21516K, committed 21884K, reserved 1069056K
  class space    used 2483K, capacity 2642K, committed 2688K, reserved 1048576K
2020-12-20T12:34:51.303+0000: 5.266: [GC (Allocation Failure) 2020-12-20T12:34:51.303+0000: 5.266: [ParNew
Desired survivor size 2162688 bytes, new threshold 6 (max 6)
- age   1:    1454248 bytes,    1454248 total
- age   2:      59456 bytes,    1513704 total
- age   3:     312928 bytes,    1826632 total
- age   4:      81424 bytes,    1908056 total
- age   5:     146872 bytes,    2054928 total
- age   6:     121160 bytes,    2176088 total
: 35941K->2747K(38080K), 0.0065558 secs] 42024K->8941K(122752K), 0.0066895 secs] [Times: user=0.02 sys=0.00, real=0.01 secs] 
Heap after GC invocations=27 (full 0):
 par new generation   total 38080K, used 2747K [0x0000000085c00000, 0x0000000088550000, 0x000000009a8c0000)
  eden space 33856K,   0% used [0x0000000085c00000, 0x0000000085c00000, 0x0000000087d10000)
  from space 4224K,  65% used [0x0000000088130000, 0x00000000883deff0, 0x0000000088550000)
  to   space 4224K,   0% used [0x0000000087d10000, 0x0000000087d10000, 0x0000000088130000)
 concurrent mark-sweep generation total 84672K, used 6193K [0x000000009a8c0000, 0x000000009fb70000, 0x0000000100000000)
 Metaspace       used 20912K, capacity 21516K, committed 21884K, reserved 1069056K
  class space    used 2483K, capacity 2642K, committed 2688K, reserved 1048576K
}
2020-12-20T12:34:51.310+0000: 5.272: Total time for which application threads were stopped: 0.0070048 seconds, Stopping threads took: 0.0000964 seconds
2020-12-20T12:34:51.311+0000: 5.273: [GC (CMS Initial Mark) [1 CMS-initial-mark: 6193K(84672K)] 9339K(122752K), 0.0023351 secs] [Times: user=0.01 sys=0.00, real=0.00 secs] 
2020-12-20T12:34:51.313+0000: 5.276: Total time for which application threads were stopped: 0.0027365 seconds, Stopping threads took: 0.0002251 seconds
2020-12-20T12:34:51.313+0000: 5.276: [CMS-concurrent-mark-start]
2020-12-20T12:34:51.329+0000: 5.291: Total time for which application threads were stopped: 0.0004976 seconds, Stopping threads took: 0.0000832 seconds
2020-12-20T12:34:51.351+0000: 5.313: [CMS-concurrent-mark: 0.037/0.038 secs] [Times: user=0.11 sys=0.01, real=0.03 secs] 
2020-12-20T12:34:51.351+0000: 5.313: [CMS-concurrent-preclean-start]
2020-12-20T12:34:51.352+0000: 5.315: [CMS-concurrent-preclean: 0.001/0.001 secs] [Times: user=0.01 sys=0.00, real=0.00 secs] 
2020-12-20T12:34:51.353+0000: 5.315: Total time for which application threads were stopped: 0.0008426 seconds, Stopping threads took: 0.0006866 seconds
2020-12-20T12:34:51.353+0000: 5.315: [CMS-concurrent-abortable-preclean-start]
2020-12-20T12:34:51.401+0000: 5.363: Total time for which application threads were stopped: 0.0001801 seconds, Stopping threads took: 0.0000394 seconds
2020-12-20T12:34:51.402+0000: 5.364: Total time for which application threads were stopped: 0.0006572 seconds, Stopping threads took: 0.0005790 seconds
{Heap before GC invocations=27 (full 1):
 par new generation   total 38080K, used 36603K [0x0000000085c00000, 0x0000000088550000, 0x000000009a8c0000)
  eden space 33856K, 100% used [0x0000000085c00000, 0x0000000087d10000, 0x0000000087d10000)
  from space 4224K,  65% used [0x0000000088130000, 0x00000000883deff0, 0x0000000088550000)
  to   space 4224K,   0% used [0x0000000087d10000, 0x0000000087d10000, 0x0000000088130000)
 concurrent mark-sweep generation total 84672K, used 6193K [0x000000009a8c0000, 0x000000009fb70000, 0x0000000100000000)
 Metaspace       used 21605K, capacity 22252K, committed 22548K, reserved 1069056K
  class space    used 2547K, capacity 2738K, committed 2816K, reserved 1048576K
2020-12-20T12:34:51.428+0000: 5.390: [GC (Allocation Failure) 2020-12-20T12:34:51.428+0000: 5.390: [ParNew
Desired survivor size 2162688 bytes, new threshold 6 (max 6)
- age   1:     772584 bytes,     772584 total
- age   2:     523608 bytes,    1296192 total
- age   3:      58208 bytes,    1354400 total
- age   4:     312408 bytes,    1666808 total
- age   5:      81376 bytes,    1748184 total
- age   6:     146872 bytes,    1895056 total
: 36603K->2629K(38080K), 0.0064457 secs] 42797K->8943K(122752K), 0.0065734 secs] [Times: user=0.02 sys=0.00, real=0.01 secs] 
Heap after GC invocations=28 (full 1):
 par new generation   total 38080K, used 2629K [0x0000000085c00000, 0x0000000088550000, 0x000000009a8c0000)
  eden space 33856K,   0% used [0x0000000085c00000, 0x0000000085c00000, 0x0000000087d10000)
  from space 4224K,  62% used [0x0000000087d10000, 0x0000000087fa1490, 0x0000000088130000)
  to   space 4224K,   0% used [0x0000000088130000, 0x0000000088130000, 0x0000000088550000)
 concurrent mark-sweep generation total 84672K, used 6314K [0x000000009a8c0000, 0x000000009fb70000, 0x0000000100000000)
 Metaspace       used 21605K, capacity 22252K, committed 22548K, reserved 1069056K
  class space    used 2547K, capacity 2738K, committed 2816K, reserved 1048576K
}
2020-12-20T12:34:51.434+0000: 5.397: Total time for which application threads were stopped: 0.0070078 seconds, Stopping threads took: 0.0002389 seconds
2020-12-20T12:34:51.481+0000: 5.443: Total time for which application threads were stopped: 0.0002099 seconds, Stopping threads took: 0.0000565 seconds
2020-12-20T12:34:51.508+0000: 5.471: [CMS-concurrent-abortable-preclean: 0.115/0.155 secs] [Times: user=0.45 sys=0.01, real=0.16 secs] 
2020-12-20T12:34:51.509+0000: 5.471: [GC (CMS Final Remark) [YG occupancy: 27654 K (38080 K)]2020-12-20T12:34:51.509+0000: 5.471: [Rescan (parallel) , 0.0084842 secs]2020-12-20T12:34:51.517+0000: 5.480: [weak refs processing, 0.0000950 secs]2020-12-20T12:34:51.517+0000: 5.480: [class unloading, 0.0047981 secs]2020-12-20T12:34:51.522+0000: 5.485: [scrub symbol table, 0.0060449 secs]2020-12-20T12:34:51.528+0000: 5.491: [scrub string table, 0.0005132 secs][1 CMS-remark: 6314K(84672K)] 33968K(122752K), 0.0202127 secs] [Times: user=0.03 sys=0.00, real=0.02 secs] 
2020-12-20T12:34:51.529+0000: 5.491: Total time for which application threads were stopped: 0.0204046 seconds, Stopping threads took: 0.0000812 seconds
2020-12-20T12:34:51.529+0000: 5.492: [CMS-concurrent-sweep-start]
2020-12-20T12:34:51.535+0000: 5.497: [CMS-concurrent-sweep: 0.005/0.005 secs] [Times: user=0.01 sys=0.00, real=0.01 secs] 
2020-12-20T12:34:51.535+0000: 5.497: [CMS-concurrent-reset-start]
2020-12-20T12:34:51.573+0000: 5.536: [CMS-concurrent-reset: 0.038/0.038 secs] [Times: user=0.10 sys=0.03, real=0.04 secs] 
{Heap before GC invocations=28 (full 1):
 par new generation   total 38080K, used 36485K [0x0000000085c00000, 0x0000000088550000, 0x000000009a8c0000)
  eden space 33856K, 100% used [0x0000000085c00000, 0x0000000087d10000, 0x0000000087d10000)
  from space 4224K,  62% used [0x0000000087d10000, 0x0000000087fa1490, 0x0000000088130000)
  to   space 4224K,   0% used [0x0000000088130000, 0x0000000088130000, 0x0000000088550000)
 concurrent mark-sweep generation total 84672K, used 6152K [0x000000009a8c0000, 0x000000009fb70000, 0x0000000100000000)
 Metaspace       used 22098K, capacity 22732K, committed 22880K, reserved 1069056K
  class space    used 2627K, capacity 2770K, committed 2816K, reserved 1048576K
2020-12-20T12:34:51.577+0000: 5.539: [GC (Allocation Failure) 2020-12-20T12:34:51.577+0000: 5.539: [ParNew
Desired survivor size 2162688 bytes, new threshold 6 (max 6)
- age   1:     709632 bytes,     709632 total
- age   2:     224216 bytes,     933848 total
- age   3:     520248 bytes,    1454096 total
- age   4:      58208 bytes,    1512304 total
- age   5:     311232 bytes,    1823536 total
- age   6:      80360 bytes,    1903896 total
: 36485K->2687K(38080K), 0.0050979 secs] 42637K->8986K(122752K), 0.0052180 secs] [Times: user=0.01 sys=0.00, real=0.00 secs] 
Heap after GC invocations=29 (full 1):
 par new generation   total 38080K, used 2687K [0x0000000085c00000, 0x0000000088550000, 0x000000009a8c0000)
  eden space 33856K,   0% used [0x0000000085c00000, 0x0000000085c00000, 0x0000000087d10000)
  from space 4224K,  63% used [0x0000000088130000, 0x00000000883cfcf0, 0x0000000088550000)
  to   space 4224K,   0% used [0x0000000087d10000, 0x0000000087d10000, 0x0000000088130000)
 concurrent mark-sweep generation total 84672K, used 6299K [0x000000009a8c0000, 0x000000009fb70000, 0x0000000100000000)
 Metaspace       used 22098K, capacity 22732K, committed 22880K, reserved 1069056K
  class space    used 2627K, capacity 2770K, committed 2816K, reserved 1048576K
}
2020-12-20T12:34:51.582+0000: 5.544: Total time for which application threads were stopped: 0.0054973 seconds, Stopping threads took: 0.0000882 seconds
{Heap before GC invocations=29 (full 1):
 par new generation   total 38080K, used 36543K [0x0000000085c00000, 0x0000000088550000, 0x000000009a8c0000)
  eden space 33856K, 100% used [0x0000000085c00000, 0x0000000087d10000, 0x0000000087d10000)
  from space 4224K,  63% used [0x0000000088130000, 0x00000000883cfcf0, 0x0000000088550000)
  to   space 4224K,   0% used [0x0000000087d10000, 0x0000000087d10000, 0x0000000088130000)
 concurrent mark-sweep generation total 84672K, used 6299K [0x000000009a8c0000, 0x000000009fb70000, 0x0000000100000000)
 Metaspace       used 22547K, capacity 23178K, committed 23424K, reserved 1069056K
  class space    used 2688K, capacity 2873K, committed 2944K, reserved 1048576K
2020-12-20T12:34:51.759+0000: 5.722: [GC (Allocation Failure) 2020-12-20T12:34:51.760+0000: 5.722: [ParNew
Desired survivor size 2162688 bytes, new threshold 3 (max 6)
- age   1:    1642128 bytes,    1642128 total
- age   2:     336680 bytes,    1978808 total
- age   3:     223240 bytes,    2202048 total
- age   4:     518920 bytes,    2720968 total
- age   5:      57672 bytes,    2778640 total
- age   6:     309904 bytes,    3088544 total
: 36543K->4050K(38080K), 0.0112167 secs] 42842K->10431K(122752K), 0.0113744 secs] [Times: user=0.04 sys=0.00, real=0.01 secs] 
Heap after GC invocations=30 (full 1):
 par new generation   total 38080K, used 4050K [0x0000000085c00000, 0x0000000088550000, 0x000000009a8c0000)
  eden space 33856K,   0% used [0x0000000085c00000, 0x0000000085c00000, 0x0000000087d10000)
  from space 4224K,  95% used [0x0000000087d10000, 0x00000000881049c8, 0x0000000088130000)
  to   space 4224K,   0% used [0x0000000088130000, 0x0000000088130000, 0x0000000088550000)
 concurrent mark-sweep generation total 84672K, used 6381K [0x000000009a8c0000, 0x000000009fb70000, 0x0000000100000000)
 Metaspace       used 22547K, capacity 23178K, committed 23424K, reserved 1069056K
  class space    used 2688K, capacity 2873K, committed 2944K, reserved 1048576K
}
2020-12-20T12:34:51.771+0000: 5.733: Total time for which application threads were stopped: 0.0116980 seconds, Stopping threads took: 0.0000426 seconds
{Heap before GC invocations=30 (full 1):
 par new generation   total 38080K, used 37906K [0x0000000085c00000, 0x0000000088550000, 0x000000009a8c0000)
  eden space 33856K, 100% used [0x0000000085c00000, 0x0000000087d10000, 0x0000000087d10000)
  from space 4224K,  95% used [0x0000000087d10000, 0x00000000881049c8, 0x0000000088130000)
  to   space 4224K,   0% used [0x0000000088130000, 0x0000000088130000, 0x0000000088550000)
 concurrent mark-sweep generation total 84672K, used 6381K [0x000000009a8c0000, 0x000000009fb70000, 0x0000000100000000)
 Metaspace       used 22926K, capacity 23632K, committed 24064K, reserved 1071104K
  class space    used 2754K, capacity 2954K, committed 3072K, reserved 1048576K
2020-12-20T12:34:51.932+0000: 5.895: [GC (Allocation Failure) 2020-12-20T12:34:51.932+0000: 5.895: [ParNew
Desired survivor size 2162688 bytes, new threshold 6 (max 6)
- age   1:     949792 bytes,     949792 total
- age   2:     435992 bytes,    1385784 total
- age   3:     335432 bytes,    1721216 total
: 37906K->2537K(38080K), 0.0122382 secs] 44287K->10024K(122752K), 0.0123660 secs] [Times: user=0.04 sys=0.00, real=0.01 secs] 
Heap after GC invocations=31 (full 1):
 par new generation   total 38080K, used 2537K [0x0000000085c00000, 0x0000000088550000, 0x000000009a8c0000)
  eden space 33856K,   0% used [0x0000000085c00000, 0x0000000085c00000, 0x0000000087d10000)
  from space 4224K,  60% used [0x0000000088130000, 0x00000000883aa618, 0x0000000088550000)
  to   space 4224K,   0% used [0x0000000087d10000, 0x0000000087d10000, 0x0000000088130000)
 concurrent mark-sweep generation total 84672K, used 7487K [0x000000009a8c0000, 0x000000009fb70000, 0x0000000100000000)
 Metaspace       used 22926K, capacity 23632K, committed 24064K, reserved 1071104K
  class space    used 2754K, capacity 2954K, committed 3072K, reserved 1048576K
}
2020-12-20T12:34:51.945+0000: 5.907: Total time for which application threads were stopped: 0.0126324 seconds, Stopping threads took: 0.0000464 seconds
{Heap before GC invocations=31 (full 1):
 par new generation   total 38080K, used 36393K [0x0000000085c00000, 0x0000000088550000, 0x000000009a8c0000)
  eden space 33856K, 100% used [0x0000000085c00000, 0x0000000087d10000, 0x0000000087d10000)
  from space 4224K,  60% used [0x0000000088130000, 0x00000000883aa618, 0x0000000088550000)
  to   space 4224K,   0% used [0x0000000087d10000, 0x0000000087d10000, 0x0000000088130000)
 concurrent mark-sweep generation total 84672K, used 7487K [0x000000009a8c0000, 0x000000009fb70000, 0x0000000100000000)
 Metaspace       used 23273K, capacity 24004K, committed 24320K, reserved 1071104K
  class space    used 2792K, capacity 2992K, committed 3072K, reserved 1048576K
2020-12-20T12:34:52.053+0000: 6.015: [GC (Allocation Failure) 2020-12-20T12:34:52.053+0000: 6.015: [ParNew
Desired survivor size 2162688 bytes, new threshold 6 (max 6)
- age   1:     194192 bytes,     194192 total
- age   2:     144504 bytes,     338696 total
- age   3:     431360 bytes,     770056 total
- age   4:     335280 bytes,    1105336 total
: 36393K->1713K(38080K), 0.0039502 secs] 43880K->9201K(122752K), 0.0041054 secs] [Times: user=0.02 sys=0.00, real=0.01 secs] 
Heap after GC invocations=32 (full 1):
 par new generation   total 38080K, used 1713K [0x0000000085c00000, 0x0000000088550000, 0x000000009a8c0000)
  eden space 33856K,   0% used [0x0000000085c00000, 0x0000000085c00000, 0x0000000087d10000)
  from space 4224K,  40% used [0x0000000087d10000, 0x0000000087ebc6c8, 0x0000000088130000)
  to   space 4224K,   0% used [0x0000000088130000, 0x0000000088130000, 0x0000000088550000)
 concurrent mark-sweep generation total 84672K, used 7487K [0x000000009a8c0000, 0x000000009fb70000, 0x0000000100000000)
 Metaspace       used 23273K, capacity 24004K, committed 24320K, reserved 1071104K
  class space    used 2792K, capacity 2992K, committed 3072K, reserved 1048576K
}
2020-12-20T12:34:52.057+0000: 6.019: Total time for which application threads were stopped: 0.0043672 seconds, Stopping threads took: 0.0000442 seconds
2020-12-20T12:34:52.091+0000: 6.054: Total time for which application threads were stopped: 0.0004553 seconds, Stopping threads took: 0.0000368 seconds
{Heap before GC invocations=32 (full 1):
 par new generation   total 38080K, used 35569K [0x0000000085c00000, 0x0000000088550000, 0x000000009a8c0000)
  eden space 33856K, 100% used [0x0000000085c00000, 0x0000000087d10000, 0x0000000087d10000)
  from space 4224K,  40% used [0x0000000087d10000, 0x0000000087ebc6c8, 0x0000000088130000)
  to   space 4224K,   0% used [0x0000000088130000, 0x0000000088130000, 0x0000000088550000)
 concurrent mark-sweep generation total 84672K, used 7487K [0x000000009a8c0000, 0x000000009fb70000, 0x0000000100000000)
 Metaspace       used 23676K, capacity 24386K, committed 24576K, reserved 1071104K
  class space    used 2826K, capacity 3031K, committed 3072K, reserved 1048576K
2020-12-20T12:34:52.417+0000: 6.379: [GC (Allocation Failure) 2020-12-20T12:34:52.417+0000: 6.379: [ParNew
Desired survivor size 2162688 bytes, new threshold 5 (max 6)
- age   1:    1327856 bytes,    1327856 total
- age   2:     126072 bytes,    1453928 total
- age   3:     132128 bytes,    1586056 total
- age   4:     429088 bytes,    2015144 total
- age   5:     335280 bytes,    2350424 total
: 35569K->2791K(38080K), 0.0073680 secs] 43057K->10278K(122752K), 0.0075015 secs] [Times: user=0.02 sys=0.00, real=0.00 secs] 
Heap after GC invocations=33 (full 1):
 par new generation   total 38080K, used 2791K [0x0000000085c00000, 0x0000000088550000, 0x000000009a8c0000)
  eden space 33856K,   0% used [0x0000000085c00000, 0x0000000085c00000, 0x0000000087d10000)
  from space 4224K,  66% used [0x0000000088130000, 0x00000000883e9da8, 0x0000000088550000)
  to   space 4224K,   0% used [0x0000000087d10000, 0x0000000087d10000, 0x0000000088130000)
 concurrent mark-sweep generation total 84672K, used 7487K [0x000000009a8c0000, 0x000000009fb70000, 0x0000000100000000)
 Metaspace       used 23676K, capacity 24386K, committed 24576K, reserved 1071104K
  class space    used 2826K, capacity 3031K, committed 3072K, reserved 1048576K
}
2020-12-20T12:34:52.424+0000: 6.387: Total time for which application threads were stopped: 0.0077961 seconds, Stopping threads took: 0.0000412 seconds
{Heap before GC invocations=33 (full 1):
 par new generation   total 38080K, used 36647K [0x0000000085c00000, 0x0000000088550000, 0x000000009a8c0000)
  eden space 33856K, 100% used [0x0000000085c00000, 0x0000000087d10000, 0x0000000087d10000)
  from space 4224K,  66% used [0x0000000088130000, 0x00000000883e9da8, 0x0000000088550000)
  to   space 4224K,   0% used [0x0000000087d10000, 0x0000000087d10000, 0x0000000088130000)
 concurrent mark-sweep generation total 84672K, used 7487K [0x000000009a8c0000, 0x000000009fb70000, 0x0000000100000000)
 Metaspace       used 24429K, capacity 25200K, committed 25472K, reserved 1071104K
  class space    used 2929K, capacity 3120K, committed 3200K, reserved 1048576K
2020-12-20T12:34:52.846+0000: 6.809: [GC (Allocation Failure) 2020-12-20T12:34:52.846+0000: 6.809: [ParNew
Desired survivor size 2162688 bytes, new threshold 5 (max 6)
- age   1:     958576 bytes,     958576 total
- age   2:     914328 bytes,    1872904 total
- age   3:     114456 bytes,    1987360 total
- age   4:     127200 bytes,    2114560 total
- age   5:     428792 bytes,    2543352 total
: 36647K->3341K(38080K), 0.0075670 secs] 44134K->11161K(122752K), 0.0077169 secs] [Times: user=0.02 sys=0.00, real=0.01 secs] 
Heap after GC invocations=34 (full 1):
 par new generation   total 38080K, used 3341K [0x0000000085c00000, 0x0000000088550000, 0x000000009a8c0000)
  eden space 33856K,   0% used [0x0000000085c00000, 0x0000000085c00000, 0x0000000087d10000)
  from space 4224K,  79% used [0x0000000087d10000, 0x0000000088053568, 0x0000000088130000)
  to   space 4224K,   0% used [0x0000000088130000, 0x0000000088130000, 0x0000000088550000)
 concurrent mark-sweep generation total 84672K, used 7820K [0x000000009a8c0000, 0x000000009fb70000, 0x0000000100000000)
 Metaspace       used 24429K, capacity 25200K, committed 25472K, reserved 1071104K
  class space    used 2929K, capacity 3120K, committed 3200K, reserved 1048576K
}
2020-12-20T12:34:52.854+0000: 6.816: Total time for which application threads were stopped: 0.0080470 seconds, Stopping threads took: 0.0000389 seconds
{Heap before GC invocations=34 (full 1):
 par new generation   total 38080K, used 37196K [0x0000000085c00000, 0x0000000088550000, 0x000000009a8c0000)
  eden space 33856K,  99% used [0x0000000085c00000, 0x0000000087d0fbe0, 0x0000000087d10000)
  from space 4224K,  79% used [0x0000000087d10000, 0x0000000088053568, 0x0000000088130000)
  to   space 4224K,   0% used [0x0000000088130000, 0x0000000088130000, 0x0000000088550000)
 concurrent mark-sweep generation total 84672K, used 7820K [0x000000009a8c0000, 0x000000009fb70000, 0x0000000100000000)
 Metaspace       used 24725K, capacity 25532K, committed 25728K, reserved 1071104K
  class space    used 2955K, capacity 3132K, committed 3200K, reserved 1048576K
2020-12-20T12:34:53.165+0000: 7.127: [GC (Allocation Failure) 2020-12-20T12:34:53.165+0000: 7.127: [ParNew
Desired survivor size 2162688 bytes, new threshold 3 (max 6)
- age   1:    1610552 bytes,    1610552 total
- age   2:     517544 bytes,    2128096 total
- age   3:     907936 bytes,    3036032 total
- age   4:     114040 bytes,    3150072 total
- age   5:     125872 bytes,    3275944 total
: 37196K->4223K(38080K), 0.0100347 secs] 45016K->12526K(122752K), 0.0101728 secs] [Times: user=0.03 sys=0.00, real=0.02 secs] 
Heap after GC invocations=35 (full 1):
 par new generation   total 38080K, used 4223K [0x0000000085c00000, 0x0000000088550000, 0x000000009a8c0000)
  eden space 33856K,   0% used [0x0000000085c00000, 0x0000000085c00000, 0x0000000087d10000)
  from space 4224K,  99% used [0x0000000088130000, 0x000000008854fff8, 0x0000000088550000)
  to   space 4224K,   0% used [0x0000000087d10000, 0x0000000087d10000, 0x0000000088130000)
 concurrent mark-sweep generation total 84672K, used 8302K [0x000000009a8c0000, 0x000000009fb70000, 0x0000000100000000)
 Metaspace       used 24725K, capacity 25532K, committed 25728K, reserved 1071104K
  class space    used 2955K, capacity 3132K, committed 3200K, reserved 1048576K
}
2020-12-20T12:34:53.175+0000: 7.137: Total time for which application threads were stopped: 0.0106077 seconds, Stopping threads took: 0.0000976 seconds
{Heap before GC invocations=35 (full 1):
 par new generation   total 38080K, used 38048K [0x0000000085c00000, 0x0000000088550000, 0x000000009a8c0000)
  eden space 33856K,  99% used [0x0000000085c00000, 0x0000000087d08078, 0x0000000087d10000)
  from space 4224K,  99% used [0x0000000088130000, 0x000000008854fff8, 0x0000000088550000)
  to   space 4224K,   0% used [0x0000000087d10000, 0x0000000087d10000, 0x0000000088130000)
 concurrent mark-sweep generation total 84672K, used 8302K [0x000000009a8c0000, 0x000000009fb70000, 0x0000000100000000)
 Metaspace       used 24784K, capacity 25634K, committed 25728K, reserved 1071104K
  class space    used 2969K, capacity 3165K, committed 3200K, reserved 1048576K
2020-12-20T12:34:53.345+0000: 7.307: [GC (Allocation Failure) 2020-12-20T12:34:53.345+0000: 7.307: [ParNew
Desired survivor size 2162688 bytes, new threshold 3 (max 6)
- age   1:    1074400 bytes,    1074400 total
- age   2:     764808 bytes,    1839208 total
- age   3:     512992 bytes,    2352200 total
: 38048K->3396K(38080K), 0.0106089 secs] 46351K->12830K(122752K), 0.0107750 secs] [Times: user=0.04 sys=0.01, real=0.02 secs] 
Heap after GC invocations=36 (full 1):
 par new generation   total 38080K, used 3396K [0x0000000085c00000, 0x0000000088550000, 0x000000009a8c0000)
  eden space 33856K,   0% used [0x0000000085c00000, 0x0000000085c00000, 0x0000000087d10000)
  from space 4224K,  80% used [0x0000000087d10000, 0x0000000088061318, 0x0000000088130000)
  to   space 4224K,   0% used [0x0000000088130000, 0x0000000088130000, 0x0000000088550000)
 concurrent mark-sweep generation total 84672K, used 9433K [0x000000009a8c0000, 0x000000009fb70000, 0x0000000100000000)
 Metaspace       used 24784K, capacity 25634K, committed 25728K, reserved 1071104K
  class space    used 2969K, capacity 3165K, committed 3200K, reserved 1048576K
}
2020-12-20T12:34:53.355+0000: 7.318: Total time for which application threads were stopped: 0.0111016 seconds, Stopping threads took: 0.0000456 seconds
{Heap before GC invocations=36 (full 1):
 par new generation   total 38080K, used 37252K [0x0000000085c00000, 0x0000000088550000, 0x000000009a8c0000)
  eden space 33856K, 100% used [0x0000000085c00000, 0x0000000087d10000, 0x0000000087d10000)
  from space 4224K,  80% used [0x0000000087d10000, 0x0000000088061318, 0x0000000088130000)
  to   space 4224K,   0% used [0x0000000088130000, 0x0000000088130000, 0x0000000088550000)
 concurrent mark-sweep generation total 84672K, used 9433K [0x000000009a8c0000, 0x000000009fb70000, 0x0000000100000000)
 Metaspace       used 24874K, capacity 25702K, committed 25984K, reserved 1073152K
  class space    used 2987K, capacity 3165K, committed 3200K, reserved 1048576K
2020-12-20T12:34:53.425+0000: 7.387: [GC (Allocation Failure) 2020-12-20T12:34:53.425+0000: 7.388: [ParNew
Desired survivor size 2162688 bytes, new threshold 6 (max 6)
- age   1:     779464 bytes,     779464 total
- age   2:     528640 bytes,    1308104 total
- age   3:     763560 bytes,    2071664 total
: 37252K->2956K(38080K), 0.0105136 secs] 46686K->12900K(122752K), 0.0106718 secs] [Times: user=0.04 sys=0.00, real=0.02 secs] 
Heap after GC invocations=37 (full 1):
 par new generation   total 38080K, used 2956K [0x0000000085c00000, 0x0000000088550000, 0x000000009a8c0000)
  eden space 33856K,   0% used [0x0000000085c00000, 0x0000000085c00000, 0x0000000087d10000)
  from space 4224K,  70% used [0x0000000088130000, 0x00000000884133a8, 0x0000000088550000)
  to   space 4224K,   0% used [0x0000000087d10000, 0x0000000087d10000, 0x0000000088130000)
 concurrent mark-sweep generation total 84672K, used 9944K [0x000000009a8c0000, 0x000000009fb70000, 0x0000000100000000)
 Metaspace       used 24874K, capacity 25702K, committed 25984K, reserved 1073152K
  class space    used 2987K, capacity 3165K, committed 3200K, reserved 1048576K
}
2020-12-20T12:34:53.436+0000: 7.398: Total time for which application threads were stopped: 0.0109377 seconds, Stopping threads took: 0.0000410 seconds
{Heap before GC invocations=37 (full 1):
 par new generation   total 38080K, used 36812K [0x0000000085c00000, 0x0000000088550000, 0x000000009a8c0000)
  eden space 33856K, 100% used [0x0000000085c00000, 0x0000000087d10000, 0x0000000087d10000)
  from space 4224K,  70% used [0x0000000088130000, 0x00000000884133a8, 0x0000000088550000)
  to   space 4224K,   0% used [0x0000000087d10000, 0x0000000087d10000, 0x0000000088130000)
 concurrent mark-sweep generation total 84672K, used 9944K [0x000000009a8c0000, 0x000000009fb70000, 0x0000000100000000)
 Metaspace       used 25022K, capacity 25802K, committed 25984K, reserved 1073152K
  class space    used 3010K, capacity 3197K, committed 3200K, reserved 1048576K
2020-12-20T12:34:53.716+0000: 7.678: [GC (Allocation Failure) 2020-12-20T12:34:53.716+0000: 7.678: [ParNew
Desired survivor size 2162688 bytes, new threshold 2 (max 6)
- age   1:    1902040 bytes,    1902040 total
- age   2:     275496 bytes,    2177536 total
- age   3:     513712 bytes,    2691248 total
- age   4:     755736 bytes,    3446984 total
: 36812K->4223K(38080K), 0.0106446 secs] 46756K->14302K(122752K), 0.0108018 secs] [Times: user=0.03 sys=0.01, real=0.01 secs] 
Heap after GC invocations=38 (full 1):
 par new generation   total 38080K, used 4223K [0x0000000085c00000, 0x0000000088550000, 0x000000009a8c0000)
  eden space 33856K,   0% used [0x0000000085c00000, 0x0000000085c00000, 0x0000000087d10000)
  from space 4224K,  99% used [0x0000000087d10000, 0x000000008812fff8, 0x0000000088130000)
  to   space 4224K,   0% used [0x0000000088130000, 0x0000000088130000, 0x0000000088550000)
 concurrent mark-sweep generation total 84672K, used 10078K [0x000000009a8c0000, 0x000000009fb70000, 0x0000000100000000)
 Metaspace       used 25022K, capacity 25802K, committed 25984K, reserved 1073152K
  class space    used 3010K, capacity 3197K, committed 3200K, reserved 1048576K
}
2020-12-20T12:34:53.726+0000: 7.689: Total time for which application threads were stopped: 0.0111574 seconds, Stopping threads took: 0.0001052 seconds
{Heap before GC invocations=38 (full 1):
 par new generation   total 38080K, used 38079K [0x0000000085c00000, 0x0000000088550000, 0x000000009a8c0000)
  eden space 33856K, 100% used [0x0000000085c00000, 0x0000000087d10000, 0x0000000087d10000)
  from space 4224K,  99% used [0x0000000087d10000, 0x000000008812fff8, 0x0000000088130000)
  to   space 4224K,   0% used [0x0000000088130000, 0x0000000088130000, 0x0000000088550000)
 concurrent mark-sweep generation total 84672K, used 10078K [0x000000009a8c0000, 0x000000009fb70000, 0x0000000100000000)
 Metaspace       used 25093K, capacity 25882K, committed 25984K, reserved 1073152K
  class space    used 3012K, capacity 3197K, committed 3200K, reserved 1048576K
2020-12-20T12:34:53.965+0000: 7.928: [GC (Allocation Failure) 2020-12-20T12:34:53.966+0000: 7.928: [ParNew
Desired survivor size 2162688 bytes, new threshold 6 (max 6)
- age   1:    1118288 bytes,    1118288 total
- age   2:     894768 bytes,    2013056 total
: 38079K->2681K(38080K), 0.0179049 secs] 48158K->14281K(122752K), 0.0180466 secs] [Times: user=0.06 sys=0.00, real=0.01 secs] 
Heap after GC invocations=39 (full 1):
 par new generation   total 38080K, used 2681K [0x0000000085c00000, 0x0000000088550000, 0x000000009a8c0000)
  eden space 33856K,   0% used [0x0000000085c00000, 0x0000000085c00000, 0x0000000087d10000)
  from space 4224K,  63% used [0x0000000088130000, 0x00000000883ce560, 0x0000000088550000)
  to   space 4224K,   0% used [0x0000000087d10000, 0x0000000087d10000, 0x0000000088130000)
 concurrent mark-sweep generation total 84672K, used 11599K [0x000000009a8c0000, 0x000000009fb70000, 0x0000000100000000)
 Metaspace       used 25093K, capacity 25882K, committed 25984K, reserved 1073152K
  class space    used 3012K, capacity 3197K, committed 3200K, reserved 1048576K
}
2020-12-20T12:34:53.984+0000: 7.946: Total time for which application threads were stopped: 0.0184011 seconds, Stopping threads took: 0.0000633 seconds
{Heap before GC invocations=39 (full 1):
 par new generation   total 38080K, used 36537K [0x0000000085c00000, 0x0000000088550000, 0x000000009a8c0000)
  eden space 33856K, 100% used [0x0000000085c00000, 0x0000000087d10000, 0x0000000087d10000)
  from space 4224K,  63% used [0x0000000088130000, 0x00000000883ce560, 0x0000000088550000)
  to   space 4224K,   0% used [0x0000000087d10000, 0x0000000087d10000, 0x0000000088130000)
 concurrent mark-sweep generation total 84672K, used 11599K [0x000000009a8c0000, 0x000000009fb70000, 0x0000000100000000)
 Metaspace       used 25184K, capacity 26030K, committed 26240K, reserved 1073152K
  class space    used 3014K, capacity 3197K, committed 3200K, reserved 1048576K
2020-12-20T12:34:54.340+0000: 8.302: [GC (Allocation Failure) 2020-12-20T12:34:54.340+0000: 8.302: [ParNew
Desired survivor size 2162688 bytes, new threshold 3 (max 6)
- age   1:    1117168 bytes,    1117168 total
- age   2:     658976 bytes,    1776144 total
- age   3:     873016 bytes,    2649160 total
: 36537K->3675K(38080K), 0.0089452 secs] 48137K->15275K(122752K), 0.0091048 secs] [Times: user=0.03 sys=0.00, real=0.01 secs] 
Heap after GC invocations=40 (full 1):
 par new generation   total 38080K, used 3675K [0x0000000085c00000, 0x0000000088550000, 0x000000009a8c0000)
  eden space 33856K,   0% used [0x0000000085c00000, 0x0000000085c00000, 0x0000000087d10000)
  from space 4224K,  87% used [0x0000000087d10000, 0x00000000880a6c88, 0x0000000088130000)
  to   space 4224K,   0% used [0x0000000088130000, 0x0000000088130000, 0x0000000088550000)
 concurrent mark-sweep generation total 84672K, used 11599K [0x000000009a8c0000, 0x000000009fb70000, 0x0000000100000000)
 Metaspace       used 25184K, capacity 26030K, committed 26240K, reserved 1073152K
  class space    used 3014K, capacity 3197K, committed 3200K, reserved 1048576K
}
2020-12-20T12:34:54.349+0000: 8.311: Total time for which application threads were stopped: 0.0094648 seconds, Stopping threads took: 0.0000779 seconds
{Heap before GC invocations=40 (full 1):
 par new generation   total 38080K, used 37531K [0x0000000085c00000, 0x0000000088550000, 0x000000009a8c0000)
  eden space 33856K, 100% used [0x0000000085c00000, 0x0000000087d10000, 0x0000000087d10000)
  from space 4224K,  87% used [0x0000000087d10000, 0x00000000880a6c88, 0x0000000088130000)
  to   space 4224K,   0% used [0x0000000088130000, 0x0000000088130000, 0x0000000088550000)
 concurrent mark-sweep generation total 84672K, used 11599K [0x000000009a8c0000, 0x000000009fb70000, 0x0000000100000000)
 Metaspace       used 25323K, capacity 26196K, committed 26368K, reserved 1073152K
  class space    used 3027K, capacity 3230K, committed 3328K, reserved 1048576K
2020-12-20T12:34:54.459+0000: 8.422: [GC (Allocation Failure) 2020-12-20T12:34:54.460+0000: 8.422: [ParNew
Desired survivor size 2162688 bytes, new threshold 3 (max 6)
- age   1:    1122024 bytes,    1122024 total
- age   2:     478424 bytes,    1600448 total
- age   3:     658976 bytes,    2259424 total
: 37531K->2796K(38080K), 0.0098123 secs] 49131K->15264K(122752K), 0.0099756 secs] [Times: user=0.02 sys=0.00, real=0.01 secs] 
Heap after GC invocations=41 (full 1):
 par new generation   total 38080K, used 2796K [0x0000000085c00000, 0x0000000088550000, 0x000000009a8c0000)
  eden space 33856K,   0% used [0x0000000085c00000, 0x0000000085c00000, 0x0000000087d10000)
  from space 4224K,  66% used [0x0000000088130000, 0x00000000883eb348, 0x0000000088550000)
  to   space 4224K,   0% used [0x0000000087d10000, 0x0000000087d10000, 0x0000000088130000)
 concurrent mark-sweep generation total 84672K, used 12467K [0x000000009a8c0000, 0x000000009fb70000, 0x0000000100000000)
 Metaspace       used 25323K, capacity 26196K, committed 26368K, reserved 1073152K
  class space    used 3027K, capacity 3230K, committed 3328K, reserved 1048576K
}
2020-12-20T12:34:54.469+0000: 8.432: Total time for which application threads were stopped: 0.0103054 seconds, Stopping threads took: 0.0000546 seconds
{Heap before GC invocations=41 (full 1):
 par new generation   total 38080K, used 36652K [0x0000000085c00000, 0x0000000088550000, 0x000000009a8c0000)
  eden space 33856K, 100% used [0x0000000085c00000, 0x0000000087d10000, 0x0000000087d10000)
  from space 4224K,  66% used [0x0000000088130000, 0x00000000883eb348, 0x0000000088550000)
  to   space 4224K,   0% used [0x0000000087d10000, 0x0000000087d10000, 0x0000000088130000)
 concurrent mark-sweep generation total 84672K, used 12467K [0x000000009a8c0000, 0x000000009fb70000, 0x0000000100000000)
 Metaspace       used 25419K, capacity 26278K, committed 26624K, reserved 1073152K
  class space    used 3040K, capacity 3233K, committed 3328K, reserved 1048576K
2020-12-20T12:34:54.663+0000: 8.626: [GC (Allocation Failure) 2020-12-20T12:34:54.663+0000: 8.626: [ParNew
Desired survivor size 2162688 bytes, new threshold 6 (max 6)
- age   1:    1009296 bytes,    1009296 total
- age   2:     185752 bytes,    1195048 total
- age   3:     452400 bytes,    1647448 total
: 36652K->2039K(38080K), 0.0076641 secs] 49120K->15163K(122752K), 0.0078082 secs] [Times: user=0.03 sys=0.00, real=0.01 secs] 
Heap after GC invocations=42 (full 1):
 par new generation   total 38080K, used 2039K [0x0000000085c00000, 0x0000000088550000, 0x000000009a8c0000)
  eden space 33856K,   0% used [0x0000000085c00000, 0x0000000085c00000, 0x0000000087d10000)
  from space 4224K,  48% used [0x0000000087d10000, 0x0000000087f0dd00, 0x0000000088130000)
  to   space 4224K,   0% used [0x0000000088130000, 0x0000000088130000, 0x0000000088550000)
 concurrent mark-sweep generation total 84672K, used 13124K [0x000000009a8c0000, 0x000000009fb70000, 0x0000000100000000)
 Metaspace       used 25419K, capacity 26278K, committed 26624K, reserved 1073152K
  class space    used 3040K, capacity 3233K, committed 3328K, reserved 1048576K
}
2020-12-20T12:34:54.671+0000: 8.633: Total time for which application threads were stopped: 0.0081062 seconds, Stopping threads took: 0.0000700 seconds
{Heap before GC invocations=42 (full 1):
 par new generation   total 38080K, used 35895K [0x0000000085c00000, 0x0000000088550000, 0x000000009a8c0000)
  eden space 33856K, 100% used [0x0000000085c00000, 0x0000000087d10000, 0x0000000087d10000)
  from space 4224K,  48% used [0x0000000087d10000, 0x0000000087f0dd00, 0x0000000088130000)
  to   space 4224K,   0% used [0x0000000088130000, 0x0000000088130000, 0x0000000088550000)
 concurrent mark-sweep generation total 84672K, used 13124K [0x000000009a8c0000, 0x000000009fb70000, 0x0000000100000000)
 Metaspace       used 25435K, capacity 26342K, committed 26624K, reserved 1073152K
  class space    used 3042K, capacity 3233K, committed 3328K, reserved 1048576K
2020-12-20T12:34:54.866+0000: 8.828: [GC (Allocation Failure) 2020-12-20T12:34:54.866+0000: 8.828: [ParNew
Desired survivor size 2162688 bytes, new threshold 2 (max 6)
- age   1:    1746952 bytes,    1746952 total
- age   2:     846544 bytes,    2593496 total
- age   3:     182440 bytes,    2775936 total
- age   4:     442136 bytes,    3218072 total
: 35895K->3496K(38080K), 0.0085597 secs] 49019K->16620K(122752K), 0.0087003 secs] [Times: user=0.02 sys=0.00, real=0.01 secs] 
Heap after GC invocations=43 (full 1):
 par new generation   total 38080K, used 3496K [0x0000000085c00000, 0x0000000088550000, 0x000000009a8c0000)
  eden space 33856K,   0% used [0x0000000085c00000, 0x0000000085c00000, 0x0000000087d10000)
  from space 4224K,  82% used [0x0000000088130000, 0x000000008849a258, 0x0000000088550000)
  to   space 4224K,   0% used [0x0000000087d10000, 0x0000000087d10000, 0x0000000088130000)
 concurrent mark-sweep generation total 84672K, used 13124K [0x000000009a8c0000, 0x000000009fb70000, 0x0000000100000000)
 Metaspace       used 25435K, capacity 26342K, committed 26624K, reserved 1073152K
  class space    used 3042K, capacity 3233K, committed 3328K, reserved 1048576K
}
2020-12-20T12:34:54.874+0000: 8.837: Total time for which application threads were stopped: 0.0089753 seconds, Stopping threads took: 0.0000525 seconds
{Heap before GC invocations=43 (full 1):
 par new generation   total 38080K, used 37352K [0x0000000085c00000, 0x0000000088550000, 0x000000009a8c0000)
  eden space 33856K, 100% used [0x0000000085c00000, 0x0000000087d10000, 0x0000000087d10000)
  from space 4224K,  82% used [0x0000000088130000, 0x000000008849a258, 0x0000000088550000)
  to   space 4224K,   0% used [0x0000000087d10000, 0x0000000087d10000, 0x0000000088130000)
 concurrent mark-sweep generation total 84672K, used 13124K [0x000000009a8c0000, 0x000000009fb70000, 0x0000000100000000)
 Metaspace       used 25487K, capacity 26342K, committed 26624K, reserved 1073152K
  class space    used 3045K, capacity 3233K, committed 3328K, reserved 1048576K
2020-12-20T12:34:55.084+0000: 9.047: [GC (Allocation Failure) 2020-12-20T12:34:55.085+0000: 9.047: [ParNew
Desired survivor size 2162688 bytes, new threshold 2 (max 6)
- age   1:    2117632 bytes,    2117632 total
- age   2:     733296 bytes,    2850928 total
: 37352K->3904K(38080K), 0.0119470 secs] 50476K->18472K(122752K), 0.0121079 secs] [Times: user=0.04 sys=0.00, real=0.02 secs] 
Heap after GC invocations=44 (full 1):
 par new generation   total 38080K, used 3904K [0x0000000085c00000, 0x0000000088550000, 0x000000009a8c0000)
  eden space 33856K,   0% used [0x0000000085c00000, 0x0000000085c00000, 0x0000000087d10000)
  from space 4224K,  92% used [0x0000000087d10000, 0x00000000880e02a0, 0x0000000088130000)
  to   space 4224K,   0% used [0x0000000088130000, 0x0000000088130000, 0x0000000088550000)
 concurrent mark-sweep generation total 84672K, used 14567K [0x000000009a8c0000, 0x000000009fb70000, 0x0000000100000000)
 Metaspace       used 25487K, capacity 26342K, committed 26624K, reserved 1073152K
  class space    used 3045K, capacity 3233K, committed 3328K, reserved 1048576K
}
2020-12-20T12:34:55.097+0000: 9.059: Total time for which application threads were stopped: 0.0124187 seconds, Stopping threads took: 0.0000400 seconds
{Heap before GC invocations=44 (full 1):
 par new generation   total 38080K, used 37760K [0x0000000085c00000, 0x0000000088550000, 0x000000009a8c0000)
  eden space 33856K, 100% used [0x0000000085c00000, 0x0000000087d10000, 0x0000000087d10000)
  from space 4224K,  92% used [0x0000000087d10000, 0x00000000880e02a0, 0x0000000088130000)
  to   space 4224K,   0% used [0x0000000088130000, 0x0000000088130000, 0x0000000088550000)
 concurrent mark-sweep generation total 84672K, used 14567K [0x000000009a8c0000, 0x000000009fb70000, 0x0000000100000000)
 Metaspace       used 25525K, capacity 26412K, committed 26624K, reserved 1073152K
  class space    used 3054K, capacity 3234K, committed 3328K, reserved 1048576K
2020-12-20T12:34:55.272+0000: 9.235: [GC (Allocation Failure) 2020-12-20T12:34:55.272+0000: 9.235: [ParNew
Desired survivor size 2162688 bytes, new threshold 2 (max 6)
- age   1:    1500512 bytes,    1500512 total
- age   2:    1218384 bytes,    2718896 total
: 37760K->3545K(38080K), 0.0104172 secs] 52328K->18834K(122752K), 0.0105545 secs] [Times: user=0.03 sys=0.00, real=0.01 secs] 
Heap after GC invocations=45 (full 1):
 par new generation   total 38080K, used 3545K [0x0000000085c00000, 0x0000000088550000, 0x000000009a8c0000)
  eden space 33856K,   0% used [0x0000000085c00000, 0x0000000085c00000, 0x0000000087d10000)
  from space 4224K,  83% used [0x0000000088130000, 0x00000000884a66f8, 0x0000000088550000)
  to   space 4224K,   0% used [0x0000000087d10000, 0x0000000087d10000, 0x0000000088130000)
 concurrent mark-sweep generation total 84672K, used 15288K [0x000000009a8c0000, 0x000000009fb70000, 0x0000000100000000)
 Metaspace       used 25525K, capacity 26412K, committed 26624K, reserved 1073152K
  class space    used 3054K, capacity 3234K, committed 3328K, reserved 1048576K
}
2020-12-20T12:34:55.283+0000: 9.245: Total time for which application threads were stopped: 0.0108475 seconds, Stopping threads took: 0.0000442 seconds
{Heap before GC invocations=45 (full 1):
 par new generation   total 38080K, used 37401K [0x0000000085c00000, 0x0000000088550000, 0x000000009a8c0000)
  eden space 33856K, 100% used [0x0000000085c00000, 0x0000000087d10000, 0x0000000087d10000)
  from space 4224K,  83% used [0x0000000088130000, 0x00000000884a66f8, 0x0000000088550000)
  to   space 4224K,   0% used [0x0000000087d10000, 0x0000000087d10000, 0x0000000088130000)
 concurrent mark-sweep generation total 84672K, used 15288K [0x000000009a8c0000, 0x000000009fb70000, 0x0000000100000000)
 Metaspace       used 25538K, capacity 26430K, committed 26624K, reserved 1073152K
  class space    used 3057K, capacity 3237K, committed 3328K, reserved 1048576K
2020-12-20T12:34:55.404+0000: 9.366: [GC (Allocation Failure) 2020-12-20T12:34:55.404+0000: 9.367: [ParNew
Desired survivor size 2162688 bytes, new threshold 6 (max 6)
- age   1:     299120 bytes,     299120 total
- age   2:     320544 bytes,     619664 total
: 37401K->1884K(38080K), 0.0088227 secs] 52690K->18366K(122752K), 0.0090091 secs] [Times: user=0.03 sys=0.00, real=0.01 secs] 
Heap after GC invocations=46 (full 1):
 par new generation   total 38080K, used 1884K [0x0000000085c00000, 0x0000000088550000, 0x000000009a8c0000)
  eden space 33856K,   0% used [0x0000000085c00000, 0x0000000085c00000, 0x0000000087d10000)
  from space 4224K,  44% used [0x0000000087d10000, 0x0000000087ee7088, 0x0000000088130000)
  to   space 4224K,   0% used [0x0000000088130000, 0x0000000088130000, 0x0000000088550000)
 concurrent mark-sweep generation total 84672K, used 16481K [0x000000009a8c0000, 0x000000009fb70000, 0x0000000100000000)
 Metaspace       used 25538K, capacity 26430K, committed 26624K, reserved 1073152K
  class space    used 3057K, capacity 3237K, committed 3328K, reserved 1048576K
}
2020-12-20T12:34:55.413+0000: 9.376: Total time for which application threads were stopped: 0.0093630 seconds, Stopping threads took: 0.0000736 seconds
{Heap before GC invocations=46 (full 1):
 par new generation   total 38080K, used 35740K [0x0000000085c00000, 0x0000000088550000, 0x000000009a8c0000)
  eden space 33856K, 100% used [0x0000000085c00000, 0x0000000087d10000, 0x0000000087d10000)
  from space 4224K,  44% used [0x0000000087d10000, 0x0000000087ee7088, 0x0000000088130000)
  to   space 4224K,   0% used [0x0000000088130000, 0x0000000088130000, 0x0000000088550000)
 concurrent mark-sweep generation total 84672K, used 16481K [0x000000009a8c0000, 0x000000009fb70000, 0x0000000100000000)
 Metaspace       used 25635K, capacity 26544K, committed 26624K, reserved 1073152K
  class space    used 3068K, capacity 3272K, committed 3328K, reserved 1048576K
2020-12-20T12:34:55.557+0000: 9.519: [GC (Allocation Failure) 2020-12-20T12:34:55.557+0000: 9.519: [ParNew
Desired survivor size 2162688 bytes, new threshold 6 (max 6)
- age   1:    1422760 bytes,    1422760 total
- age   2:     115488 bytes,    1538248 total
- age   3:     317976 bytes,    1856224 total
: 35740K->2140K(38080K), 0.0062666 secs] 52222K->18622K(122752K), 0.0064017 secs] [Times: user=0.02 sys=0.00, real=0.00 secs] 
Heap after GC invocations=47 (full 1):
 par new generation   total 38080K, used 2140K [0x0000000085c00000, 0x0000000088550000, 0x000000009a8c0000)
  eden space 33856K,   0% used [0x0000000085c00000, 0x0000000085c00000, 0x0000000087d10000)
  from space 4224K,  50% used [0x0000000088130000, 0x00000000883470f0, 0x0000000088550000)
  to   space 4224K,   0% used [0x0000000087d10000, 0x0000000087d10000, 0x0000000088130000)
 concurrent mark-sweep generation total 84672K, used 16481K [0x000000009a8c0000, 0x000000009fb70000, 0x0000000100000000)
 Metaspace       used 25635K, capacity 26544K, committed 26624K, reserved 1073152K
  class space    used 3068K, capacity 3272K, committed 3328K, reserved 1048576K
}
2020-12-20T12:34:55.563+0000: 9.526: Total time for which application threads were stopped: 0.0067686 seconds, Stopping threads took: 0.0000391 seconds
{Heap before GC invocations=47 (full 1):
 par new generation   total 38080K, used 35993K [0x0000000085c00000, 0x0000000088550000, 0x000000009a8c0000)
  eden space 33856K,  99% used [0x0000000085c00000, 0x0000000087d0f360, 0x0000000087d10000)
  from space 4224K,  50% used [0x0000000088130000, 0x00000000883470f0, 0x0000000088550000)
  to   space 4224K,   0% used [0x0000000087d10000, 0x0000000087d10000, 0x0000000088130000)
 concurrent mark-sweep generation total 84672K, used 16481K [0x000000009a8c0000, 0x000000009fb70000, 0x0000000100000000)
 Metaspace       used 25697K, capacity 26576K, committed 26880K, reserved 1073152K
  class space    used 3078K, capacity 3278K, committed 3328K, reserved 1048576K
2020-12-20T12:34:55.671+0000: 9.633: [GC (Allocation Failure) 2020-12-20T12:34:55.671+0000: 9.633: [ParNew
Desired survivor size 2162688 bytes, new threshold 6 (max 6)
- age   1:    1240048 bytes,    1240048 total
- age   2:     368304 bytes,    1608352 total
- age   3:     114560 bytes,    1722912 total
- age   4:     317520 bytes,    2040432 total
: 35993K->2378K(38080K), 0.0073298 secs] 52474K->18860K(122752K), 0.0074903 secs] [Times: user=0.02 sys=0.00, real=0.01 secs] 
Heap after GC invocations=48 (full 1):
 par new generation   total 38080K, used 2378K [0x0000000085c00000, 0x0000000088550000, 0x000000009a8c0000)
  eden space 33856K,   0% used [0x0000000085c00000, 0x0000000085c00000, 0x0000000087d10000)
  from space 4224K,  56% used [0x0000000087d10000, 0x0000000087f62960, 0x0000000088130000)
  to   space 4224K,   0% used [0x0000000088130000, 0x0000000088130000, 0x0000000088550000)
 concurrent mark-sweep generation total 84672K, used 16481K [0x000000009a8c0000, 0x000000009fb70000, 0x0000000100000000)
 Metaspace       used 25697K, capacity 26576K, committed 26880K, reserved 1073152K
  class space    used 3078K, capacity 3278K, committed 3328K, reserved 1048576K
}
2020-12-20T12:34:55.678+0000: 9.640: Total time for which application threads were stopped: 0.0077729 seconds, Stopping threads took: 0.0000476 seconds
{Heap before GC invocations=48 (full 1):
 par new generation   total 38080K, used 36234K [0x0000000085c00000, 0x0000000088550000, 0x000000009a8c0000)
  eden space 33856K, 100% used [0x0000000085c00000, 0x0000000087d10000, 0x0000000087d10000)
  from space 4224K,  56% used [0x0000000087d10000, 0x0000000087f62960, 0x0000000088130000)
  to   space 4224K,   0% used [0x0000000088130000, 0x0000000088130000, 0x0000000088550000)
 concurrent mark-sweep generation total 84672K, used 16481K [0x000000009a8c0000, 0x000000009fb70000, 0x0000000100000000)
 Metaspace       used 25812K, capacity 26704K, committed 26880K, reserved 1073152K
  class space    used 3094K, capacity 3278K, committed 3328K, reserved 1048576K
2020-12-20T12:34:55.798+0000: 9.760: [GC (Allocation Failure) 2020-12-20T12:34:55.798+0000: 9.760: [ParNew
Desired survivor size 2162688 bytes, new threshold 1 (max 6)
- age   1:    2809304 bytes,    2809304 total
- age   2:     115856 bytes,    2925160 total
- age   3:     367888 bytes,    3293048 total
- age   4:     114560 bytes,    3407608 total
- age   5:     317520 bytes,    3725128 total
: 36234K->4223K(38080K), 0.0186700 secs] 52716K->21607K(122752K), 0.0188104 secs] [Times: user=0.03 sys=0.00, real=0.02 secs] 
Heap after GC invocations=49 (full 1):
 par new generation   total 38080K, used 4223K [0x0000000085c00000, 0x0000000088550000, 0x000000009a8c0000)
  eden space 33856K,   0% used [0x0000000085c00000, 0x0000000085c00000, 0x0000000087d10000)
  from space 4224K,  99% used [0x0000000088130000, 0x000000008854fff8, 0x0000000088550000)
  to   space 4224K,   0% used [0x0000000087d10000, 0x0000000087d10000, 0x0000000088130000)
 concurrent mark-sweep generation total 84672K, used 17383K [0x000000009a8c0000, 0x000000009fb70000, 0x0000000100000000)
 Metaspace       used 25812K, capacity 26704K, committed 26880K, reserved 1073152K
  class space    used 3094K, capacity 3278K, committed 3328K, reserved 1048576K
}
2020-12-20T12:34:55.816+0000: 9.779: Total time for which application threads were stopped: 0.0225945 seconds, Stopping threads took: 0.0035602 seconds
{Heap before GC invocations=49 (full 1):
 par new generation   total 38080K, used 38079K [0x0000000085c00000, 0x0000000088550000, 0x000000009a8c0000)
  eden space 33856K, 100% used [0x0000000085c00000, 0x0000000087d10000, 0x0000000087d10000)
  from space 4224K,  99% used [0x0000000088130000, 0x000000008854fff8, 0x0000000088550000)
  to   space 4224K,   0% used [0x0000000087d10000, 0x0000000087d10000, 0x0000000088130000)
 concurrent mark-sweep generation total 84672K, used 17383K [0x000000009a8c0000, 0x000000009fb70000, 0x0000000100000000)
 Metaspace       used 26006K, capacity 26928K, committed 27136K, reserved 1073152K
  class space    used 3110K, capacity 3310K, committed 3328K, reserved 1048576K
2020-12-20T12:34:55.925+0000: 9.888: [GC (Allocation Failure) 2020-12-20T12:34:55.925+0000: 9.888: [ParNew
Desired survivor size 2162688 bytes, new threshold 1 (max 6)
- age   1:    3458888 bytes,    3458888 total
: 38079K->4224K(38080K), 0.0219876 secs] 55463K->23308K(122752K), 0.0221296 secs] [Times: user=0.05 sys=0.00, real=0.02 secs] 
Heap after GC invocations=50 (full 1):
 par new generation   total 38080K, used 4224K [0x0000000085c00000, 0x0000000088550000, 0x000000009a8c0000)
  eden space 33856K,   0% used [0x0000000085c00000, 0x0000000085c00000, 0x0000000087d10000)
  from space 4224K, 100% used [0x0000000087d10000, 0x0000000088130000, 0x0000000088130000)
  to   space 4224K,   0% used [0x0000000088130000, 0x0000000088130000, 0x0000000088550000)
 concurrent mark-sweep generation total 84672K, used 19084K [0x000000009a8c0000, 0x000000009fb70000, 0x0000000100000000)
 Metaspace       used 26006K, capacity 26928K, committed 27136K, reserved 1073152K
  class space    used 3110K, capacity 3310K, committed 3328K, reserved 1048576K
}
2020-12-20T12:34:55.948+0000: 9.910: Total time for which application threads were stopped: 0.0223875 seconds, Stopping threads took: 0.0000411 seconds
{Heap before GC invocations=50 (full 1):
 par new generation   total 38080K, used 38080K [0x0000000085c00000, 0x0000000088550000, 0x000000009a8c0000)
  eden space 33856K, 100% used [0x0000000085c00000, 0x0000000087d10000, 0x0000000087d10000)
  from space 4224K, 100% used [0x0000000087d10000, 0x0000000088130000, 0x0000000088130000)
  to   space 4224K,   0% used [0x0000000088130000, 0x0000000088130000, 0x0000000088550000)
 concurrent mark-sweep generation total 84672K, used 19084K [0x000000009a8c0000, 0x000000009fb70000, 0x0000000100000000)
 Metaspace       used 26203K, capacity 27120K, committed 27392K, reserved 1073152K
  class space    used 3121K, capacity 3310K, committed 3328K, reserved 1048576K
2020-12-20T12:34:56.048+0000: 10.011: [GC (Allocation Failure) 2020-12-20T12:34:56.048+0000: 10.011: [ParNew
Desired survivor size 2162688 bytes, new threshold 1 (max 6)
- age   1:    4132104 bytes,    4132104 total
: 38080K->4224K(38080K), 0.0175668 secs] 57164K->23375K(122752K), 0.0176886 secs] [Times: user=0.05 sys=0.00, real=0.02 secs] 
Heap after GC invocations=51 (full 1):
 par new generation   total 38080K, used 4224K [0x0000000085c00000, 0x0000000088550000, 0x000000009a8c0000)
  eden space 33856K,   0% used [0x0000000085c00000, 0x0000000085c00000, 0x0000000087d10000)
  from space 4224K, 100% used [0x0000000088130000, 0x0000000088550000, 0x0000000088550000)
  to   space 4224K,   0% used [0x0000000087d10000, 0x0000000087d10000, 0x0000000088130000)
 concurrent mark-sweep generation total 84672K, used 19151K [0x000000009a8c0000, 0x000000009fb70000, 0x0000000100000000)
 Metaspace       used 26203K, capacity 27120K, committed 27392K, reserved 1073152K
  class space    used 3121K, capacity 3310K, committed 3328K, reserved 1048576K
}
2020-12-20T12:34:56.066+0000: 10.028: Total time for which application threads were stopped: 0.0179622 seconds, Stopping threads took: 0.0000671 seconds
{Heap before GC invocations=51 (full 1):
 par new generation   total 38080K, used 38080K [0x0000000085c00000, 0x0000000088550000, 0x000000009a8c0000)
  eden space 33856K, 100% used [0x0000000085c00000, 0x0000000087d10000, 0x0000000087d10000)
  from space 4224K, 100% used [0x0000000088130000, 0x0000000088550000, 0x0000000088550000)
  to   space 4224K,   0% used [0x0000000087d10000, 0x0000000087d10000, 0x0000000088130000)
 concurrent mark-sweep generation total 84672K, used 19151K [0x000000009a8c0000, 0x000000009fb70000, 0x0000000100000000)
 Metaspace       used 26293K, capacity 27184K, committed 27392K, reserved 1073152K
  class space    used 3131K, capacity 3310K, committed 3328K, reserved 1048576K
2020-12-20T12:34:56.205+0000: 10.168: [GC (Allocation Failure) 2020-12-20T12:34:56.205+0000: 10.168: [ParNew
Desired survivor size 2162688 bytes, new threshold 1 (max 6)
- age   1:    4098576 bytes,    4098576 total
: 38080K->4223K(38080K), 0.0195586 secs] 57231K->23579K(122752K), 0.0197120 secs] [Times: user=0.04 sys=0.00, real=0.01 secs] 
Heap after GC invocations=52 (full 1):
 par new generation   total 38080K, used 4223K [0x0000000085c00000, 0x0000000088550000, 0x000000009a8c0000)
  eden space 33856K,   0% used [0x0000000085c00000, 0x0000000085c00000, 0x0000000087d10000)
  from space 4224K,  99% used [0x0000000087d10000, 0x000000008812fff8, 0x0000000088130000)
  to   space 4224K,   0% used [0x0000000088130000, 0x0000000088130000, 0x0000000088550000)
 concurrent mark-sweep generation total 84672K, used 19355K [0x000000009a8c0000, 0x000000009fb70000, 0x0000000100000000)
 Metaspace       used 26293K, capacity 27184K, committed 27392K, reserved 1073152K
  class space    used 3131K, capacity 3310K, committed 3328K, reserved 1048576K
}
2020-12-20T12:34:56.225+0000: 10.187: Total time for which application threads were stopped: 0.0199783 seconds, Stopping threads took: 0.0000386 seconds
{Heap before GC invocations=52 (full 1):
 par new generation   total 38080K, used 38079K [0x0000000085c00000, 0x0000000088550000, 0x000000009a8c0000)
  eden space 33856K, 100% used [0x0000000085c00000, 0x0000000087d10000, 0x0000000087d10000)
  from space 4224K,  99% used [0x0000000087d10000, 0x000000008812fff8, 0x0000000088130000)
  to   space 4224K,   0% used [0x0000000088130000, 0x0000000088130000, 0x0000000088550000)
 concurrent mark-sweep generation total 84672K, used 19355K [0x000000009a8c0000, 0x000000009fb70000, 0x0000000100000000)
 Metaspace       used 26596K, capacity 27472K, committed 27776K, reserved 1073152K
  class space    used 3152K, capacity 3342K, committed 3456K, reserved 1048576K
2020-12-20T12:34:56.399+0000: 10.361: [GC (Allocation Failure) 2020-12-20T12:34:56.399+0000: 10.361: [ParNew
Desired survivor size 2162688 bytes, new threshold 1 (max 6)
- age   1:    3710416 bytes,    3710416 total
: 38079K->3868K(38080K), 0.0176097 secs] 57435K->23275K(122752K), 0.0177597 secs] [Times: user=0.04 sys=0.00, real=0.02 secs] 
Heap after GC invocations=53 (full 1):
 par new generation   total 38080K, used 3868K [0x0000000085c00000, 0x0000000088550000, 0x000000009a8c0000)
  eden space 33856K,   0% used [0x0000000085c00000, 0x0000000085c00000, 0x0000000087d10000)
  from space 4224K,  91% used [0x0000000088130000, 0x00000000884f70c0, 0x0000000088550000)
  to   space 4224K,   0% used [0x0000000087d10000, 0x0000000087d10000, 0x0000000088130000)
 concurrent mark-sweep generation total 84672K, used 19407K [0x000000009a8c0000, 0x000000009fb70000, 0x0000000100000000)
 Metaspace       used 26596K, capacity 27472K, committed 27776K, reserved 1073152K
  class space    used 3152K, capacity 3342K, committed 3456K, reserved 1048576K
}
2020-12-20T12:34:56.417+0000: 10.379: Total time for which application threads were stopped: 0.0180910 seconds, Stopping threads took: 0.0000831 seconds
{Heap before GC invocations=53 (full 1):
 par new generation   total 38080K, used 37724K [0x0000000085c00000, 0x0000000088550000, 0x000000009a8c0000)
  eden space 33856K, 100% used [0x0000000085c00000, 0x0000000087d10000, 0x0000000087d10000)
  from space 4224K,  91% used [0x0000000088130000, 0x00000000884f70c0, 0x0000000088550000)
  to   space 4224K,   0% used [0x0000000087d10000, 0x0000000087d10000, 0x0000000088130000)
 concurrent mark-sweep generation total 84672K, used 19407K [0x000000009a8c0000, 0x000000009fb70000, 0x0000000100000000)
 Metaspace       used 26727K, capacity 27632K, committed 27776K, reserved 1073152K
  class space    used 3169K, capacity 3374K, committed 3456K, reserved 1048576K
2020-12-20T12:34:56.565+0000: 10.527: [GC (Allocation Failure) 2020-12-20T12:34:56.565+0000: 10.527: [ParNew
Desired survivor size 2162688 bytes, new threshold 1 (max 6)
- age   1:    3621888 bytes,    3621888 total
: 37724K->3752K(38080K), 0.0204306 secs] 57131K->23230K(122752K), 0.0205927 secs] [Times: user=0.06 sys=0.00, real=0.03 secs] 
Heap after GC invocations=54 (full 1):
 par new generation   total 38080K, used 3752K [0x0000000085c00000, 0x0000000088550000, 0x000000009a8c0000)
  eden space 33856K,   0% used [0x0000000085c00000, 0x0000000085c00000, 0x0000000087d10000)
  from space 4224K,  88% used [0x0000000087d10000, 0x00000000880ba2b8, 0x0000000088130000)
  to   space 4224K,   0% used [0x0000000088130000, 0x0000000088130000, 0x0000000088550000)
 concurrent mark-sweep generation total 84672K, used 19477K [0x000000009a8c0000, 0x000000009fb70000, 0x0000000100000000)
 Metaspace       used 26727K, capacity 27632K, committed 27776K, reserved 1073152K
  class space    used 3169K, capacity 3374K, committed 3456K, reserved 1048576K
}
2020-12-20T12:34:56.586+0000: 10.548: Total time for which application threads were stopped: 0.0209300 seconds, Stopping threads took: 0.0000760 seconds
{Heap before GC invocations=54 (full 1):
 par new generation   total 38080K, used 37608K [0x0000000085c00000, 0x0000000088550000, 0x000000009a8c0000)
  eden space 33856K, 100% used [0x0000000085c00000, 0x0000000087d10000, 0x0000000087d10000)
  from space 4224K,  88% used [0x0000000087d10000, 0x00000000880ba2b8, 0x0000000088130000)
  to   space 4224K,   0% used [0x0000000088130000, 0x0000000088130000, 0x0000000088550000)
 concurrent mark-sweep generation total 84672K, used 19477K [0x000000009a8c0000, 0x000000009fb70000, 0x0000000100000000)
 Metaspace       used 26728K, capacity 27632K, committed 27776K, reserved 1073152K
  class space    used 3169K, capacity 3374K, committed 3456K, reserved 1048576K
2020-12-20T12:34:56.699+0000: 10.662: [GC (Allocation Failure) 2020-12-20T12:34:56.699+0000: 10.662: [ParNew
Desired survivor size 2162688 bytes, new threshold 1 (max 6)
- age   1:    4099256 bytes,    4099256 total
: 37608K->4223K(38080K), 0.0259239 secs] 57086K->24033K(122752K), 0.0260664 secs] [Times: user=0.06 sys=0.00, real=0.03 secs] 
Heap after GC invocations=55 (full 1):
 par new generation   total 38080K, used 4223K [0x0000000085c00000, 0x0000000088550000, 0x000000009a8c0000)
  eden space 33856K,   0% used [0x0000000085c00000, 0x0000000085c00000, 0x0000000087d10000)
  from space 4224K,  99% used [0x0000000088130000, 0x000000008854fff8, 0x0000000088550000)
  to   space 4224K,   0% used [0x0000000087d10000, 0x0000000087d10000, 0x0000000088130000)
 concurrent mark-sweep generation total 84672K, used 19809K [0x000000009a8c0000, 0x000000009fb70000, 0x0000000100000000)
 Metaspace       used 26728K, capacity 27632K, committed 27776K, reserved 1073152K
  class space    used 3169K, capacity 3374K, committed 3456K, reserved 1048576K
}
2020-12-20T12:34:56.726+0000: 10.688: Total time for which application threads were stopped: 0.0263639 seconds, Stopping threads took: 0.0000532 seconds
{Heap before GC invocations=55 (full 1):
 par new generation   total 38080K, used 38079K [0x0000000085c00000, 0x0000000088550000, 0x000000009a8c0000)
  eden space 33856K, 100% used [0x0000000085c00000, 0x0000000087d10000, 0x0000000087d10000)
  from space 4224K,  99% used [0x0000000088130000, 0x000000008854fff8, 0x0000000088550000)
  to   space 4224K,   0% used [0x0000000087d10000, 0x0000000087d10000, 0x0000000088130000)
 concurrent mark-sweep generation total 84672K, used 19809K [0x000000009a8c0000, 0x000000009fb70000, 0x0000000100000000)
 Metaspace       used 26730K, capacity 27632K, committed 27776K, reserved 1073152K
  class space    used 3169K, capacity 3374K, committed 3456K, reserved 1048576K
2020-12-20T12:34:56.819+0000: 10.782: [GC (Allocation Failure) 2020-12-20T12:34:56.819+0000: 10.782: [ParNew
Desired survivor size 2162688 bytes, new threshold 1 (max 6)
- age   1:    4118736 bytes,    4118736 total
: 38079K->4223K(38080K), 0.0216362 secs] 57889K->24368K(122752K), 0.0217904 secs] [Times: user=0.05 sys=0.00, real=0.02 secs] 
Heap after GC invocations=56 (full 1):
 par new generation   total 38080K, used 4223K [0x0000000085c00000, 0x0000000088550000, 0x000000009a8c0000)
  eden space 33856K,   0% used [0x0000000085c00000, 0x0000000085c00000, 0x0000000087d10000)
  from space 4224K,  99% used [0x0000000087d10000, 0x000000008812fff8, 0x0000000088130000)
  to   space 4224K,   0% used [0x0000000088130000, 0x0000000088130000, 0x0000000088550000)
 concurrent mark-sweep generation total 84672K, used 20144K [0x000000009a8c0000, 0x000000009fb70000, 0x0000000100000000)
 Metaspace       used 26730K, capacity 27632K, committed 27776K, reserved 1073152K
  class space    used 3169K, capacity 3374K, committed 3456K, reserved 1048576K
}
2020-12-20T12:34:56.841+0000: 10.804: Total time for which application threads were stopped: 0.0220550 seconds, Stopping threads took: 0.0000387 seconds
{Heap before GC invocations=56 (full 1):
 par new generation   total 38080K, used 38079K [0x0000000085c00000, 0x0000000088550000, 0x000000009a8c0000)
  eden space 33856K, 100% used [0x0000000085c00000, 0x0000000087d10000, 0x0000000087d10000)
  from space 4224K,  99% used [0x0000000087d10000, 0x000000008812fff8, 0x0000000088130000)
  to   space 4224K,   0% used [0x0000000088130000, 0x0000000088130000, 0x0000000088550000)
 concurrent mark-sweep generation total 84672K, used 20144K [0x000000009a8c0000, 0x000000009fb70000, 0x0000000100000000)
 Metaspace       used 26730K, capacity 27632K, committed 27776K, reserved 1073152K
  class space    used 3169K, capacity 3374K, committed 3456K, reserved 1048576K
2020-12-20T12:34:56.991+0000: 10.954: [GC (Allocation Failure) 2020-12-20T12:34:56.992+0000: 10.954: [ParNew
Desired survivor size 2162688 bytes, new threshold 1 (max 6)
- age   1:    4108208 bytes,    4108208 total
: 38079K->4223K(38080K), 0.0270929 secs] 58224K->24723K(122752K), 0.0272391 secs] [Times: user=0.07 sys=0.00, real=0.03 secs] 
Heap after GC invocations=57 (full 1):
 par new generation   total 38080K, used 4223K [0x0000000085c00000, 0x0000000088550000, 0x000000009a8c0000)
  eden space 33856K,   0% used [0x0000000085c00000, 0x0000000085c00000, 0x0000000087d10000)
  from space 4224K,  99% used [0x0000000088130000, 0x000000008854fff8, 0x0000000088550000)
  to   space 4224K,   0% used [0x0000000087d10000, 0x0000000087d10000, 0x0000000088130000)
 concurrent mark-sweep generation total 84672K, used 20499K [0x000000009a8c0000, 0x000000009fb70000, 0x0000000100000000)
 Metaspace       used 26730K, capacity 27632K, committed 27776K, reserved 1073152K
  class space    used 3169K, capacity 3374K, committed 3456K, reserved 1048576K
}
2020-12-20T12:34:57.019+0000: 10.981: Total time for which application threads were stopped: 0.0275449 seconds, Stopping threads took: 0.0000690 seconds
{Heap before GC invocations=57 (full 1):
 par new generation   total 38080K, used 38079K [0x0000000085c00000, 0x0000000088550000, 0x000000009a8c0000)
  eden space 33856K, 100% used [0x0000000085c00000, 0x0000000087d10000, 0x0000000087d10000)
  from space 4224K,  99% used [0x0000000088130000, 0x000000008854fff8, 0x0000000088550000)
  to   space 4224K,   0% used [0x0000000087d10000, 0x0000000087d10000, 0x0000000088130000)
 concurrent mark-sweep generation total 84672K, used 20499K [0x000000009a8c0000, 0x000000009fb70000, 0x0000000100000000)
 Metaspace       used 26734K, capacity 27632K, committed 27776K, reserved 1073152K
  class space    used 3169K, capacity 3374K, committed 3456K, reserved 1048576K
2020-12-20T12:34:57.126+0000: 11.088: [GC (Allocation Failure) 2020-12-20T12:34:57.126+0000: 11.088: [ParNew
Desired survivor size 2162688 bytes, new threshold 1 (max 6)
- age   1:    4172648 bytes,    4172648 total
: 38079K->4201K(38080K), 0.0204228 secs] 58579K->24711K(122752K), 0.0205636 secs] [Times: user=0.03 sys=0.00, real=0.02 secs] 
Heap after GC invocations=58 (full 1):
 par new generation   total 38080K, used 4201K [0x0000000085c00000, 0x0000000088550000, 0x000000009a8c0000)
  eden space 33856K,   0% used [0x0000000085c00000, 0x0000000085c00000, 0x0000000087d10000)
  from space 4224K,  99% used [0x0000000087d10000, 0x000000008812a730, 0x0000000088130000)
  to   space 4224K,   0% used [0x0000000088130000, 0x0000000088130000, 0x0000000088550000)
 concurrent mark-sweep generation total 84672K, used 20510K [0x000000009a8c0000, 0x000000009fb70000, 0x0000000100000000)
 Metaspace       used 26734K, capacity 27632K, committed 27776K, reserved 1073152K
  class space    used 3169K, capacity 3374K, committed 3456K, reserved 1048576K
}
2020-12-20T12:34:57.147+0000: 11.109: Total time for which application threads were stopped: 0.0208288 seconds, Stopping threads took: 0.0000365 seconds
{Heap before GC invocations=58 (full 1):
 par new generation   total 38080K, used 38057K [0x0000000085c00000, 0x0000000088550000, 0x000000009a8c0000)
  eden space 33856K, 100% used [0x0000000085c00000, 0x0000000087d10000, 0x0000000087d10000)
  from space 4224K,  99% used [0x0000000087d10000, 0x000000008812a730, 0x0000000088130000)
  to   space 4224K,   0% used [0x0000000088130000, 0x0000000088130000, 0x0000000088550000)
 concurrent mark-sweep generation total 84672K, used 20510K [0x000000009a8c0000, 0x000000009fb70000, 0x0000000100000000)
 Metaspace       used 26734K, capacity 27632K, committed 27776K, reserved 1073152K
  class space    used 3169K, capacity 3374K, committed 3456K, reserved 1048576K
2020-12-20T12:34:57.226+0000: 11.188: [GC (Allocation Failure) 2020-12-20T12:34:57.226+0000: 11.188: [ParNew
Desired survivor size 2162688 bytes, new threshold 1 (max 6)
- age   1:    4016616 bytes,    4016616 total
: 38057K->4224K(38080K), 0.0204077 secs] 58567K->25108K(122752K), 0.0206171 secs] [Times: user=0.03 sys=0.00, real=0.02 secs] 
Heap after GC invocations=59 (full 1):
 par new generation   total 38080K, used 4224K [0x0000000085c00000, 0x0000000088550000, 0x000000009a8c0000)
  eden space 33856K,   0% used [0x0000000085c00000, 0x0000000085c00000, 0x0000000087d10000)
  from space 4224K, 100% used [0x0000000088130000, 0x0000000088550000, 0x0000000088550000)
  to   space 4224K,   0% used [0x0000000087d10000, 0x0000000087d10000, 0x0000000088130000)
 concurrent mark-sweep generation total 84672K, used 20884K [0x000000009a8c0000, 0x000000009fb70000, 0x0000000100000000)
 Metaspace       used 26734K, capacity 27632K, committed 27776K, reserved 1073152K
  class space    used 3169K, capacity 3374K, committed 3456K, reserved 1048576K
}
2020-12-20T12:34:57.246+0000: 11.209: Total time for which application threads were stopped: 0.0209450 seconds, Stopping threads took: 0.0000819 seconds
{Heap before GC invocations=59 (full 1):
 par new generation   total 38080K, used 38080K [0x0000000085c00000, 0x0000000088550000, 0x000000009a8c0000)
  eden space 33856K, 100% used [0x0000000085c00000, 0x0000000087d10000, 0x0000000087d10000)
  from space 4224K, 100% used [0x0000000088130000, 0x0000000088550000, 0x0000000088550000)
  to   space 4224K,   0% used [0x0000000087d10000, 0x0000000087d10000, 0x0000000088130000)
 concurrent mark-sweep generation total 84672K, used 20884K [0x000000009a8c0000, 0x000000009fb70000, 0x0000000100000000)
 Metaspace       used 26734K, capacity 27632K, committed 27776K, reserved 1073152K
  class space    used 3169K, capacity 3374K, committed 3456K, reserved 1048576K
2020-12-20T12:34:57.337+0000: 11.299: [GC (Allocation Failure) 2020-12-20T12:34:57.337+0000: 11.299: [ParNew
Desired survivor size 2162688 bytes, new threshold 1 (max 6)
- age   1:    4239872 bytes,    4239872 total
: 38080K->4223K(38080K), 0.0236691 secs] 58964K->25407K(122752K), 0.0238044 secs] [Times: user=0.04 sys=0.01, real=0.02 secs] 
Heap after GC invocations=60 (full 1):
 par new generation   total 38080K, used 4223K [0x0000000085c00000, 0x0000000088550000, 0x000000009a8c0000)
  eden space 33856K,   0% used [0x0000000085c00000, 0x0000000085c00000, 0x0000000087d10000)
  from space 4224K,  99% used [0x0000000087d10000, 0x000000008812fff8, 0x0000000088130000)
  to   space 4224K,   0% used [0x0000000088130000, 0x0000000088130000, 0x0000000088550000)
 concurrent mark-sweep generation total 84672K, used 21183K [0x000000009a8c0000, 0x000000009fb70000, 0x0000000100000000)
 Metaspace       used 26734K, capacity 27632K, committed 27776K, reserved 1073152K
  class space    used 3169K, capacity 3374K, committed 3456K, reserved 1048576K
}
2020-12-20T12:34:57.361+0000: 11.323: Total time for which application threads were stopped: 0.0240580 seconds, Stopping threads took: 0.0000324 seconds
{Heap before GC invocations=60 (full 1):
 par new generation   total 38080K, used 38079K [0x0000000085c00000, 0x0000000088550000, 0x000000009a8c0000)
  eden space 33856K, 100% used [0x0000000085c00000, 0x0000000087d10000, 0x0000000087d10000)
  from space 4224K,  99% used [0x0000000087d10000, 0x000000008812fff8, 0x0000000088130000)
  to   space 4224K,   0% used [0x0000000088130000, 0x0000000088130000, 0x0000000088550000)
 concurrent mark-sweep generation total 84672K, used 21183K [0x000000009a8c0000, 0x000000009fb70000, 0x0000000100000000)
 Metaspace       used 26740K, capacity 27632K, committed 27776K, reserved 1073152K
  class space    used 3169K, capacity 3374K, committed 3456K, reserved 1048576K
2020-12-20T12:34:57.494+0000: 11.456: [GC (Allocation Failure) 2020-12-20T12:34:57.494+0000: 11.456: [ParNew
Desired survivor size 2162688 bytes, new threshold 1 (max 6)
- age   1:    4053256 bytes,    4053256 total
: 38079K->4224K(38080K), 0.0213839 secs] 59263K->25685K(122752K), 0.0215494 secs] [Times: user=0.04 sys=0.00, real=0.02 secs] 
Heap after GC invocations=61 (full 1):
 par new generation   total 38080K, used 4224K [0x0000000085c00000, 0x0000000088550000, 0x000000009a8c0000)
  eden space 33856K,   0% used [0x0000000085c00000, 0x0000000085c00000, 0x0000000087d10000)
  from space 4224K, 100% used [0x0000000088130000, 0x0000000088550000, 0x0000000088550000)
  to   space 4224K,   0% used [0x0000000087d10000, 0x0000000087d10000, 0x0000000088130000)
 concurrent mark-sweep generation total 84672K, used 21461K [0x000000009a8c0000, 0x000000009fb70000, 0x0000000100000000)
 Metaspace       used 26740K, capacity 27632K, committed 27776K, reserved 1073152K
  class space    used 3169K, capacity 3374K, committed 3456K, reserved 1048576K
}
2020-12-20T12:34:57.515+0000: 11.477: Total time for which application threads were stopped: 0.0217942 seconds, Stopping threads took: 0.0000363 seconds
{Heap before GC invocations=61 (full 1):
 par new generation   total 38080K, used 38080K [0x0000000085c00000, 0x0000000088550000, 0x000000009a8c0000)
  eden space 33856K, 100% used [0x0000000085c00000, 0x0000000087d10000, 0x0000000087d10000)
  from space 4224K, 100% used [0x0000000088130000, 0x0000000088550000, 0x0000000088550000)
  to   space 4224K,   0% used [0x0000000087d10000, 0x0000000087d10000, 0x0000000088130000)
 concurrent mark-sweep generation total 84672K, used 21461K [0x000000009a8c0000, 0x000000009fb70000, 0x0000000100000000)
 Metaspace       used 26740K, capacity 27632K, committed 27776K, reserved 1073152K
  class space    used 3169K, capacity 3374K, committed 3456K, reserved 1048576K
2020-12-20T12:34:57.592+0000: 11.555: [GC (Allocation Failure) 2020-12-20T12:34:57.592+0000: 11.555: [ParNew
Desired survivor size 2162688 bytes, new threshold 1 (max 6)
- age   1:    4014704 bytes,    4014704 total
: 38080K->4223K(38080K), 0.0219576 secs] 59541K->26038K(122752K), 0.0220875 secs] [Times: user=0.03 sys=0.00, real=0.03 secs] 
Heap after GC invocations=62 (full 1):
 par new generation   total 38080K, used 4223K [0x0000000085c00000, 0x0000000088550000, 0x000000009a8c0000)
  eden space 33856K,   0% used [0x0000000085c00000, 0x0000000085c00000, 0x0000000087d10000)
  from space 4224K,  99% used [0x0000000087d10000, 0x000000008812fff8, 0x0000000088130000)
  to   space 4224K,   0% used [0x0000000088130000, 0x0000000088130000, 0x0000000088550000)
 concurrent mark-sweep generation total 84672K, used 21814K [0x000000009a8c0000, 0x000000009fb70000, 0x0000000100000000)
 Metaspace       used 26740K, capacity 27632K, committed 27776K, reserved 1073152K
  class space    used 3169K, capacity 3374K, committed 3456K, reserved 1048576K
}
2020-12-20T12:34:57.615+0000: 11.577: Total time for which application threads were stopped: 0.0224340 seconds, Stopping threads took: 0.0000869 seconds
{Heap before GC invocations=62 (full 1):
 par new generation   total 38080K, used 38079K [0x0000000085c00000, 0x0000000088550000, 0x000000009a8c0000)
  eden space 33856K, 100% used [0x0000000085c00000, 0x0000000087d10000, 0x0000000087d10000)
  from space 4224K,  99% used [0x0000000087d10000, 0x000000008812fff8, 0x0000000088130000)
  to   space 4224K,   0% used [0x0000000088130000, 0x0000000088130000, 0x0000000088550000)
 concurrent mark-sweep generation total 84672K, used 21814K [0x000000009a8c0000, 0x000000009fb70000, 0x0000000100000000)
 Metaspace       used 26740K, capacity 27632K, committed 27776K, reserved 1073152K
  class space    used 3169K, capacity 3374K, committed 3456K, reserved 1048576K
2020-12-20T12:34:57.714+0000: 11.676: [GC (Allocation Failure) 2020-12-20T12:34:57.714+0000: 11.676: [ParNew
Desired survivor size 2162688 bytes, new threshold 1 (max 6)
- age   1:    4227616 bytes,    4227616 total
: 38079K->4223K(38080K), 0.0258125 secs] 59894K->26256K(122752K), 0.0259502 secs] [Times: user=0.03 sys=0.00, real=0.02 secs] 
Heap after GC invocations=63 (full 1):
 par new generation   total 38080K, used 4223K [0x0000000085c00000, 0x0000000088550000, 0x000000009a8c0000)
  eden space 33856K,   0% used [0x0000000085c00000, 0x0000000085c00000, 0x0000000087d10000)
  from space 4224K,  99% used [0x0000000088130000, 0x000000008854fff8, 0x0000000088550000)
  to   space 4224K,   0% used [0x0000000087d10000, 0x0000000087d10000, 0x0000000088130000)
 concurrent mark-sweep generation total 84672K, used 22032K [0x000000009a8c0000, 0x000000009fb70000, 0x0000000100000000)
 Metaspace       used 26740K, capacity 27632K, committed 27776K, reserved 1073152K
  class space    used 3169K, capacity 3374K, committed 3456K, reserved 1048576K
}
2020-12-20T12:34:57.740+0000: 11.702: Total time for which application threads were stopped: 0.0262012 seconds, Stopping threads took: 0.0000505 seconds
{Heap before GC invocations=63 (full 1):
 par new generation   total 38080K, used 38079K [0x0000000085c00000, 0x0000000088550000, 0x000000009a8c0000)
  eden space 33856K, 100% used [0x0000000085c00000, 0x0000000087d10000, 0x0000000087d10000)
  from space 4224K,  99% used [0x0000000088130000, 0x000000008854fff8, 0x0000000088550000)
  to   space 4224K,   0% used [0x0000000087d10000, 0x0000000087d10000, 0x0000000088130000)
 concurrent mark-sweep generation total 84672K, used 22032K [0x000000009a8c0000, 0x000000009fb70000, 0x0000000100000000)
 Metaspace       used 26740K, capacity 27632K, committed 27776K, reserved 1073152K
  class space    used 3169K, capacity 3374K, committed 3456K, reserved 1048576K
2020-12-20T12:34:57.821+0000: 11.783: [GC (Allocation Failure) 2020-12-20T12:34:57.821+0000: 11.783: [ParNew
Desired survivor size 2162688 bytes, new threshold 1 (max 6)
- age   1:    3975752 bytes,    3975752 total
: 38079K->4224K(38080K), 0.0196268 secs] 60112K->26739K(122752K), 0.0197497 secs] [Times: user=0.03 sys=0.00, real=0.02 secs] 
Heap after GC invocations=64 (full 1):
 par new generation   total 38080K, used 4224K [0x0000000085c00000, 0x0000000088550000, 0x000000009a8c0000)
  eden space 33856K,   0% used [0x0000000085c00000, 0x0000000085c00000, 0x0000000087d10000)
  from space 4224K, 100% used [0x0000000087d10000, 0x0000000088130000, 0x0000000088130000)
  to   space 4224K,   0% used [0x0000000088130000, 0x0000000088130000, 0x0000000088550000)
 concurrent mark-sweep generation total 84672K, used 22515K [0x000000009a8c0000, 0x000000009fb70000, 0x0000000100000000)
 Metaspace       used 26740K, capacity 27632K, committed 27776K, reserved 1073152K
  class space    used 3169K, capacity 3374K, committed 3456K, reserved 1048576K
}
2020-12-20T12:34:57.841+0000: 11.803: Total time for which application threads were stopped: 0.0199716 seconds, Stopping threads took: 0.0000380 seconds
{Heap before GC invocations=64 (full 1):
 par new generation   total 38080K, used 38080K [0x0000000085c00000, 0x0000000088550000, 0x000000009a8c0000)
  eden space 33856K, 100% used [0x0000000085c00000, 0x0000000087d10000, 0x0000000087d10000)
  from space 4224K, 100% used [0x0000000087d10000, 0x0000000088130000, 0x0000000088130000)
  to   space 4224K,   0% used [0x0000000088130000, 0x0000000088130000, 0x0000000088550000)
 concurrent mark-sweep generation total 84672K, used 22515K [0x000000009a8c0000, 0x000000009fb70000, 0x0000000100000000)
 Metaspace       used 26741K, capacity 27632K, committed 27776K, reserved 1073152K
  class space    used 3169K, capacity 3374K, committed 3456K, reserved 1048576K
2020-12-20T12:34:57.982+0000: 11.944: [GC (Allocation Failure) 2020-12-20T12:34:57.982+0000: 11.944: [ParNew
Desired survivor size 2162688 bytes, new threshold 1 (max 6)
- age   1:    4270720 bytes,    4270720 total
: 38080K->4224K(38080K), 0.0209347 secs] 60595K->27148K(122752K), 0.0210940 secs] [Times: user=0.03 sys=0.01, real=0.02 secs] 
Heap after GC invocations=65 (full 1):
 par new generation   total 38080K, used 4224K [0x0000000085c00000, 0x0000000088550000, 0x000000009a8c0000)
  eden space 33856K,   0% used [0x0000000085c00000, 0x0000000085c00000, 0x0000000087d10000)
  from space 4224K, 100% used [0x0000000088130000, 0x0000000088550000, 0x0000000088550000)
  to   space 4224K,   0% used [0x0000000087d10000, 0x0000000087d10000, 0x0000000088130000)
 concurrent mark-sweep generation total 84672K, used 22924K [0x000000009a8c0000, 0x000000009fb70000, 0x0000000100000000)
 Metaspace       used 26741K, capacity 27632K, committed 27776K, reserved 1073152K
  class space    used 3169K, capacity 3374K, committed 3456K, reserved 1048576K
}
2020-12-20T12:34:58.003+0000: 11.965: Total time for which application threads were stopped: 0.0215631 seconds, Stopping threads took: 0.0002257 seconds
{Heap before GC invocations=65 (full 1):
 par new generation   total 38080K, used 38080K [0x0000000085c00000, 0x0000000088550000, 0x000000009a8c0000)
  eden space 33856K, 100% used [0x0000000085c00000, 0x0000000087d10000, 0x0000000087d10000)
  from space 4224K, 100% used [0x0000000088130000, 0x0000000088550000, 0x0000000088550000)
  to   space 4224K,   0% used [0x0000000087d10000, 0x0000000087d10000, 0x0000000088130000)
 concurrent mark-sweep generation total 84672K, used 22924K [0x000000009a8c0000, 0x000000009fb70000, 0x0000000100000000)
 Metaspace       used 26741K, capacity 27632K, committed 27776K, reserved 1073152K
  class space    used 3169K, capacity 3374K, committed 3456K, reserved 1048576K
2020-12-20T12:34:58.106+0000: 12.068: [GC (Allocation Failure) 2020-12-20T12:34:58.106+0000: 12.068: [ParNew
Desired survivor size 2162688 bytes, new threshold 1 (max 6)
- age   1:    3979048 bytes,    3979048 total
: 38080K->4223K(38080K), 0.0183658 secs] 61004K->27938K(122752K), 0.0185155 secs] [Times: user=0.03 sys=0.00, real=0.01 secs] 
Heap after GC invocations=66 (full 1):
 par new generation   total 38080K, used 4223K [0x0000000085c00000, 0x0000000088550000, 0x000000009a8c0000)
  eden space 33856K,   0% used [0x0000000085c00000, 0x0000000085c00000, 0x0000000087d10000)
  from space 4224K,  99% used [0x0000000087d10000, 0x000000008812fff8, 0x0000000088130000)
  to   space 4224K,   0% used [0x0000000088130000, 0x0000000088130000, 0x0000000088550000)
 concurrent mark-sweep generation total 84672K, used 23714K [0x000000009a8c0000, 0x000000009fb70000, 0x0000000100000000)
 Metaspace       used 26741K, capacity 27632K, committed 27776K, reserved 1073152K
  class space    used 3169K, capacity 3374K, committed 3456K, reserved 1048576K
}
2020-12-20T12:34:58.124+0000: 12.087: Total time for which application threads were stopped: 0.0188605 seconds, Stopping threads took: 0.0000931 seconds
{Heap before GC invocations=66 (full 1):
 par new generation   total 38080K, used 38079K [0x0000000085c00000, 0x0000000088550000, 0x000000009a8c0000)
  eden space 33856K, 100% used [0x0000000085c00000, 0x0000000087d10000, 0x0000000087d10000)
  from space 4224K,  99% used [0x0000000087d10000, 0x000000008812fff8, 0x0000000088130000)
  to   space 4224K,   0% used [0x0000000088130000, 0x0000000088130000, 0x0000000088550000)
 concurrent mark-sweep generation total 84672K, used 23714K [0x000000009a8c0000, 0x000000009fb70000, 0x0000000100000000)
 Metaspace       used 26741K, capacity 27632K, committed 27776K, reserved 1073152K
  class space    used 3169K, capacity 3374K, committed 3456K, reserved 1048576K
2020-12-20T12:34:58.202+0000: 12.164: [GC (Allocation Failure) 2020-12-20T12:34:58.202+0000: 12.164: [ParNew
Desired survivor size 2162688 bytes, new threshold 1 (max 6)
- age   1:    4063640 bytes,    4063640 total
: 38079K->4224K(38080K), 0.0194876 secs] 61794K->28291K(122752K), 0.0197573 secs] [Times: user=0.03 sys=0.00, real=0.02 secs] 
Heap after GC invocations=67 (full 1):
 par new generation   total 38080K, used 4224K [0x0000000085c00000, 0x0000000088550000, 0x000000009a8c0000)
  eden space 33856K,   0% used [0x0000000085c00000, 0x0000000085c00000, 0x0000000087d10000)
  from space 4224K, 100% used [0x0000000088130000, 0x0000000088550000, 0x0000000088550000)
  to   space 4224K,   0% used [0x0000000087d10000, 0x0000000087d10000, 0x0000000088130000)
 concurrent mark-sweep generation total 84672K, used 24067K [0x000000009a8c0000, 0x000000009fb70000, 0x0000000100000000)
 Metaspace       used 26741K, capacity 27632K, committed 27776K, reserved 1073152K
  class space    used 3169K, capacity 3374K, committed 3456K, reserved 1048576K
}
2020-12-20T12:34:58.221+0000: 12.184: Total time for which application threads were stopped: 0.0202234 seconds, Stopping threads took: 0.0002193 seconds
{Heap before GC invocations=67 (full 1):
 par new generation   total 38080K, used 38080K [0x0000000085c00000, 0x0000000088550000, 0x000000009a8c0000)
  eden space 33856K, 100% used [0x0000000085c00000, 0x0000000087d10000, 0x0000000087d10000)
  from space 4224K, 100% used [0x0000000088130000, 0x0000000088550000, 0x0000000088550000)
  to   space 4224K,   0% used [0x0000000087d10000, 0x0000000087d10000, 0x0000000088130000)
 concurrent mark-sweep generation total 84672K, used 24067K [0x000000009a8c0000, 0x000000009fb70000, 0x0000000100000000)
 Metaspace       used 26741K, capacity 27632K, committed 27776K, reserved 1073152K
  class space    used 3169K, capacity 3374K, committed 3456K, reserved 1048576K
2020-12-20T12:34:58.325+0000: 12.287: [GC (Allocation Failure) 2020-12-20T12:34:58.325+0000: 12.288: [ParNew
Desired survivor size 2162688 bytes, new threshold 1 (max 6)
- age   1:    4153280 bytes,    4153280 total
: 38080K->4224K(38080K), 0.0230598 secs] 62147K->28684K(122752K), 0.0232420 secs] [Times: user=0.03 sys=0.01, real=0.03 secs] 
Heap after GC invocations=68 (full 1):
 par new generation   total 38080K, used 4224K [0x0000000085c00000, 0x0000000088550000, 0x000000009a8c0000)
  eden space 33856K,   0% used [0x0000000085c00000, 0x0000000085c00000, 0x0000000087d10000)
  from space 4224K, 100% used [0x0000000087d10000, 0x0000000088130000, 0x0000000088130000)
  to   space 4224K,   0% used [0x0000000088130000, 0x0000000088130000, 0x0000000088550000)
 concurrent mark-sweep generation total 84672K, used 24460K [0x000000009a8c0000, 0x000000009fb70000, 0x0000000100000000)
 Metaspace       used 26741K, capacity 27632K, committed 27776K, reserved 1073152K
  class space    used 3169K, capacity 3374K, committed 3456K, reserved 1048576K
}
2020-12-20T12:34:58.349+0000: 12.311: Total time for which application threads were stopped: 0.0235265 seconds, Stopping threads took: 0.0000421 seconds
{Heap before GC invocations=68 (full 1):
 par new generation   total 38080K, used 38080K [0x0000000085c00000, 0x0000000088550000, 0x000000009a8c0000)
  eden space 33856K, 100% used [0x0000000085c00000, 0x0000000087d10000, 0x0000000087d10000)
  from space 4224K, 100% used [0x0000000087d10000, 0x0000000088130000, 0x0000000088130000)
  to   space 4224K,   0% used [0x0000000088130000, 0x0000000088130000, 0x0000000088550000)
 concurrent mark-sweep generation total 84672K, used 24460K [0x000000009a8c0000, 0x000000009fb70000, 0x0000000100000000)
 Metaspace       used 26854K, capacity 27778K, committed 28032K, reserved 1073152K
  class space    used 3189K, capacity 3419K, committed 3456K, reserved 1048576K
2020-12-20T12:34:58.501+0000: 12.463: [GC (Allocation Failure) 2020-12-20T12:34:58.501+0000: 12.463: [ParNew
Desired survivor size 2162688 bytes, new threshold 1 (max 6)
- age   1:    2796280 bytes,    2796280 total
: 38080K->2840K(38080K), 0.0093533 secs] 62540K->27310K(122752K), 0.0095099 secs] [Times: user=0.03 sys=0.00, real=0.01 secs] 
Heap after GC invocations=69 (full 1):
 par new generation   total 38080K, used 2840K [0x0000000085c00000, 0x0000000088550000, 0x000000009a8c0000)
  eden space 33856K,   0% used [0x0000000085c00000, 0x0000000085c00000, 0x0000000087d10000)
  from space 4224K,  67% used [0x0000000088130000, 0x00000000883f6120, 0x0000000088550000)
  to   space 4224K,   0% used [0x0000000087d10000, 0x0000000087d10000, 0x0000000088130000)
 concurrent mark-sweep generation total 84672K, used 24469K [0x000000009a8c0000, 0x000000009fb70000, 0x0000000100000000)
 Metaspace       used 26854K, capacity 27778K, committed 28032K, reserved 1073152K
  class space    used 3189K, capacity 3419K, committed 3456K, reserved 1048576K
}
2020-12-20T12:34:58.510+0000: 12.472: Total time for which application threads were stopped: 0.0097804 seconds, Stopping threads took: 0.0000410 seconds
{Heap before GC invocations=69 (full 1):
 par new generation   total 38080K, used 36696K [0x0000000085c00000, 0x0000000088550000, 0x000000009a8c0000)
  eden space 33856K, 100% used [0x0000000085c00000, 0x0000000087d10000, 0x0000000087d10000)
  from space 4224K,  67% used [0x0000000088130000, 0x00000000883f6120, 0x0000000088550000)
  to   space 4224K,   0% used [0x0000000087d10000, 0x0000000087d10000, 0x0000000088130000)
 concurrent mark-sweep generation total 84672K, used 24469K [0x000000009a8c0000, 0x000000009fb70000, 0x0000000100000000)
 Metaspace       used 27529K, capacity 28482K, committed 28672K, reserved 1075200K
  class space    used 3263K, capacity 3483K, committed 3584K, reserved 1048576K
2020-12-20T12:34:58.774+0000: 12.737: [GC (Allocation Failure) 2020-12-20T12:34:58.774+0000: 12.737: [ParNew
Desired survivor size 2162688 bytes, new threshold 6 (max 6)
- age   1:    2103336 bytes,    2103336 total
: 36696K->2339K(38080K), 0.0111225 secs] 61166K->27450K(122752K), 0.0112645 secs] [Times: user=0.03 sys=0.00, real=0.01 secs] 
Heap after GC invocations=70 (full 1):
 par new generation   total 38080K, used 2339K [0x0000000085c00000, 0x0000000088550000, 0x000000009a8c0000)
  eden space 33856K,   0% used [0x0000000085c00000, 0x0000000085c00000, 0x0000000087d10000)
  from space 4224K,  55% used [0x0000000087d10000, 0x0000000087f58f80, 0x0000000088130000)
  to   space 4224K,   0% used [0x0000000088130000, 0x0000000088130000, 0x0000000088550000)
 concurrent mark-sweep generation total 84672K, used 25111K [0x000000009a8c0000, 0x000000009fb70000, 0x0000000100000000)
 Metaspace       used 27529K, capacity 28482K, committed 28672K, reserved 1075200K
  class space    used 3263K, capacity 3483K, committed 3584K, reserved 1048576K
}
2020-12-20T12:34:58.786+0000: 12.748: Total time for which application threads were stopped: 0.0115873 seconds, Stopping threads took: 0.0000411 seconds
{Heap before GC invocations=70 (full 1):
 par new generation   total 38080K, used 36195K [0x0000000085c00000, 0x0000000088550000, 0x000000009a8c0000)
  eden space 33856K, 100% used [0x0000000085c00000, 0x0000000087d10000, 0x0000000087d10000)
  from space 4224K,  55% used [0x0000000087d10000, 0x0000000087f58f80, 0x0000000088130000)
  to   space 4224K,   0% used [0x0000000088130000, 0x0000000088130000, 0x0000000088550000)
 concurrent mark-sweep generation total 84672K, used 25111K [0x000000009a8c0000, 0x000000009fb70000, 0x0000000100000000)
 Metaspace       used 28445K, capacity 29410K, committed 29440K, reserved 1075200K
  class space    used 3368K, capacity 3579K, committed 3584K, reserved 1048576K
2020-12-20T12:34:58.982+0000: 12.944: [GC (Allocation Failure) 2020-12-20T12:34:58.982+0000: 12.944: [ParNew
Desired survivor size 2162688 bytes, new threshold 2 (max 6)
- age   1:    2075240 bytes,    2075240 total
- age   2:     270432 bytes,    2345672 total
: 36195K->2691K(38080K), 0.0097128 secs] 61306K->27802K(122752K), 0.0098737 secs] [Times: user=0.03 sys=0.00, real=0.01 secs] 
Heap after GC invocations=71 (full 1):
 par new generation   total 38080K, used 2691K [0x0000000085c00000, 0x0000000088550000, 0x000000009a8c0000)
  eden space 33856K,   0% used [0x0000000085c00000, 0x0000000085c00000, 0x0000000087d10000)
  from space 4224K,  63% used [0x0000000088130000, 0x00000000883d0ce0, 0x0000000088550000)
  to   space 4224K,   0% used [0x0000000087d10000, 0x0000000087d10000, 0x0000000088130000)
 concurrent mark-sweep generation total 84672K, used 25111K [0x000000009a8c0000, 0x000000009fb70000, 0x0000000100000000)
 Metaspace       used 28445K, capacity 29410K, committed 29440K, reserved 1075200K
  class space    used 3368K, capacity 3579K, committed 3584K, reserved 1048576K
}
2020-12-20T12:34:58.991+0000: 12.954: Total time for which application threads were stopped: 0.0101440 seconds, Stopping threads took: 0.0000468 seconds
{Heap before GC invocations=71 (full 1):
 par new generation   total 38080K, used 36547K [0x0000000085c00000, 0x0000000088550000, 0x000000009a8c0000)
  eden space 33856K, 100% used [0x0000000085c00000, 0x0000000087d10000, 0x0000000087d10000)
  from space 4224K,  63% used [0x0000000088130000, 0x00000000883d0ce0, 0x0000000088550000)
  to   space 4224K,   0% used [0x0000000087d10000, 0x0000000087d10000, 0x0000000088130000)
 concurrent mark-sweep generation total 84672K, used 25111K [0x000000009a8c0000, 0x000000009fb70000, 0x0000000100000000)
 Metaspace       used 28944K, capacity 29922K, committed 30080K, reserved 1075200K
  class space    used 3428K, capacity 3643K, committed 3712K, reserved 1048576K
2020-12-20T12:34:59.132+0000: 13.094: [GC (Allocation Failure) 2020-12-20T12:34:59.132+0000: 13.094: [ParNew
Desired survivor size 2162688 bytes, new threshold 6 (max 6)
- age   1:    1166344 bytes,    1166344 total
- age   2:     204224 bytes,    1370568 total
: 36547K->1678K(38080K), 0.0084071 secs] 61658K->27059K(122752K), 0.0085475 secs] [Times: user=0.03 sys=0.00, real=0.01 secs] 
Heap after GC invocations=72 (full 1):
 par new generation   total 38080K, used 1678K [0x0000000085c00000, 0x0000000088550000, 0x000000009a8c0000)
  eden space 33856K,   0% used [0x0000000085c00000, 0x0000000085c00000, 0x0000000087d10000)
  from space 4224K,  39% used [0x0000000087d10000, 0x0000000087eb3948, 0x0000000088130000)
  to   space 4224K,   0% used [0x0000000088130000, 0x0000000088130000, 0x0000000088550000)
 concurrent mark-sweep generation total 84672K, used 25381K [0x000000009a8c0000, 0x000000009fb70000, 0x0000000100000000)
 Metaspace       used 28944K, capacity 29922K, committed 30080K, reserved 1075200K
  class space    used 3428K, capacity 3643K, committed 3712K, reserved 1048576K
}
2020-12-20T12:34:59.141+0000: 13.103: Total time for which application threads were stopped: 0.0088485 seconds, Stopping threads took: 0.0000631 seconds
{Heap before GC invocations=72 (full 1):
 par new generation   total 38080K, used 35534K [0x0000000085c00000, 0x0000000088550000, 0x000000009a8c0000)
  eden space 33856K, 100% used [0x0000000085c00000, 0x0000000087d10000, 0x0000000087d10000)
  from space 4224K,  39% used [0x0000000087d10000, 0x0000000087eb3948, 0x0000000088130000)
  to   space 4224K,   0% used [0x0000000088130000, 0x0000000088130000, 0x0000000088550000)
 concurrent mark-sweep generation total 84672K, used 25381K [0x000000009a8c0000, 0x000000009fb70000, 0x0000000100000000)
 Metaspace       used 29142K, capacity 30146K, committed 30336K, reserved 1075200K
  class space    used 3455K, capacity 3675K, committed 3712K, reserved 1048576K
2020-12-20T12:34:59.253+0000: 13.215: [GC (Allocation Failure) 2020-12-20T12:34:59.253+0000: 13.215: [ParNew
Desired survivor size 2162688 bytes, new threshold 6 (max 6)
- age   1:    1050120 bytes,    1050120 total
- age   2:     144088 bytes,    1194208 total
- age   3:     203000 bytes,    1397208 total
: 35534K->1506K(38080K), 0.0057680 secs] 60915K->26887K(122752K), 0.0059312 secs] [Times: user=0.02 sys=0.00, real=0.01 secs] 
Heap after GC invocations=73 (full 1):
 par new generation   total 38080K, used 1506K [0x0000000085c00000, 0x0000000088550000, 0x000000009a8c0000)
  eden space 33856K,   0% used [0x0000000085c00000, 0x0000000085c00000, 0x0000000087d10000)
  from space 4224K,  35% used [0x0000000088130000, 0x00000000882a8a98, 0x0000000088550000)
  to   space 4224K,   0% used [0x0000000087d10000, 0x0000000087d10000, 0x0000000088130000)
 concurrent mark-sweep generation total 84672K, used 25381K [0x000000009a8c0000, 0x000000009fb70000, 0x0000000100000000)
 Metaspace       used 29142K, capacity 30146K, committed 30336K, reserved 1075200K
  class space    used 3455K, capacity 3675K, committed 3712K, reserved 1048576K
}
2020-12-20T12:34:59.259+0000: 13.221: Total time for which application threads were stopped: 0.0063778 seconds, Stopping threads took: 0.0000936 seconds
{Heap before GC invocations=73 (full 1):
 par new generation   total 38080K, used 35362K [0x0000000085c00000, 0x0000000088550000, 0x000000009a8c0000)
  eden space 33856K, 100% used [0x0000000085c00000, 0x0000000087d10000, 0x0000000087d10000)
  from space 4224K,  35% used [0x0000000088130000, 0x00000000882a8a98, 0x0000000088550000)
  to   space 4224K,   0% used [0x0000000087d10000, 0x0000000087d10000, 0x0000000088130000)
 concurrent mark-sweep generation total 84672K, used 25381K [0x000000009a8c0000, 0x000000009fb70000, 0x0000000100000000)
 Metaspace       used 29300K, capacity 30320K, committed 30336K, reserved 1075200K
  class space    used 3480K, capacity 3708K, committed 3712K, reserved 1048576K
2020-12-20T12:34:59.385+0000: 13.347: [GC (Allocation Failure) 2020-12-20T12:34:59.385+0000: 13.347: [ParNew
Desired survivor size 2162688 bytes, new threshold 6 (max 6)
- age   1:    1211376 bytes,    1211376 total
- age   2:      69832 bytes,    1281208 total
- age   3:     143600 bytes,    1424808 total
- age   4:     202560 bytes,    1627368 total
: 35362K->1872K(38080K), 0.0057672 secs] 60743K->27253K(122752K), 0.0058917 secs] [Times: user=0.02 sys=0.00, real=0.01 secs] 
Heap after GC invocations=74 (full 1):
 par new generation   total 38080K, used 1872K [0x0000000085c00000, 0x0000000088550000, 0x000000009a8c0000)
  eden space 33856K,   0% used [0x0000000085c00000, 0x0000000085c00000, 0x0000000087d10000)
  from space 4224K,  44% used [0x0000000087d10000, 0x0000000087ee4128, 0x0000000088130000)
  to   space 4224K,   0% used [0x0000000088130000, 0x0000000088130000, 0x0000000088550000)
 concurrent mark-sweep generation total 84672K, used 25381K [0x000000009a8c0000, 0x000000009fb70000, 0x0000000100000000)
 Metaspace       used 29300K, capacity 30320K, committed 30336K, reserved 1075200K
  class space    used 3480K, capacity 3708K, committed 3712K, reserved 1048576K
}
2020-12-20T12:34:59.391+0000: 13.353: Total time for which application threads were stopped: 0.0061633 seconds, Stopping threads took: 0.0000391 seconds
{Heap before GC invocations=74 (full 1):
 par new generation   total 38080K, used 35728K [0x0000000085c00000, 0x0000000088550000, 0x000000009a8c0000)
  eden space 33856K, 100% used [0x0000000085c00000, 0x0000000087d10000, 0x0000000087d10000)
  from space 4224K,  44% used [0x0000000087d10000, 0x0000000087ee4128, 0x0000000088130000)
  to   space 4224K,   0% used [0x0000000088130000, 0x0000000088130000, 0x0000000088550000)
 concurrent mark-sweep generation total 84672K, used 25381K [0x000000009a8c0000, 0x000000009fb70000, 0x0000000100000000)
 Metaspace       used 29462K, capacity 30484K, committed 30720K, reserved 1077248K
  class space    used 3512K, capacity 3754K, committed 3840K, reserved 1048576K
2020-12-20T12:34:59.586+0000: 13.549: [GC (Allocation Failure) 2020-12-20T12:34:59.586+0000: 13.549: [ParNew
Desired survivor size 2162688 bytes, new threshold 5 (max 6)
- age   1:    1732864 bytes,    1732864 total
- age   2:     114576 bytes,    1847440 total
- age   3:      69416 bytes,    1916856 total
- age   4:     143600 bytes,    2060456 total
- age   5:     202560 bytes,    2263016 total
: 35728K->2379K(38080K), 0.0080128 secs] 61109K->27760K(122752K), 0.0081454 secs] [Times: user=0.02 sys=0.00, real=0.01 secs] 
Heap after GC invocations=75 (full 1):
 par new generation   total 38080K, used 2379K [0x0000000085c00000, 0x0000000088550000, 0x000000009a8c0000)
  eden space 33856K,   0% used [0x0000000085c00000, 0x0000000085c00000, 0x0000000087d10000)
  from space 4224K,  56% used [0x0000000088130000, 0x0000000088382e98, 0x0000000088550000)
  to   space 4224K,   0% used [0x0000000087d10000, 0x0000000087d10000, 0x0000000088130000)
 concurrent mark-sweep generation total 84672K, used 25381K [0x000000009a8c0000, 0x000000009fb70000, 0x0000000100000000)
 Metaspace       used 29462K, capacity 30484K, committed 30720K, reserved 1077248K
  class space    used 3512K, capacity 3754K, committed 3840K, reserved 1048576K
}
2020-12-20T12:34:59.595+0000: 13.557: Total time for which application threads were stopped: 0.0084524 seconds, Stopping threads took: 0.0000389 seconds
{Heap before GC invocations=75 (full 1):
 par new generation   total 38080K, used 36235K [0x0000000085c00000, 0x0000000088550000, 0x000000009a8c0000)
  eden space 33856K, 100% used [0x0000000085c00000, 0x0000000087d10000, 0x0000000087d10000)
  from space 4224K,  56% used [0x0000000088130000, 0x0000000088382e98, 0x0000000088550000)
  to   space 4224K,   0% used [0x0000000087d10000, 0x0000000087d10000, 0x0000000088130000)
 concurrent mark-sweep generation total 84672K, used 25381K [0x000000009a8c0000, 0x000000009fb70000, 0x0000000100000000)
 Metaspace       used 29621K, capacity 30618K, committed 30720K, reserved 1077248K
  class space    used 3527K, capacity 3755K, committed 3840K, reserved 1048576K
2020-12-20T12:34:59.752+0000: 13.715: [GC (Allocation Failure) 2020-12-20T12:34:59.752+0000: 13.715: [ParNew
Desired survivor size 2162688 bytes, new threshold 5 (max 6)
- age   1:    1742400 bytes,    1742400 total
- age   2:     187920 bytes,    1930320 total
- age   3:     112920 bytes,    2043240 total
- age   4:      69416 bytes,    2112656 total
- age   5:     143624 bytes,    2256280 total
: 36235K->2511K(38080K), 0.0083085 secs] 61616K->28103K(122752K), 0.0084350 secs] [Times: user=0.03 sys=0.00, real=0.01 secs] 
Heap after GC invocations=76 (full 1):
 par new generation   total 38080K, used 2511K [0x0000000085c00000, 0x0000000088550000, 0x000000009a8c0000)
  eden space 33856K,   0% used [0x0000000085c00000, 0x0000000085c00000, 0x0000000087d10000)
  from space 4224K,  59% used [0x0000000087d10000, 0x0000000087f83f78, 0x0000000088130000)
  to   space 4224K,   0% used [0x0000000088130000, 0x0000000088130000, 0x0000000088550000)
 concurrent mark-sweep generation total 84672K, used 25591K [0x000000009a8c0000, 0x000000009fb70000, 0x0000000100000000)
 Metaspace       used 29621K, capacity 30618K, committed 30720K, reserved 1077248K
  class space    used 3527K, capacity 3755K, committed 3840K, reserved 1048576K
}
2020-12-20T12:34:59.761+0000: 13.723: Total time for which application threads were stopped: 0.0087011 seconds, Stopping threads took: 0.0000372 seconds
{Heap before GC invocations=76 (full 1):
 par new generation   total 38080K, used 36367K [0x0000000085c00000, 0x0000000088550000, 0x000000009a8c0000)
  eden space 33856K, 100% used [0x0000000085c00000, 0x0000000087d10000, 0x0000000087d10000)
  from space 4224K,  59% used [0x0000000087d10000, 0x0000000087f83f78, 0x0000000088130000)
  to   space 4224K,   0% used [0x0000000088130000, 0x0000000088130000, 0x0000000088550000)
 concurrent mark-sweep generation total 84672K, used 25591K [0x000000009a8c0000, 0x000000009fb70000, 0x0000000100000000)
 Metaspace       used 30321K, capacity 31328K, committed 31488K, reserved 1077248K
  class space    used 3593K, capacity 3820K, committed 3840K, reserved 1048576K
2020-12-20T12:34:59.895+0000: 13.857: [GC (Allocation Failure) 2020-12-20T12:34:59.895+0000: 13.857: [ParNew
Desired survivor size 2162688 bytes, new threshold 6 (max 6)
- age   1:    1501360 bytes,    1501360 total
- age   2:     226120 bytes,    1727480 total
- age   3:     186256 bytes,    1913736 total
- age   4:     112920 bytes,    2026656 total
- age   5:      69416 bytes,    2096072 total
: 36367K->2682K(38080K), 0.0107023 secs] 61959K->28421K(122752K), 0.0108933 secs] [Times: user=0.03 sys=0.00, real=0.01 secs] 
Heap after GC invocations=77 (full 1):
 par new generation   total 38080K, used 2682K [0x0000000085c00000, 0x0000000088550000, 0x000000009a8c0000)
  eden space 33856K,   0% used [0x0000000085c00000, 0x0000000085c00000, 0x0000000087d10000)
  from space 4224K,  63% used [0x0000000088130000, 0x00000000883ce950, 0x0000000088550000)
  to   space 4224K,   0% used [0x0000000087d10000, 0x0000000087d10000, 0x0000000088130000)
 concurrent mark-sweep generation total 84672K, used 25738K [0x000000009a8c0000, 0x000000009fb70000, 0x0000000100000000)
 Metaspace       used 30321K, capacity 31328K, committed 31488K, reserved 1077248K
  class space    used 3593K, capacity 3820K, committed 3840K, reserved 1048576K
}
2020-12-20T12:34:59.906+0000: 13.868: Total time for which application threads were stopped: 0.0113302 seconds, Stopping threads took: 0.0001102 seconds
{Heap before GC invocations=77 (full 1):
 par new generation   total 38080K, used 36538K [0x0000000085c00000, 0x0000000088550000, 0x000000009a8c0000)
  eden space 33856K, 100% used [0x0000000085c00000, 0x0000000087d10000, 0x0000000087d10000)
  from space 4224K,  63% used [0x0000000088130000, 0x00000000883ce950, 0x0000000088550000)
  to   space 4224K,   0% used [0x0000000087d10000, 0x0000000087d10000, 0x0000000088130000)
 concurrent mark-sweep generation total 84672K, used 25738K [0x000000009a8c0000, 0x000000009fb70000, 0x0000000100000000)
 Metaspace       used 30420K, capacity 31448K, committed 31616K, reserved 1077248K
  class space    used 3609K, capacity 3856K, committed 3968K, reserved 1048576K
2020-12-20T12:35:00.052+0000: 14.014: [GC (Allocation Failure) 2020-12-20T12:35:00.052+0000: 14.014: [ParNew
Desired survivor size 2162688 bytes, new threshold 6 (max 6)
- age   1:    1305560 bytes,    1305560 total
- age   2:     151936 bytes,    1457496 total
- age   3:     219920 bytes,    1677416 total
- age   4:     180344 bytes,    1857760 total
- age   5:     112920 bytes,    1970680 total
- age   6:      69000 bytes,    2039680 total
: 36538K->2130K(38080K), 0.0082322 secs] 62277K->27869K(122752K), 0.0083642 secs] [Times: user=0.03 sys=0.00, real=0.01 secs] 
Heap after GC invocations=78 (full 1):
 par new generation   total 38080K, used 2130K [0x0000000085c00000, 0x0000000088550000, 0x000000009a8c0000)
  eden space 33856K,   0% used [0x0000000085c00000, 0x0000000085c00000, 0x0000000087d10000)
  from space 4224K,  50% used [0x0000000087d10000, 0x0000000087f24980, 0x0000000088130000)
  to   space 4224K,   0% used [0x0000000088130000, 0x0000000088130000, 0x0000000088550000)
 concurrent mark-sweep generation total 84672K, used 25738K [0x000000009a8c0000, 0x000000009fb70000, 0x0000000100000000)
 Metaspace       used 30420K, capacity 31448K, committed 31616K, reserved 1077248K
  class space    used 3609K, capacity 3856K, committed 3968K, reserved 1048576K
}
2020-12-20T12:35:00.060+0000: 14.023: Total time for which application threads were stopped: 0.0086317 seconds, Stopping threads took: 0.0000431 seconds
{Heap before GC invocations=78 (full 1):
 par new generation   total 38080K, used 35986K [0x0000000085c00000, 0x0000000088550000, 0x000000009a8c0000)
  eden space 33856K, 100% used [0x0000000085c00000, 0x0000000087d10000, 0x0000000087d10000)
  from space 4224K,  50% used [0x0000000087d10000, 0x0000000087f24980, 0x0000000088130000)
  to   space 4224K,   0% used [0x0000000088130000, 0x0000000088130000, 0x0000000088550000)
 concurrent mark-sweep generation total 84672K, used 25738K [0x000000009a8c0000, 0x000000009fb70000, 0x0000000100000000)
 Metaspace       used 30479K, capacity 31518K, committed 31872K, reserved 1077248K
  class space    used 3617K, capacity 3857K, committed 3968K, reserved 1048576K
2020-12-20T12:35:00.180+0000: 14.143: [GC (Allocation Failure) 2020-12-20T12:35:00.180+0000: 14.143: [ParNew
Desired survivor size 2162688 bytes, new threshold 3 (max 6)
- age   1:    1821784 bytes,    1821784 total
- age   2:     245840 bytes,    2067624 total
- age   3:     145248 bytes,    2212872 total
- age   4:     219504 bytes,    2432376 total
- age   5:     180320 bytes,    2612696 total
- age   6:     112920 bytes,    2725616 total
: 35986K->3058K(38080K), 0.0100917 secs] 61725K->28868K(122752K), 0.0102368 secs] [Times: user=0.03 sys=0.00, real=0.01 secs] 
Heap after GC invocations=79 (full 1):
 par new generation   total 38080K, used 3058K [0x0000000085c00000, 0x0000000088550000, 0x000000009a8c0000)
  eden space 33856K,   0% used [0x0000000085c00000, 0x0000000085c00000, 0x0000000087d10000)
  from space 4224K,  72% used [0x0000000088130000, 0x000000008842c888, 0x0000000088550000)
  to   space 4224K,   0% used [0x0000000087d10000, 0x0000000087d10000, 0x0000000088130000)
 concurrent mark-sweep generation total 84672K, used 25810K [0x000000009a8c0000, 0x000000009fb70000, 0x0000000100000000)
 Metaspace       used 30479K, capacity 31518K, committed 31872K, reserved 1077248K
  class space    used 3617K, capacity 3857K, committed 3968K, reserved 1048576K
}
2020-12-20T12:35:00.191+0000: 14.153: Total time for which application threads were stopped: 0.0104741 seconds, Stopping threads took: 0.0000371 seconds
{Heap before GC invocations=79 (full 1):
 par new generation   total 38080K, used 36914K [0x0000000085c00000, 0x0000000088550000, 0x000000009a8c0000)
  eden space 33856K, 100% used [0x0000000085c00000, 0x0000000087d10000, 0x0000000087d10000)
  from space 4224K,  72% used [0x0000000088130000, 0x000000008842c888, 0x0000000088550000)
  to   space 4224K,   0% used [0x0000000087d10000, 0x0000000087d10000, 0x0000000088130000)
 concurrent mark-sweep generation total 84672K, used 25810K [0x000000009a8c0000, 0x000000009fb70000, 0x0000000100000000)
 Metaspace       used 30575K, capacity 31588K, committed 31872K, reserved 1077248K
  class space    used 3627K, capacity 3858K, committed 3968K, reserved 1048576K
2020-12-20T12:35:00.326+0000: 14.289: [GC (Allocation Failure) 2020-12-20T12:35:00.326+0000: 14.289: [ParNew
Desired survivor size 2162688 bytes, new threshold 3 (max 6)
- age   1:    1722680 bytes,    1722680 total
- age   2:     204568 bytes,    1927248 total
- age   3:     238312 bytes,    2165560 total
: 36914K->2492K(38080K), 0.0115901 secs] 62724K->28958K(122752K), 0.0117200 secs] [Times: user=0.02 sys=0.00, real=0.01 secs] 
Heap after GC invocations=80 (full 1):
 par new generation   total 38080K, used 2492K [0x0000000085c00000, 0x0000000088550000, 0x000000009a8c0000)
  eden space 33856K,   0% used [0x0000000085c00000, 0x0000000085c00000, 0x0000000087d10000)
  from space 4224K,  59% used [0x0000000087d10000, 0x0000000087f7f320, 0x0000000088130000)
  to   space 4224K,   0% used [0x0000000088130000, 0x0000000088130000, 0x0000000088550000)
 concurrent mark-sweep generation total 84672K, used 26465K [0x000000009a8c0000, 0x000000009fb70000, 0x0000000100000000)
 Metaspace       used 30575K, capacity 31588K, committed 31872K, reserved 1077248K
  class space    used 3627K, capacity 3858K, committed 3968K, reserved 1048576K
}
2020-12-20T12:35:00.338+0000: 14.300: Total time for which application threads were stopped: 0.0119791 seconds, Stopping threads took: 0.0000288 seconds
{Heap before GC invocations=80 (full 1):
 par new generation   total 38080K, used 36348K [0x0000000085c00000, 0x0000000088550000, 0x000000009a8c0000)
  eden space 33856K, 100% used [0x0000000085c00000, 0x0000000087d10000, 0x0000000087d10000)
  from space 4224K,  59% used [0x0000000087d10000, 0x0000000087f7f320, 0x0000000088130000)
  to   space 4224K,   0% used [0x0000000088130000, 0x0000000088130000, 0x0000000088550000)
 concurrent mark-sweep generation total 84672K, used 26465K [0x000000009a8c0000, 0x000000009fb70000, 0x0000000100000000)
 Metaspace       used 30629K, capacity 31676K, committed 31872K, reserved 1077248K
  class space    used 3640K, capacity 3866K, committed 3968K, reserved 1048576K
2020-12-20T12:35:00.474+0000: 14.436: [GC (Allocation Failure) 2020-12-20T12:35:00.474+0000: 14.436: [ParNew
Desired survivor size 2162688 bytes, new threshold 2 (max 6)
- age   1:    1981112 bytes,    1981112 total
- age   2:     212592 bytes,    2193704 total
- age   3:     202296 bytes,    2396000 total
: 36348K->2878K(38080K), 0.0107983 secs] 62814K->29581K(122752K), 0.0109631 secs] [Times: user=0.02 sys=0.00, real=0.00 secs] 
Heap after GC invocations=81 (full 1):
 par new generation   total 38080K, used 2878K [0x0000000085c00000, 0x0000000088550000, 0x000000009a8c0000)
  eden space 33856K,   0% used [0x0000000085c00000, 0x0000000085c00000, 0x0000000087d10000)
  from space 4224K,  68% used [0x0000000088130000, 0x00000000883ffa88, 0x0000000088550000)
  to   space 4224K,   0% used [0x0000000087d10000, 0x0000000087d10000, 0x0000000088130000)
 concurrent mark-sweep generation total 84672K, used 26702K [0x000000009a8c0000, 0x000000009fb70000, 0x0000000100000000)
 Metaspace       used 30629K, capacity 31676K, committed 31872K, reserved 1077248K
  class space    used 3640K, capacity 3866K, committed 3968K, reserved 1048576K
}
2020-12-20T12:35:00.485+0000: 14.447: Total time for which application threads were stopped: 0.0113081 seconds, Stopping threads took: 0.0000860 seconds
{Heap before GC invocations=81 (full 1):
 par new generation   total 38080K, used 36734K [0x0000000085c00000, 0x0000000088550000, 0x000000009a8c0000)
  eden space 33856K, 100% used [0x0000000085c00000, 0x0000000087d10000, 0x0000000087d10000)
  from space 4224K,  68% used [0x0000000088130000, 0x00000000883ffa88, 0x0000000088550000)
  to   space 4224K,   0% used [0x0000000087d10000, 0x0000000087d10000, 0x0000000088130000)
 concurrent mark-sweep generation total 84672K, used 26702K [0x000000009a8c0000, 0x000000009fb70000, 0x0000000100000000)
 Metaspace       used 30735K, capacity 31772K, committed 31872K, reserved 1077248K
  class space    used 3652K, capacity 3898K, committed 3968K, reserved 1048576K
2020-12-20T12:35:00.584+0000: 14.546: [GC (Allocation Failure) 2020-12-20T12:35:00.584+0000: 14.546: [ParNew
Desired survivor size 2162688 bytes, new threshold 6 (max 6)
- age   1:    1380656 bytes,    1380656 total
- age   2:     227736 bytes,    1608392 total
: 36734K->1868K(38080K), 0.0098229 secs] 63437K->28967K(122752K), 0.0099706 secs] [Times: user=0.01 sys=0.01, real=0.02 secs] 
Heap after GC invocations=82 (full 1):
 par new generation   total 38080K, used 1868K [0x0000000085c00000, 0x0000000088550000, 0x000000009a8c0000)
  eden space 33856K,   0% used [0x0000000085c00000, 0x0000000085c00000, 0x0000000087d10000)
  from space 4224K,  44% used [0x0000000087d10000, 0x0000000087ee30d0, 0x0000000088130000)
  to   space 4224K,   0% used [0x0000000088130000, 0x0000000088130000, 0x0000000088550000)
 concurrent mark-sweep generation total 84672K, used 27099K [0x000000009a8c0000, 0x000000009fb70000, 0x0000000100000000)
 Metaspace       used 30735K, capacity 31772K, committed 31872K, reserved 1077248K
  class space    used 3652K, capacity 3898K, committed 3968K, reserved 1048576K
}
2020-12-20T12:35:00.594+0000: 14.556: Total time for which application threads were stopped: 0.0102889 seconds, Stopping threads took: 0.0000381 seconds
2020-12-20T12:35:00.632+0000: 14.594: Total time for which application threads were stopped: 0.0008649 seconds, Stopping threads took: 0.0000564 seconds
{Heap before GC invocations=82 (full 1):
 par new generation   total 38080K, used 35724K [0x0000000085c00000, 0x0000000088550000, 0x000000009a8c0000)
  eden space 33856K, 100% used [0x0000000085c00000, 0x0000000087d10000, 0x0000000087d10000)
  from space 4224K,  44% used [0x0000000087d10000, 0x0000000087ee30d0, 0x0000000088130000)
  to   space 4224K,   0% used [0x0000000088130000, 0x0000000088130000, 0x0000000088550000)
 concurrent mark-sweep generation total 84672K, used 27099K [0x000000009a8c0000, 0x000000009fb70000, 0x0000000100000000)
 Metaspace       used 30946K, capacity 32040K, committed 32128K, reserved 1077248K
  class space    used 3686K, capacity 3938K, committed 3968K, reserved 1048576K
2020-12-20T12:35:00.793+0000: 14.755: [GC (Allocation Failure) 2020-12-20T12:35:00.793+0000: 14.755: [ParNew
Desired survivor size 2162688 bytes, new threshold 6 (max 6)
- age   1:    1513616 bytes,    1513616 total
- age   2:     141632 bytes,    1655248 total
- age   3:     226048 bytes,    1881296 total
: 35724K->2008K(38080K), 0.0065327 secs] 62823K->29107K(122752K), 0.0066925 secs] [Times: user=0.02 sys=0.00, real=0.01 secs] 
Heap after GC invocations=83 (full 1):
 par new generation   total 38080K, used 2008K [0x0000000085c00000, 0x0000000088550000, 0x000000009a8c0000)
  eden space 33856K,   0% used [0x0000000085c00000, 0x0000000085c00000, 0x0000000087d10000)
  from space 4224K,  47% used [0x0000000088130000, 0x0000000088326258, 0x0000000088550000)
  to   space 4224K,   0% used [0x0000000087d10000, 0x0000000087d10000, 0x0000000088130000)
 concurrent mark-sweep generation total 84672K, used 27099K [0x000000009a8c0000, 0x000000009fb70000, 0x0000000100000000)
 Metaspace       used 30946K, capacity 32040K, committed 32128K, reserved 1077248K
  class space    used 3686K, capacity 3938K, committed 3968K, reserved 1048576K
}
2020-12-20T12:35:00.799+0000: 14.762: Total time for which application threads were stopped: 0.0070632 seconds, Stopping threads took: 0.0000390 seconds
{Heap before GC invocations=83 (full 1):
 par new generation   total 38080K, used 35864K [0x0000000085c00000, 0x0000000088550000, 0x000000009a8c0000)
  eden space 33856K, 100% used [0x0000000085c00000, 0x0000000087d10000, 0x0000000087d10000)
  from space 4224K,  47% used [0x0000000088130000, 0x0000000088326258, 0x0000000088550000)
  to   space 4224K,   0% used [0x0000000087d10000, 0x0000000087d10000, 0x0000000088130000)
 concurrent mark-sweep generation total 84672K, used 27099K [0x000000009a8c0000, 0x000000009fb70000, 0x0000000100000000)
 Metaspace       used 31269K, capacity 32362K, committed 32512K, reserved 1077248K
  class space    used 3732K, capacity 3977K, committed 4096K, reserved 1048576K
2020-12-20T12:35:00.960+0000: 14.922: [GC (Allocation Failure) 2020-12-20T12:35:00.960+0000: 14.922: [ParNew
Desired survivor size 2162688 bytes, new threshold 4 (max 6)
- age   1:    1707920 bytes,    1707920 total
- age   2:     208568 bytes,    1916488 total
- age   3:     140384 bytes,    2056872 total
- age   4:     223936 bytes,    2280808 total
: 35864K->2657K(38080K), 0.0093226 secs] 62963K->29757K(122752K), 0.0094587 secs] [Times: user=0.03 sys=0.00, real=0.01 secs] 
Heap after GC invocations=84 (full 1):
 par new generation   total 38080K, used 2657K [0x0000000085c00000, 0x0000000088550000, 0x000000009a8c0000)
  eden space 33856K,   0% used [0x0000000085c00000, 0x0000000085c00000, 0x0000000087d10000)
  from space 4224K,  62% used [0x0000000087d10000, 0x0000000087fa8798, 0x0000000088130000)
  to   space 4224K,   0% used [0x0000000088130000, 0x0000000088130000, 0x0000000088550000)
 concurrent mark-sweep generation total 84672K, used 27099K [0x000000009a8c0000, 0x000000009fb70000, 0x0000000100000000)
 Metaspace       used 31269K, capacity 32362K, committed 32512K, reserved 1077248K
  class space    used 3732K, capacity 3977K, committed 4096K, reserved 1048576K
}
2020-12-20T12:35:00.969+0000: 14.932: Total time for which application threads were stopped: 0.0097620 seconds, Stopping threads took: 0.0000444 seconds
2020-12-20T12:35:01.014+0000: 14.976: Total time for which application threads were stopped: 0.0006235 seconds, Stopping threads took: 0.0000383 seconds
2020-12-20T12:35:01.084+0000: 15.046: Total time for which application threads were stopped: 0.0008179 seconds, Stopping threads took: 0.0000388 seconds
{Heap before GC invocations=84 (full 1):
 par new generation   total 38080K, used 36513K [0x0000000085c00000, 0x0000000088550000, 0x000000009a8c0000)
  eden space 33856K, 100% used [0x0000000085c00000, 0x0000000087d10000, 0x0000000087d10000)
  from space 4224K,  62% used [0x0000000087d10000, 0x0000000087fa8798, 0x0000000088130000)
  to   space 4224K,   0% used [0x0000000088130000, 0x0000000088130000, 0x0000000088550000)
 concurrent mark-sweep generation total 84672K, used 27099K [0x000000009a8c0000, 0x000000009fb70000, 0x0000000100000000)
 Metaspace       used 31729K, capacity 32968K, committed 33280K, reserved 1079296K
  class space    used 3794K, capacity 4050K, committed 4096K, reserved 1048576K
2020-12-20T12:35:01.150+0000: 15.112: [GC (Allocation Failure) 2020-12-20T12:35:01.150+0000: 15.112: [ParNew
Desired survivor size 2162688 bytes, new threshold 1 (max 6)
- age   1:    2259920 bytes,    2259920 total
- age   2:     151248 bytes,    2411168 total
- age   3:     205456 bytes,    2616624 total
- age   4:     140384 bytes,    2757008 total
: 36513K->3068K(38080K), 0.0128454 secs] 63613K->30385K(122752K), 0.0130238 secs] [Times: user=0.02 sys=0.01, real=0.01 secs] 
Heap after GC invocations=85 (full 1):
 par new generation   total 38080K, used 3068K [0x0000000085c00000, 0x0000000088550000, 0x000000009a8c0000)
  eden space 33856K,   0% used [0x0000000085c00000, 0x0000000085c00000, 0x0000000087d10000)
  from space 4224K,  72% used [0x0000000088130000, 0x000000008842f1d8, 0x0000000088550000)
  to   space 4224K,   0% used [0x0000000087d10000, 0x0000000087d10000, 0x0000000088130000)
 concurrent mark-sweep generation total 84672K, used 27317K [0x000000009a8c0000, 0x000000009fb70000, 0x0000000100000000)
 Metaspace       used 31729K, capacity 32968K, committed 33280K, reserved 1079296K
  class space    used 3794K, capacity 4050K, committed 4096K, reserved 1048576K
}
2020-12-20T12:35:01.163+0000: 15.125: Total time for which application threads were stopped: 0.0133137 seconds, Stopping threads took: 0.0000400 seconds
2020-12-20T12:35:01.202+0000: 15.164: Total time for which application threads were stopped: 0.0006442 seconds, Stopping threads took: 0.0000336 seconds
{Heap before GC invocations=85 (full 1):
 par new generation   total 38080K, used 36924K [0x0000000085c00000, 0x0000000088550000, 0x000000009a8c0000)
  eden space 33856K, 100% used [0x0000000085c00000, 0x0000000087d10000, 0x0000000087d10000)
  from space 4224K,  72% used [0x0000000088130000, 0x000000008842f1d8, 0x0000000088550000)
  to   space 4224K,   0% used [0x0000000087d10000, 0x0000000087d10000, 0x0000000088130000)
 concurrent mark-sweep generation total 84672K, used 27317K [0x000000009a8c0000, 0x000000009fb70000, 0x0000000100000000)
 Metaspace       used 32104K, capacity 33384K, committed 33664K, reserved 1079296K
  class space    used 3851K, capacity 4106K, committed 4224K, reserved 1048576K
2020-12-20T12:35:01.388+0000: 15.350: [GC (Allocation Failure) 2020-12-20T12:35:01.388+0000: 15.350: [ParNew
Desired survivor size 2162688 bytes, new threshold 6 (max 6)
- age   1:    1526216 bytes,    1526216 total
: 36924K->1937K(38080K), 0.0256899 secs] 64241K->29895K(122752K), 0.0258364 secs] [Times: user=0.07 sys=0.00, real=0.03 secs] 
Heap after GC invocations=86 (full 1):
 par new generation   total 38080K, used 1937K [0x0000000085c00000, 0x0000000088550000, 0x000000009a8c0000)
  eden space 33856K,   0% used [0x0000000085c00000, 0x0000000085c00000, 0x0000000087d10000)
  from space 4224K,  45% used [0x0000000087d10000, 0x0000000087ef4498, 0x0000000088130000)
  to   space 4224K,   0% used [0x0000000088130000, 0x0000000088130000, 0x0000000088550000)
 concurrent mark-sweep generation total 84672K, used 27958K [0x000000009a8c0000, 0x000000009fb70000, 0x0000000100000000)
 Metaspace       used 32104K, capacity 33384K, committed 33664K, reserved 1079296K
  class space    used 3851K, capacity 4106K, committed 4224K, reserved 1048576K
}
2020-12-20T12:35:01.414+0000: 15.376: Total time for which application threads were stopped: 0.0261943 seconds, Stopping threads took: 0.0000450 seconds
{Heap before GC invocations=86 (full 1):
 par new generation   total 38080K, used 35793K [0x0000000085c00000, 0x0000000088550000, 0x000000009a8c0000)
  eden space 33856K, 100% used [0x0000000085c00000, 0x0000000087d10000, 0x0000000087d10000)
  from space 4224K,  45% used [0x0000000087d10000, 0x0000000087ef4498, 0x0000000088130000)
  to   space 4224K,   0% used [0x0000000088130000, 0x0000000088130000, 0x0000000088550000)
 concurrent mark-sweep generation total 84672K, used 27958K [0x000000009a8c0000, 0x000000009fb70000, 0x0000000100000000)
 Metaspace       used 32295K, capacity 33608K, committed 33920K, reserved 1079296K
  class space    used 3877K, capacity 4138K, committed 4224K, reserved 1048576K
2020-12-20T12:35:01.564+0000: 15.526: [GC (Allocation Failure) 2020-12-20T12:35:01.564+0000: 15.526: [ParNew
Desired survivor size 2162688 bytes, new threshold 1 (max 6)
- age   1:    2289080 bytes,    2289080 total
- age   2:     260952 bytes,    2550032 total
: 35793K->2551K(38080K), 0.0118219 secs] 63751K->30509K(122752K), 0.0119913 secs] [Times: user=0.02 sys=0.00, real=0.02 secs] 
Heap after GC invocations=87 (full 1):
 par new generation   total 38080K, used 2551K [0x0000000085c00000, 0x0000000088550000, 0x000000009a8c0000)
  eden space 33856K,   0% used [0x0000000085c00000, 0x0000000085c00000, 0x0000000087d10000)
  from space 4224K,  60% used [0x0000000088130000, 0x00000000883adee0, 0x0000000088550000)
  to   space 4224K,   0% used [0x0000000087d10000, 0x0000000087d10000, 0x0000000088130000)
 concurrent mark-sweep generation total 84672K, used 27958K [0x000000009a8c0000, 0x000000009fb70000, 0x0000000100000000)
 Metaspace       used 32295K, capacity 33608K, committed 33920K, reserved 1079296K
  class space    used 3877K, capacity 4138K, committed 4224K, reserved 1048576K
}
2020-12-20T12:35:01.576+0000: 15.538: Total time for which application threads were stopped: 0.0122937 seconds, Stopping threads took: 0.0000402 seconds
{Heap before GC invocations=87 (full 1):
 par new generation   total 38080K, used 36407K [0x0000000085c00000, 0x0000000088550000, 0x000000009a8c0000)
  eden space 33856K, 100% used [0x0000000085c00000, 0x0000000087d10000, 0x0000000087d10000)
  from space 4224K,  60% used [0x0000000088130000, 0x00000000883adee0, 0x0000000088550000)
  to   space 4224K,   0% used [0x0000000087d10000, 0x0000000087d10000, 0x0000000088130000)
 concurrent mark-sweep generation total 84672K, used 27958K [0x000000009a8c0000, 0x000000009fb70000, 0x0000000100000000)
 Metaspace       used 32481K, capacity 33772K, committed 33920K, reserved 1079296K
  class space    used 3898K, capacity 4170K, committed 4224K, reserved 1048576K
2020-12-20T12:35:01.734+0000: 15.697: [GC (Allocation Failure) 2020-12-20T12:35:01.735+0000: 15.697: [ParNew
Desired survivor size 2162688 bytes, new threshold 1 (max 6)
- age   1:    3580256 bytes,    3580256 total
: 36407K->3714K(38080K), 0.0181536 secs] 64365K->32105K(122752K), 0.0182912 secs] [Times: user=0.04 sys=0.00, real=0.01 secs] 
Heap after GC invocations=88 (full 1):
 par new generation   total 38080K, used 3714K [0x0000000085c00000, 0x0000000088550000, 0x000000009a8c0000)
  eden space 33856K,   0% used [0x0000000085c00000, 0x0000000085c00000, 0x0000000087d10000)
  from space 4224K,  87% used [0x0000000087d10000, 0x00000000880b0838, 0x0000000088130000)
  to   space 4224K,   0% used [0x0000000088130000, 0x0000000088130000, 0x0000000088550000)
 concurrent mark-sweep generation total 84672K, used 28391K [0x000000009a8c0000, 0x000000009fb70000, 0x0000000100000000)
 Metaspace       used 32481K, capacity 33772K, committed 33920K, reserved 1079296K
  class space    used 3898K, capacity 4170K, committed 4224K, reserved 1048576K
}
2020-12-20T12:35:01.753+0000: 15.715: Total time for which application threads were stopped: 0.0185594 seconds, Stopping threads took: 0.0000372 seconds
{Heap before GC invocations=88 (full 1):
 par new generation   total 38080K, used 37570K [0x0000000085c00000, 0x0000000088550000, 0x000000009a8c0000)
  eden space 33856K, 100% used [0x0000000085c00000, 0x0000000087d10000, 0x0000000087d10000)
  from space 4224K,  87% used [0x0000000087d10000, 0x00000000880b0838, 0x0000000088130000)
  to   space 4224K,   0% used [0x0000000088130000, 0x0000000088130000, 0x0000000088550000)
 concurrent mark-sweep generation total 84672K, used 28391K [0x000000009a8c0000, 0x000000009fb70000, 0x0000000100000000)
 Metaspace       used 32660K, capacity 33922K, committed 34176K, reserved 1079296K
  class space    used 3921K, capacity 4173K, committed 4224K, reserved 1048576K
2020-12-20T12:35:01.899+0000: 15.861: [GC (Allocation Failure) 2020-12-20T12:35:01.899+0000: 15.861: [ParNew
Desired survivor size 2162688 bytes, new threshold 1 (max 6)
- age   1:    3529160 bytes,    3529160 total
: 37570K->3597K(38080K), 0.0175296 secs] 65961K->32152K(122752K), 0.0177068 secs] [Times: user=0.03 sys=0.00, real=0.02 secs] 
Heap after GC invocations=89 (full 1):
 par new generation   total 38080K, used 3597K [0x0000000085c00000, 0x0000000088550000, 0x000000009a8c0000)
  eden space 33856K,   0% used [0x0000000085c00000, 0x0000000085c00000, 0x0000000087d10000)
  from space 4224K,  85% used [0x0000000088130000, 0x00000000884b3428, 0x0000000088550000)
  to   space 4224K,   0% used [0x0000000087d10000, 0x0000000087d10000, 0x0000000088130000)
 concurrent mark-sweep generation total 84672K, used 28555K [0x000000009a8c0000, 0x000000009fb70000, 0x0000000100000000)
 Metaspace       used 32660K, capacity 33922K, committed 34176K, reserved 1079296K
  class space    used 3921K, capacity 4173K, committed 4224K, reserved 1048576K
}
2020-12-20T12:35:01.917+0000: 15.879: Total time for which application threads were stopped: 0.0179907 seconds, Stopping threads took: 0.0000337 seconds
{Heap before GC invocations=89 (full 1):
 par new generation   total 38080K, used 37453K [0x0000000085c00000, 0x0000000088550000, 0x000000009a8c0000)
  eden space 33856K, 100% used [0x0000000085c00000, 0x0000000087d10000, 0x0000000087d10000)
  from space 4224K,  85% used [0x0000000088130000, 0x00000000884b3428, 0x0000000088550000)
  to   space 4224K,   0% used [0x0000000087d10000, 0x0000000087d10000, 0x0000000088130000)
 concurrent mark-sweep generation total 84672K, used 28555K [0x000000009a8c0000, 0x000000009fb70000, 0x0000000100000000)
 Metaspace       used 32806K, capacity 34094K, committed 34176K, reserved 1079296K
  class space    used 3937K, capacity 4207K, committed 4224K, reserved 1048576K
2020-12-20T12:35:02.056+0000: 16.019: [GC (Allocation Failure) 2020-12-20T12:35:02.056+0000: 16.019: [ParNew
Desired survivor size 2162688 bytes, new threshold 1 (max 6)
- age   1:    3594592 bytes,    3594592 total
: 37453K->3665K(38080K), 0.0173434 secs] 66008K->32394K(122752K), 0.0174846 secs] [Times: user=0.03 sys=0.01, real=0.02 secs] 
Heap after GC invocations=90 (full 1):
 par new generation   total 38080K, used 3665K [0x0000000085c00000, 0x0000000088550000, 0x000000009a8c0000)
  eden space 33856K,   0% used [0x0000000085c00000, 0x0000000085c00000, 0x0000000087d10000)
  from space 4224K,  86% used [0x0000000087d10000, 0x00000000880a4678, 0x0000000088130000)
  to   space 4224K,   0% used [0x0000000088130000, 0x0000000088130000, 0x0000000088550000)
 concurrent mark-sweep generation total 84672K, used 28729K [0x000000009a8c0000, 0x000000009fb70000, 0x0000000100000000)
 Metaspace       used 32806K, capacity 34094K, committed 34176K, reserved 1079296K
  class space    used 3937K, capacity 4207K, committed 4224K, reserved 1048576K
}
2020-12-20T12:35:02.074+0000: 16.036: Total time for which application threads were stopped: 0.0177928 seconds, Stopping threads took: 0.0000413 seconds
{Heap before GC invocations=90 (full 1):
 par new generation   total 38080K, used 37521K [0x0000000085c00000, 0x0000000088550000, 0x000000009a8c0000)
  eden space 33856K, 100% used [0x0000000085c00000, 0x0000000087d10000, 0x0000000087d10000)
  from space 4224K,  86% used [0x0000000087d10000, 0x00000000880a4678, 0x0000000088130000)
  to   space 4224K,   0% used [0x0000000088130000, 0x0000000088130000, 0x0000000088550000)
 concurrent mark-sweep generation total 84672K, used 28729K [0x000000009a8c0000, 0x000000009fb70000, 0x0000000100000000)
 Metaspace       used 32946K, capacity 34234K, committed 34432K, reserved 1079296K
  class space    used 3956K, capacity 4211K, committed 4224K, reserved 1048576K
2020-12-20T12:35:02.227+0000: 16.189: [GC (Allocation Failure) 2020-12-20T12:35:02.227+0000: 16.189: [ParNew
Desired survivor size 2162688 bytes, new threshold 1 (max 6)
- age   1:    3071104 bytes,    3071104 total
: 37521K->3272K(38080K), 0.0127510 secs] 66250K->32141K(122752K), 0.0128824 secs] [Times: user=0.03 sys=0.00, real=0.01 secs] 
Heap after GC invocations=91 (full 1):
 par new generation   total 38080K, used 3272K [0x0000000085c00000, 0x0000000088550000, 0x000000009a8c0000)
  eden space 33856K,   0% used [0x0000000085c00000, 0x0000000085c00000, 0x0000000087d10000)
  from space 4224K,  77% used [0x0000000088130000, 0x00000000884620d8, 0x0000000088550000)
  to   space 4224K,   0% used [0x0000000087d10000, 0x0000000087d10000, 0x0000000088130000)
 concurrent mark-sweep generation total 84672K, used 28869K [0x000000009a8c0000, 0x000000009fb70000, 0x0000000100000000)
 Metaspace       used 32946K, capacity 34234K, committed 34432K, reserved 1079296K
  class space    used 3956K, capacity 4211K, committed 4224K, reserved 1048576K
}
2020-12-20T12:35:02.240+0000: 16.202: Total time for which application threads were stopped: 0.0131422 seconds, Stopping threads took: 0.0000429 seconds
{Heap before GC invocations=91 (full 1):
 par new generation   total 38080K, used 37128K [0x0000000085c00000, 0x0000000088550000, 0x000000009a8c0000)
  eden space 33856K, 100% used [0x0000000085c00000, 0x0000000087d10000, 0x0000000087d10000)
  from space 4224K,  77% used [0x0000000088130000, 0x00000000884620d8, 0x0000000088550000)
  to   space 4224K,   0% used [0x0000000087d10000, 0x0000000087d10000, 0x0000000088130000)
 concurrent mark-sweep generation total 84672K, used 28869K [0x000000009a8c0000, 0x000000009fb70000, 0x0000000100000000)
 Metaspace       used 33271K, capacity 34608K, committed 34816K, reserved 1079296K
  class space    used 3995K, capacity 4248K, committed 4352K, reserved 1048576K
2020-12-20T12:35:02.473+0000: 16.436: [GC (Allocation Failure) 2020-12-20T12:35:02.473+0000: 16.436: [ParNew
Desired survivor size 2162688 bytes, new threshold 6 (max 6)
- age   1:    1412704 bytes,    1412704 total
: 37128K->1634K(38080K), 0.0061169 secs] 65997K->30800K(122752K), 0.0063396 secs] [Times: user=0.01 sys=0.00, real=0.01 secs] 
Heap after GC invocations=92 (full 1):
 par new generation   total 38080K, used 1634K [0x0000000085c00000, 0x0000000088550000, 0x000000009a8c0000)
  eden space 33856K,   0% used [0x0000000085c00000, 0x0000000085c00000, 0x0000000087d10000)
  from space 4224K,  38% used [0x0000000087d10000, 0x0000000087ea8ad8, 0x0000000088130000)
  to   space 4224K,   0% used [0x0000000088130000, 0x0000000088130000, 0x0000000088550000)
 concurrent mark-sweep generation total 84672K, used 29165K [0x000000009a8c0000, 0x000000009fb70000, 0x0000000100000000)
 Metaspace       used 33271K, capacity 34608K, committed 34816K, reserved 1079296K
  class space    used 3995K, capacity 4248K, committed 4352K, reserved 1048576K
}
2020-12-20T12:35:02.480+0000: 16.442: Total time for which application threads were stopped: 0.0068394 seconds, Stopping threads took: 0.0000678 seconds
{Heap before GC invocations=92 (full 1):
 par new generation   total 38080K, used 35490K [0x0000000085c00000, 0x0000000088550000, 0x000000009a8c0000)
  eden space 33856K, 100% used [0x0000000085c00000, 0x0000000087d10000, 0x0000000087d10000)
  from space 4224K,  38% used [0x0000000087d10000, 0x0000000087ea8ad8, 0x0000000088130000)
  to   space 4224K,   0% used [0x0000000088130000, 0x0000000088130000, 0x0000000088550000)
 concurrent mark-sweep generation total 84672K, used 29165K [0x000000009a8c0000, 0x000000009fb70000, 0x0000000100000000)
 Metaspace       used 33565K, capacity 34932K, committed 35072K, reserved 1079296K
  class space    used 4029K, capacity 4312K, committed 4352K, reserved 1048576K
2020-12-20T12:35:02.685+0000: 16.647: [GC (Allocation Failure) 2020-12-20T12:35:02.685+0000: 16.647: [ParNew
Desired survivor size 2162688 bytes, new threshold 2 (max 6)
- age   1:    2019912 bytes,    2019912 total
- age   2:     460040 bytes,    2479952 total
: 35490K->2756K(38080K), 0.0114637 secs] 64656K->31921K(122752K), 0.0116363 secs] [Times: user=0.02 sys=0.00, real=0.02 secs] 
Heap after GC invocations=93 (full 1):
 par new generation   total 38080K, used 2756K [0x0000000085c00000, 0x0000000088550000, 0x000000009a8c0000)
  eden space 33856K,   0% used [0x0000000085c00000, 0x0000000085c00000, 0x0000000087d10000)
  from space 4224K,  65% used [0x0000000088130000, 0x00000000883e10d8, 0x0000000088550000)
  to   space 4224K,   0% used [0x0000000087d10000, 0x0000000087d10000, 0x0000000088130000)
 concurrent mark-sweep generation total 84672K, used 29165K [0x000000009a8c0000, 0x000000009fb70000, 0x0000000100000000)
 Metaspace       used 33565K, capacity 34932K, committed 35072K, reserved 1079296K
  class space    used 4029K, capacity 4312K, committed 4352K, reserved 1048576K
}
2020-12-20T12:35:02.697+0000: 16.659: Total time for which application threads were stopped: 0.0119348 seconds, Stopping threads took: 0.0000367 seconds
{Heap before GC invocations=93 (full 1):
 par new generation   total 38080K, used 36587K [0x0000000085c00000, 0x0000000088550000, 0x000000009a8c0000)
  eden space 33856K,  99% used [0x0000000085c00000, 0x0000000087d09c78, 0x0000000087d10000)
  from space 4224K,  65% used [0x0000000088130000, 0x00000000883e10d8, 0x0000000088550000)
  to   space 4224K,   0% used [0x0000000087d10000, 0x0000000087d10000, 0x0000000088130000)
 concurrent mark-sweep generation total 84672K, used 29165K [0x000000009a8c0000, 0x000000009fb70000, 0x0000000100000000)
 Metaspace       used 33896K, capacity 35280K, committed 35456K, reserved 1081344K
  class space    used 4080K, capacity 4354K, committed 4480K, reserved 1048576K
2020-12-20T12:35:02.976+0000: 16.938: [GC (Allocation Failure) 2020-12-20T12:35:02.976+0000: 16.938: [ParNew
Desired survivor size 2162688 bytes, new threshold 6 (max 6)
- age   1:    1187160 bytes,    1187160 total
- age   2:     118008 bytes,    1305168 total
: 36587K->1690K(38080K), 0.0078673 secs] 65752K->31309K(122752K), 0.0080178 secs] [Times: user=0.03 sys=0.00, real=0.00 secs] 
Heap after GC invocations=94 (full 1):
 par new generation   total 38080K, used 1690K [0x0000000085c00000, 0x0000000088550000, 0x000000009a8c0000)
  eden space 33856K,   0% used [0x0000000085c00000, 0x0000000085c00000, 0x0000000087d10000)
  from space 4224K,  40% used [0x0000000087d10000, 0x0000000087eb6898, 0x0000000088130000)
  to   space 4224K,   0% used [0x0000000088130000, 0x0000000088130000, 0x0000000088550000)
 concurrent mark-sweep generation total 84672K, used 29619K [0x000000009a8c0000, 0x000000009fb70000, 0x0000000100000000)
 Metaspace       used 33896K, capacity 35280K, committed 35456K, reserved 1081344K
  class space    used 4080K, capacity 4354K, committed 4480K, reserved 1048576K
}
2020-12-20T12:35:02.984+0000: 16.946: Total time for which application threads were stopped: 0.0083635 seconds, Stopping threads took: 0.0000406 seconds
{Heap before GC invocations=94 (full 1):
 par new generation   total 38080K, used 35546K [0x0000000085c00000, 0x0000000088550000, 0x000000009a8c0000)
  eden space 33856K, 100% used [0x0000000085c00000, 0x0000000087d10000, 0x0000000087d10000)
  from space 4224K,  40% used [0x0000000087d10000, 0x0000000087eb6898, 0x0000000088130000)
  to   space 4224K,   0% used [0x0000000088130000, 0x0000000088130000, 0x0000000088550000)
 concurrent mark-sweep generation total 84672K, used 29619K [0x000000009a8c0000, 0x000000009fb70000, 0x0000000100000000)
 Metaspace       used 34212K, capacity 35574K, committed 35712K, reserved 1081344K
  class space    used 4122K, capacity 4387K, committed 4480K, reserved 1048576K
2020-12-20T12:35:03.178+0000: 17.140: [GC (Allocation Failure) 2020-12-20T12:35:03.178+0000: 17.140: [ParNew
Desired survivor size 2162688 bytes, new threshold 6 (max 6)
- age   1:    1272768 bytes,    1272768 total
- age   2:     253784 bytes,    1526552 total
- age   3:     115480 bytes,    1642032 total
: 35546K->1889K(38080K), 0.0100607 secs] 65165K->31509K(122752K), 0.0102113 secs] [Times: user=0.02 sys=0.00, real=0.01 secs] 
Heap after GC invocations=95 (full 1):
 par new generation   total 38080K, used 1889K [0x0000000085c00000, 0x0000000088550000, 0x000000009a8c0000)
  eden space 33856K,   0% used [0x0000000085c00000, 0x0000000085c00000, 0x0000000087d10000)
  from space 4224K,  44% used [0x0000000088130000, 0x00000000883087c0, 0x0000000088550000)
  to   space 4224K,   0% used [0x0000000087d10000, 0x0000000087d10000, 0x0000000088130000)
 concurrent mark-sweep generation total 84672K, used 29619K [0x000000009a8c0000, 0x000000009fb70000, 0x0000000100000000)
 Metaspace       used 34212K, capacity 35574K, committed 35712K, reserved 1081344K
  class space    used 4122K, capacity 4387K, committed 4480K, reserved 1048576K
}
2020-12-20T12:35:03.188+0000: 17.150: Total time for which application threads were stopped: 0.0106034 seconds, Stopping threads took: 0.0000369 seconds
{Heap before GC invocations=95 (full 1):
 par new generation   total 38080K, used 35745K [0x0000000085c00000, 0x0000000088550000, 0x000000009a8c0000)
  eden space 33856K, 100% used [0x0000000085c00000, 0x0000000087d10000, 0x0000000087d10000)
  from space 4224K,  44% used [0x0000000088130000, 0x00000000883087c0, 0x0000000088550000)
  to   space 4224K,   0% used [0x0000000087d10000, 0x0000000087d10000, 0x0000000088130000)
 concurrent mark-sweep generation total 84672K, used 29619K [0x000000009a8c0000, 0x000000009fb70000, 0x0000000100000000)
 Metaspace       used 34401K, capacity 35748K, committed 35968K, reserved 1081344K
  class space    used 4150K, capacity 4420K, committed 4480K, reserved 1048576K
2020-12-20T12:35:03.377+0000: 17.339: [GC (Allocation Failure) 2020-12-20T12:35:03.377+0000: 17.340: [ParNew
Desired survivor size 2162688 bytes, new threshold 6 (max 6)
- age   1:    1318440 bytes,    1318440 total
- age   2:     210240 bytes,    1528680 total
- age   3:     249080 bytes,    1777760 total
- age   4:     115448 bytes,    1893208 total
: 35745K->2130K(38080K), 0.0070437 secs] 65365K->31750K(122752K), 0.0072099 secs] [Times: user=0.02 sys=0.00, real=0.00 secs] 
Heap after GC invocations=96 (full 1):
 par new generation   total 38080K, used 2130K [0x0000000085c00000, 0x0000000088550000, 0x000000009a8c0000)
  eden space 33856K,   0% used [0x0000000085c00000, 0x0000000085c00000, 0x0000000087d10000)
  from space 4224K,  50% used [0x0000000087d10000, 0x0000000087f24b90, 0x0000000088130000)
  to   space 4224K,   0% used [0x0000000088130000, 0x0000000088130000, 0x0000000088550000)
 concurrent mark-sweep generation total 84672K, used 29619K [0x000000009a8c0000, 0x000000009fb70000, 0x0000000100000000)
 Metaspace       used 34401K, capacity 35748K, committed 35968K, reserved 1081344K
  class space    used 4150K, capacity 4420K, committed 4480K, reserved 1048576K
}
2020-12-20T12:35:03.384+0000: 17.347: Total time for which application threads were stopped: 0.0075268 seconds, Stopping threads took: 0.0000550 seconds
{Heap before GC invocations=96 (full 1):
 par new generation   total 38080K, used 35986K [0x0000000085c00000, 0x0000000088550000, 0x000000009a8c0000)
  eden space 33856K, 100% used [0x0000000085c00000, 0x0000000087d10000, 0x0000000087d10000)
  from space 4224K,  50% used [0x0000000087d10000, 0x0000000087f24b90, 0x0000000088130000)
  to   space 4224K,   0% used [0x0000000088130000, 0x0000000088130000, 0x0000000088550000)
 concurrent mark-sweep generation total 84672K, used 29619K [0x000000009a8c0000, 0x000000009fb70000, 0x0000000100000000)
 Metaspace       used 34548K, capacity 35920K, committed 35968K, reserved 1081344K
  class space    used 4177K, capacity 4454K, committed 4480K, reserved 1048576K
2020-12-20T12:35:03.583+0000: 17.545: [GC (Allocation Failure) 2020-12-20T12:35:03.583+0000: 17.546: [ParNew
Desired survivor size 2162688 bytes, new threshold 3 (max 6)
- age   1:    1756112 bytes,    1756112 total
- age   2:     224168 bytes,    1980280 total
- age   3:     196352 bytes,    2176632 total
- age   4:     246224 bytes,    2422856 total
- age   5:     115032 bytes,    2537888 total
: 35986K->3016K(38080K), 0.0097745 secs] 65606K->32635K(122752K), 0.0099247 secs] [Times: user=0.03 sys=0.00, real=0.01 secs] 
Heap after GC invocations=97 (full 1):
 par new generation   total 38080K, used 3016K [0x0000000085c00000, 0x0000000088550000, 0x000000009a8c0000)
  eden space 33856K,   0% used [0x0000000085c00000, 0x0000000085c00000, 0x0000000087d10000)
  from space 4224K,  71% used [0x0000000088130000, 0x0000000088422118, 0x0000000088550000)
  to   space 4224K,   0% used [0x0000000087d10000, 0x0000000087d10000, 0x0000000088130000)
 concurrent mark-sweep generation total 84672K, used 29619K [0x000000009a8c0000, 0x000000009fb70000, 0x0000000100000000)
 Metaspace       used 34548K, capacity 35920K, committed 35968K, reserved 1081344K
  class space    used 4177K, capacity 4454K, committed 4480K, reserved 1048576K
}
2020-12-20T12:35:03.593+0000: 17.555: Total time for which application threads were stopped: 0.0102486 seconds, Stopping threads took: 0.0000425 seconds
2020-12-20T12:35:03.723+0000: 17.685: Total time for which application threads were stopped: 0.0008956 seconds, Stopping threads took: 0.0000353 seconds
2020-12-20T12:35:03.726+0000: 17.689: Total time for which application threads were stopped: 0.0007370 seconds, Stopping threads took: 0.0000357 seconds
{Heap before GC invocations=97 (full 1):
 par new generation   total 38080K, used 36872K [0x0000000085c00000, 0x0000000088550000, 0x000000009a8c0000)
  eden space 33856K, 100% used [0x0000000085c00000, 0x0000000087d10000, 0x0000000087d10000)
  from space 4224K,  71% used [0x0000000088130000, 0x0000000088422118, 0x0000000088550000)
  to   space 4224K,   0% used [0x0000000087d10000, 0x0000000087d10000, 0x0000000088130000)
 concurrent mark-sweep generation total 84672K, used 29619K [0x000000009a8c0000, 0x000000009fb70000, 0x0000000100000000)
 Metaspace       used 34955K, capacity 36308K, committed 36608K, reserved 1081344K
  class space    used 4230K, capacity 4494K, committed 4608K, reserved 1048576K
2020-12-20T12:35:03.740+0000: 17.702: [GC (Allocation Failure) 2020-12-20T12:35:03.740+0000: 17.702: [ParNew
Desired survivor size 2162688 bytes, new threshold 6 (max 6)
- age   1:    1321128 bytes,    1321128 total
- age   2:     219352 bytes,    1540480 total
- age   3:     219240 bytes,    1759720 total
: 36872K->2029K(38080K), 0.0104539 secs] 66491K->32208K(122752K), 0.0106636 secs] [Times: user=0.03 sys=0.00, real=0.01 secs] 
Heap after GC invocations=98 (full 1):
 par new generation   total 38080K, used 2029K [0x0000000085c00000, 0x0000000088550000, 0x000000009a8c0000)
  eden space 33856K,   0% used [0x0000000085c00000, 0x0000000085c00000, 0x0000000087d10000)
  from space 4224K,  48% used [0x0000000087d10000, 0x0000000087f0b578, 0x0000000088130000)
  to   space 4224K,   0% used [0x0000000088130000, 0x0000000088130000, 0x0000000088550000)
 concurrent mark-sweep generation total 84672K, used 30179K [0x000000009a8c0000, 0x000000009fb70000, 0x0000000100000000)
 Metaspace       used 34955K, capacity 36308K, committed 36608K, reserved 1081344K
  class space    used 4230K, capacity 4494K, committed 4608K, reserved 1048576K
}
2020-12-20T12:35:03.751+0000: 17.713: Total time for which application threads were stopped: 0.0112218 seconds, Stopping threads took: 0.0002764 seconds
{Heap before GC invocations=98 (full 1):
 par new generation   total 38080K, used 35885K [0x0000000085c00000, 0x0000000088550000, 0x000000009a8c0000)
  eden space 33856K, 100% used [0x0000000085c00000, 0x0000000087d10000, 0x0000000087d10000)
  from space 4224K,  48% used [0x0000000087d10000, 0x0000000087f0b578, 0x0000000088130000)
  to   space 4224K,   0% used [0x0000000088130000, 0x0000000088130000, 0x0000000088550000)
 concurrent mark-sweep generation total 84672K, used 30179K [0x000000009a8c0000, 0x000000009fb70000, 0x0000000100000000)
 Metaspace       used 34992K, capacity 36386K, committed 36608K, reserved 1081344K
  class space    used 4237K, capacity 4499K, committed 4608K, reserved 1048576K
2020-12-20T12:35:03.907+0000: 17.870: [GC (Allocation Failure) 2020-12-20T12:35:03.908+0000: 17.870: [ParNew
Desired survivor size 2162688 bytes, new threshold 6 (max 6)
- age   1:     868400 bytes,     868400 total
- age   2:     216752 bytes,    1085152 total
- age   3:     217864 bytes,    1303016 total
- age   4:     219240 bytes,    1522256 total
: 35885K->2048K(38080K), 0.0085224 secs] 66064K->32228K(122752K), 0.0086660 secs] [Times: user=0.02 sys=0.00, real=0.01 secs] 
Heap after GC invocations=99 (full 1):
 par new generation   total 38080K, used 2048K [0x0000000085c00000, 0x0000000088550000, 0x000000009a8c0000)
  eden space 33856K,   0% used [0x0000000085c00000, 0x0000000085c00000, 0x0000000087d10000)
  from space 4224K,  48% used [0x0000000088130000, 0x0000000088330368, 0x0000000088550000)
  to   space 4224K,   0% used [0x0000000087d10000, 0x0000000087d10000, 0x0000000088130000)
 concurrent mark-sweep generation total 84672K, used 30179K [0x000000009a8c0000, 0x000000009fb70000, 0x0000000100000000)
 Metaspace       used 34992K, capacity 36386K, committed 36608K, reserved 1081344K
  class space    used 4237K, capacity 4499K, committed 4608K, reserved 1048576K
}
2020-12-20T12:35:03.916+0000: 17.879: Total time for which application threads were stopped: 0.0090048 seconds, Stopping threads took: 0.0000800 seconds
{Heap before GC invocations=99 (full 1):
 par new generation   total 38080K, used 35904K [0x0000000085c00000, 0x0000000088550000, 0x000000009a8c0000)
  eden space 33856K, 100% used [0x0000000085c00000, 0x0000000087d10000, 0x0000000087d10000)
  from space 4224K,  48% used [0x0000000088130000, 0x0000000088330368, 0x0000000088550000)
  to   space 4224K,   0% used [0x0000000087d10000, 0x0000000087d10000, 0x0000000088130000)
 concurrent mark-sweep generation total 84672K, used 30179K [0x000000009a8c0000, 0x000000009fb70000, 0x0000000100000000)
 Metaspace       used 35222K, capacity 36642K, committed 36864K, reserved 1081344K
  class space    used 4272K, capacity 4563K, committed 4608K, reserved 1048576K
2020-12-20T12:35:04.160+0000: 18.123: [GC (Allocation Failure) 2020-12-20T12:35:04.160+0000: 18.123: [ParNew
Desired survivor size 2162688 bytes, new threshold 5 (max 6)
- age   1:    1431824 bytes,    1431824 total
- age   2:     151720 bytes,    1583544 total
- age   3:     202200 bytes,    1785744 total
- age   4:     213056 bytes,    1998800 total
- age   5:     218152 bytes,    2216952 total
: 35904K->2373K(38080K), 0.0083172 secs] 66084K->32553K(122752K), 0.0084843 secs] [Times: user=0.02 sys=0.00, real=0.01 secs] 
Heap after GC invocations=100 (full 1):
 par new generation   total 38080K, used 2373K [0x0000000085c00000, 0x0000000088550000, 0x000000009a8c0000)
  eden space 33856K,   0% used [0x0000000085c00000, 0x0000000085c00000, 0x0000000087d10000)
  from space 4224K,  56% used [0x0000000087d10000, 0x0000000087f61740, 0x0000000088130000)
  to   space 4224K,   0% used [0x0000000088130000, 0x0000000088130000, 0x0000000088550000)
 concurrent mark-sweep generation total 84672K, used 30179K [0x000000009a8c0000, 0x000000009fb70000, 0x0000000100000000)
 Metaspace       used 35222K, capacity 36642K, committed 36864K, reserved 1081344K
  class space    used 4272K, capacity 4563K, committed 4608K, reserved 1048576K
}
2020-12-20T12:35:04.169+0000: 18.131: Total time for which application threads were stopped: 0.0087781 seconds, Stopping threads took: 0.0000445 seconds
{Heap before GC invocations=100 (full 1):
 par new generation   total 38080K, used 36229K [0x0000000085c00000, 0x0000000088550000, 0x000000009a8c0000)
  eden space 33856K, 100% used [0x0000000085c00000, 0x0000000087d10000, 0x0000000087d10000)
  from space 4224K,  56% used [0x0000000087d10000, 0x0000000087f61740, 0x0000000088130000)
  to   space 4224K,   0% used [0x0000000088130000, 0x0000000088130000, 0x0000000088550000)
 concurrent mark-sweep generation total 84672K, used 30179K [0x000000009a8c0000, 0x000000009fb70000, 0x0000000100000000)
 Metaspace       used 35511K, capacity 36878K, committed 37120K, reserved 1081344K
  class space    used 4321K, capacity 4597K, committed 4608K, reserved 1048576K
2020-12-20T12:35:04.341+0000: 18.303: [GC (Allocation Failure) 2020-12-20T12:35:04.341+0000: 18.303: [ParNew
Desired survivor size 2162688 bytes, new threshold 6 (max 6)
- age   1:     919648 bytes,     919648 total
- age   2:     203808 bytes,    1123456 total
- age   3:     151304 bytes,    1274760 total
- age   4:     200928 bytes,    1475688 total
- age   5:     208376 bytes,    1684064 total
: 36229K->2072K(38080K), 0.0116205 secs] 66409K->32468K(122752K), 0.0117555 secs] [Times: user=0.05 sys=0.00, real=0.01 secs] 
Heap after GC invocations=101 (full 1):
 par new generation   total 38080K, used 2072K [0x0000000085c00000, 0x0000000088550000, 0x000000009a8c0000)
  eden space 33856K,   0% used [0x0000000085c00000, 0x0000000085c00000, 0x0000000087d10000)
  from space 4224K,  49% used [0x0000000088130000, 0x0000000088336198, 0x0000000088550000)
  to   space 4224K,   0% used [0x0000000087d10000, 0x0000000087d10000, 0x0000000088130000)
 concurrent mark-sweep generation total 84672K, used 30396K [0x000000009a8c0000, 0x000000009fb70000, 0x0000000100000000)
 Metaspace       used 35511K, capacity 36878K, committed 37120K, reserved 1081344K
  class space    used 4321K, capacity 4597K, committed 4608K, reserved 1048576K
}
2020-12-20T12:35:04.353+0000: 18.315: Total time for which application threads were stopped: 0.0120472 seconds, Stopping threads took: 0.0000383 seconds
{Heap before GC invocations=101 (full 1):
 par new generation   total 38080K, used 35928K [0x0000000085c00000, 0x0000000088550000, 0x000000009a8c0000)
  eden space 33856K, 100% used [0x0000000085c00000, 0x0000000087d10000, 0x0000000087d10000)
  from space 4224K,  49% used [0x0000000088130000, 0x0000000088336198, 0x0000000088550000)
  to   space 4224K,   0% used [0x0000000087d10000, 0x0000000087d10000, 0x0000000088130000)
 concurrent mark-sweep generation total 84672K, used 30396K [0x000000009a8c0000, 0x000000009fb70000, 0x0000000100000000)
 Metaspace       used 35839K, capacity 37268K, committed 37504K, reserved 1081344K
  class space    used 4369K, capacity 4662K, committed 4736K, reserved 1048576K
2020-12-20T12:35:04.460+0000: 18.422: [GC (Allocation Failure) 2020-12-20T12:35:04.460+0000: 18.423: [ParNew
Desired survivor size 2162688 bytes, new threshold 6 (max 6)
- age   1:     893080 bytes,     893080 total
- age   2:     315240 bytes,    1208320 total
- age   3:     199944 bytes,    1408264 total
- age   4:     151304 bytes,    1559568 total
- age   5:     185072 bytes,    1744640 total
- age   6:     205696 bytes,    1950336 total
: 35928K->2833K(38080K), 0.0070760 secs] 66324K->33229K(122752K), 0.0072806 secs] [Times: user=0.01 sys=0.00, real=0.01 secs] 
Heap after GC invocations=102 (full 1):
 par new generation   total 38080K, used 2833K [0x0000000085c00000, 0x0000000088550000, 0x000000009a8c0000)
  eden space 33856K,   0% used [0x0000000085c00000, 0x0000000085c00000, 0x0000000087d10000)
  from space 4224K,  67% used [0x0000000087d10000, 0x0000000087fd4530, 0x0000000088130000)
  to   space 4224K,   0% used [0x0000000088130000, 0x0000000088130000, 0x0000000088550000)
 concurrent mark-sweep generation total 84672K, used 30396K [0x000000009a8c0000, 0x000000009fb70000, 0x0000000100000000)
 Metaspace       used 35839K, capacity 37268K, committed 37504K, reserved 1081344K
  class space    used 4369K, capacity 4662K, committed 4736K, reserved 1048576K
}
2020-12-20T12:35:04.468+0000: 18.430: Total time for which application threads were stopped: 0.0076340 seconds, Stopping threads took: 0.0000331 seconds
2020-12-20T12:35:04.512+0000: 18.474: Total time for which application threads were stopped: 0.0008418 seconds, Stopping threads took: 0.0000407 seconds
{Heap before GC invocations=102 (full 1):
 par new generation   total 38080K, used 36689K [0x0000000085c00000, 0x0000000088550000, 0x000000009a8c0000)
  eden space 33856K, 100% used [0x0000000085c00000, 0x0000000087d10000, 0x0000000087d10000)
  from space 4224K,  67% used [0x0000000087d10000, 0x0000000087fd4530, 0x0000000088130000)
  to   space 4224K,   0% used [0x0000000088130000, 0x0000000088130000, 0x0000000088550000)
 concurrent mark-sweep generation total 84672K, used 30396K [0x000000009a8c0000, 0x000000009fb70000, 0x0000000100000000)
 Metaspace       used 36195K, capacity 37556K, committed 37760K, reserved 1083392K
  class space    used 4410K, capacity 4694K, committed 4736K, reserved 1048576K
2020-12-20T12:35:04.559+0000: 18.521: [GC (Allocation Failure) 2020-12-20T12:35:04.559+0000: 18.521: [ParNew
Desired survivor size 2162688 bytes, new threshold 6 (max 6)
- age   1:     326272 bytes,     326272 total
- age   2:     165744 bytes,     492016 total
- age   3:     312832 bytes,     804848 total
- age   4:     199112 bytes,    1003960 total
- age   5:     150888 bytes,    1154848 total
- age   6:     184256 bytes,    1339104 total
: 36689K->1745K(38080K), 0.0055962 secs] 67085K->32352K(122752K), 0.0057754 secs] [Times: user=0.01 sys=0.00, real=0.00 secs] 
Heap after GC invocations=103 (full 1):
 par new generation   total 38080K, used 1745K [0x0000000085c00000, 0x0000000088550000, 0x000000009a8c0000)
  eden space 33856K,   0% used [0x0000000085c00000, 0x0000000085c00000, 0x0000000087d10000)
  from space 4224K,  41% used [0x0000000088130000, 0x00000000882e47a8, 0x0000000088550000)
  to   space 4224K,   0% used [0x0000000087d10000, 0x0000000087d10000, 0x0000000088130000)
 concurrent mark-sweep generation total 84672K, used 30606K [0x000000009a8c0000, 0x000000009fb70000, 0x0000000100000000)
 Metaspace       used 36195K, capacity 37556K, committed 37760K, reserved 1083392K
  class space    used 4410K, capacity 4694K, committed 4736K, reserved 1048576K
}
2020-12-20T12:35:04.565+0000: 18.527: Total time for which application threads were stopped: 0.0060766 seconds, Stopping threads took: 0.0000377 seconds
2020-12-20T12:35:04.669+0000: 18.632: Total time for which application threads were stopped: 0.0007491 seconds, Stopping threads took: 0.0000391 seconds
2020-12-20T12:35:04.736+0000: 18.698: Total time for which application threads were stopped: 0.0002366 seconds, Stopping threads took: 0.0000748 seconds
{Heap before GC invocations=103 (full 1):
 par new generation   total 38080K, used 35601K [0x0000000085c00000, 0x0000000088550000, 0x000000009a8c0000)
  eden space 33856K, 100% used [0x0000000085c00000, 0x0000000087d10000, 0x0000000087d10000)
  from space 4224K,  41% used [0x0000000088130000, 0x00000000882e47a8, 0x0000000088550000)
  to   space 4224K,   0% used [0x0000000087d10000, 0x0000000087d10000, 0x0000000088130000)
 concurrent mark-sweep generation total 84672K, used 30606K [0x000000009a8c0000, 0x000000009fb70000, 0x0000000100000000)
 Metaspace       used 36782K, capacity 38226K, committed 38468K, reserved 1083392K
  class space    used 4472K, capacity 4763K, committed 4812K, reserved 1048576K
2020-12-20T12:35:04.806+0000: 18.768: [GC (Allocation Failure) 2020-12-20T12:35:04.806+0000: 18.768: [ParNew
Desired survivor size 2162688 bytes, new threshold 6 (max 6)
- age   1:     488992 bytes,     488992 total
- age   2:      63320 bytes,     552312 total
- age   3:     163600 bytes,     715912 total
- age   4:     309800 bytes,    1025712 total
- age   5:     199112 bytes,    1224824 total
- age   6:     150632 bytes,    1375456 total
: 35601K->1881K(38080K), 0.0065732 secs] 66208K->32674K(122752K), 0.0067022 secs] [Times: user=0.02 sys=0.00, real=0.00 secs] 
Heap after GC invocations=104 (full 1):
 par new generation   total 38080K, used 1881K [0x0000000085c00000, 0x0000000088550000, 0x000000009a8c0000)
  eden space 33856K,   0% used [0x0000000085c00000, 0x0000000085c00000, 0x0000000087d10000)
  from space 4224K,  44% used [0x0000000087d10000, 0x0000000087ee6780, 0x0000000088130000)
  to   space 4224K,   0% used [0x0000000088130000, 0x0000000088130000, 0x0000000088550000)
 concurrent mark-sweep generation total 84672K, used 30792K [0x000000009a8c0000, 0x000000009fb70000, 0x0000000100000000)
 Metaspace       used 36782K, capacity 38226K, committed 38468K, reserved 1083392K
  class space    used 4472K, capacity 4763K, committed 4812K, reserved 1048576K
}
2020-12-20T12:35:04.813+0000: 18.775: Total time for which application threads were stopped: 0.0069954 seconds, Stopping threads took: 0.0000405 seconds
2020-12-20T12:35:04.813+0000: 18.776: [GC (CMS Initial Mark) [1 CMS-initial-mark: 30792K(84672K)] 33350K(122752K), 0.0021434 secs] [Times: user=0.01 sys=0.00, real=0.00 secs] 
2020-12-20T12:35:04.816+0000: 18.778: Total time for which application threads were stopped: 0.0024028 seconds, Stopping threads took: 0.0000689 seconds
2020-12-20T12:35:04.816+0000: 18.778: [CMS-concurrent-mark-start]
2020-12-20T12:35:04.839+0000: 18.801: Total time for which application threads were stopped: 0.0009101 seconds, Stopping threads took: 0.0000443 seconds
2020-12-20T12:35:04.842+0000: 18.804: Total time for which application threads were stopped: 0.0008650 seconds, Stopping threads took: 0.0000422 seconds
2020-12-20T12:35:04.852+0000: 18.815: Total time for which application threads were stopped: 0.0001596 seconds, Stopping threads took: 0.0000435 seconds
2020-12-20T12:35:04.900+0000: 18.862: [CMS-concurrent-mark: 0.082/0.084 secs] [Times: user=0.30 sys=0.01, real=0.08 secs] 
2020-12-20T12:35:04.900+0000: 18.862: [CMS-concurrent-preclean-start]
2020-12-20T12:35:04.902+0000: 18.864: [CMS-concurrent-preclean: 0.002/0.002 secs] [Times: user=0.01 sys=0.00, real=0.00 secs] 
2020-12-20T12:35:04.902+0000: 18.865: [CMS-concurrent-abortable-preclean-start]
{Heap before GC invocations=104 (full 2):
 par new generation   total 38080K, used 35737K [0x0000000085c00000, 0x0000000088550000, 0x000000009a8c0000)
  eden space 33856K, 100% used [0x0000000085c00000, 0x0000000087d10000, 0x0000000087d10000)
  from space 4224K,  44% used [0x0000000087d10000, 0x0000000087ee6780, 0x0000000088130000)
  to   space 4224K,   0% used [0x0000000088130000, 0x0000000088130000, 0x0000000088550000)
 concurrent mark-sweep generation total 84672K, used 30792K [0x000000009a8c0000, 0x000000009fb70000, 0x0000000100000000)
 Metaspace       used 37186K, capacity 38668K, committed 38724K, reserved 1083392K
  class space    used 4534K, capacity 4810K, committed 4812K, reserved 1048576K
2020-12-20T12:35:05.127+0000: 19.090: [GC (Allocation Failure) 2020-12-20T12:35:05.127+0000: 19.090: [ParNew
Desired survivor size 2162688 bytes, new threshold 1 (max 6)
- age   1:    2191136 bytes,    2191136 total
- age   2:     355344 bytes,    2546480 total
- age   3:      62904 bytes,    2609384 total
- age   4:     159760 bytes,    2769144 total
- age   5:     300072 bytes,    3069216 total
- age   6:     173696 bytes,    3242912 total
: 35737K->3873K(38080K), 0.0179564 secs] 66530K->34816K(122752K), 0.0181034 secs] [Times: user=0.07 sys=0.00, real=0.02 secs] 
Heap after GC invocations=105 (full 2):
 par new generation   total 38080K, used 3873K [0x0000000085c00000, 0x0000000088550000, 0x000000009a8c0000)
  eden space 33856K,   0% used [0x0000000085c00000, 0x0000000085c00000, 0x0000000087d10000)
  from space 4224K,  91% used [0x0000000088130000, 0x00000000884f8708, 0x0000000088550000)
  to   space 4224K,   0% used [0x0000000087d10000, 0x0000000087d10000, 0x0000000088130000)
 concurrent mark-sweep generation total 84672K, used 30942K [0x000000009a8c0000, 0x000000009fb70000, 0x0000000100000000)
 Metaspace       used 37186K, capacity 38668K, committed 38724K, reserved 1083392K
  class space    used 4534K, capacity 4810K, committed 4812K, reserved 1048576K
}
2020-12-20T12:35:05.146+0000: 19.108: Total time for which application threads were stopped: 0.0184663 seconds, Stopping threads took: 0.0000962 seconds
2020-12-20T12:35:05.230+0000: 19.192: Total time for which application threads were stopped: 0.0001730 seconds, Stopping threads took: 0.0000413 seconds
2020-12-20T12:35:05.332+0000: 19.294: [CMS-concurrent-abortable-preclean: 0.163/0.429 secs] [Times: user=1.43 sys=0.04, real=0.43 secs] 
2020-12-20T12:35:05.332+0000: 19.294: [GC (CMS Final Remark) [YG occupancy: 37038 K (38080 K)]2020-12-20T12:35:05.332+0000: 19.294: [Rescan (parallel) , 0.0090079 secs]2020-12-20T12:35:05.341+0000: 19.304: [weak refs processing, 0.0003834 secs]2020-12-20T12:35:05.342+0000: 19.304: [class unloading, 0.0096281 secs]2020-12-20T12:35:05.351+0000: 19.314: [scrub symbol table, 0.0124510 secs]2020-12-20T12:35:05.364+0000: 19.326: [scrub string table, 0.0007691 secs][1 CMS-remark: 30942K(84672K)] 67981K(122752K), 0.0325713 secs] [Times: user=0.06 sys=0.01, real=0.03 secs] 
2020-12-20T12:35:05.365+0000: 19.327: Total time for which application threads were stopped: 0.0331138 seconds, Stopping threads took: 0.0003911 seconds
2020-12-20T12:35:05.365+0000: 19.327: [CMS-concurrent-sweep-start]
{Heap before GC invocations=105 (full 2):
 par new generation   total 38080K, used 37729K [0x0000000085c00000, 0x0000000088550000, 0x000000009a8c0000)
  eden space 33856K, 100% used [0x0000000085c00000, 0x0000000087d10000, 0x0000000087d10000)
  from space 4224K,  91% used [0x0000000088130000, 0x00000000884f8708, 0x0000000088550000)
  to   space 4224K,   0% used [0x0000000087d10000, 0x0000000087d10000, 0x0000000088130000)
 concurrent mark-sweep generation total 84672K, used 30823K [0x000000009a8c0000, 0x000000009fb70000, 0x0000000100000000)
 Metaspace       used 37381K, capacity 38904K, committed 39132K, reserved 1083392K
  class space    used 4567K, capacity 4846K, committed 4940K, reserved 1048576K
2020-12-20T12:35:05.369+0000: 19.332: [GC (Allocation Failure) 2020-12-20T12:35:05.370+0000: 19.332: [ParNew
Desired survivor size 2162688 bytes, new threshold 6 (max 6)
- age   1:     497024 bytes,     497024 total
: 37729K->2077K(38080K), 0.0177948 secs] 68553K->34725K(122752K), 0.0179704 secs] [Times: user=0.04 sys=0.01, real=0.02 secs] 
Heap after GC invocations=106 (full 2):
 par new generation   total 38080K, used 2077K [0x0000000085c00000, 0x0000000088550000, 0x000000009a8c0000)
  eden space 33856K,   0% used [0x0000000085c00000, 0x0000000085c00000, 0x0000000087d10000)
  from space 4224K,  49% used [0x0000000087d10000, 0x0000000087f17418, 0x0000000088130000)
  to   space 4224K,   0% used [0x0000000088130000, 0x0000000088130000, 0x0000000088550000)
 concurrent mark-sweep generation total 84672K, used 32648K [0x000000009a8c0000, 0x000000009fb70000, 0x0000000100000000)
 Metaspace       used 37381K, capacity 38904K, committed 39132K, reserved 1083392K
  class space    used 4567K, capacity 4846K, committed 4940K, reserved 1048576K
}
2020-12-20T12:35:05.387+0000: 19.350: Total time for which application threads were stopped: 0.0182501 seconds, Stopping threads took: 0.0000612 seconds
2020-12-20T12:35:05.424+0000: 19.387: [CMS-concurrent-sweep: 0.041/0.059 secs] [Times: user=0.18 sys=0.01, real=0.06 secs] 
2020-12-20T12:35:05.424+0000: 19.387: [CMS-concurrent-reset-start]
2020-12-20T12:35:05.431+0000: 19.394: [CMS-concurrent-reset: 0.007/0.007 secs] [Times: user=0.03 sys=0.00, real=0.01 secs] 
{Heap before GC invocations=106 (full 2):
 par new generation   total 38080K, used 35933K [0x0000000085c00000, 0x0000000088550000, 0x000000009a8c0000)
  eden space 33856K, 100% used [0x0000000085c00000, 0x0000000087d10000, 0x0000000087d10000)
  from space 4224K,  49% used [0x0000000087d10000, 0x0000000087f17418, 0x0000000088130000)
  to   space 4224K,   0% used [0x0000000088130000, 0x0000000088130000, 0x0000000088550000)
 concurrent mark-sweep generation total 84672K, used 22238K [0x000000009a8c0000, 0x000000009fb70000, 0x0000000100000000)
 Metaspace       used 37649K, capacity 39156K, committed 39388K, reserved 1083392K
  class space    used 4615K, capacity 4896K, committed 4940K, reserved 1048576K
2020-12-20T12:35:05.678+0000: 19.640: [GC (Allocation Failure) 2020-12-20T12:35:05.678+0000: 19.640: [ParNew
Desired survivor size 2162688 bytes, new threshold 6 (max 6)
- age   1:    1159560 bytes,    1159560 total
- age   2:     108992 bytes,    1268552 total
: 35933K->1482K(38080K), 0.0076709 secs] 58171K->23721K(122752K), 0.0078053 secs] [Times: user=0.02 sys=0.00, real=0.01 secs] 
Heap after GC invocations=107 (full 2):
 par new generation   total 38080K, used 1482K [0x0000000085c00000, 0x0000000088550000, 0x000000009a8c0000)
  eden space 33856K,   0% used [0x0000000085c00000, 0x0000000085c00000, 0x0000000087d10000)
  from space 4224K,  35% used [0x0000000088130000, 0x00000000882a2990, 0x0000000088550000)
  to   space 4224K,   0% used [0x0000000087d10000, 0x0000000087d10000, 0x0000000088130000)
 concurrent mark-sweep generation total 84672K, used 22238K [0x000000009a8c0000, 0x000000009fb70000, 0x0000000100000000)
 Metaspace       used 37649K, capacity 39156K, committed 39388K, reserved 1083392K
  class space    used 4615K, capacity 4896K, committed 4940K, reserved 1048576K
}
2020-12-20T12:35:05.686+0000: 19.648: Total time for which application threads were stopped: 0.0081578 seconds, Stopping threads took: 0.0000425 seconds
{Heap before GC invocations=107 (full 2):
 par new generation   total 38080K, used 35338K [0x0000000085c00000, 0x0000000088550000, 0x000000009a8c0000)
  eden space 33856K, 100% used [0x0000000085c00000, 0x0000000087d10000, 0x0000000087d10000)
  from space 4224K,  35% used [0x0000000088130000, 0x00000000882a2990, 0x0000000088550000)
  to   space 4224K,   0% used [0x0000000087d10000, 0x0000000087d10000, 0x0000000088130000)
 concurrent mark-sweep generation total 84672K, used 22238K [0x000000009a8c0000, 0x000000009fb70000, 0x0000000100000000)
 Metaspace       used 37993K, capacity 39614K, committed 39772K, reserved 1083392K
  class space    used 4670K, capacity 4987K, committed 5068K, reserved 1048576K
2020-12-20T12:35:05.959+0000: 19.921: [GC (Allocation Failure) 2020-12-20T12:35:05.959+0000: 19.921: [ParNew
Desired survivor size 2162688 bytes, new threshold 6 (max 6)
- age   1:     826048 bytes,     826048 total
- age   2:     524520 bytes,    1350568 total
- age   3:     101312 bytes,    1451880 total
: 35338K->1836K(38080K), 0.0058599 secs] 57577K->24075K(122752K), 0.0060181 secs] [Times: user=0.02 sys=0.00, real=0.00 secs] 
Heap after GC invocations=108 (full 2):
 par new generation   total 38080K, used 1836K [0x0000000085c00000, 0x0000000088550000, 0x000000009a8c0000)
  eden space 33856K,   0% used [0x0000000085c00000, 0x0000000085c00000, 0x0000000087d10000)
  from space 4224K,  43% used [0x0000000087d10000, 0x0000000087edb1b8, 0x0000000088130000)
  to   space 4224K,   0% used [0x0000000088130000, 0x0000000088130000, 0x0000000088550000)
 concurrent mark-sweep generation total 84672K, used 22238K [0x000000009a8c0000, 0x000000009fb70000, 0x0000000100000000)
 Metaspace       used 37993K, capacity 39614K, committed 39772K, reserved 1083392K
  class space    used 4670K, capacity 4987K, committed 5068K, reserved 1048576K
}
2020-12-20T12:35:05.965+0000: 19.927: Total time for which application threads were stopped: 0.0063523 seconds, Stopping threads took: 0.0000435 seconds
2020-12-20T12:35:05.983+0000: 19.945: Total time for which application threads were stopped: 0.0008494 seconds, Stopping threads took: 0.0000935 seconds
2020-12-20T12:35:06.138+0000: 20.101: Total time for which application threads were stopped: 0.0007978 seconds, Stopping threads took: 0.0000323 seconds
{Heap before GC invocations=108 (full 2):
 par new generation   total 38080K, used 35692K [0x0000000085c00000, 0x0000000088550000, 0x000000009a8c0000)
  eden space 33856K, 100% used [0x0000000085c00000, 0x0000000087d10000, 0x0000000087d10000)
  from space 4224K,  43% used [0x0000000087d10000, 0x0000000087edb1b8, 0x0000000088130000)
  to   space 4224K,   0% used [0x0000000088130000, 0x0000000088130000, 0x0000000088550000)
 concurrent mark-sweep generation total 84672K, used 22238K [0x000000009a8c0000, 0x000000009fb70000, 0x0000000100000000)
 Metaspace       used 38202K, capacity 39858K, committed 40140K, reserved 1085440K
  class space    used 4709K, capacity 4999K, committed 5068K, reserved 1048576K
2020-12-20T12:35:06.184+0000: 20.146: [GC (Allocation Failure) 2020-12-20T12:35:06.184+0000: 20.146: [ParNew
Desired survivor size 2162688 bytes, new threshold 2 (max 6)
- age   1:    1618280 bytes,    1618280 total
- age   2:     711512 bytes,    2329792 total
- age   3:     521400 bytes,    2851192 total
- age   4:     100328 bytes,    2951520 total
: 35692K->3565K(38080K), 0.0086575 secs] 57931K->25804K(122752K), 0.0087985 secs] [Times: user=0.02 sys=0.00, real=0.01 secs] 
Heap after GC invocations=109 (full 2):
 par new generation   total 38080K, used 3565K [0x0000000085c00000, 0x0000000088550000, 0x000000009a8c0000)
  eden space 33856K,   0% used [0x0000000085c00000, 0x0000000085c00000, 0x0000000087d10000)
  from space 4224K,  84% used [0x0000000088130000, 0x00000000884ab780, 0x0000000088550000)
  to   space 4224K,   0% used [0x0000000087d10000, 0x0000000087d10000, 0x0000000088130000)
 concurrent mark-sweep generation total 84672K, used 22238K [0x000000009a8c0000, 0x000000009fb70000, 0x0000000100000000)
 Metaspace       used 38202K, capacity 39858K, committed 40140K, reserved 1085440K
  class space    used 4709K, capacity 4999K, committed 5068K, reserved 1048576K
}
2020-12-20T12:35:06.193+0000: 20.155: Total time for which application threads were stopped: 0.0090790 seconds, Stopping threads took: 0.0000410 seconds
2020-12-20T12:35:06.350+0000: 20.312: Total time for which application threads were stopped: 0.0009276 seconds, Stopping threads took: 0.0000426 seconds
{Heap before GC invocations=109 (full 2):
 par new generation   total 38080K, used 37421K [0x0000000085c00000, 0x0000000088550000, 0x000000009a8c0000)
  eden space 33856K, 100% used [0x0000000085c00000, 0x0000000087d10000, 0x0000000087d10000)
  from space 4224K,  84% used [0x0000000088130000, 0x00000000884ab780, 0x0000000088550000)
  to   space 4224K,   0% used [0x0000000087d10000, 0x0000000087d10000, 0x0000000088130000)
 concurrent mark-sweep generation total 84672K, used 22238K [0x000000009a8c0000, 0x000000009fb70000, 0x0000000100000000)
 Metaspace       used 38329K, capacity 39974K, committed 40140K, reserved 1085440K
  class space    used 4731K, capacity 5033K, committed 5068K, reserved 1048576K
2020-12-20T12:35:06.373+0000: 20.335: [GC (Allocation Failure) 2020-12-20T12:35:06.373+0000: 20.335: [ParNew
Desired survivor size 2162688 bytes, new threshold 6 (max 6)
- age   1:     528936 bytes,     528936 total
- age   2:     175176 bytes,     704112 total
: 37421K->1743K(38080K), 0.0140323 secs] 59660K->25313K(122752K), 0.0141919 secs] [Times: user=0.05 sys=0.01, real=0.02 secs] 
Heap after GC invocations=110 (full 2):
 par new generation   total 38080K, used 1743K [0x0000000085c00000, 0x0000000088550000, 0x000000009a8c0000)
  eden space 33856K,   0% used [0x0000000085c00000, 0x0000000085c00000, 0x0000000087d10000)
  from space 4224K,  41% used [0x0000000087d10000, 0x0000000087ec3fa0, 0x0000000088130000)
  to   space 4224K,   0% used [0x0000000088130000, 0x0000000088130000, 0x0000000088550000)
 concurrent mark-sweep generation total 84672K, used 23569K [0x000000009a8c0000, 0x000000009fb70000, 0x0000000100000000)
 Metaspace       used 38329K, capacity 39974K, committed 40140K, reserved 1085440K
  class space    used 4731K, capacity 5033K, committed 5068K, reserved 1048576K
}
2020-12-20T12:35:06.387+0000: 20.349: Total time for which application threads were stopped: 0.0144745 seconds, Stopping threads took: 0.0000418 seconds
{Heap before GC invocations=110 (full 2):
 par new generation   total 38080K, used 35599K [0x0000000085c00000, 0x0000000088550000, 0x000000009a8c0000)
  eden space 33856K, 100% used [0x0000000085c00000, 0x0000000087d10000, 0x0000000087d10000)
  from space 4224K,  41% used [0x0000000087d10000, 0x0000000087ec3fa0, 0x0000000088130000)
  to   space 4224K,   0% used [0x0000000088130000, 0x0000000088130000, 0x0000000088550000)
 concurrent mark-sweep generation total 84672K, used 23569K [0x000000009a8c0000, 0x000000009fb70000, 0x0000000100000000)
 Metaspace       used 39031K, capacity 40688K, committed 40780K, reserved 1085440K
  class space    used 4814K, capacity 5136K, committed 5196K, reserved 1048576K
2020-12-20T12:35:06.666+0000: 20.628: [GC (Allocation Failure) 2020-12-20T12:35:06.666+0000: 20.628: [ParNew
Desired survivor size 2162688 bytes, new threshold 6 (max 6)
- age   1:    1266160 bytes,    1266160 total
- age   2:     215168 bytes,    1481328 total
- age   3:     173440 bytes,    1654768 total
: 35599K->1840K(38080K), 0.0087732 secs] 59169K->25410K(122752K), 0.0089102 secs] [Times: user=0.03 sys=0.00, real=0.01 secs] 
Heap after GC invocations=111 (full 2):
 par new generation   total 38080K, used 1840K [0x0000000085c00000, 0x0000000088550000, 0x000000009a8c0000)
  eden space 33856K,   0% used [0x0000000085c00000, 0x0000000085c00000, 0x0000000087d10000)
  from space 4224K,  43% used [0x0000000088130000, 0x00000000882fc3e8, 0x0000000088550000)
  to   space 4224K,   0% used [0x0000000087d10000, 0x0000000087d10000, 0x0000000088130000)
 concurrent mark-sweep generation total 84672K, used 23569K [0x000000009a8c0000, 0x000000009fb70000, 0x0000000100000000)
 Metaspace       used 39031K, capacity 40688K, committed 40780K, reserved 1085440K
  class space    used 4814K, capacity 5136K, committed 5196K, reserved 1048576K
}
2020-12-20T12:35:06.675+0000: 20.637: Total time for which application threads were stopped: 0.0091863 seconds, Stopping threads took: 0.0000391 seconds
{Heap before GC invocations=111 (full 2):
 par new generation   total 38080K, used 35696K [0x0000000085c00000, 0x0000000088550000, 0x000000009a8c0000)
  eden space 33856K, 100% used [0x0000000085c00000, 0x0000000087d10000, 0x0000000087d10000)
  from space 4224K,  43% used [0x0000000088130000, 0x00000000882fc3e8, 0x0000000088550000)
  to   space 4224K,   0% used [0x0000000087d10000, 0x0000000087d10000, 0x0000000088130000)
 concurrent mark-sweep generation total 84672K, used 23569K [0x000000009a8c0000, 0x000000009fb70000, 0x0000000100000000)
 Metaspace       used 39693K, capacity 41790K, committed 41932K, reserved 1085440K
  class space    used 4929K, capacity 5311K, committed 5324K, reserved 1048576K
2020-12-20T12:35:07.121+0000: 21.083: [GC (Allocation Failure) 2020-12-20T12:35:07.121+0000: 21.083: [ParNew
Desired survivor size 2162688 bytes, new threshold 6 (max 6)
- age   1:    1286960 bytes,    1286960 total
- age   2:     437664 bytes,    1724624 total
- age   3:     213904 bytes,    1938528 total
- age   4:     172608 bytes,    2111136 total
: 35696K->2391K(38080K), 0.0079144 secs] 59266K->25960K(122752K), 0.0080571 secs] [Times: user=0.03 sys=0.00, real=0.01 secs] 
Heap after GC invocations=112 (full 2):
 par new generation   total 38080K, used 2391K [0x0000000085c00000, 0x0000000088550000, 0x000000009a8c0000)
  eden space 33856K,   0% used [0x0000000085c00000, 0x0000000085c00000, 0x0000000087d10000)
  from space 4224K,  56% used [0x0000000087d10000, 0x0000000087f65e78, 0x0000000088130000)
  to   space 4224K,   0% used [0x0000000088130000, 0x0000000088130000, 0x0000000088550000)
 concurrent mark-sweep generation total 84672K, used 23569K [0x000000009a8c0000, 0x000000009fb70000, 0x0000000100000000)
 Metaspace       used 39693K, capacity 41790K, committed 41932K, reserved 1085440K
  class space    used 4929K, capacity 5311K, committed 5324K, reserved 1048576K
}
2020-12-20T12:35:07.129+0000: 21.091: Total time for which application threads were stopped: 0.0083735 seconds, Stopping threads took: 0.0000405 seconds
{Heap before GC invocations=112 (full 2):
 par new generation   total 38080K, used 36247K [0x0000000085c00000, 0x0000000088550000, 0x000000009a8c0000)
  eden space 33856K, 100% used [0x0000000085c00000, 0x0000000087d10000, 0x0000000087d10000)
  from space 4224K,  56% used [0x0000000087d10000, 0x0000000087f65e78, 0x0000000088130000)
  to   space 4224K,   0% used [0x0000000088130000, 0x0000000088130000, 0x0000000088550000)
 concurrent mark-sweep generation total 84672K, used 23569K [0x000000009a8c0000, 0x000000009fb70000, 0x0000000100000000)
 Metaspace       used 40298K, capacity 42366K, committed 42572K, reserved 1087488K
  class space    used 4994K, capacity 5375K, committed 5452K, reserved 1048576K
2020-12-20T12:35:07.353+0000: 21.315: [GC (Allocation Failure) 2020-12-20T12:35:07.353+0000: 21.315: [ParNew
Desired survivor size 2162688 bytes, new threshold 2 (max 6)
- age   1:    1489608 bytes,    1489608 total
- age   2:     976656 bytes,    2466264 total
- age   3:     432752 bytes,    2899016 total
- age   4:     213904 bytes,    3112920 total
- age   5:     172608 bytes,    3285528 total
: 36247K->4181K(38080K), 0.0118305 secs] 59816K->27750K(122752K), 0.0119654 secs] [Times: user=0.03 sys=0.00, real=0.01 secs] 
Heap after GC invocations=113 (full 2):
 par new generation   total 38080K, used 4181K [0x0000000085c00000, 0x0000000088550000, 0x000000009a8c0000)
  eden space 33856K,   0% used [0x0000000085c00000, 0x0000000085c00000, 0x0000000087d10000)
  from space 4224K,  98% used [0x0000000088130000, 0x0000000088545490, 0x0000000088550000)
  to   space 4224K,   0% used [0x0000000087d10000, 0x0000000087d10000, 0x0000000088130000)
 concurrent mark-sweep generation total 84672K, used 23569K [0x000000009a8c0000, 0x000000009fb70000, 0x0000000100000000)
 Metaspace       used 40298K, capacity 42366K, committed 42572K, reserved 1087488K
  class space    used 4994K, capacity 5375K, committed 5452K, reserved 1048576K
}
2020-12-20T12:35:07.365+0000: 21.327: Total time for which application threads were stopped: 0.0122117 seconds, Stopping threads took: 0.0000403 seconds
2020-12-20T12:35:07.423+0000: 21.385: Total time for which application threads were stopped: 0.0009825 seconds, Stopping threads took: 0.0000447 seconds
{Heap before GC invocations=113 (full 2):
 par new generation   total 38080K, used 38037K [0x0000000085c00000, 0x0000000088550000, 0x000000009a8c0000)
  eden space 33856K, 100% used [0x0000000085c00000, 0x0000000087d10000, 0x0000000087d10000)
  from space 4224K,  98% used [0x0000000088130000, 0x0000000088545490, 0x0000000088550000)
  to   space 4224K,   0% used [0x0000000087d10000, 0x0000000087d10000, 0x0000000088130000)
 concurrent mark-sweep generation total 84672K, used 23569K [0x000000009a8c0000, 0x000000009fb70000, 0x0000000100000000)
 Metaspace       used 40874K, capacity 42986K, committed 43084K, reserved 1087488K
  class space    used 5048K, capacity 5409K, committed 5452K, reserved 1048576K
2020-12-20T12:35:07.580+0000: 21.543: [GC (Allocation Failure) 2020-12-20T12:35:07.580+0000: 21.543: [ParNew
Desired survivor size 2162688 bytes, new threshold 6 (max 6)
- age   1:    1169704 bytes,    1169704 total
- age   2:     227816 bytes,    1397520 total
: 38037K->2683K(38080K), 0.0132847 secs] 61606K->28035K(122752K), 0.0134410 secs] [Times: user=0.04 sys=0.00, real=0.02 secs] 
Heap after GC invocations=114 (full 2):
 par new generation   total 38080K, used 2683K [0x0000000085c00000, 0x0000000088550000, 0x000000009a8c0000)
  eden space 33856K,   0% used [0x0000000085c00000, 0x0000000085c00000, 0x0000000087d10000)
  from space 4224K,  63% used [0x0000000087d10000, 0x0000000087faece8, 0x0000000088130000)
  to   space 4224K,   0% used [0x0000000088130000, 0x0000000088130000, 0x0000000088550000)
 concurrent mark-sweep generation total 84672K, used 25352K [0x000000009a8c0000, 0x000000009fb70000, 0x0000000100000000)
 Metaspace       used 40874K, capacity 42986K, committed 43084K, reserved 1087488K
  class space    used 5048K, capacity 5409K, committed 5452K, reserved 1048576K
}
2020-12-20T12:35:07.594+0000: 21.556: Total time for which application threads were stopped: 0.0137027 seconds, Stopping threads took: 0.0000448 seconds
2020-12-20T12:35:07.614+0000: 21.576: Total time for which application threads were stopped: 0.0009508 seconds, Stopping threads took: 0.0000415 seconds
2020-12-20T12:35:07.734+0000: 21.696: Total time for which application threads were stopped: 0.0009038 seconds, Stopping threads took: 0.0000477 seconds
{Heap before GC invocations=114 (full 2):
 par new generation   total 38080K, used 36539K [0x0000000085c00000, 0x0000000088550000, 0x000000009a8c0000)
  eden space 33856K, 100% used [0x0000000085c00000, 0x0000000087d10000, 0x0000000087d10000)
  from space 4224K,  63% used [0x0000000087d10000, 0x0000000087faece8, 0x0000000088130000)
  to   space 4224K,   0% used [0x0000000088130000, 0x0000000088130000, 0x0000000088550000)
 concurrent mark-sweep generation total 84672K, used 25352K [0x000000009a8c0000, 0x000000009fb70000, 0x0000000100000000)
 Metaspace       used 41425K, capacity 43580K, committed 43724K, reserved 1087488K
  class space    used 5099K, capacity 5476K, committed 5580K, reserved 1048576K
2020-12-20T12:35:07.760+0000: 21.723: [GC (Allocation Failure) 2020-12-20T12:35:07.760+0000: 21.723: [ParNew
Desired survivor size 2162688 bytes, new threshold 6 (max 6)
- age   1:     928472 bytes,     928472 total
- age   2:     341520 bytes,    1269992 total
- age   3:     227064 bytes,    1497056 total
: 36539K->1647K(38080K), 0.0082825 secs] 61891K->26999K(122752K), 0.0084235 secs] [Times: user=0.02 sys=0.00, real=0.01 secs] 
Heap after GC invocations=115 (full 2):
 par new generation   total 38080K, used 1647K [0x0000000085c00000, 0x0000000088550000, 0x000000009a8c0000)
  eden space 33856K,   0% used [0x0000000085c00000, 0x0000000085c00000, 0x0000000087d10000)
  from space 4224K,  38% used [0x0000000088130000, 0x00000000882cbcc8, 0x0000000088550000)
  to   space 4224K,   0% used [0x0000000087d10000, 0x0000000087d10000, 0x0000000088130000)
 concurrent mark-sweep generation total 84672K, used 25352K [0x000000009a8c0000, 0x000000009fb70000, 0x0000000100000000)
 Metaspace       used 41425K, capacity 43580K, committed 43724K, reserved 1087488K
  class space    used 5099K, capacity 5476K, committed 5580K, reserved 1048576K
}
2020-12-20T12:35:07.769+0000: 21.731: Total time for which application threads were stopped: 0.0087129 seconds, Stopping threads took: 0.0000425 seconds
{Heap before GC invocations=115 (full 2):
 par new generation   total 38080K, used 35503K [0x0000000085c00000, 0x0000000088550000, 0x000000009a8c0000)
  eden space 33856K, 100% used [0x0000000085c00000, 0x0000000087d10000, 0x0000000087d10000)
  from space 4224K,  38% used [0x0000000088130000, 0x00000000882cbcc8, 0x0000000088550000)
  to   space 4224K,   0% used [0x0000000087d10000, 0x0000000087d10000, 0x0000000088130000)
 concurrent mark-sweep generation total 84672K, used 25352K [0x000000009a8c0000, 0x000000009fb70000, 0x0000000100000000)
 Metaspace       used 41889K, capacity 44004K, committed 44236K, reserved 1087488K
  class space    used 5151K, capacity 5510K, committed 5580K, reserved 1048576K
2020-12-20T12:35:07.999+0000: 21.962: [GC (Allocation Failure) 2020-12-20T12:35:08.000+0000: 21.962: [ParNew
Desired survivor size 2162688 bytes, new threshold 6 (max 6)
- age   1:    1402912 bytes,    1402912 total
- age   2:     155968 bytes,    1558880 total
- age   3:     340672 bytes,    1899552 total
- age   4:     227064 bytes,    2126616 total
: 35503K->2398K(38080K), 0.0088087 secs] 60855K->27750K(122752K), 0.0089824 secs] [Times: user=0.02 sys=0.00, real=0.01 secs] 
Heap after GC invocations=116 (full 2):
 par new generation   total 38080K, used 2398K [0x0000000085c00000, 0x0000000088550000, 0x000000009a8c0000)
  eden space 33856K,   0% used [0x0000000085c00000, 0x0000000085c00000, 0x0000000087d10000)
  from space 4224K,  56% used [0x0000000087d10000, 0x0000000087f67950, 0x0000000088130000)
  to   space 4224K,   0% used [0x0000000088130000, 0x0000000088130000, 0x0000000088550000)
 concurrent mark-sweep generation total 84672K, used 25352K [0x000000009a8c0000, 0x000000009fb70000, 0x0000000100000000)
 Metaspace       used 41889K, capacity 44004K, committed 44236K, reserved 1087488K
  class space    used 5151K, capacity 5510K, committed 5580K, reserved 1048576K
}
2020-12-20T12:35:08.008+0000: 21.971: Total time for which application threads were stopped: 0.0093519 seconds, Stopping threads took: 0.0000969 seconds
{Heap before GC invocations=116 (full 2):
 par new generation   total 38080K, used 36254K [0x0000000085c00000, 0x0000000088550000, 0x000000009a8c0000)
  eden space 33856K, 100% used [0x0000000085c00000, 0x0000000087d10000, 0x0000000087d10000)
  from space 4224K,  56% used [0x0000000087d10000, 0x0000000087f67950, 0x0000000088130000)
  to   space 4224K,   0% used [0x0000000088130000, 0x0000000088130000, 0x0000000088550000)
 concurrent mark-sweep generation total 84672K, used 25352K [0x000000009a8c0000, 0x000000009fb70000, 0x0000000100000000)
 Metaspace       used 42257K, capacity 44394K, committed 44492K, reserved 1087488K
  class space    used 5210K, capacity 5571K, committed 5580K, reserved 1048576K
2020-12-20T12:35:08.315+0000: 22.277: [GC (Allocation Failure) 2020-12-20T12:35:08.315+0000: 22.277: [ParNew
Desired survivor size 2162688 bytes, new threshold 6 (max 6)
- age   1:    1028256 bytes,    1028256 total
- age   2:     186168 bytes,    1214424 total
- age   3:     155016 bytes,    1369440 total
- age   4:     340760 bytes,    1710200 total
- age   5:     227000 bytes,    1937200 total
: 36254K->2652K(38080K), 0.0064973 secs] 61606K->28004K(122752K), 0.0066379 secs] [Times: user=0.02 sys=0.00, real=0.00 secs] 
Heap after GC invocations=117 (full 2):
 par new generation   total 38080K, used 2652K [0x0000000085c00000, 0x0000000088550000, 0x000000009a8c0000)
  eden space 33856K,   0% used [0x0000000085c00000, 0x0000000085c00000, 0x0000000087d10000)
  from space 4224K,  62% used [0x0000000088130000, 0x00000000883c7228, 0x0000000088550000)
  to   space 4224K,   0% used [0x0000000087d10000, 0x0000000087d10000, 0x0000000088130000)
 concurrent mark-sweep generation total 84672K, used 25352K [0x000000009a8c0000, 0x000000009fb70000, 0x0000000100000000)
 Metaspace       used 42257K, capacity 44394K, committed 44492K, reserved 1087488K
  class space    used 5210K, capacity 5571K, committed 5580K, reserved 1048576K
}
2020-12-20T12:35:08.321+0000: 22.284: Total time for which application threads were stopped: 0.0069702 seconds, Stopping threads took: 0.0000451 seconds
2020-12-20T12:35:08.456+0000: 22.419: Total time for which application threads were stopped: 0.0010332 seconds, Stopping threads took: 0.0000857 seconds
{Heap before GC invocations=117 (full 2):
 par new generation   total 38080K, used 36508K [0x0000000085c00000, 0x0000000088550000, 0x000000009a8c0000)
  eden space 33856K, 100% used [0x0000000085c00000, 0x0000000087d10000, 0x0000000087d10000)
  from space 4224K,  62% used [0x0000000088130000, 0x00000000883c7228, 0x0000000088550000)
  to   space 4224K,   0% used [0x0000000087d10000, 0x0000000087d10000, 0x0000000088130000)
 concurrent mark-sweep generation total 84672K, used 25352K [0x000000009a8c0000, 0x000000009fb70000, 0x0000000100000000)
 Metaspace       used 42971K, capacity 45304K, committed 45516K, reserved 1089536K
  class space    used 5347K, capacity 5786K, committed 5836K, reserved 1048576K
2020-12-20T12:35:08.822+0000: 22.785: [GC (Allocation Failure) 2020-12-20T12:35:08.822+0000: 22.785: [ParNew
Desired survivor size 2162688 bytes, new threshold 5 (max 6)
- age   1:    1271752 bytes,    1271752 total
- age   2:     480640 bytes,    1752392 total
- age   3:     186208 bytes,    1938600 total
- age   4:     154984 bytes,    2093584 total
- age   5:     341784 bytes,    2435368 total
- age   6:     226904 bytes,    2662272 total
: 36508K->3375K(38080K), 0.0101279 secs] 61860K->28727K(122752K), 0.0102865 secs] [Times: user=0.04 sys=0.00, real=0.01 secs] 
Heap after GC invocations=118 (full 2):
 par new generation   total 38080K, used 3375K [0x0000000085c00000, 0x0000000088550000, 0x000000009a8c0000)
  eden space 33856K,   0% used [0x0000000085c00000, 0x0000000085c00000, 0x0000000087d10000)
  from space 4224K,  79% used [0x0000000087d10000, 0x000000008805be60, 0x0000000088130000)
  to   space 4224K,   0% used [0x0000000088130000, 0x0000000088130000, 0x0000000088550000)
 concurrent mark-sweep generation total 84672K, used 25352K [0x000000009a8c0000, 0x000000009fb70000, 0x0000000100000000)
 Metaspace       used 42971K, capacity 45304K, committed 45516K, reserved 1089536K
  class space    used 5347K, capacity 5786K, committed 5836K, reserved 1048576K
}
2020-12-20T12:35:08.833+0000: 22.795: Total time for which application threads were stopped: 0.0114547 seconds, Stopping threads took: 0.0000473 seconds
{Heap before GC invocations=118 (full 2):
 par new generation   total 38080K, used 37231K [0x0000000085c00000, 0x0000000088550000, 0x000000009a8c0000)
  eden space 33856K, 100% used [0x0000000085c00000, 0x0000000087d10000, 0x0000000087d10000)
  from space 4224K,  79% used [0x0000000087d10000, 0x000000008805be60, 0x0000000088130000)
  to   space 4224K,   0% used [0x0000000088130000, 0x0000000088130000, 0x0000000088550000)
 concurrent mark-sweep generation total 84672K, used 25352K [0x000000009a8c0000, 0x000000009fb70000, 0x0000000100000000)
 Metaspace       used 43517K, capacity 45880K, committed 46156K, reserved 1089536K
  class space    used 5422K, capacity 5866K, committed 5964K, reserved 1048576K
2020-12-20T12:35:09.095+0000: 23.058: [GC (Allocation Failure) 2020-12-20T12:35:09.096+0000: 23.058: [ParNew
Desired survivor size 2162688 bytes, new threshold 3 (max 6)
- age   1:    1063456 bytes,    1063456 total
- age   2:     713200 bytes,    1776656 total
- age   3:     476448 bytes,    2253104 total
- age   4:     185336 bytes,    2438440 total
- age   5:     154984 bytes,    2593424 total
: 37231K->3190K(38080K), 0.0121863 secs] 62583K->29104K(122752K), 0.0123613 secs] [Times: user=0.05 sys=0.01, real=0.01 secs] 
Heap after GC invocations=119 (full 2):
 par new generation   total 38080K, used 3190K [0x0000000085c00000, 0x0000000088550000, 0x000000009a8c0000)
  eden space 33856K,   0% used [0x0000000085c00000, 0x0000000085c00000, 0x0000000087d10000)
  from space 4224K,  75% used [0x0000000088130000, 0x000000008844da28, 0x0000000088550000)
  to   space 4224K,   0% used [0x0000000087d10000, 0x0000000087d10000, 0x0000000088130000)
 concurrent mark-sweep generation total 84672K, used 25913K [0x000000009a8c0000, 0x000000009fb70000, 0x0000000100000000)
 Metaspace       used 43517K, capacity 45880K, committed 46156K, reserved 1089536K
  class space    used 5422K, capacity 5866K, committed 5964K, reserved 1048576K
}
2020-12-20T12:35:09.108+0000: 23.070: Total time for which application threads were stopped: 0.0128136 seconds, Stopping threads took: 0.0000460 seconds
{Heap before GC invocations=119 (full 2):
 par new generation   total 38080K, used 37046K [0x0000000085c00000, 0x0000000088550000, 0x000000009a8c0000)
  eden space 33856K, 100% used [0x0000000085c00000, 0x0000000087d10000, 0x0000000087d10000)
  from space 4224K,  75% used [0x0000000088130000, 0x000000008844da28, 0x0000000088550000)
  to   space 4224K,   0% used [0x0000000087d10000, 0x0000000087d10000, 0x0000000088130000)
 concurrent mark-sweep generation total 84672K, used 25913K [0x000000009a8c0000, 0x000000009fb70000, 0x0000000100000000)
 Metaspace       used 43612K, capacity 45950K, committed 46156K, reserved 1089536K
  class space    used 5436K, capacity 5867K, committed 5964K, reserved 1048576K
2020-12-20T12:35:09.310+0000: 23.273: [GC (Allocation Failure) 2020-12-20T12:35:09.310+0000: 23.273: [ParNew
Desired survivor size 2162688 bytes, new threshold 3 (max 6)
- age   1:    1558832 bytes,    1558832 total
- age   2:     601472 bytes,    2160304 total
- age   3:     706616 bytes,    2866920 total
: 37046K->3830K(38080K), 0.0205829 secs] 62960K->30553K(122752K), 0.0207315 secs] [Times: user=0.07 sys=0.00, real=0.02 secs] 
Heap after GC invocations=120 (full 2):
 par new generation   total 38080K, used 3830K [0x0000000085c00000, 0x0000000088550000, 0x000000009a8c0000)
  eden space 33856K,   0% used [0x0000000085c00000, 0x0000000085c00000, 0x0000000087d10000)
  from space 4224K,  90% used [0x0000000087d10000, 0x00000000880cdaa0, 0x0000000088130000)
  to   space 4224K,   0% used [0x0000000088130000, 0x0000000088130000, 0x0000000088550000)
 concurrent mark-sweep generation total 84672K, used 26722K [0x000000009a8c0000, 0x000000009fb70000, 0x0000000100000000)
 Metaspace       used 43612K, capacity 45950K, committed 46156K, reserved 1089536K
  class space    used 5436K, capacity 5867K, committed 5964K, reserved 1048576K
}
2020-12-20T12:35:09.331+0000: 23.293: Total time for which application threads were stopped: 0.0210840 seconds, Stopping threads took: 0.0000450 seconds
{Heap before GC invocations=120 (full 2):
 par new generation   total 38080K, used 37686K [0x0000000085c00000, 0x0000000088550000, 0x000000009a8c0000)
  eden space 33856K, 100% used [0x0000000085c00000, 0x0000000087d10000, 0x0000000087d10000)
  from space 4224K,  90% used [0x0000000087d10000, 0x00000000880cdaa0, 0x0000000088130000)
  to   space 4224K,   0% used [0x0000000088130000, 0x0000000088130000, 0x0000000088550000)
 concurrent mark-sweep generation total 84672K, used 26722K [0x000000009a8c0000, 0x000000009fb70000, 0x0000000100000000)
 Metaspace       used 43953K, capacity 46374K, committed 46668K, reserved 1089536K
  class space    used 5468K, capacity 5901K, committed 5964K, reserved 1048576K
2020-12-20T12:35:09.555+0000: 23.517: [GC (Allocation Failure) 2020-12-20T12:35:09.555+0000: 23.517: [ParNew
Desired survivor size 2162688 bytes, new threshold 6 (max 6)
- age   1:     745936 bytes,     745936 total
- age   2:     134888 bytes,     880824 total
- age   3:     599680 bytes,    1480504 total
: 37686K->2400K(38080K), 0.0135467 secs] 64409K->29824K(122752K), 0.0136950 secs] [Times: user=0.04 sys=0.00, real=0.01 secs] 
Heap after GC invocations=121 (full 2):
 par new generation   total 38080K, used 2400K [0x0000000085c00000, 0x0000000088550000, 0x000000009a8c0000)
  eden space 33856K,   0% used [0x0000000085c00000, 0x0000000085c00000, 0x0000000087d10000)
  from space 4224K,  56% used [0x0000000088130000, 0x0000000088388198, 0x0000000088550000)
  to   space 4224K,   0% used [0x0000000087d10000, 0x0000000087d10000, 0x0000000088130000)
 concurrent mark-sweep generation total 84672K, used 27423K [0x000000009a8c0000, 0x000000009fb70000, 0x0000000100000000)
 Metaspace       used 43953K, capacity 46374K, committed 46668K, reserved 1089536K
  class space    used 5468K, capacity 5901K, committed 5964K, reserved 1048576K
}
2020-12-20T12:35:09.569+0000: 23.531: Total time for which application threads were stopped: 0.0140932 seconds, Stopping threads took: 0.0000470 seconds
{Heap before GC invocations=121 (full 2):
 par new generation   total 38080K, used 36256K [0x0000000085c00000, 0x0000000088550000, 0x000000009a8c0000)
  eden space 33856K, 100% used [0x0000000085c00000, 0x0000000087d10000, 0x0000000087d10000)
  from space 4224K,  56% used [0x0000000088130000, 0x0000000088388198, 0x0000000088550000)
  to   space 4224K,   0% used [0x0000000087d10000, 0x0000000087d10000, 0x0000000088130000)
 concurrent mark-sweep generation total 84672K, used 27423K [0x000000009a8c0000, 0x000000009fb70000, 0x0000000100000000)
 Metaspace       used 44081K, capacity 46486K, committed 46668K, reserved 1089536K
  class space    used 5490K, capacity 5937K, committed 5964K, reserved 1048576K
2020-12-20T12:35:09.807+0000: 23.769: [GC (Allocation Failure) 2020-12-20T12:35:09.807+0000: 23.769: [ParNew
Desired survivor size 2162688 bytes, new threshold 4 (max 6)
- age   1:    1081232 bytes,    1081232 total
- age   2:     398440 bytes,    1479672 total
- age   3:     132352 bytes,    1612024 total
- age   4:     601992 bytes,    2214016 total
: 36256K->2570K(38080K), 0.0146502 secs] 63680K->29994K(122752K), 0.0148014 secs] [Times: user=0.06 sys=0.00, real=0.01 secs] 
Heap after GC invocations=122 (full 2):
 par new generation   total 38080K, used 2570K [0x0000000085c00000, 0x0000000088550000, 0x000000009a8c0000)
  eden space 33856K,   0% used [0x0000000085c00000, 0x0000000085c00000, 0x0000000087d10000)
  from space 4224K,  60% used [0x0000000087d10000, 0x0000000087f92a48, 0x0000000088130000)
  to   space 4224K,   0% used [0x0000000088130000, 0x0000000088130000, 0x0000000088550000)
 concurrent mark-sweep generation total 84672K, used 27423K [0x000000009a8c0000, 0x000000009fb70000, 0x0000000100000000)
 Metaspace       used 44081K, capacity 46486K, committed 46668K, reserved 1089536K
  class space    used 5490K, capacity 5937K, committed 5964K, reserved 1048576K
}
2020-12-20T12:35:09.822+0000: 23.784: Total time for which application threads were stopped: 0.0151676 seconds, Stopping threads took: 0.0000439 seconds
2020-12-20T12:35:09.978+0000: 23.940: Total time for which application threads were stopped: 0.0010990 seconds, Stopping threads took: 0.0000449 seconds
{Heap before GC invocations=122 (full 2):
 par new generation   total 38080K, used 36426K [0x0000000085c00000, 0x0000000088550000, 0x000000009a8c0000)
  eden space 33856K, 100% used [0x0000000085c00000, 0x0000000087d10000, 0x0000000087d10000)
  from space 4224K,  60% used [0x0000000087d10000, 0x0000000087f92a48, 0x0000000088130000)
  to   space 4224K,   0% used [0x0000000088130000, 0x0000000088130000, 0x0000000088550000)
 concurrent mark-sweep generation total 84672K, used 27423K [0x000000009a8c0000, 0x000000009fb70000, 0x0000000100000000)
 Metaspace       used 44798K, capacity 47144K, committed 47308K, reserved 1091584K
  class space    used 5563K, capacity 5984K, committed 6092K, reserved 1048576K
2020-12-20T12:35:10.189+0000: 24.151: [GC (Allocation Failure) 2020-12-20T12:35:10.189+0000: 24.151: [ParNew
Desired survivor size 2162688 bytes, new threshold 3 (max 6)
- age   1:    1459304 bytes,    1459304 total
- age   2:     316192 bytes,    1775496 total
- age   3:     398816 bytes,    2174312 total
- age   4:     131936 bytes,    2306248 total
: 36426K->2987K(38080K), 0.0112276 secs] 63850K->31002K(122752K), 0.0113793 secs] [Times: user=0.04 sys=0.00, real=0.01 secs] 
Heap after GC invocations=123 (full 2):
 par new generation   total 38080K, used 2987K [0x0000000085c00000, 0x0000000088550000, 0x000000009a8c0000)
  eden space 33856K,   0% used [0x0000000085c00000, 0x0000000085c00000, 0x0000000087d10000)
  from space 4224K,  70% used [0x0000000088130000, 0x000000008841aea8, 0x0000000088550000)
  to   space 4224K,   0% used [0x0000000087d10000, 0x0000000087d10000, 0x0000000088130000)
 concurrent mark-sweep generation total 84672K, used 28014K [0x000000009a8c0000, 0x000000009fb70000, 0x0000000100000000)
 Metaspace       used 44798K, capacity 47144K, committed 47308K, reserved 1091584K
  class space    used 5563K, capacity 5984K, committed 6092K, reserved 1048576K
}
2020-12-20T12:35:10.200+0000: 24.162: Total time for which application threads were stopped: 0.0116730 seconds, Stopping threads took: 0.0000410 seconds
{Heap before GC invocations=123 (full 2):
 par new generation   total 38080K, used 36843K [0x0000000085c00000, 0x0000000088550000, 0x000000009a8c0000)
  eden space 33856K, 100% used [0x0000000085c00000, 0x0000000087d10000, 0x0000000087d10000)
  from space 4224K,  70% used [0x0000000088130000, 0x000000008841aea8, 0x0000000088550000)
  to   space 4224K,   0% used [0x0000000087d10000, 0x0000000087d10000, 0x0000000088130000)
 concurrent mark-sweep generation total 84672K, used 28014K [0x000000009a8c0000, 0x000000009fb70000, 0x0000000100000000)
 Metaspace       used 45339K, capacity 47784K, committed 48076K, reserved 1091584K
  class space    used 5627K, capacity 6048K, committed 6092K, reserved 1048576K
2020-12-20T12:35:10.333+0000: 24.296: [GC (Allocation Failure) 2020-12-20T12:35:10.334+0000: 24.296: [ParNew
Desired survivor size 2162688 bytes, new threshold 6 (max 6)
- age   1:     678200 bytes,     678200 total
- age   2:     332832 bytes,    1011032 total
- age   3:     312704 bytes,    1323736 total
: 36843K->1774K(38080K), 0.0080494 secs] 64858K->30316K(122752K), 0.0081928 secs] [Times: user=0.02 sys=0.00, real=0.00 secs] 
Heap after GC invocations=124 (full 2):
 par new generation   total 38080K, used 1774K [0x0000000085c00000, 0x0000000088550000, 0x000000009a8c0000)
  eden space 33856K,   0% used [0x0000000085c00000, 0x0000000085c00000, 0x0000000087d10000)
  from space 4224K,  42% used [0x0000000087d10000, 0x0000000087ecb9c0, 0x0000000088130000)
  to   space 4224K,   0% used [0x0000000088130000, 0x0000000088130000, 0x0000000088550000)
 concurrent mark-sweep generation total 84672K, used 28542K [0x000000009a8c0000, 0x000000009fb70000, 0x0000000100000000)
 Metaspace       used 45339K, capacity 47784K, committed 48076K, reserved 1091584K
  class space    used 5627K, capacity 6048K, committed 6092K, reserved 1048576K
}
2020-12-20T12:35:10.342+0000: 24.304: Total time for which application threads were stopped: 0.0085513 seconds, Stopping threads took: 0.0000374 seconds
{Heap before GC invocations=124 (full 2):
 par new generation   total 38080K, used 35630K [0x0000000085c00000, 0x0000000088550000, 0x000000009a8c0000)
  eden space 33856K, 100% used [0x0000000085c00000, 0x0000000087d10000, 0x0000000087d10000)
  from space 4224K,  42% used [0x0000000087d10000, 0x0000000087ecb9c0, 0x0000000088130000)
  to   space 4224K,   0% used [0x0000000088130000, 0x0000000088130000, 0x0000000088550000)
 concurrent mark-sweep generation total 84672K, used 28542K [0x000000009a8c0000, 0x000000009fb70000, 0x0000000100000000)
 Metaspace       used 45977K, capacity 48390K, committed 48716K, reserved 1091584K
  class space    used 5699K, capacity 6117K, committed 6220K, reserved 1048576K
2020-12-20T12:35:10.567+0000: 24.529: [GC (Allocation Failure) 2020-12-20T12:35:10.567+0000: 24.529: [ParNew
Desired survivor size 2162688 bytes, new threshold 4 (max 6)
- age   1:    1562936 bytes,    1562936 total
- age   2:     114096 bytes,    1677032 total
- age   3:     314008 bytes,    1991040 total
- age   4:     312656 bytes,    2303696 total
: 35630K->2910K(38080K), 0.0156803 secs] 64172K->31452K(122752K), 0.0158362 secs] [Times: user=0.06 sys=0.00, real=0.01 secs] 
Heap after GC invocations=125 (full 2):
 par new generation   total 38080K, used 2910K [0x0000000085c00000, 0x0000000088550000, 0x000000009a8c0000)
  eden space 33856K,   0% used [0x0000000085c00000, 0x0000000085c00000, 0x0000000087d10000)
  from space 4224K,  68% used [0x0000000088130000, 0x0000000088407b70, 0x0000000088550000)
  to   space 4224K,   0% used [0x0000000087d10000, 0x0000000087d10000, 0x0000000088130000)
 concurrent mark-sweep generation total 84672K, used 28542K [0x000000009a8c0000, 0x000000009fb70000, 0x0000000100000000)
 Metaspace       used 45977K, capacity 48390K, committed 48716K, reserved 1091584K
  class space    used 5699K, capacity 6117K, committed 6220K, reserved 1048576K
}
2020-12-20T12:35:10.583+0000: 24.545: Total time for which application threads were stopped: 0.0161829 seconds, Stopping threads took: 0.0000472 seconds
{Heap before GC invocations=125 (full 2):
 par new generation   total 38080K, used 36766K [0x0000000085c00000, 0x0000000088550000, 0x000000009a8c0000)
  eden space 33856K, 100% used [0x0000000085c00000, 0x0000000087d10000, 0x0000000087d10000)
  from space 4224K,  68% used [0x0000000088130000, 0x0000000088407b70, 0x0000000088550000)
  to   space 4224K,   0% used [0x0000000087d10000, 0x0000000087d10000, 0x0000000088130000)
 concurrent mark-sweep generation total 84672K, used 28542K [0x000000009a8c0000, 0x000000009fb70000, 0x0000000100000000)
 Metaspace       used 46478K, capacity 48942K, committed 49228K, reserved 1091584K
  class space    used 5750K, capacity 6215K, committed 6220K, reserved 1048576K
2020-12-20T12:35:10.754+0000: 24.716: [GC (Allocation Failure) 2020-12-20T12:35:10.754+0000: 24.716: [ParNew
Desired survivor size 2162688 bytes, new threshold 4 (max 6)
- age   1:    1552024 bytes,    1552024 total
- age   2:     336624 bytes,    1888648 total
- age   3:     112368 bytes,    2001016 total
- age   4:     311512 bytes,    2312528 total
: 36766K->2968K(38080K), 0.0103777 secs] 65308K->31822K(122752K), 0.0105068 secs] [Times: user=0.03 sys=0.00, real=0.00 secs] 
Heap after GC invocations=126 (full 2):
 par new generation   total 38080K, used 2968K [0x0000000085c00000, 0x0000000088550000, 0x000000009a8c0000)
  eden space 33856K,   0% used [0x0000000085c00000, 0x0000000085c00000, 0x0000000087d10000)
  from space 4224K,  70% used [0x0000000087d10000, 0x0000000087ff60b0, 0x0000000088130000)
  to   space 4224K,   0% used [0x0000000088130000, 0x0000000088130000, 0x0000000088550000)
 concurrent mark-sweep generation total 84672K, used 28853K [0x000000009a8c0000, 0x000000009fb70000, 0x0000000100000000)
 Metaspace       used 46478K, capacity 48942K, committed 49228K, reserved 1091584K
  class space    used 5750K, capacity 6215K, committed 6220K, reserved 1048576K
}
2020-12-20T12:35:10.765+0000: 24.727: Total time for which application threads were stopped: 0.0107730 seconds, Stopping threads took: 0.0000382 seconds
{Heap before GC invocations=126 (full 2):
 par new generation   total 38080K, used 36824K [0x0000000085c00000, 0x0000000088550000, 0x000000009a8c0000)
  eden space 33856K, 100% used [0x0000000085c00000, 0x0000000087d10000, 0x0000000087d10000)
  from space 4224K,  70% used [0x0000000087d10000, 0x0000000087ff60b0, 0x0000000088130000)
  to   space 4224K,   0% used [0x0000000088130000, 0x0000000088130000, 0x0000000088550000)
 concurrent mark-sweep generation total 84672K, used 28853K [0x000000009a8c0000, 0x000000009fb70000, 0x0000000100000000)
 Metaspace       used 46672K, capacity 49172K, committed 49356K, reserved 1091584K
  class space    used 5789K, capacity 6248K, committed 6348K, reserved 1048576K
2020-12-20T12:35:10.920+0000: 24.882: [GC (Allocation Failure) 2020-12-20T12:35:10.920+0000: 24.882: [ParNew
Desired survivor size 2162688 bytes, new threshold 1 (max 6)
- age   1:    2466304 bytes,    2466304 total
- age   2:      68152 bytes,    2534456 total
- age   3:     335240 bytes,    2869696 total
- age   4:     112368 bytes,    2982064 total
: 36824K->3066K(38080K), 0.0142592 secs] 65678K->32230K(122752K), 0.0144336 secs] [Times: user=0.03 sys=0.00, real=0.02 secs] 
Heap after GC invocations=127 (full 2):
 par new generation   total 38080K, used 3066K [0x0000000085c00000, 0x0000000088550000, 0x000000009a8c0000)
  eden space 33856K,   0% used [0x0000000085c00000, 0x0000000085c00000, 0x0000000087d10000)
  from space 4224K,  72% used [0x0000000088130000, 0x000000008842e8f8, 0x0000000088550000)
  to   space 4224K,   0% used [0x0000000087d10000, 0x0000000087d10000, 0x0000000088130000)
 concurrent mark-sweep generation total 84672K, used 29164K [0x000000009a8c0000, 0x000000009fb70000, 0x0000000100000000)
 Metaspace       used 46672K, capacity 49172K, committed 49356K, reserved 1091584K
  class space    used 5789K, capacity 6248K, committed 6348K, reserved 1048576K
}
2020-12-20T12:35:10.934+0000: 24.896: Total time for which application threads were stopped: 0.0146998 seconds, Stopping threads took: 0.0000367 seconds
{Heap before GC invocations=127 (full 2):
 par new generation   total 38080K, used 36922K [0x0000000085c00000, 0x0000000088550000, 0x000000009a8c0000)
  eden space 33856K, 100% used [0x0000000085c00000, 0x0000000087d10000, 0x0000000087d10000)
  from space 4224K,  72% used [0x0000000088130000, 0x000000008842e8f8, 0x0000000088550000)
  to   space 4224K,   0% used [0x0000000087d10000, 0x0000000087d10000, 0x0000000088130000)
 concurrent mark-sweep generation total 84672K, used 29164K [0x000000009a8c0000, 0x000000009fb70000, 0x0000000100000000)
 Metaspace       used 46863K, capacity 49332K, committed 49612K, reserved 1093632K
  class space    used 5815K, capacity 6280K, committed 6348K, reserved 1048576K
2020-12-20T12:35:11.057+0000: 25.020: [GC (Allocation Failure) 2020-12-20T12:35:11.057+0000: 25.020: [ParNew
Desired survivor size 2162688 bytes, new threshold 6 (max 6)
- age   1:    1364648 bytes,    1364648 total
: 36922K->1912K(38080K), 0.0135001 secs] 66086K->31654K(122752K), 0.0136424 secs] [Times: user=0.04 sys=0.00, real=0.01 secs] 
Heap after GC invocations=128 (full 2):
 par new generation   total 38080K, used 1912K [0x0000000085c00000, 0x0000000088550000, 0x000000009a8c0000)
  eden space 33856K,   0% used [0x0000000085c00000, 0x0000000085c00000, 0x0000000087d10000)
  from space 4224K,  45% used [0x0000000087d10000, 0x0000000087eee3d0, 0x0000000088130000)
  to   space 4224K,   0% used [0x0000000088130000, 0x0000000088130000, 0x0000000088550000)
 concurrent mark-sweep generation total 84672K, used 29741K [0x000000009a8c0000, 0x000000009fb70000, 0x0000000100000000)
 Metaspace       used 46863K, capacity 49332K, committed 49612K, reserved 1093632K
  class space    used 5815K, capacity 6280K, committed 6348K, reserved 1048576K
}
2020-12-20T12:35:11.071+0000: 25.033: Total time for which application threads were stopped: 0.0139614 seconds, Stopping threads took: 0.0000388 seconds
{Heap before GC invocations=128 (full 2):
 par new generation   total 38080K, used 35768K [0x0000000085c00000, 0x0000000088550000, 0x000000009a8c0000)
  eden space 33856K, 100% used [0x0000000085c00000, 0x0000000087d10000, 0x0000000087d10000)
  from space 4224K,  45% used [0x0000000087d10000, 0x0000000087eee3d0, 0x0000000088130000)
  to   space 4224K,   0% used [0x0000000088130000, 0x0000000088130000, 0x0000000088550000)
 concurrent mark-sweep generation total 84672K, used 29741K [0x000000009a8c0000, 0x000000009fb70000, 0x0000000100000000)
 Metaspace       used 47056K, capacity 49556K, committed 49868K, reserved 1093632K
  class space    used 5853K, capacity 6312K, committed 6348K, reserved 1048576K
2020-12-20T12:35:11.173+0000: 25.135: [GC (Allocation Failure) 2020-12-20T12:35:11.173+0000: 25.135: [ParNew
Desired survivor size 2162688 bytes, new threshold 6 (max 6)
- age   1:     703896 bytes,     703896 total
- age   2:      47024 bytes,     750920 total
: 35768K->812K(38080K), 0.0048252 secs] 65510K->30554K(122752K), 0.0049635 secs] [Times: user=0.02 sys=0.00, real=0.01 secs] 
Heap after GC invocations=129 (full 2):
 par new generation   total 38080K, used 812K [0x0000000085c00000, 0x0000000088550000, 0x000000009a8c0000)
  eden space 33856K,   0% used [0x0000000085c00000, 0x0000000085c00000, 0x0000000087d10000)
  from space 4224K,  19% used [0x0000000088130000, 0x00000000881fb3b8, 0x0000000088550000)
  to   space 4224K,   0% used [0x0000000087d10000, 0x0000000087d10000, 0x0000000088130000)
 concurrent mark-sweep generation total 84672K, used 29741K [0x000000009a8c0000, 0x000000009fb70000, 0x0000000100000000)
 Metaspace       used 47056K, capacity 49556K, committed 49868K, reserved 1093632K
  class space    used 5853K, capacity 6312K, committed 6348K, reserved 1048576K
}
2020-12-20T12:35:11.178+0000: 25.140: Total time for which application threads were stopped: 0.0052613 seconds, Stopping threads took: 0.0000452 seconds
{Heap before GC invocations=129 (full 2):
 par new generation   total 38080K, used 34668K [0x0000000085c00000, 0x0000000088550000, 0x000000009a8c0000)
  eden space 33856K, 100% used [0x0000000085c00000, 0x0000000087d10000, 0x0000000087d10000)
  from space 4224K,  19% used [0x0000000088130000, 0x00000000881fb3b8, 0x0000000088550000)
  to   space 4224K,   0% used [0x0000000087d10000, 0x0000000087d10000, 0x0000000088130000)
 concurrent mark-sweep generation total 84672K, used 29741K [0x000000009a8c0000, 0x000000009fb70000, 0x0000000100000000)
 Metaspace       used 47368K, capacity 49876K, committed 50252K, reserved 1093632K
  class space    used 5902K, capacity 6376K, committed 6476K, reserved 1048576K
2020-12-20T12:35:11.289+0000: 25.251: [GC (Allocation Failure) 2020-12-20T12:35:11.289+0000: 25.251: [ParNew
Desired survivor size 2162688 bytes, new threshold 6 (max 6)
- age   1:     452800 bytes,     452800 total
- age   2:      31840 bytes,     484640 total
- age   3:      46176 bytes,     530816 total
: 34668K->577K(38080K), 0.0034767 secs] 64410K->30319K(122752K), 0.0036428 secs] [Times: user=0.01 sys=0.00, real=0.00 secs] 
Heap after GC invocations=130 (full 2):
 par new generation   total 38080K, used 577K [0x0000000085c00000, 0x0000000088550000, 0x000000009a8c0000)
  eden space 33856K,   0% used [0x0000000085c00000, 0x0000000085c00000, 0x0000000087d10000)
  from space 4224K,  13% used [0x0000000087d10000, 0x0000000087da0788, 0x0000000088130000)
  to   space 4224K,   0% used [0x0000000088130000, 0x0000000088130000, 0x0000000088550000)
 concurrent mark-sweep generation total 84672K, used 29741K [0x000000009a8c0000, 0x000000009fb70000, 0x0000000100000000)
 Metaspace       used 47368K, capacity 49876K, committed 50252K, reserved 1093632K
  class space    used 5902K, capacity 6376K, committed 6476K, reserved 1048576K
}
2020-12-20T12:35:11.292+0000: 25.255: Total time for which application threads were stopped: 0.0039331 seconds, Stopping threads took: 0.0000446 seconds
{Heap before GC invocations=130 (full 2):
 par new generation   total 38080K, used 34433K [0x0000000085c00000, 0x0000000088550000, 0x000000009a8c0000)
  eden space 33856K, 100% used [0x0000000085c00000, 0x0000000087d10000, 0x0000000087d10000)
  from space 4224K,  13% used [0x0000000087d10000, 0x0000000087da0788, 0x0000000088130000)
  to   space 4224K,   0% used [0x0000000088130000, 0x0000000088130000, 0x0000000088550000)
 concurrent mark-sweep generation total 84672K, used 29741K [0x000000009a8c0000, 0x000000009fb70000, 0x0000000100000000)
 Metaspace       used 47578K, capacity 50038K, committed 50252K, reserved 1093632K
  class space    used 5945K, capacity 6409K, committed 6476K, reserved 1048576K
2020-12-20T12:35:11.401+0000: 25.363: [GC (Allocation Failure) 2020-12-20T12:35:11.401+0000: 25.363: [ParNew
Desired survivor size 2162688 bytes, new threshold 6 (max 6)
- age   1:     455448 bytes,     455448 total
- age   2:      34120 bytes,     489568 total
- age   3:      31328 bytes,     520896 total
- age   4:      46176 bytes,     567072 total
: 34433K->688K(38080K), 0.0042189 secs] 64175K->30430K(122752K), 0.0043379 secs] [Times: user=0.02 sys=0.01, real=0.01 secs] 
Heap after GC invocations=131 (full 2):
 par new generation   total 38080K, used 688K [0x0000000085c00000, 0x0000000088550000, 0x000000009a8c0000)
  eden space 33856K,   0% used [0x0000000085c00000, 0x0000000085c00000, 0x0000000087d10000)
  from space 4224K,  16% used [0x0000000088130000, 0x00000000881dc0b0, 0x0000000088550000)
  to   space 4224K,   0% used [0x0000000087d10000, 0x0000000087d10000, 0x0000000088130000)
 concurrent mark-sweep generation total 84672K, used 29741K [0x000000009a8c0000, 0x000000009fb70000, 0x0000000100000000)
 Metaspace       used 47578K, capacity 50038K, committed 50252K, reserved 1093632K
  class space    used 5945K, capacity 6409K, committed 6476K, reserved 1048576K
}
2020-12-20T12:35:11.406+0000: 25.368: Total time for which application threads were stopped: 0.0045873 seconds, Stopping threads took: 0.0000418 seconds
{Heap before GC invocations=131 (full 2):
 par new generation   total 38080K, used 34544K [0x0000000085c00000, 0x0000000088550000, 0x000000009a8c0000)
  eden space 33856K, 100% used [0x0000000085c00000, 0x0000000087d10000, 0x0000000087d10000)
  from space 4224K,  16% used [0x0000000088130000, 0x00000000881dc0b0, 0x0000000088550000)
  to   space 4224K,   0% used [0x0000000087d10000, 0x0000000087d10000, 0x0000000088130000)
 concurrent mark-sweep generation total 84672K, used 29741K [0x000000009a8c0000, 0x000000009fb70000, 0x0000000100000000)
 Metaspace       used 47734K, capacity 50198K, committed 50508K, reserved 1093632K
  class space    used 5980K, capacity 6441K, committed 6476K, reserved 1048576K
2020-12-20T12:35:11.521+0000: 25.483: [GC (Allocation Failure) 2020-12-20T12:35:11.521+0000: 25.483: [ParNew
Desired survivor size 2162688 bytes, new threshold 6 (max 6)
- age   1:      93432 bytes,      93432 total
- age   2:      34672 bytes,     128104 total
- age   3:      33704 bytes,     161808 total
- age   4:      30912 bytes,     192720 total
- age   5:      46160 bytes,     238880 total
: 34544K->260K(38080K), 0.0027487 secs] 64286K->30001K(122752K), 0.0029064 secs] [Times: user=0.01 sys=0.00, real=0.00 secs] 
Heap after GC invocations=132 (full 2):
 par new generation   total 38080K, used 260K [0x0000000085c00000, 0x0000000088550000, 0x000000009a8c0000)
  eden space 33856K,   0% used [0x0000000085c00000, 0x0000000085c00000, 0x0000000087d10000)
  from space 4224K,   6% used [0x0000000087d10000, 0x0000000087d51020, 0x0000000088130000)
  to   space 4224K,   0% used [0x0000000088130000, 0x0000000088130000, 0x0000000088550000)
 concurrent mark-sweep generation total 84672K, used 29741K [0x000000009a8c0000, 0x000000009fb70000, 0x0000000100000000)
 Metaspace       used 47734K, capacity 50198K, committed 50508K, reserved 1093632K
  class space    used 5980K, capacity 6441K, committed 6476K, reserved 1048576K
}
2020-12-20T12:35:11.524+0000: 25.486: Total time for which application threads were stopped: 0.0032589 seconds, Stopping threads took: 0.0000431 seconds
{Heap before GC invocations=132 (full 2):
 par new generation   total 38080K, used 34116K [0x0000000085c00000, 0x0000000088550000, 0x000000009a8c0000)
  eden space 33856K, 100% used [0x0000000085c00000, 0x0000000087d10000, 0x0000000087d10000)
  from space 4224K,   6% used [0x0000000087d10000, 0x0000000087d51020, 0x0000000088130000)
  to   space 4224K,   0% used [0x0000000088130000, 0x0000000088130000, 0x0000000088550000)
 concurrent mark-sweep generation total 84672K, used 29741K [0x000000009a8c0000, 0x000000009fb70000, 0x0000000100000000)
 Metaspace       used 47928K, capacity 50358K, committed 50508K, reserved 1093632K
  class space    used 6022K, capacity 6473K, committed 6476K, reserved 1048576K
2020-12-20T12:35:11.628+0000: 25.590: [GC (Allocation Failure) 2020-12-20T12:35:11.628+0000: 25.590: [ParNew
Desired survivor size 2162688 bytes, new threshold 6 (max 6)
- age   1:     589152 bytes,     589152 total
- age   2:      34536 bytes,     623688 total
- age   3:      33808 bytes,     657496 total
- age   4:      33720 bytes,     691216 total
- age   5:      30912 bytes,     722128 total
- age   6:      46160 bytes,     768288 total
: 34116K->825K(38080K), 0.0037228 secs] 63857K->30567K(122752K), 0.0038654 secs] [Times: user=0.01 sys=0.00, real=0.00 secs] 
Heap after GC invocations=133 (full 2):
 par new generation   total 38080K, used 825K [0x0000000085c00000, 0x0000000088550000, 0x000000009a8c0000)
  eden space 33856K,   0% used [0x0000000085c00000, 0x0000000085c00000, 0x0000000087d10000)
  from space 4224K,  19% used [0x0000000088130000, 0x00000000881fe618, 0x0000000088550000)
  to   space 4224K,   0% used [0x0000000087d10000, 0x0000000087d10000, 0x0000000088130000)
 concurrent mark-sweep generation total 84672K, used 29741K [0x000000009a8c0000, 0x000000009fb70000, 0x0000000100000000)
 Metaspace       used 47928K, capacity 50358K, committed 50508K, reserved 1093632K
  class space    used 6022K, capacity 6473K, committed 6476K, reserved 1048576K
}
2020-12-20T12:35:11.632+0000: 25.594: Total time for which application threads were stopped: 0.0043012 seconds, Stopping threads took: 0.0000601 seconds
{Heap before GC invocations=133 (full 2):
 par new generation   total 38080K, used 34681K [0x0000000085c00000, 0x0000000088550000, 0x000000009a8c0000)
  eden space 33856K, 100% used [0x0000000085c00000, 0x0000000087d10000, 0x0000000087d10000)
  from space 4224K,  19% used [0x0000000088130000, 0x00000000881fe618, 0x0000000088550000)
  to   space 4224K,   0% used [0x0000000087d10000, 0x0000000087d10000, 0x0000000088130000)
 concurrent mark-sweep generation total 84672K, used 29741K [0x000000009a8c0000, 0x000000009fb70000, 0x0000000100000000)
 Metaspace       used 48301K, capacity 50808K, committed 51148K, reserved 1093632K
  class space    used 6075K, capacity 6548K, committed 6604K, reserved 1048576K
2020-12-20T12:35:11.744+0000: 25.706: [GC (Allocation Failure) 2020-12-20T12:35:11.744+0000: 25.706: [ParNew
Desired survivor size 2162688 bytes, new threshold 6 (max 6)
- age   1:     809752 bytes,     809752 total
- age   2:      56032 bytes,     865784 total
- age   3:      33248 bytes,     899032 total
- age   4:      31680 bytes,     930712 total
- age   5:      33672 bytes,     964384 total
- age   6:      30384 bytes,     994768 total
: 34681K->1079K(38080K), 0.0046778 secs] 64423K->30861K(122752K), 0.0048348 secs] [Times: user=0.02 sys=0.00, real=0.01 secs] 
Heap after GC invocations=134 (full 2):
 par new generation   total 38080K, used 1079K [0x0000000085c00000, 0x0000000088550000, 0x000000009a8c0000)
  eden space 33856K,   0% used [0x0000000085c00000, 0x0000000085c00000, 0x0000000087d10000)
  from space 4224K,  25% used [0x0000000087d10000, 0x0000000087e1dd08, 0x0000000088130000)
  to   space 4224K,   0% used [0x0000000088130000, 0x0000000088130000, 0x0000000088550000)
 concurrent mark-sweep generation total 84672K, used 29781K [0x000000009a8c0000, 0x000000009fb70000, 0x0000000100000000)
 Metaspace       used 48301K, capacity 50808K, committed 51148K, reserved 1093632K
  class space    used 6075K, capacity 6548K, committed 6604K, reserved 1048576K
}
2020-12-20T12:35:11.749+0000: 25.711: Total time for which application threads were stopped: 0.0051720 seconds, Stopping threads took: 0.0000395 seconds
{Heap before GC invocations=134 (full 2):
 par new generation   total 38080K, used 34935K [0x0000000085c00000, 0x0000000088550000, 0x000000009a8c0000)
  eden space 33856K, 100% used [0x0000000085c00000, 0x0000000087d10000, 0x0000000087d10000)
  from space 4224K,  25% used [0x0000000087d10000, 0x0000000087e1dd08, 0x0000000088130000)
  to   space 4224K,   0% used [0x0000000088130000, 0x0000000088130000, 0x0000000088550000)
 concurrent mark-sweep generation total 84672K, used 29781K [0x000000009a8c0000, 0x000000009fb70000, 0x0000000100000000)
 Metaspace       used 48569K, capacity 51096K, committed 51404K, reserved 1093632K
  class space    used 6127K, capacity 6580K, committed 6604K, reserved 1048576K
2020-12-20T12:35:11.883+0000: 25.845: [GC (Allocation Failure) 2020-12-20T12:35:11.883+0000: 25.845: [ParNew
Desired survivor size 2162688 bytes, new threshold 6 (max 6)
- age   1:    1283488 bytes,    1283488 total
- age   2:      87048 bytes,    1370536 total
- age   3:      55200 bytes,    1425736 total
- age   4:      33248 bytes,    1458984 total
- age   5:      31680 bytes,    1490664 total
- age   6:      33672 bytes,    1524336 total
: 34935K->1789K(38080K), 0.0099056 secs] 64717K->31603K(122752K), 0.0100585 secs] [Times: user=0.02 sys=0.00, real=0.01 secs] 
Heap after GC invocations=135 (full 2):
 par new generation   total 38080K, used 1789K [0x0000000085c00000, 0x0000000088550000, 0x000000009a8c0000)
  eden space 33856K,   0% used [0x0000000085c00000, 0x0000000085c00000, 0x0000000087d10000)
  from space 4224K,  42% used [0x0000000088130000, 0x00000000882ef7f0, 0x0000000088550000)
  to   space 4224K,   0% used [0x0000000087d10000, 0x0000000087d10000, 0x0000000088130000)
 concurrent mark-sweep generation total 84672K, used 29813K [0x000000009a8c0000, 0x000000009fb70000, 0x0000000100000000)
 Metaspace       used 48569K, capacity 51096K, committed 51404K, reserved 1093632K
  class space    used 6127K, capacity 6580K, committed 6604K, reserved 1048576K
}
2020-12-20T12:35:11.893+0000: 25.855: Total time for which application threads were stopped: 0.0103402 seconds, Stopping threads took: 0.0000374 seconds
{Heap before GC invocations=135 (full 2):
 par new generation   total 38080K, used 35645K [0x0000000085c00000, 0x0000000088550000, 0x000000009a8c0000)
  eden space 33856K, 100% used [0x0000000085c00000, 0x0000000087d10000, 0x0000000087d10000)
  from space 4224K,  42% used [0x0000000088130000, 0x00000000882ef7f0, 0x0000000088550000)
  to   space 4224K,   0% used [0x0000000087d10000, 0x0000000087d10000, 0x0000000088130000)
 concurrent mark-sweep generation total 84672K, used 29813K [0x000000009a8c0000, 0x000000009fb70000, 0x0000000100000000)
 Metaspace       used 49165K, capacity 51718K, committed 51916K, reserved 1093632K
  class space    used 6270K, capacity 6747K, committed 6860K, reserved 1048576K
2020-12-20T12:35:12.050+0000: 26.013: [GC (Allocation Failure) 2020-12-20T12:35:12.050+0000: 26.013: [ParNew
Desired survivor size 2162688 bytes, new threshold 6 (max 6)
- age   1:     278240 bytes,     278240 total
- age   2:      71872 bytes,     350112 total
- age   3:      85696 bytes,     435808 total
- age   4:      55200 bytes,     491008 total
- age   5:      33248 bytes,     524256 total
- age   6:      31680 bytes,     555936 total
: 35645K->652K(38080K), 0.0040715 secs] 65459K->30499K(122752K), 0.0041971 secs] [Times: user=0.01 sys=0.00, real=0.01 secs] 
Heap after GC invocations=136 (full 2):
 par new generation   total 38080K, used 652K [0x0000000085c00000, 0x0000000088550000, 0x000000009a8c0000)
  eden space 33856K,   0% used [0x0000000085c00000, 0x0000000085c00000, 0x0000000087d10000)
  from space 4224K,  15% used [0x0000000087d10000, 0x0000000087db3070, 0x0000000088130000)
  to   space 4224K,   0% used [0x0000000088130000, 0x0000000088130000, 0x0000000088550000)
 concurrent mark-sweep generation total 84672K, used 29847K [0x000000009a8c0000, 0x000000009fb70000, 0x0000000100000000)
 Metaspace       used 49165K, capacity 51718K, committed 51916K, reserved 1093632K
  class space    used 6270K, capacity 6747K, committed 6860K, reserved 1048576K
}
2020-12-20T12:35:12.055+0000: 26.017: Total time for which application threads were stopped: 0.0044838 seconds, Stopping threads took: 0.0000672 seconds
{Heap before GC invocations=136 (full 2):
 par new generation   total 38080K, used 34508K [0x0000000085c00000, 0x0000000088550000, 0x000000009a8c0000)
  eden space 33856K, 100% used [0x0000000085c00000, 0x0000000087d10000, 0x0000000087d10000)
  from space 4224K,  15% used [0x0000000087d10000, 0x0000000087db3070, 0x0000000088130000)
  to   space 4224K,   0% used [0x0000000088130000, 0x0000000088130000, 0x0000000088550000)
 concurrent mark-sweep generation total 84672K, used 29847K [0x000000009a8c0000, 0x000000009fb70000, 0x0000000100000000)
 Metaspace       used 49649K, capacity 52114K, committed 52428K, reserved 1095680K
  class space    used 6359K, capacity 6813K, committed 6860K, reserved 1048576K
2020-12-20T12:35:12.188+0000: 26.150: [GC (Allocation Failure) 2020-12-20T12:35:12.188+0000: 26.150: [ParNew
Desired survivor size 2162688 bytes, new threshold 6 (max 6)
- age   1:     704976 bytes,     704976 total
- age   2:      74480 bytes,     779456 total
- age   3:      71440 bytes,     850896 total
- age   4:      85576 bytes,     936472 total
- age   5:      55200 bytes,     991672 total
- age   6:      33248 bytes,    1024920 total
: 34508K->1225K(38080K), 0.0065813 secs] 64355K->31105K(122752K), 0.0067418 secs] [Times: user=0.02 sys=0.00, real=0.01 secs] 
Heap after GC invocations=137 (full 2):
 par new generation   total 38080K, used 1225K [0x0000000085c00000, 0x0000000088550000, 0x000000009a8c0000)
  eden space 33856K,   0% used [0x0000000085c00000, 0x0000000085c00000, 0x0000000087d10000)
  from space 4224K,  29% used [0x0000000088130000, 0x0000000088262438, 0x0000000088550000)
  to   space 4224K,   0% used [0x0000000087d10000, 0x0000000087d10000, 0x0000000088130000)
 concurrent mark-sweep generation total 84672K, used 29880K [0x000000009a8c0000, 0x000000009fb70000, 0x0000000100000000)
 Metaspace       used 49649K, capacity 52114K, committed 52428K, reserved 1095680K
  class space    used 6359K, capacity 6813K, committed 6860K, reserved 1048576K
}
2020-12-20T12:35:12.195+0000: 26.157: Total time for which application threads were stopped: 0.0070180 seconds, Stopping threads took: 0.0000435 seconds
{Heap before GC invocations=137 (full 2):
 par new generation   total 38080K, used 35081K [0x0000000085c00000, 0x0000000088550000, 0x000000009a8c0000)
  eden space 33856K, 100% used [0x0000000085c00000, 0x0000000087d10000, 0x0000000087d10000)
  from space 4224K,  29% used [0x0000000088130000, 0x0000000088262438, 0x0000000088550000)
  to   space 4224K,   0% used [0x0000000087d10000, 0x0000000087d10000, 0x0000000088130000)
 concurrent mark-sweep generation total 84672K, used 29880K [0x000000009a8c0000, 0x000000009fb70000, 0x0000000100000000)
 Metaspace       used 50433K, capacity 52988K, committed 53324K, reserved 1095680K
  class space    used 6448K, capacity 6912K, committed 6988K, reserved 1048576K
2020-12-20T12:35:12.391+0000: 26.353: [GC (Allocation Failure) 2020-12-20T12:35:12.391+0000: 26.354: [ParNew
Desired survivor size 2162688 bytes, new threshold 6 (max 6)
- age   1:    1041952 bytes,    1041952 total
- age   2:      69824 bytes,    1111776 total
- age   3:      74064 bytes,    1185840 total
- age   4:      71104 bytes,    1256944 total
- age   5:      85528 bytes,    1342472 total
- age   6:      55200 bytes,    1397672 total
: 35081K->1622K(38080K), 0.0086544 secs] 64961K->31536K(122752K), 0.0087869 secs] [Times: user=0.03 sys=0.00, real=0.01 secs] 
Heap after GC invocations=138 (full 2):
 par new generation   total 38080K, used 1622K [0x0000000085c00000, 0x0000000088550000, 0x000000009a8c0000)
  eden space 33856K,   0% used [0x0000000085c00000, 0x0000000085c00000, 0x0000000087d10000)
  from space 4224K,  38% used [0x0000000087d10000, 0x0000000087ea5910, 0x0000000088130000)
  to   space 4224K,   0% used [0x0000000088130000, 0x0000000088130000, 0x0000000088550000)
 concurrent mark-sweep generation total 84672K, used 29914K [0x000000009a8c0000, 0x000000009fb70000, 0x0000000100000000)
 Metaspace       used 50433K, capacity 52988K, committed 53324K, reserved 1095680K
  class space    used 6448K, capacity 6912K, committed 6988K, reserved 1048576K
}
2020-12-20T12:35:12.400+0000: 26.362: Total time for which application threads were stopped: 0.0090910 seconds, Stopping threads took: 0.0000371 seconds
2020-12-20T12:35:12.404+0000: 26.366: Total time for which application threads were stopped: 0.0008280 seconds, Stopping threads took: 0.0000386 seconds
{Heap before GC invocations=138 (full 2):
 par new generation   total 38080K, used 35478K [0x0000000085c00000, 0x0000000088550000, 0x000000009a8c0000)
  eden space 33856K, 100% used [0x0000000085c00000, 0x0000000087d10000, 0x0000000087d10000)
  from space 4224K,  38% used [0x0000000087d10000, 0x0000000087ea5910, 0x0000000088130000)
  to   space 4224K,   0% used [0x0000000088130000, 0x0000000088130000, 0x0000000088550000)
 concurrent mark-sweep generation total 84672K, used 29914K [0x000000009a8c0000, 0x000000009fb70000, 0x0000000100000000)
 Metaspace       used 51506K, capacity 53986K, committed 54220K, reserved 1095680K
  class space    used 6556K, capacity 7009K, committed 7116K, reserved 1048576K
2020-12-20T12:35:12.645+0000: 26.607: [GC (Allocation Failure) 2020-12-20T12:35:12.645+0000: 26.607: [ParNew
Desired survivor size 2162688 bytes, new threshold 6 (max 6)
- age   1:    1207584 bytes,    1207584 total
- age   2:     163656 bytes,    1371240 total
- age   3:      69000 bytes,    1440240 total
- age   4:      74128 bytes,    1514368 total
- age   5:      70672 bytes,    1585040 total
- age   6:      85528 bytes,    1670568 total
: 35478K->1969K(38080K), 0.0101935 secs] 65392K->31939K(122752K), 0.0103573 secs] [Times: user=0.03 sys=0.00, real=0.02 secs] 
Heap after GC invocations=139 (full 2):
 par new generation   total 38080K, used 1969K [0x0000000085c00000, 0x0000000088550000, 0x000000009a8c0000)
  eden space 33856K,   0% used [0x0000000085c00000, 0x0000000085c00000, 0x0000000087d10000)
  from space 4224K,  46% used [0x0000000088130000, 0x000000008831c7c0, 0x0000000088550000)
  to   space 4224K,   0% used [0x0000000087d10000, 0x0000000087d10000, 0x0000000088130000)
 concurrent mark-sweep generation total 84672K, used 29969K [0x000000009a8c0000, 0x000000009fb70000, 0x0000000100000000)
 Metaspace       used 51506K, capacity 53986K, committed 54220K, reserved 1095680K
  class space    used 6556K, capacity 7009K, committed 7116K, reserved 1048576K
}
2020-12-20T12:35:12.655+0000: 26.618: Total time for which application threads were stopped: 0.0106896 seconds, Stopping threads took: 0.0000713 seconds
{Heap before GC invocations=139 (full 2):
 par new generation   total 38080K, used 35825K [0x0000000085c00000, 0x0000000088550000, 0x000000009a8c0000)
  eden space 33856K, 100% used [0x0000000085c00000, 0x0000000087d10000, 0x0000000087d10000)
  from space 4224K,  46% used [0x0000000088130000, 0x000000008831c7c0, 0x0000000088550000)
  to   space 4224K,   0% used [0x0000000087d10000, 0x0000000087d10000, 0x0000000088130000)
 concurrent mark-sweep generation total 84672K, used 29969K [0x000000009a8c0000, 0x000000009fb70000, 0x0000000100000000)
 Metaspace       used 52157K, capacity 54692K, committed 54988K, reserved 1097728K
  class space    used 6623K, capacity 7074K, committed 7116K, reserved 1048576K
2020-12-20T12:35:13.074+0000: 27.036: [GC (Allocation Failure) 2020-12-20T12:35:13.074+0000: 27.036: [ParNew
Desired survivor size 2162688 bytes, new threshold 6 (max 6)
- age   1:    1492096 bytes,    1492096 total
- age   2:     248904 bytes,    1741000 total
- age   3:     160528 bytes,    1901528 total
- age   4:      68880 bytes,    1970408 total
- age   5:      74032 bytes,    2044440 total
- age   6:      70208 bytes,    2114648 total
: 35825K->2433K(38080K), 0.0055331 secs] 65795K->32489K(122752K), 0.0056665 secs] [Times: user=0.02 sys=0.00, real=0.00 secs] 
Heap after GC invocations=140 (full 2):
 par new generation   total 38080K, used 2433K [0x0000000085c00000, 0x0000000088550000, 0x000000009a8c0000)
  eden space 33856K,   0% used [0x0000000085c00000, 0x0000000085c00000, 0x0000000087d10000)
  from space 4224K,  57% used [0x0000000087d10000, 0x0000000087f70420, 0x0000000088130000)
  to   space 4224K,   0% used [0x0000000088130000, 0x0000000088130000, 0x0000000088550000)
 concurrent mark-sweep generation total 84672K, used 30056K [0x000000009a8c0000, 0x000000009fb70000, 0x0000000100000000)
 Metaspace       used 52157K, capacity 54692K, committed 54988K, reserved 1097728K
  class space    used 6623K, capacity 7074K, committed 7116K, reserved 1048576K
}
2020-12-20T12:35:13.080+0000: 27.042: Total time for which application threads were stopped: 0.0060320 seconds, Stopping threads took: 0.0000385 seconds
{Heap before GC invocations=140 (full 2):
 par new generation   total 38080K, used 36289K [0x0000000085c00000, 0x0000000088550000, 0x000000009a8c0000)
  eden space 33856K, 100% used [0x0000000085c00000, 0x0000000087d10000, 0x0000000087d10000)
  from space 4224K,  57% used [0x0000000087d10000, 0x0000000087f70420, 0x0000000088130000)
  to   space 4224K,   0% used [0x0000000088130000, 0x0000000088130000, 0x0000000088550000)
 concurrent mark-sweep generation total 84672K, used 30056K [0x000000009a8c0000, 0x000000009fb70000, 0x0000000100000000)
 Metaspace       used 52722K, capacity 55242K, committed 55628K, reserved 1097728K
  class space    used 6708K, capacity 7171K, committed 7244K, reserved 1048576K
2020-12-20T12:35:13.185+0000: 27.147: [GC (Allocation Failure) 2020-12-20T12:35:13.185+0000: 27.147: [ParNew
Desired survivor size 2162688 bytes, new threshold 6 (max 6)
- age   1:     312800 bytes,     312800 total
- age   2:    1245504 bytes,    1558304 total
- age   3:     247656 bytes,    1805960 total
- age   4:     160504 bytes,    1966464 total
- age   5:      68880 bytes,    2035344 total
- age   6:      74032 bytes,    2109376 total
: 36289K->2584K(38080K), 0.0058958 secs] 66345K->32708K(122752K), 0.0060885 secs] [Times: user=0.02 sys=0.00, real=0.01 secs] 
Heap after GC invocations=141 (full 2):
 par new generation   total 38080K, used 2584K [0x0000000085c00000, 0x0000000088550000, 0x000000009a8c0000)
  eden space 33856K,   0% used [0x0000000085c00000, 0x0000000085c00000, 0x0000000087d10000)
  from space 4224K,  61% used [0x0000000088130000, 0x00000000883b6148, 0x0000000088550000)
  to   space 4224K,   0% used [0x0000000087d10000, 0x0000000087d10000, 0x0000000088130000)
 concurrent mark-sweep generation total 84672K, used 30123K [0x000000009a8c0000, 0x000000009fb70000, 0x0000000100000000)
 Metaspace       used 52722K, capacity 55242K, committed 55628K, reserved 1097728K
  class space    used 6708K, capacity 7171K, committed 7244K, reserved 1048576K
}
2020-12-20T12:35:13.191+0000: 27.153: Total time for which application threads were stopped: 0.0064626 seconds, Stopping threads took: 0.0000415 seconds
{Heap before GC invocations=141 (full 2):
 par new generation   total 38080K, used 36440K [0x0000000085c00000, 0x0000000088550000, 0x000000009a8c0000)
  eden space 33856K, 100% used [0x0000000085c00000, 0x0000000087d10000, 0x0000000087d10000)
  from space 4224K,  61% used [0x0000000088130000, 0x00000000883b6148, 0x0000000088550000)
  to   space 4224K,   0% used [0x0000000087d10000, 0x0000000087d10000, 0x0000000088130000)
 concurrent mark-sweep generation total 84672K, used 30123K [0x000000009a8c0000, 0x000000009fb70000, 0x0000000100000000)
 Metaspace       used 53301K, capacity 55818K, committed 56140K, reserved 1097728K
  class space    used 6767K, capacity 7235K, committed 7244K, reserved 1048576K
2020-12-20T12:35:13.335+0000: 27.297: [GC (Allocation Failure) 2020-12-20T12:35:13.335+0000: 27.297: [ParNew
Desired survivor size 2162688 bytes, new threshold 6 (max 6)
- age   1:     371656 bytes,     371656 total
- age   2:      56704 bytes,     428360 total
- age   3:    1244984 bytes,    1673344 total
- age   4:     247312 bytes,    1920656 total
- age   5:     160504 bytes,    2081160 total
- age   6:      68904 bytes,    2150064 total
: 36440K->2884K(38080K), 0.0065192 secs] 66564K->33083K(122752K), 0.0066943 secs] [Times: user=0.02 sys=0.00, real=0.00 secs] 
Heap after GC invocations=142 (full 2):
 par new generation   total 38080K, used 2884K [0x0000000085c00000, 0x0000000088550000, 0x000000009a8c0000)
  eden space 33856K,   0% used [0x0000000085c00000, 0x0000000085c00000, 0x0000000087d10000)
  from space 4224K,  68% used [0x0000000087d10000, 0x0000000087fe1068, 0x0000000088130000)
  to   space 4224K,   0% used [0x0000000088130000, 0x0000000088130000, 0x0000000088550000)
 concurrent mark-sweep generation total 84672K, used 30199K [0x000000009a8c0000, 0x000000009fb70000, 0x0000000100000000)
 Metaspace       used 53301K, capacity 55818K, committed 56140K, reserved 1097728K
  class space    used 6767K, capacity 7235K, committed 7244K, reserved 1048576K
}
2020-12-20T12:35:13.341+0000: 27.304: Total time for which application threads were stopped: 0.0070183 seconds, Stopping threads took: 0.0000372 seconds
{Heap before GC invocations=142 (full 2):
 par new generation   total 38080K, used 36740K [0x0000000085c00000, 0x0000000088550000, 0x000000009a8c0000)
  eden space 33856K, 100% used [0x0000000085c00000, 0x0000000087d10000, 0x0000000087d10000)
  from space 4224K,  68% used [0x0000000087d10000, 0x0000000087fe1068, 0x0000000088130000)
  to   space 4224K,   0% used [0x0000000088130000, 0x0000000088130000, 0x0000000088550000)
 concurrent mark-sweep generation total 84672K, used 30199K [0x000000009a8c0000, 0x000000009fb70000, 0x0000000100000000)
 Metaspace       used 53760K, capacity 56284K, committed 56524K, reserved 1097728K
  class space    used 6838K, capacity 7302K, committed 7372K, reserved 1048576K
2020-12-20T12:35:13.558+0000: 27.520: [GC (Allocation Failure) 2020-12-20T12:35:13.558+0000: 27.520: [ParNew
Desired survivor size 2162688 bytes, new threshold 6 (max 6)
- age   1:     499680 bytes,     499680 total
- age   2:     110560 bytes,     610240 total
- age   3:      53344 bytes,     663584 total
- age   4:    1244984 bytes,    1908568 total
- age   5:     246768 bytes,    2155336 total
- age   6:     160488 bytes,    2315824 total
: 36740K->3318K(38080K), 0.0094926 secs] 66939K->33588K(122752K), 0.0096562 secs] [Times: user=0.04 sys=0.00, real=0.01 secs] 
Heap after GC invocations=143 (full 2):
 par new generation   total 38080K, used 3318K [0x0000000085c00000, 0x0000000088550000, 0x000000009a8c0000)
  eden space 33856K,   0% used [0x0000000085c00000, 0x0000000085c00000, 0x0000000087d10000)
  from space 4224K,  78% used [0x0000000088130000, 0x000000008846db08, 0x0000000088550000)
  to   space 4224K,   0% used [0x0000000087d10000, 0x0000000087d10000, 0x0000000088130000)
 concurrent mark-sweep generation total 84672K, used 30269K [0x000000009a8c0000, 0x000000009fb70000, 0x0000000100000000)
 Metaspace       used 53760K, capacity 56284K, committed 56524K, reserved 1097728K
  class space    used 6838K, capacity 7302K, committed 7372K, reserved 1048576K
}
2020-12-20T12:35:13.568+0000: 27.530: Total time for which application threads were stopped: 0.0100634 seconds, Stopping threads took: 0.0001222 seconds
{Heap before GC invocations=143 (full 2):
 par new generation   total 38080K, used 37174K [0x0000000085c00000, 0x0000000088550000, 0x000000009a8c0000)
  eden space 33856K, 100% used [0x0000000085c00000, 0x0000000087d10000, 0x0000000087d10000)
  from space 4224K,  78% used [0x0000000088130000, 0x000000008846db08, 0x0000000088550000)
  to   space 4224K,   0% used [0x0000000087d10000, 0x0000000087d10000, 0x0000000088130000)
 concurrent mark-sweep generation total 84672K, used 30269K [0x000000009a8c0000, 0x000000009fb70000, 0x0000000100000000)
 Metaspace       used 54308K, capacity 56814K, committed 57036K, reserved 1099776K
  class space    used 6907K, capacity 7369K, committed 7372K, reserved 1048576K
2020-12-20T12:35:13.900+0000: 27.863: [GC (Allocation Failure) 2020-12-20T12:35:13.900+0000: 27.863: [ParNew
Desired survivor size 2162688 bytes, new threshold 5 (max 6)
- age   1:    1114872 bytes,    1114872 total
- age   2:     369880 bytes,    1484752 total
- age   3:     102456 bytes,    1587208 total
- age   4:      53016 bytes,    1640224 total
- age   5:    1244952 bytes,    2885176 total
- age   6:     246768 bytes,    3131944 total
: 37174K->4069K(38080K), 0.0287585 secs] 67444K->34499K(122752K), 0.0289089 secs] [Times: user=0.11 sys=0.00, real=0.03 secs] 
Heap after GC invocations=144 (full 2):
 par new generation   total 38080K, used 4069K [0x0000000085c00000, 0x0000000088550000, 0x000000009a8c0000)
  eden space 33856K,   0% used [0x0000000085c00000, 0x0000000085c00000, 0x0000000087d10000)
  from space 4224K,  96% used [0x0000000087d10000, 0x0000000088109430, 0x0000000088130000)
  to   space 4224K,   0% used [0x0000000088130000, 0x0000000088130000, 0x0000000088550000)
 concurrent mark-sweep generation total 84672K, used 30430K [0x000000009a8c0000, 0x000000009fb70000, 0x0000000100000000)
 Metaspace       used 54308K, capacity 56814K, committed 57036K, reserved 1099776K
  class space    used 6907K, capacity 7369K, committed 7372K, reserved 1048576K
}
2020-12-20T12:35:13.929+0000: 27.892: Total time for which application threads were stopped: 0.0292902 seconds, Stopping threads took: 0.0000449 seconds
{Heap before GC invocations=144 (full 2):
 par new generation   total 38080K, used 37925K [0x0000000085c00000, 0x0000000088550000, 0x000000009a8c0000)
  eden space 33856K, 100% used [0x0000000085c00000, 0x0000000087d10000, 0x0000000087d10000)
  from space 4224K,  96% used [0x0000000087d10000, 0x0000000088109430, 0x0000000088130000)
  to   space 4224K,   0% used [0x0000000088130000, 0x0000000088130000, 0x0000000088550000)
 concurrent mark-sweep generation total 84672K, used 30430K [0x000000009a8c0000, 0x000000009fb70000, 0x0000000100000000)
 Metaspace       used 54869K, capacity 57444K, committed 57676K, reserved 1099776K
  class space    used 6994K, capacity 7470K, committed 7500K, reserved 1048576K
2020-12-20T12:35:14.160+0000: 28.122: [GC (Allocation Failure) 2020-12-20T12:35:14.160+0000: 28.123: [ParNew
Desired survivor size 2162688 bytes, new threshold 6 (max 6)
- age   1:     609144 bytes,     609144 total
- age   2:     687816 bytes,    1296960 total
- age   3:     367392 bytes,    1664352 total
- age   4:     102456 bytes,    1766808 total
- age   5:      53016 bytes,    1819824 total
: 37925K->3608K(38080K), 0.0246272 secs] 68355K->35525K(122752K), 0.0248029 secs] [Times: user=0.09 sys=0.00, real=0.02 secs] 
Heap after GC invocations=145 (full 2):
 par new generation   total 38080K, used 3608K [0x0000000085c00000, 0x0000000088550000, 0x000000009a8c0000)
  eden space 33856K,   0% used [0x0000000085c00000, 0x0000000085c00000, 0x0000000087d10000)
  from space 4224K,  85% used [0x0000000088130000, 0x00000000884b60a8, 0x0000000088550000)
  to   space 4224K,   0% used [0x0000000087d10000, 0x0000000087d10000, 0x0000000088130000)
 concurrent mark-sweep generation total 84672K, used 31916K [0x000000009a8c0000, 0x000000009fb70000, 0x0000000100000000)
 Metaspace       used 54869K, capacity 57444K, committed 57676K, reserved 1099776K
  class space    used 6994K, capacity 7470K, committed 7500K, reserved 1048576K
}
2020-12-20T12:35:14.185+0000: 28.147: Total time for which application threads were stopped: 0.0251256 seconds, Stopping threads took: 0.0000458 seconds
{Heap before GC invocations=145 (full 2):
 par new generation   total 38080K, used 37464K [0x0000000085c00000, 0x0000000088550000, 0x000000009a8c0000)
  eden space 33856K, 100% used [0x0000000085c00000, 0x0000000087d10000, 0x0000000087d10000)
  from space 4224K,  85% used [0x0000000088130000, 0x00000000884b60a8, 0x0000000088550000)
  to   space 4224K,   0% used [0x0000000087d10000, 0x0000000087d10000, 0x0000000088130000)
 concurrent mark-sweep generation total 84672K, used 31916K [0x000000009a8c0000, 0x000000009fb70000, 0x0000000100000000)
 Metaspace       used 55190K, capacity 57770K, committed 58060K, reserved 1099776K
  class space    used 7049K, capacity 7535K, committed 7628K, reserved 1048576K
2020-12-20T12:35:14.367+0000: 28.329: [GC (Allocation Failure) 2020-12-20T12:35:14.367+0000: 28.329: [ParNew
Desired survivor size 2162688 bytes, new threshold 6 (max 6)
- age   1:     262680 bytes,     262680 total
- age   2:     117896 bytes,     380576 total
- age   3:     687096 bytes,    1067672 total
- age   4:     367392 bytes,    1435064 total
- age   5:     102456 bytes,    1537520 total
- age   6:      53016 bytes,    1590536 total
: 37464K->2155K(38080K), 0.0111002 secs] 69381K->34072K(122752K), 0.0112430 secs] [Times: user=0.04 sys=0.00, real=0.01 secs] 
Heap after GC invocations=146 (full 2):
 par new generation   total 38080K, used 2155K [0x0000000085c00000, 0x0000000088550000, 0x000000009a8c0000)
  eden space 33856K,   0% used [0x0000000085c00000, 0x0000000085c00000, 0x0000000087d10000)
  from space 4224K,  51% used [0x0000000087d10000, 0x0000000087f2acf0, 0x0000000088130000)
  to   space 4224K,   0% used [0x0000000088130000, 0x0000000088130000, 0x0000000088550000)
 concurrent mark-sweep generation total 84672K, used 31916K [0x000000009a8c0000, 0x000000009fb70000, 0x0000000100000000)
 Metaspace       used 55190K, capacity 57770K, committed 58060K, reserved 1099776K
  class space    used 7049K, capacity 7535K, committed 7628K, reserved 1048576K
}
2020-12-20T12:35:14.378+0000: 28.341: Total time for which application threads were stopped: 0.0115972 seconds, Stopping threads took: 0.0000776 seconds
{Heap before GC invocations=146 (full 2):
 par new generation   total 38080K, used 36011K [0x0000000085c00000, 0x0000000088550000, 0x000000009a8c0000)
  eden space 33856K, 100% used [0x0000000085c00000, 0x0000000087d10000, 0x0000000087d10000)
  from space 4224K,  51% used [0x0000000087d10000, 0x0000000087f2acf0, 0x0000000088130000)
  to   space 4224K,   0% used [0x0000000088130000, 0x0000000088130000, 0x0000000088550000)
 concurrent mark-sweep generation total 84672K, used 31916K [0x000000009a8c0000, 0x000000009fb70000, 0x0000000100000000)
 Metaspace       used 55659K, capacity 58194K, committed 58572K, reserved 1099776K
  class space    used 7106K, capacity 7569K, committed 7628K, reserved 1048576K
2020-12-20T12:35:14.582+0000: 28.544: [GC (Allocation Failure) 2020-12-20T12:35:14.582+0000: 28.544: [ParNew
Desired survivor size 2162688 bytes, new threshold 5 (max 6)
- age   1:    1249360 bytes,    1249360 total
- age   2:      78816 bytes,    1328176 total
- age   3:     116304 bytes,    1444480 total
- age   4:     682240 bytes,    2126720 total
- age   5:     360288 bytes,    2487008 total
- age   6:     102456 bytes,    2589464 total
: 36011K->3428K(38080K), 0.0103378 secs] 67928K->35400K(122752K), 0.0105116 secs] [Times: user=0.03 sys=0.00, real=0.01 secs] 
Heap after GC invocations=147 (full 2):
 par new generation   total 38080K, used 3428K [0x0000000085c00000, 0x0000000088550000, 0x000000009a8c0000)
  eden space 33856K,   0% used [0x0000000085c00000, 0x0000000085c00000, 0x0000000087d10000)
  from space 4224K,  81% used [0x0000000088130000, 0x00000000884892b8, 0x0000000088550000)
  to   space 4224K,   0% used [0x0000000087d10000, 0x0000000087d10000, 0x0000000088130000)
 concurrent mark-sweep generation total 84672K, used 31971K [0x000000009a8c0000, 0x000000009fb70000, 0x0000000100000000)
 Metaspace       used 55659K, capacity 58194K, committed 58572K, reserved 1099776K
  class space    used 7106K, capacity 7569K, committed 7628K, reserved 1048576K
}
2020-12-20T12:35:14.593+0000: 28.555: Total time for which application threads were stopped: 0.0109398 seconds, Stopping threads took: 0.0000888 seconds
{Heap before GC invocations=147 (full 2):
 par new generation   total 38080K, used 37284K [0x0000000085c00000, 0x0000000088550000, 0x000000009a8c0000)
  eden space 33856K, 100% used [0x0000000085c00000, 0x0000000087d10000, 0x0000000087d10000)
  from space 4224K,  81% used [0x0000000088130000, 0x00000000884892b8, 0x0000000088550000)
  to   space 4224K,   0% used [0x0000000087d10000, 0x0000000087d10000, 0x0000000088130000)
 concurrent mark-sweep generation total 84672K, used 31971K [0x000000009a8c0000, 0x000000009fb70000, 0x0000000100000000)
 Metaspace       used 56441K, capacity 58994K, committed 59468K, reserved 1101824K
  class space    used 7197K, capacity 7665K, committed 7756K, reserved 1048576K
2020-12-20T12:35:14.742+0000: 28.704: [GC (Allocation Failure) 2020-12-20T12:35:14.742+0000: 28.704: [ParNew
Desired survivor size 2162688 bytes, new threshold 6 (max 6)
- age   1:     869256 bytes,     869256 total
- age   2:     386552 bytes,    1255808 total
- age   3:      78424 bytes,    1334232 total
- age   4:     115768 bytes,    1450000 total
- age   5:     682064 bytes,    2132064 total
: 37284K->2769K(38080K), 0.0094673 secs] 69256K->35206K(122752K), 0.0096208 secs] [Times: user=0.03 sys=0.00, real=0.01 secs] 
Heap after GC invocations=148 (full 2):
 par new generation   total 38080K, used 2769K [0x0000000085c00000, 0x0000000088550000, 0x000000009a8c0000)
  eden space 33856K,   0% used [0x0000000085c00000, 0x0000000085c00000, 0x0000000087d10000)
  from space 4224K,  65% used [0x0000000087d10000, 0x0000000087fc4748, 0x0000000088130000)
  to   space 4224K,   0% used [0x0000000088130000, 0x0000000088130000, 0x0000000088550000)
 concurrent mark-sweep generation total 84672K, used 32436K [0x000000009a8c0000, 0x000000009fb70000, 0x0000000100000000)
 Metaspace       used 56441K, capacity 58994K, committed 59468K, reserved 1101824K
  class space    used 7197K, capacity 7665K, committed 7756K, reserved 1048576K
}
2020-12-20T12:35:14.752+0000: 28.714: Total time for which application threads were stopped: 0.0099986 seconds, Stopping threads took: 0.0000380 seconds
{Heap before GC invocations=148 (full 2):
 par new generation   total 38080K, used 36625K [0x0000000085c00000, 0x0000000088550000, 0x000000009a8c0000)
  eden space 33856K, 100% used [0x0000000085c00000, 0x0000000087d10000, 0x0000000087d10000)
  from space 4224K,  65% used [0x0000000087d10000, 0x0000000087fc4748, 0x0000000088130000)
  to   space 4224K,   0% used [0x0000000088130000, 0x0000000088130000, 0x0000000088550000)
 concurrent mark-sweep generation total 84672K, used 32436K [0x000000009a8c0000, 0x000000009fb70000, 0x0000000100000000)
 Metaspace       used 56619K, capacity 59166K, committed 59468K, reserved 1101824K
  class space    used 7236K, capacity 7699K, committed 7756K, reserved 1048576K
2020-12-20T12:35:14.835+0000: 28.798: [GC (Allocation Failure) 2020-12-20T12:35:14.836+0000: 28.798: [ParNew
Desired survivor size 2162688 bytes, new threshold 6 (max 6)
- age   1:     406880 bytes,     406880 total
- age   2:      86616 bytes,     493496 total
- age   3:     386128 bytes,     879624 total
- age   4:      78496 bytes,     958120 total
- age   5:     115792 bytes,    1073912 total
- age   6:     682136 bytes,    1756048 total
: 36625K->2871K(38080K), 0.0068107 secs] 69062K->35308K(122752K), 0.0069771 secs] [Times: user=0.02 sys=0.00, real=0.00 secs] 
Heap after GC invocations=149 (full 2):
 par new generation   total 38080K, used 2871K [0x0000000085c00000, 0x0000000088550000, 0x000000009a8c0000)
  eden space 33856K,   0% used [0x0000000085c00000, 0x0000000085c00000, 0x0000000087d10000)
  from space 4224K,  67% used [0x0000000088130000, 0x00000000883fdfa8, 0x0000000088550000)
  to   space 4224K,   0% used [0x0000000087d10000, 0x0000000087d10000, 0x0000000088130000)
 concurrent mark-sweep generation total 84672K, used 32436K [0x000000009a8c0000, 0x000000009fb70000, 0x0000000100000000)
 Metaspace       used 56619K, capacity 59166K, committed 59468K, reserved 1101824K
  class space    used 7236K, capacity 7699K, committed 7756K, reserved 1048576K
}
2020-12-20T12:35:14.843+0000: 28.805: Total time for which application threads were stopped: 0.0073635 seconds, Stopping threads took: 0.0000420 seconds
{Heap before GC invocations=149 (full 2):
 par new generation   total 38080K, used 36727K [0x0000000085c00000, 0x0000000088550000, 0x000000009a8c0000)
  eden space 33856K, 100% used [0x0000000085c00000, 0x0000000087d10000, 0x0000000087d10000)
  from space 4224K,  67% used [0x0000000088130000, 0x00000000883fdfa8, 0x0000000088550000)
  to   space 4224K,   0% used [0x0000000087d10000, 0x0000000087d10000, 0x0000000088130000)
 concurrent mark-sweep generation total 84672K, used 32436K [0x000000009a8c0000, 0x000000009fb70000, 0x0000000100000000)
 Metaspace       used 56862K, capacity 59422K, committed 59852K, reserved 1101824K
  class space    used 7290K, capacity 7763K, committed 7884K, reserved 1048576K
2020-12-20T12:35:14.935+0000: 28.897: [GC (Allocation Failure) 2020-12-20T12:35:14.935+0000: 28.897: [ParNew
Desired survivor size 2162688 bytes, new threshold 6 (max 6)
- age   1:      82472 bytes,      82472 total
- age   2:      52464 bytes,     134936 total
- age   3:      85680 bytes,     220616 total
- age   4:     386008 bytes,     606624 total
- age   5:      78400 bytes,     685024 total
- age   6:     115744 bytes,     800768 total
: 36727K->1149K(38080K), 0.0057324 secs] 69164K->34265K(122752K), 0.0058858 secs] [Times: user=0.01 sys=0.00, real=0.00 secs] 
Heap after GC invocations=150 (full 2):
 par new generation   total 38080K, used 1149K [0x0000000085c00000, 0x0000000088550000, 0x000000009a8c0000)
  eden space 33856K,   0% used [0x0000000085c00000, 0x0000000085c00000, 0x0000000087d10000)
  from space 4224K,  27% used [0x0000000087d10000, 0x0000000087e2f6e8, 0x0000000088130000)
  to   space 4224K,   0% used [0x0000000088130000, 0x0000000088130000, 0x0000000088550000)
 concurrent mark-sweep generation total 84672K, used 33115K [0x000000009a8c0000, 0x000000009fb70000, 0x0000000100000000)
 Metaspace       used 56862K, capacity 59422K, committed 59852K, reserved 1101824K
  class space    used 7290K, capacity 7763K, committed 7884K, reserved 1048576K
}
2020-12-20T12:35:14.941+0000: 28.903: Total time for which application threads were stopped: 0.0062587 seconds, Stopping threads took: 0.0000419 seconds
{Heap before GC invocations=150 (full 2):
 par new generation   total 38080K, used 35005K [0x0000000085c00000, 0x0000000088550000, 0x000000009a8c0000)
  eden space 33856K, 100% used [0x0000000085c00000, 0x0000000087d10000, 0x0000000087d10000)
  from space 4224K,  27% used [0x0000000087d10000, 0x0000000087e2f6e8, 0x0000000088130000)
  to   space 4224K,   0% used [0x0000000088130000, 0x0000000088130000, 0x0000000088550000)
 concurrent mark-sweep generation total 84672K, used 33115K [0x000000009a8c0000, 0x000000009fb70000, 0x0000000100000000)
 Metaspace       used 57144K, capacity 59748K, committed 60108K, reserved 1101824K
  class space    used 7357K, capacity 7828K, committed 7884K, reserved 1048576K
2020-12-20T12:35:15.033+0000: 28.996: [GC (Allocation Failure) 2020-12-20T12:35:15.034+0000: 28.996: [ParNew
Desired survivor size 2162688 bytes, new threshold 6 (max 6)
- age   1:     214040 bytes,     214040 total
- age   2:      32792 bytes,     246832 total
- age   3:      51656 bytes,     298488 total
- age   4:      85704 bytes,     384192 total
- age   5:     386096 bytes,     770288 total
- age   6:      78400 bytes,     848688 total
: 35005K->1322K(38080K), 0.0050836 secs] 68121K->34554K(122752K), 0.0052929 secs] [Times: user=0.01 sys=0.00, real=0.00 secs] 
Heap after GC invocations=151 (full 2):
 par new generation   total 38080K, used 1322K [0x0000000085c00000, 0x0000000088550000, 0x000000009a8c0000)
  eden space 33856K,   0% used [0x0000000085c00000, 0x0000000085c00000, 0x0000000087d10000)
  from space 4224K,  31% used [0x0000000088130000, 0x000000008827a830, 0x0000000088550000)
  to   space 4224K,   0% used [0x0000000087d10000, 0x0000000087d10000, 0x0000000088130000)
 concurrent mark-sweep generation total 84672K, used 33232K [0x000000009a8c0000, 0x000000009fb70000, 0x0000000100000000)
 Metaspace       used 57144K, capacity 59748K, committed 60108K, reserved 1101824K
  class space    used 7357K, capacity 7828K, committed 7884K, reserved 1048576K
}
2020-12-20T12:35:15.039+0000: 29.001: Total time for which application threads were stopped: 0.0057746 seconds, Stopping threads took: 0.0000423 seconds
{Heap before GC invocations=151 (full 2):
 par new generation   total 38080K, used 35178K [0x0000000085c00000, 0x0000000088550000, 0x000000009a8c0000)
  eden space 33856K, 100% used [0x0000000085c00000, 0x0000000087d10000, 0x0000000087d10000)
  from space 4224K,  31% used [0x0000000088130000, 0x000000008827a830, 0x0000000088550000)
  to   space 4224K,   0% used [0x0000000087d10000, 0x0000000087d10000, 0x0000000088130000)
 concurrent mark-sweep generation total 84672K, used 33232K [0x000000009a8c0000, 0x000000009fb70000, 0x0000000100000000)
 Metaspace       used 57328K, capacity 59908K, committed 60108K, reserved 1101824K
  class space    used 7400K, capacity 7860K, committed 7884K, reserved 1048576K
2020-12-20T12:35:15.113+0000: 29.075: [GC (Allocation Failure) 2020-12-20T12:35:15.113+0000: 29.075: [ParNew
Desired survivor size 2162688 bytes, new threshold 6 (max 6)
- age   1:      77128 bytes,      77128 total
- age   2:      43880 bytes,     121008 total
- age   3:      32376 bytes,     153384 total
- age   4:      51656 bytes,     205040 total
- age   5:      85680 bytes,     290720 total
- age   6:     386096 bytes,     676816 total
: 35178K->937K(38080K), 0.0036044 secs] 68410K->34250K(122752K), 0.0037856 secs] [Times: user=0.00 sys=0.00, real=0.01 secs] 
Heap after GC invocations=152 (full 2):
 par new generation   total 38080K, used 937K [0x0000000085c00000, 0x0000000088550000, 0x000000009a8c0000)
  eden space 33856K,   0% used [0x0000000085c00000, 0x0000000085c00000, 0x0000000087d10000)
  from space 4224K,  22% used [0x0000000087d10000, 0x0000000087dfa7e8, 0x0000000088130000)
  to   space 4224K,   0% used [0x0000000088130000, 0x0000000088130000, 0x0000000088550000)
 concurrent mark-sweep generation total 84672K, used 33312K [0x000000009a8c0000, 0x000000009fb70000, 0x0000000100000000)
 Metaspace       used 57328K, capacity 59908K, committed 60108K, reserved 1101824K
  class space    used 7400K, capacity 7860K, committed 7884K, reserved 1048576K
}
2020-12-20T12:35:15.117+0000: 29.079: Total time for which application threads were stopped: 0.0041931 seconds, Stopping threads took: 0.0000415 seconds
{Heap before GC invocations=152 (full 2):
 par new generation   total 38080K, used 34793K [0x0000000085c00000, 0x0000000088550000, 0x000000009a8c0000)
  eden space 33856K, 100% used [0x0000000085c00000, 0x0000000087d10000, 0x0000000087d10000)
  from space 4224K,  22% used [0x0000000087d10000, 0x0000000087dfa7e8, 0x0000000088130000)
  to   space 4224K,   0% used [0x0000000088130000, 0x0000000088130000, 0x0000000088550000)
 concurrent mark-sweep generation total 84672K, used 33312K [0x000000009a8c0000, 0x000000009fb70000, 0x0000000100000000)
 Metaspace       used 57553K, capacity 60206K, committed 60492K, reserved 1101824K
  class space    used 7441K, capacity 7931K, committed 8012K, reserved 1048576K
2020-12-20T12:35:15.239+0000: 29.201: [GC (Allocation Failure) 2020-12-20T12:35:15.239+0000: 29.201: [ParNew
Desired survivor size 2162688 bytes, new threshold 6 (max 6)
- age   1:     138240 bytes,     138240 total
- age   2:      27456 bytes,     165696 total
- age   3:      42352 bytes,     208048 total
- age   4:      32352 bytes,     240400 total
- age   5:      51632 bytes,     292032 total
- age   6:      85280 bytes,     377312 total
: 34793K->618K(38080K), 0.0048815 secs] 68106K->34315K(122752K), 0.0050520 secs] [Times: user=0.02 sys=0.00, real=0.00 secs] 
Heap after GC invocations=153 (full 2):
 par new generation   total 38080K, used 618K [0x0000000085c00000, 0x0000000088550000, 0x000000009a8c0000)
  eden space 33856K,   0% used [0x0000000085c00000, 0x0000000085c00000, 0x0000000087d10000)
  from space 4224K,  14% used [0x0000000088130000, 0x00000000881caad0, 0x0000000088550000)
  to   space 4224K,   0% used [0x0000000087d10000, 0x0000000087d10000, 0x0000000088130000)
 concurrent mark-sweep generation total 84672K, used 33696K [0x000000009a8c0000, 0x000000009fb70000, 0x0000000100000000)
 Metaspace       used 57553K, capacity 60206K, committed 60492K, reserved 1101824K
  class space    used 7441K, capacity 7931K, committed 8012K, reserved 1048576K
}
2020-12-20T12:35:15.244+0000: 29.206: Total time for which application threads were stopped: 0.0054198 seconds, Stopping threads took: 0.0000328 seconds
{Heap before GC invocations=153 (full 2):
 par new generation   total 38080K, used 34474K [0x0000000085c00000, 0x0000000088550000, 0x000000009a8c0000)
  eden space 33856K, 100% used [0x0000000085c00000, 0x0000000087d10000, 0x0000000087d10000)
  from space 4224K,  14% used [0x0000000088130000, 0x00000000881caad0, 0x0000000088550000)
  to   space 4224K,   0% used [0x0000000087d10000, 0x0000000087d10000, 0x0000000088130000)
 concurrent mark-sweep generation total 84672K, used 33696K [0x000000009a8c0000, 0x000000009fb70000, 0x0000000100000000)
 Metaspace       used 57851K, capacity 60494K, committed 60748K, reserved 1101824K
  class space    used 7480K, capacity 7963K, committed 8012K, reserved 1048576K
2020-12-20T12:35:15.333+0000: 29.296: [GC (Allocation Failure) 2020-12-20T12:35:15.333+0000: 29.296: [ParNew
Desired survivor size 2162688 bytes, new threshold 6 (max 6)
- age   1:     323616 bytes,     323616 total
- age   2:      85736 bytes,     409352 total
- age   3:      27040 bytes,     436392 total
- age   4:      42360 bytes,     478752 total
- age   5:      31936 bytes,     510688 total
- age   6:      51632 bytes,     562320 total
: 34474K->661K(38080K), 0.0044196 secs] 68171K->34444K(122752K), 0.0045807 secs] [Times: user=0.01 sys=0.00, real=0.00 secs] 
Heap after GC invocations=154 (full 2):
 par new generation   total 38080K, used 661K [0x0000000085c00000, 0x0000000088550000, 0x000000009a8c0000)
  eden space 33856K,   0% used [0x0000000085c00000, 0x0000000085c00000, 0x0000000087d10000)
  from space 4224K,  15% used [0x0000000087d10000, 0x0000000087db5488, 0x0000000088130000)
  to   space 4224K,   0% used [0x0000000088130000, 0x0000000088130000, 0x0000000088550000)
 concurrent mark-sweep generation total 84672K, used 33782K [0x000000009a8c0000, 0x000000009fb70000, 0x0000000100000000)
 Metaspace       used 57851K, capacity 60494K, committed 60748K, reserved 1101824K
  class space    used 7480K, capacity 7963K, committed 8012K, reserved 1048576K
}
2020-12-20T12:35:15.338+0000: 29.300: Total time for which application threads were stopped: 0.0050152 seconds, Stopping threads took: 0.0000294 seconds
{Heap before GC invocations=154 (full 2):
 par new generation   total 38080K, used 34517K [0x0000000085c00000, 0x0000000088550000, 0x000000009a8c0000)
  eden space 33856K, 100% used [0x0000000085c00000, 0x0000000087d10000, 0x0000000087d10000)
  from space 4224K,  15% used [0x0000000087d10000, 0x0000000087db5488, 0x0000000088130000)
  to   space 4224K,   0% used [0x0000000088130000, 0x0000000088130000, 0x0000000088550000)
 concurrent mark-sweep generation total 84672K, used 33782K [0x000000009a8c0000, 0x000000009fb70000, 0x0000000100000000)
 Metaspace       used 58071K, capacity 60718K, committed 61004K, reserved 1101824K
  class space    used 7519K, capacity 7995K, committed 8012K, reserved 1048576K
2020-12-20T12:35:15.430+0000: 29.393: [GC (Allocation Failure) 2020-12-20T12:35:15.430+0000: 29.393: [ParNew
Desired survivor size 2162688 bytes, new threshold 6 (max 6)
- age   1:     330896 bytes,     330896 total
- age   2:      28424 bytes,     359320 total
- age   3:      85192 bytes,     444512 total
- age   4:      27040 bytes,     471552 total
- age   5:      42336 bytes,     513888 total
- age   6:      31960 bytes,     545848 total
: 34517K->689K(38080K), 0.0041863 secs] 68300K->34525K(122752K), 0.0043570 secs] [Times: user=0.01 sys=0.00, real=0.01 secs] 
Heap after GC invocations=155 (full 2):
 par new generation   total 38080K, used 689K [0x0000000085c00000, 0x0000000088550000, 0x000000009a8c0000)
  eden space 33856K,   0% used [0x0000000085c00000, 0x0000000085c00000, 0x0000000087d10000)
  from space 4224K,  16% used [0x0000000088130000, 0x00000000881dc6e0, 0x0000000088550000)
  to   space 4224K,   0% used [0x0000000087d10000, 0x0000000087d10000, 0x0000000088130000)
 concurrent mark-sweep generation total 84672K, used 33835K [0x000000009a8c0000, 0x000000009fb70000, 0x0000000100000000)
 Metaspace       used 58071K, capacity 60718K, committed 61004K, reserved 1101824K
  class space    used 7519K, capacity 7995K, committed 8012K, reserved 1048576K
}
2020-12-20T12:35:15.435+0000: 29.397: Total time for which application threads were stopped: 0.0047199 seconds, Stopping threads took: 0.0000380 seconds
{Heap before GC invocations=155 (full 2):
 par new generation   total 38080K, used 34545K [0x0000000085c00000, 0x0000000088550000, 0x000000009a8c0000)
  eden space 33856K, 100% used [0x0000000085c00000, 0x0000000087d10000, 0x0000000087d10000)
  from space 4224K,  16% used [0x0000000088130000, 0x00000000881dc6e0, 0x0000000088550000)
  to   space 4224K,   0% used [0x0000000087d10000, 0x0000000087d10000, 0x0000000088130000)
 concurrent mark-sweep generation total 84672K, used 33835K [0x000000009a8c0000, 0x000000009fb70000, 0x0000000100000000)
 Metaspace       used 58332K, capacity 60948K, committed 61388K, reserved 1101824K
  class space    used 7575K, capacity 8028K, committed 8140K, reserved 1048576K
2020-12-20T12:35:15.576+0000: 29.538: [GC (Allocation Failure) 2020-12-20T12:35:15.576+0000: 29.538: [ParNew
Desired survivor size 2162688 bytes, new threshold 6 (max 6)
- age   1:     241288 bytes,     241288 total
- age   2:      31288 bytes,     272576 total
- age   3:      24544 bytes,     297120 total
- age   4:      33056 bytes,     330176 total
- age   5:      25392 bytes,     355568 total
- age   6:      42288 bytes,     397856 total
: 34545K->570K(38080K), 0.0031717 secs] 68381K->34437K(122752K), 0.0033234 secs] [Times: user=0.02 sys=0.00, real=0.00 secs] 
Heap after GC invocations=156 (full 2):
 par new generation   total 38080K, used 570K [0x0000000085c00000, 0x0000000088550000, 0x000000009a8c0000)
  eden space 33856K,   0% used [0x0000000085c00000, 0x0000000085c00000, 0x0000000087d10000)
  from space 4224K,  13% used [0x0000000087d10000, 0x0000000087d9e9d8, 0x0000000088130000)
  to   space 4224K,   0% used [0x0000000088130000, 0x0000000088130000, 0x0000000088550000)
 concurrent mark-sweep generation total 84672K, used 33866K [0x000000009a8c0000, 0x000000009fb70000, 0x0000000100000000)
 Metaspace       used 58332K, capacity 60948K, committed 61388K, reserved 1101824K
  class space    used 7575K, capacity 8028K, committed 8140K, reserved 1048576K
}
2020-12-20T12:35:15.579+0000: 29.541: Total time for which application threads were stopped: 0.0036806 seconds, Stopping threads took: 0.0000701 seconds
2020-12-20T12:35:15.780+0000: 29.742: Total time for which application threads were stopped: 0.0002891 seconds, Stopping threads took: 0.0000454 seconds
2020-12-20T12:35:15.955+0000: 29.917: Total time for which application threads were stopped: 0.0003431 seconds, Stopping threads took: 0.0000840 seconds
{Heap before GC invocations=156 (full 2):
 par new generation   total 38080K, used 34426K [0x0000000085c00000, 0x0000000088550000, 0x000000009a8c0000)
  eden space 33856K, 100% used [0x0000000085c00000, 0x0000000087d10000, 0x0000000087d10000)
  from space 4224K,  13% used [0x0000000087d10000, 0x0000000087d9e9d8, 0x0000000088130000)
  to   space 4224K,   0% used [0x0000000088130000, 0x0000000088130000, 0x0000000088550000)
 concurrent mark-sweep generation total 84672K, used 33866K [0x000000009a8c0000, 0x000000009fb70000, 0x0000000100000000)
 Metaspace       used 58726K, capacity 61330K, committed 61644K, reserved 1103872K
  class space    used 7591K, capacity 8065K, committed 8140K, reserved 1048576K
2020-12-20T12:35:16.033+0000: 29.995: [GC (Allocation Failure) 2020-12-20T12:35:16.033+0000: 29.995: [ParNew
Desired survivor size 2162688 bytes, new threshold 6 (max 6)
- age   1:     653512 bytes,     653512 total
- age   2:      75816 bytes,     729328 total
- age   3:      30896 bytes,     760224 total
- age   4:      24496 bytes,     784720 total
- age   5:      32664 bytes,     817384 total
- age   6:      25376 bytes,     842760 total
: 34426K->926K(38080K), 0.0048838 secs] 68293K->34835K(122752K), 0.0050084 secs] [Times: user=0.01 sys=0.00, real=0.01 secs] 
Heap after GC invocations=157 (full 2):
 par new generation   total 38080K, used 926K [0x0000000085c00000, 0x0000000088550000, 0x000000009a8c0000)
  eden space 33856K,   0% used [0x0000000085c00000, 0x0000000085c00000, 0x0000000087d10000)
  from space 4224K,  21% used [0x0000000088130000, 0x00000000882178a0, 0x0000000088550000)
  to   space 4224K,   0% used [0x0000000087d10000, 0x0000000087d10000, 0x0000000088130000)
 concurrent mark-sweep generation total 84672K, used 33908K [0x000000009a8c0000, 0x000000009fb70000, 0x0000000100000000)
 Metaspace       used 58726K, capacity 61330K, committed 61644K, reserved 1103872K
  class space    used 7591K, capacity 8065K, committed 8140K, reserved 1048576K
}
2020-12-20T12:35:16.038+0000: 30.000: Total time for which application threads were stopped: 0.0053512 seconds, Stopping threads took: 0.0000326 seconds
{Heap before GC invocations=157 (full 2):
 par new generation   total 38080K, used 34782K [0x0000000085c00000, 0x0000000088550000, 0x000000009a8c0000)
  eden space 33856K, 100% used [0x0000000085c00000, 0x0000000087d10000, 0x0000000087d10000)
  from space 4224K,  21% used [0x0000000088130000, 0x00000000882178a0, 0x0000000088550000)
  to   space 4224K,   0% used [0x0000000087d10000, 0x0000000087d10000, 0x0000000088130000)
 concurrent mark-sweep generation total 84672K, used 33908K [0x000000009a8c0000, 0x000000009fb70000, 0x0000000100000000)
 Metaspace       used 59063K, capacity 61698K, committed 62156K, reserved 1103872K
  class space    used 7628K, capacity 8103K, committed 8140K, reserved 1048576K
2020-12-20T12:35:16.313+0000: 30.275: [GC (Allocation Failure) 2020-12-20T12:35:16.313+0000: 30.275: [ParNew
Desired survivor size 2162688 bytes, new threshold 6 (max 6)
- age   1:     937192 bytes,     937192 total
- age   2:     548320 bytes,    1485512 total
- age   3:      74296 bytes,    1559808 total
- age   4:      30848 bytes,    1590656 total
- age   5:      24496 bytes,    1615152 total
- age   6:      32168 bytes,    1647320 total
: 34782K->2024K(38080K), 0.0054796 secs] 68691K->35959K(122752K), 0.0056198 secs] [Times: user=0.01 sys=0.00, real=0.01 secs] 
Heap after GC invocations=158 (full 2):
 par new generation   total 38080K, used 2024K [0x0000000085c00000, 0x0000000088550000, 0x000000009a8c0000)
  eden space 33856K,   0% used [0x0000000085c00000, 0x0000000085c00000, 0x0000000087d10000)
  from space 4224K,  47% used [0x0000000087d10000, 0x0000000087f0a2a0, 0x0000000088130000)
  to   space 4224K,   0% used [0x0000000088130000, 0x0000000088130000, 0x0000000088550000)
 concurrent mark-sweep generation total 84672K, used 33934K [0x000000009a8c0000, 0x000000009fb70000, 0x0000000100000000)
 Metaspace       used 59063K, capacity 61698K, committed 62156K, reserved 1103872K
  class space    used 7628K, capacity 8103K, committed 8140K, reserved 1048576K
}
2020-12-20T12:35:16.319+0000: 30.281: Total time for which application threads were stopped: 0.0059696 seconds, Stopping threads took: 0.0000298 seconds
{Heap before GC invocations=158 (full 2):
 par new generation   total 38080K, used 35880K [0x0000000085c00000, 0x0000000088550000, 0x000000009a8c0000)
  eden space 33856K, 100% used [0x0000000085c00000, 0x0000000087d10000, 0x0000000087d10000)
  from space 4224K,  47% used [0x0000000087d10000, 0x0000000087f0a2a0, 0x0000000088130000)
  to   space 4224K,   0% used [0x0000000088130000, 0x0000000088130000, 0x0000000088550000)
 concurrent mark-sweep generation total 84672K, used 33934K [0x000000009a8c0000, 0x000000009fb70000, 0x0000000100000000)
 Metaspace       used 59455K, capacity 62082K, committed 62540K, reserved 1103872K
  class space    used 7690K, capacity 8167K, committed 8268K, reserved 1048576K
2020-12-20T12:35:16.411+0000: 30.373: [GC (Allocation Failure) 2020-12-20T12:35:16.411+0000: 30.373: [ParNew
Desired survivor size 2162688 bytes, new threshold 6 (max 6)
- age   1:     268024 bytes,     268024 total
- age   2:     298240 bytes,     566264 total
- age   3:     547904 bytes,    1114168 total
- age   4:      74296 bytes,    1188464 total
- age   5:      30848 bytes,    1219312 total
- age   6:      24496 bytes,    1243808 total
: 35880K->1829K(38080K), 0.0045998 secs] 69815K->35797K(122752K), 0.0047886 secs] [Times: user=0.02 sys=0.00, real=0.01 secs] 
Heap after GC invocations=159 (full 2):
 par new generation   total 38080K, used 1829K [0x0000000085c00000, 0x0000000088550000, 0x000000009a8c0000)
  eden space 33856K,   0% used [0x0000000085c00000, 0x0000000085c00000, 0x0000000087d10000)
  from space 4224K,  43% used [0x0000000088130000, 0x00000000882f9570, 0x0000000088550000)
  to   space 4224K,   0% used [0x0000000087d10000, 0x0000000087d10000, 0x0000000088130000)
 concurrent mark-sweep generation total 84672K, used 33967K [0x000000009a8c0000, 0x000000009fb70000, 0x0000000100000000)
 Metaspace       used 59455K, capacity 62082K, committed 62540K, reserved 1103872K
  class space    used 7690K, capacity 8167K, committed 8268K, reserved 1048576K
}
2020-12-20T12:35:16.416+0000: 30.378: Total time for which application threads were stopped: 0.0051842 seconds, Stopping threads took: 0.0000360 seconds
{Heap before GC invocations=159 (full 2):
 par new generation   total 38080K, used 35685K [0x0000000085c00000, 0x0000000088550000, 0x000000009a8c0000)
  eden space 33856K, 100% used [0x0000000085c00000, 0x0000000087d10000, 0x0000000087d10000)
  from space 4224K,  43% used [0x0000000088130000, 0x00000000882f9570, 0x0000000088550000)
  to   space 4224K,   0% used [0x0000000087d10000, 0x0000000087d10000, 0x0000000088130000)
 concurrent mark-sweep generation total 84672K, used 33967K [0x000000009a8c0000, 0x000000009fb70000, 0x0000000100000000)
 Metaspace       used 59930K, capacity 62532K, committed 62796K, reserved 1103872K
  class space    used 7757K, capacity 8232K, committed 8268K, reserved 1048576K
2020-12-20T12:35:16.585+0000: 30.547: [GC (Allocation Failure) 2020-12-20T12:35:16.585+0000: 30.547: [ParNew
Desired survivor size 2162688 bytes, new threshold 6 (max 6)
- age   1:     726104 bytes,     726104 total
- age   2:      74808 bytes,     800912 total
- age   3:     296968 bytes,    1097880 total
- age   4:     547904 bytes,    1645784 total
- age   5:      74296 bytes,    1720080 total
- age   6:      30848 bytes,    1750928 total
: 35685K->2218K(38080K), 0.0060890 secs] 69653K->36211K(122752K), 0.0062830 secs] [Times: user=0.02 sys=0.00, real=0.01 secs] 
Heap after GC invocations=160 (full 2):
 par new generation   total 38080K, used 2218K [0x0000000085c00000, 0x0000000088550000, 0x000000009a8c0000)
  eden space 33856K,   0% used [0x0000000085c00000, 0x0000000085c00000, 0x0000000087d10000)
  from space 4224K,  52% used [0x0000000087d10000, 0x0000000087f3a858, 0x0000000088130000)
  to   space 4224K,   0% used [0x0000000088130000, 0x0000000088130000, 0x0000000088550000)
 concurrent mark-sweep generation total 84672K, used 33993K [0x000000009a8c0000, 0x000000009fb70000, 0x0000000100000000)
 Metaspace       used 59930K, capacity 62532K, committed 62796K, reserved 1103872K
  class space    used 7757K, capacity 8232K, committed 8268K, reserved 1048576K
}
2020-12-20T12:35:16.591+0000: 30.553: Total time for which application threads were stopped: 0.0066486 seconds, Stopping threads took: 0.0000413 seconds
{Heap before GC invocations=160 (full 2):
 par new generation   total 38080K, used 36074K [0x0000000085c00000, 0x0000000088550000, 0x000000009a8c0000)
  eden space 33856K, 100% used [0x0000000085c00000, 0x0000000087d10000, 0x0000000087d10000)
  from space 4224K,  52% used [0x0000000087d10000, 0x0000000087f3a858, 0x0000000088130000)
  to   space 4224K,   0% used [0x0000000088130000, 0x0000000088130000, 0x0000000088550000)
 concurrent mark-sweep generation total 84672K, used 33993K [0x000000009a8c0000, 0x000000009fb70000, 0x0000000100000000)
 Metaspace       used 59963K, capacity 62532K, committed 62796K, reserved 1103872K
  class space    used 7762K, capacity 8232K, committed 8268K, reserved 1048576K
2020-12-20T12:35:16.660+0000: 30.622: [GC (Allocation Failure) 2020-12-20T12:35:16.660+0000: 30.622: [ParNew
Desired survivor size 2162688 bytes, new threshold 6 (max 6)
- age   1:      57464 bytes,      57464 total
- age   2:     546592 bytes,     604056 total
- age   3:      74392 bytes,     678448 total
- age   4:     296992 bytes,     975440 total
- age   5:     547904 bytes,    1523344 total
- age   6:      74296 bytes,    1597640 total
: 36074K->2147K(38080K), 0.0042025 secs] 70067K->36172K(122752K), 0.0043472 secs] [Times: user=0.01 sys=0.00, real=0.00 secs] 
Heap after GC invocations=161 (full 2):
 par new generation   total 38080K, used 2147K [0x0000000085c00000, 0x0000000088550000, 0x000000009a8c0000)
  eden space 33856K,   0% used [0x0000000085c00000, 0x0000000085c00000, 0x0000000087d10000)
  from space 4224K,  50% used [0x0000000088130000, 0x0000000088348e70, 0x0000000088550000)
  to   space 4224K,   0% used [0x0000000087d10000, 0x0000000087d10000, 0x0000000088130000)
 concurrent mark-sweep generation total 84672K, used 34024K [0x000000009a8c0000, 0x000000009fb70000, 0x0000000100000000)
 Metaspace       used 59963K, capacity 62532K, committed 62796K, reserved 1103872K
  class space    used 7762K, capacity 8232K, committed 8268K, reserved 1048576K
}
2020-12-20T12:35:16.664+0000: 30.626: Total time for which application threads were stopped: 0.0046464 seconds, Stopping threads took: 0.0000409 seconds
{Heap before GC invocations=161 (full 2):
 par new generation   total 38080K, used 36003K [0x0000000085c00000, 0x0000000088550000, 0x000000009a8c0000)
  eden space 33856K, 100% used [0x0000000085c00000, 0x0000000087d10000, 0x0000000087d10000)
  from space 4224K,  50% used [0x0000000088130000, 0x0000000088348e70, 0x0000000088550000)
  to   space 4224K,   0% used [0x0000000087d10000, 0x0000000087d10000, 0x0000000088130000)
 concurrent mark-sweep generation total 84672K, used 34024K [0x000000009a8c0000, 0x000000009fb70000, 0x0000000100000000)
 Metaspace       used 60136K, capacity 62698K, committed 63052K, reserved 1103872K
  class space    used 7791K, capacity 8265K, committed 8268K, reserved 1048576K
2020-12-20T12:35:16.753+0000: 30.715: [GC (Allocation Failure) 2020-12-20T12:35:16.753+0000: 30.715: [ParNew
Desired survivor size 2162688 bytes, new threshold 6 (max 6)
- age   1:     398464 bytes,     398464 total
- age   2:      48928 bytes,     447392 total
- age   3:     530816 bytes,     978208 total
- age   4:      74392 bytes,    1052600 total
- age   5:     296968 bytes,    1349568 total
- age   6:     547904 bytes,    1897472 total
: 36003K->2953K(38080K), 0.0095757 secs] 70028K->37052K(122752K), 0.0097481 secs] [Times: user=0.02 sys=0.00, real=0.01 secs] 
Heap after GC invocations=162 (full 2):
 par new generation   total 38080K, used 2953K [0x0000000085c00000, 0x0000000088550000, 0x000000009a8c0000)
  eden space 33856K,   0% used [0x0000000085c00000, 0x0000000085c00000, 0x0000000087d10000)
  from space 4224K,  69% used [0x0000000087d10000, 0x0000000087ff2488, 0x0000000088130000)
  to   space 4224K,   0% used [0x0000000088130000, 0x0000000088130000, 0x0000000088550000)
 concurrent mark-sweep generation total 84672K, used 34099K [0x000000009a8c0000, 0x000000009fb70000, 0x0000000100000000)
 Metaspace       used 60136K, capacity 62698K, committed 63052K, reserved 1103872K
  class space    used 7791K, capacity 8265K, committed 8268K, reserved 1048576K
}
2020-12-20T12:35:16.763+0000: 30.725: Total time for which application threads were stopped: 0.0101188 seconds, Stopping threads took: 0.0000637 seconds
{Heap before GC invocations=162 (full 2):
 par new generation   total 38080K, used 36809K [0x0000000085c00000, 0x0000000088550000, 0x000000009a8c0000)
  eden space 33856K, 100% used [0x0000000085c00000, 0x0000000087d10000, 0x0000000087d10000)
  from space 4224K,  69% used [0x0000000087d10000, 0x0000000087ff2488, 0x0000000088130000)
  to   space 4224K,   0% used [0x0000000088130000, 0x0000000088130000, 0x0000000088550000)
 concurrent mark-sweep generation total 84672K, used 34099K [0x000000009a8c0000, 0x000000009fb70000, 0x0000000100000000)
 Metaspace       used 60533K, capacity 63162K, committed 63436K, reserved 1103872K
  class space    used 7849K, capacity 8309K, committed 8396K, reserved 1048576K
2020-12-20T12:35:16.988+0000: 30.950: [GC (Allocation Failure) 2020-12-20T12:35:16.988+0000: 30.950: [ParNew
Desired survivor size 2162688 bytes, new threshold 6 (max 6)
- age   1:    1045256 bytes,    1045256 total
- age   2:      65576 bytes,    1110832 total
- age   3:      48512 bytes,    1159344 total
- age   4:     530816 bytes,    1690160 total
- age   5:      74392 bytes,    1764552 total
- age   6:     295416 bytes,    2059968 total
: 36809K->2512K(38080K), 0.0214975 secs] 70908K->37149K(122752K), 0.0216355 secs] [Times: user=0.08 sys=0.00, real=0.02 secs] 
Heap after GC invocations=163 (full 2):
 par new generation   total 38080K, used 2512K [0x0000000085c00000, 0x0000000088550000, 0x000000009a8c0000)
  eden space 33856K,   0% used [0x0000000085c00000, 0x0000000085c00000, 0x0000000087d10000)
  from space 4224K,  59% used [0x0000000088130000, 0x00000000883a4010, 0x0000000088550000)
  to   space 4224K,   0% used [0x0000000087d10000, 0x0000000087d10000, 0x0000000088130000)
 concurrent mark-sweep generation total 84672K, used 34637K [0x000000009a8c0000, 0x000000009fb70000, 0x0000000100000000)
 Metaspace       used 60533K, capacity 63162K, committed 63436K, reserved 1103872K
  class space    used 7849K, capacity 8309K, committed 8396K, reserved 1048576K
}
2020-12-20T12:35:17.009+0000: 30.972: Total time for which application threads were stopped: 0.0221585 seconds, Stopping threads took: 0.0000465 seconds
{Heap before GC invocations=163 (full 2):
 par new generation   total 38080K, used 36368K [0x0000000085c00000, 0x0000000088550000, 0x000000009a8c0000)
  eden space 33856K, 100% used [0x0000000085c00000, 0x0000000087d10000, 0x0000000087d10000)
  from space 4224K,  59% used [0x0000000088130000, 0x00000000883a4010, 0x0000000088550000)
  to   space 4224K,   0% used [0x0000000087d10000, 0x0000000087d10000, 0x0000000088130000)
 concurrent mark-sweep generation total 84672K, used 34637K [0x000000009a8c0000, 0x000000009fb70000, 0x0000000100000000)
 Metaspace       used 61318K, capacity 63976K, committed 64332K, reserved 1105920K
  class space    used 7938K, capacity 8408K, committed 8524K, reserved 1048576K
2020-12-20T12:35:17.224+0000: 31.187: [GC (Allocation Failure) 2020-12-20T12:35:17.224+0000: 31.187: [ParNew
Desired survivor size 2162688 bytes, new threshold 6 (max 6)
- age   1:     555632 bytes,     555632 total
- age   2:     381696 bytes,     937328 total
- age   3:      60320 bytes,     997648 total
- age   4:      48096 bytes,    1045744 total
- age   5:     530784 bytes,    1576528 total
- age   6:      74392 bytes,    1650920 total
: 36368K->2391K(38080K), 0.0173246 secs] 71005K->37321K(122752K), 0.0175108 secs] [Times: user=0.05 sys=0.00, real=0.02 secs] 
Heap after GC invocations=164 (full 2):
 par new generation   total 38080K, used 2391K [0x0000000085c00000, 0x0000000088550000, 0x000000009a8c0000)
  eden space 33856K,   0% used [0x0000000085c00000, 0x0000000085c00000, 0x0000000087d10000)
  from space 4224K,  56% used [0x0000000087d10000, 0x0000000087f65fe8, 0x0000000088130000)
  to   space 4224K,   0% used [0x0000000088130000, 0x0000000088130000, 0x0000000088550000)
 concurrent mark-sweep generation total 84672K, used 34929K [0x000000009a8c0000, 0x000000009fb70000, 0x0000000100000000)
 Metaspace       used 61318K, capacity 63976K, committed 64332K, reserved 1105920K
  class space    used 7938K, capacity 8408K, committed 8524K, reserved 1048576K
}
2020-12-20T12:35:17.242+0000: 31.204: Total time for which application threads were stopped: 0.0178457 seconds, Stopping threads took: 0.0000508 seconds
{Heap before GC invocations=164 (full 2):
 par new generation   total 38080K, used 36247K [0x0000000085c00000, 0x0000000088550000, 0x000000009a8c0000)
  eden space 33856K, 100% used [0x0000000085c00000, 0x0000000087d10000, 0x0000000087d10000)
  from space 4224K,  56% used [0x0000000087d10000, 0x0000000087f65fe8, 0x0000000088130000)
  to   space 4224K,   0% used [0x0000000088130000, 0x0000000088130000, 0x0000000088550000)
 concurrent mark-sweep generation total 84672K, used 34929K [0x000000009a8c0000, 0x000000009fb70000, 0x0000000100000000)
 Metaspace       used 61929K, capacity 64896K, committed 65220K, reserved 1105920K
  class space    used 8044K, capacity 8568K, committed 8652K, reserved 1048576K
2020-12-20T12:35:17.555+0000: 31.518: [GC (Allocation Failure) 2020-12-20T12:35:17.556+0000: 31.518: [ParNew
Desired survivor size 2162688 bytes, new threshold 6 (max 6)
- age   1:     605136 bytes,     605136 total
- age   2:      71184 bytes,     676320 total
- age   3:     369944 bytes,    1046264 total
- age   4:      60288 bytes,    1106552 total
- age   5:      48096 bytes,    1154648 total
- age   6:     530784 bytes,    1685432 total
: 36247K->2331K(38080K), 0.0105374 secs] 71177K->37337K(122752K), 0.0106822 secs] [Times: user=0.04 sys=0.00, real=0.01 secs] 
Heap after GC invocations=165 (full 2):
 par new generation   total 38080K, used 2331K [0x0000000085c00000, 0x0000000088550000, 0x000000009a8c0000)
  eden space 33856K,   0% used [0x0000000085c00000, 0x0000000085c00000, 0x0000000087d10000)
  from space 4224K,  55% used [0x0000000088130000, 0x0000000088376d28, 0x0000000088550000)
  to   space 4224K,   0% used [0x0000000087d10000, 0x0000000087d10000, 0x0000000088130000)
 concurrent mark-sweep generation total 84672K, used 35005K [0x000000009a8c0000, 0x000000009fb70000, 0x0000000100000000)
 Metaspace       used 61929K, capacity 64896K, committed 65220K, reserved 1105920K
  class space    used 8044K, capacity 8568K, committed 8652K, reserved 1048576K
}
2020-12-20T12:35:17.566+0000: 31.528: Total time for which application threads were stopped: 0.0110905 seconds, Stopping threads took: 0.0000856 seconds
2020-12-20T12:35:17.706+0000: 31.668: Total time for which application threads were stopped: 0.0011264 seconds, Stopping threads took: 0.0000416 seconds
2020-12-20T12:35:17.745+0000: 31.707: Total time for which application threads were stopped: 0.0001836 seconds, Stopping threads took: 0.0000427 seconds
{Heap before GC invocations=165 (full 2):
 par new generation   total 38080K, used 36187K [0x0000000085c00000, 0x0000000088550000, 0x000000009a8c0000)
  eden space 33856K, 100% used [0x0000000085c00000, 0x0000000087d10000, 0x0000000087d10000)
  from space 4224K,  55% used [0x0000000088130000, 0x0000000088376d28, 0x0000000088550000)
  to   space 4224K,   0% used [0x0000000087d10000, 0x0000000087d10000, 0x0000000088130000)
 concurrent mark-sweep generation total 84672K, used 35005K [0x000000009a8c0000, 0x000000009fb70000, 0x0000000100000000)
 Metaspace       used 62324K, capacity 65388K, committed 65476K, reserved 1105920K
  class space    used 8107K, capacity 8636K, committed 8652K, reserved 1048576K
2020-12-20T12:35:17.800+0000: 31.762: [GC (Allocation Failure) 2020-12-20T12:35:17.800+0000: 31.763: [ParNew
Desired survivor size 2162688 bytes, new threshold 6 (max 6)
- age   1:     604696 bytes,     604696 total
- age   2:     380896 bytes,     985592 total
- age   3:      69104 bytes,    1054696 total
- age   4:     364528 bytes,    1419224 total
- age   5:      60288 bytes,    1479512 total
- age   6:      48096 bytes,    1527608 total
: 36187K->2102K(38080K), 0.0118976 secs] 71193K->37630K(122752K), 0.0120508 secs] [Times: user=0.04 sys=0.00, real=0.01 secs] 
Heap after GC invocations=166 (full 2):
 par new generation   total 38080K, used 2102K [0x0000000085c00000, 0x0000000088550000, 0x000000009a8c0000)
  eden space 33856K,   0% used [0x0000000085c00000, 0x0000000085c00000, 0x0000000087d10000)
  from space 4224K,  49% used [0x0000000087d10000, 0x0000000087f1dbe0, 0x0000000088130000)
  to   space 4224K,   0% used [0x0000000088130000, 0x0000000088130000, 0x0000000088550000)
 concurrent mark-sweep generation total 84672K, used 35527K [0x000000009a8c0000, 0x000000009fb70000, 0x0000000100000000)
 Metaspace       used 62324K, capacity 65388K, committed 65476K, reserved 1105920K
  class space    used 8107K, capacity 8636K, committed 8652K, reserved 1048576K
}
2020-12-20T12:35:17.812+0000: 31.775: Total time for which application threads were stopped: 0.0123178 seconds, Stopping threads took: 0.0000418 seconds
2020-12-20T12:35:17.813+0000: 31.775: [GC (CMS Initial Mark) [1 CMS-initial-mark: 35527K(84672K)] 37632K(122752K), 0.0047253 secs] [Times: user=0.01 sys=0.00, real=0.01 secs] 
2020-12-20T12:35:17.817+0000: 31.780: Total time for which application threads were stopped: 0.0049896 seconds, Stopping threads took: 0.0000609 seconds
2020-12-20T12:35:17.818+0000: 31.780: [CMS-concurrent-mark-start]
2020-12-20T12:35:17.888+0000: 31.850: Total time for which application threads were stopped: 0.0013299 seconds, Stopping threads took: 0.0000717 seconds
2020-12-20T12:35:17.892+0000: 31.854: Total time for which application threads were stopped: 0.0002094 seconds, Stopping threads took: 0.0000428 seconds
2020-12-20T12:35:17.982+0000: 31.944: [CMS-concurrent-mark: 0.162/0.164 secs] [Times: user=0.61 sys=0.00, real=0.16 secs] 
2020-12-20T12:35:17.982+0000: 31.944: [CMS-concurrent-preclean-start]
2020-12-20T12:35:17.984+0000: 31.947: [CMS-concurrent-preclean: 0.003/0.003 secs] [Times: user=0.01 sys=0.00, real=0.00 secs] 
2020-12-20T12:35:17.985+0000: 31.947: [CMS-concurrent-abortable-preclean-start]
2020-12-20T12:35:17.985+0000: 31.947: Total time for which application threads were stopped: 0.0002111 seconds, Stopping threads took: 0.0000452 seconds
{Heap before GC invocations=166 (full 3):
 par new generation   total 38080K, used 35958K [0x0000000085c00000, 0x0000000088550000, 0x000000009a8c0000)
  eden space 33856K, 100% used [0x0000000085c00000, 0x0000000087d10000, 0x0000000087d10000)
  from space 4224K,  49% used [0x0000000087d10000, 0x0000000087f1dbe0, 0x0000000088130000)
  to   space 4224K,   0% used [0x0000000088130000, 0x0000000088130000, 0x0000000088550000)
 concurrent mark-sweep generation total 84672K, used 35527K [0x000000009a8c0000, 0x000000009fb70000, 0x0000000100000000)
 Metaspace       used 62991K, capacity 66102K, committed 66216K, reserved 1107968K
  class space    used 8188K, capacity 8719K, committed 8728K, reserved 1048576K
2020-12-20T12:35:18.074+0000: 32.036: [GC (Allocation Failure) 2020-12-20T12:35:18.074+0000: 32.036: [ParNew
Desired survivor size 2162688 bytes, new threshold 6 (max 6)
- age   1:     651280 bytes,     651280 total
- age   2:     195392 bytes,     846672 total
- age   3:     368664 bytes,    1215336 total
- age   4:      69024 bytes,    1284360 total
- age   5:     364152 bytes,    1648512 total
- age   6:      60264 bytes,    1708776 total
: 35958K->2490K(38080K), 0.0092937 secs] 71486K->38064K(122752K), 0.0094523 secs] [Times: user=0.02 sys=0.00, real=0.00 secs] 
Heap after GC invocations=167 (full 3):
 par new generation   total 38080K, used 2490K [0x0000000085c00000, 0x0000000088550000, 0x000000009a8c0000)
  eden space 33856K,   0% used [0x0000000085c00000, 0x0000000085c00000, 0x0000000087d10000)
  from space 4224K,  58% used [0x0000000088130000, 0x000000008839e878, 0x0000000088550000)
  to   space 4224K,   0% used [0x0000000087d10000, 0x0000000087d10000, 0x0000000088130000)
 concurrent mark-sweep generation total 84672K, used 35574K [0x000000009a8c0000, 0x000000009fb70000, 0x0000000100000000)
 Metaspace       used 62991K, capacity 66102K, committed 66216K, reserved 1107968K
  class space    used 8188K, capacity 8719K, committed 8728K, reserved 1048576K
}
2020-12-20T12:35:18.083+0000: 32.046: Total time for which application threads were stopped: 0.0097392 seconds, Stopping threads took: 0.0000420 seconds
2020-12-20T12:35:18.195+0000: 32.157: Total time for which application threads were stopped: 0.0002892 seconds, Stopping threads took: 0.0000421 seconds
2020-12-20T12:35:18.417+0000: 32.379: [CMS-concurrent-abortable-preclean: 0.221/0.432 secs] [Times: user=1.39 sys=0.02, real=0.44 secs] 
2020-12-20T12:35:18.417+0000: 32.379: [GC (CMS Final Remark) [YG occupancy: 26215 K (38080 K)]2020-12-20T12:35:18.417+0000: 32.380: [Rescan (parallel) , 0.0218526 secs]2020-12-20T12:35:18.439+0000: 32.401: [weak refs processing, 0.0003323 secs]2020-12-20T12:35:18.440+0000: 32.402: [class unloading, 0.0184530 secs]2020-12-20T12:35:18.458+0000: 32.420: [scrub symbol table, 0.0249309 secs]2020-12-20T12:35:18.483+0000: 32.445: [scrub string table, 0.0012394 secs][1 CMS-remark: 35574K(84672K)] 61790K(122752K), 0.0671758 secs] [Times: user=0.16 sys=0.00, real=0.06 secs] 
2020-12-20T12:35:18.484+0000: 32.447: Total time for which application threads were stopped: 0.0675011 seconds, Stopping threads took: 0.0000978 seconds
2020-12-20T12:35:18.485+0000: 32.447: [CMS-concurrent-sweep-start]
2020-12-20T12:35:18.485+0000: 32.448: Total time for which application threads were stopped: 0.0002602 seconds, Stopping threads took: 0.0001075 seconds
2020-12-20T12:35:18.525+0000: 32.487: [CMS-concurrent-sweep: 0.040/0.040 secs] [Times: user=0.15 sys=0.00, real=0.04 secs] 
2020-12-20T12:35:18.525+0000: 32.487: [CMS-concurrent-reset-start]
2020-12-20T12:35:18.531+0000: 32.494: [CMS-concurrent-reset: 0.006/0.006 secs] [Times: user=0.02 sys=0.00, real=0.01 secs] 
{Heap before GC invocations=167 (full 3):
 par new generation   total 38080K, used 36346K [0x0000000085c00000, 0x0000000088550000, 0x000000009a8c0000)
  eden space 33856K, 100% used [0x0000000085c00000, 0x0000000087d10000, 0x0000000087d10000)
  from space 4224K,  58% used [0x0000000088130000, 0x000000008839e878, 0x0000000088550000)
  to   space 4224K,   0% used [0x0000000087d10000, 0x0000000087d10000, 0x0000000088130000)
 concurrent mark-sweep generation total 84672K, used 33568K [0x000000009a8c0000, 0x000000009fb70000, 0x0000000100000000)
 Metaspace       used 63363K, capacity 66595K, committed 66804K, reserved 1107968K
  class space    used 8248K, capacity 8788K, committed 8804K, reserved 1048576K
2020-12-20T12:35:18.611+0000: 32.574: [GC (Allocation Failure) 2020-12-20T12:35:18.611+0000: 32.574: [ParNew
Desired survivor size 2162688 bytes, new threshold 6 (max 6)
- age   1:     914240 bytes,     914240 total
- age   2:     224880 bytes,    1139120 total
- age   3:     187344 bytes,    1326464 total
- age   4:     366440 bytes,    1692904 total
- age   5:      68200 bytes,    1761104 total
- age   6:     359408 bytes,    2120512 total
: 36346K->2746K(38080K), 0.0067592 secs] 69915K->36376K(122752K), 0.0069248 secs] [Times: user=0.03 sys=0.00, real=0.01 secs] 
Heap after GC invocations=168 (full 3):
 par new generation   total 38080K, used 2746K [0x0000000085c00000, 0x0000000088550000, 0x000000009a8c0000)
  eden space 33856K,   0% used [0x0000000085c00000, 0x0000000085c00000, 0x0000000087d10000)
  from space 4224K,  65% used [0x0000000087d10000, 0x0000000087fbeaf8, 0x0000000088130000)
  to   space 4224K,   0% used [0x0000000088130000, 0x0000000088130000, 0x0000000088550000)
 concurrent mark-sweep generation total 84672K, used 33629K [0x000000009a8c0000, 0x000000009fb70000, 0x0000000100000000)
 Metaspace       used 63363K, capacity 66595K, committed 66804K, reserved 1107968K
  class space    used 8248K, capacity 8788K, committed 8804K, reserved 1048576K
}
2020-12-20T12:35:18.618+0000: 32.581: Total time for which application threads were stopped: 0.0072774 seconds, Stopping threads took: 0.0000439 seconds
{Heap before GC invocations=168 (full 3):
 par new generation   total 38080K, used 36602K [0x0000000085c00000, 0x0000000088550000, 0x000000009a8c0000)
  eden space 33856K, 100% used [0x0000000085c00000, 0x0000000087d10000, 0x0000000087d10000)
  from space 4224K,  65% used [0x0000000087d10000, 0x0000000087fbeaf8, 0x0000000088130000)
  to   space 4224K,   0% used [0x0000000088130000, 0x0000000088130000, 0x0000000088550000)
 concurrent mark-sweep generation total 84672K, used 33629K [0x000000009a8c0000, 0x000000009fb70000, 0x0000000100000000)
 Metaspace       used 63821K, capacity 67047K, committed 67188K, reserved 1107968K
  class space    used 8316K, capacity 8862K, committed 8932K, reserved 1048576K
2020-12-20T12:35:18.860+0000: 32.823: [GC (Allocation Failure) 2020-12-20T12:35:18.861+0000: 32.823: [ParNew
Desired survivor size 2162688 bytes, new threshold 5 (max 6)
- age   1:     781272 bytes,     781272 total
- age   2:     701272 bytes,    1482544 total
- age   3:     209264 bytes,    1691808 total
- age   4:     183600 bytes,    1875408 total
- age   5:     365832 bytes,    2241240 total
- age   6:      67768 bytes,    2309008 total
: 36602K->3010K(38080K), 0.0129765 secs] 70232K->36998K(122752K), 0.0131071 secs] [Times: user=0.04 sys=0.00, real=0.02 secs] 
Heap after GC invocations=169 (full 3):
 par new generation   total 38080K, used 3010K [0x0000000085c00000, 0x0000000088550000, 0x000000009a8c0000)
  eden space 33856K,   0% used [0x0000000085c00000, 0x0000000085c00000, 0x0000000087d10000)
  from space 4224K,  71% used [0x0000000088130000, 0x0000000088420848, 0x0000000088550000)
  to   space 4224K,   0% used [0x0000000087d10000, 0x0000000087d10000, 0x0000000088130000)
 concurrent mark-sweep generation total 84672K, used 33988K [0x000000009a8c0000, 0x000000009fb70000, 0x0000000100000000)
 Metaspace       used 63821K, capacity 67047K, committed 67188K, reserved 1107968K
  class space    used 8316K, capacity 8862K, committed 8932K, reserved 1048576K
}
2020-12-20T12:35:18.874+0000: 32.836: Total time for which application threads were stopped: 0.0134669 seconds, Stopping threads took: 0.0000706 seconds
2020-12-20T12:35:18.913+0000: 32.875: Total time for which application threads were stopped: 0.0012699 seconds, Stopping threads took: 0.0000942 seconds
{Heap before GC invocations=169 (full 3):
 par new generation   total 38080K, used 36866K [0x0000000085c00000, 0x0000000088550000, 0x000000009a8c0000)
  eden space 33856K, 100% used [0x0000000085c00000, 0x0000000087d10000, 0x0000000087d10000)
  from space 4224K,  71% used [0x0000000088130000, 0x0000000088420848, 0x0000000088550000)
  to   space 4224K,   0% used [0x0000000087d10000, 0x0000000087d10000, 0x0000000088130000)
 concurrent mark-sweep generation total 84672K, used 33988K [0x000000009a8c0000, 0x000000009fb70000, 0x0000000100000000)
 Metaspace       used 64445K, capacity 67769K, committed 67956K, reserved 1107968K
  class space    used 8384K, capacity 8929K, committed 8932K, reserved 1048576K
2020-12-20T12:35:19.170+0000: 33.132: [GC (Allocation Failure) 2020-12-20T12:35:19.170+0000: 33.132: [ParNew
Desired survivor size 2162688 bytes, new threshold 6 (max 6)
- age   1:     280952 bytes,     280952 total
- age   2:     302992 bytes,     583944 total
- age   3:     700024 bytes,    1283968 total
- age   4:     209264 bytes,    1493232 total
- age   5:     183600 bytes,    1676832 total
: 36866K->2828K(38080K), 0.0147454 secs] 70854K->37252K(122752K), 0.0149165 secs] [Times: user=0.05 sys=0.00, real=0.01 secs] 
Heap after GC invocations=170 (full 3):
 par new generation   total 38080K, used 2828K [0x0000000085c00000, 0x0000000088550000, 0x000000009a8c0000)
  eden space 33856K,   0% used [0x0000000085c00000, 0x0000000085c00000, 0x0000000087d10000)
  from space 4224K,  66% used [0x0000000087d10000, 0x0000000087fd3268, 0x0000000088130000)
  to   space 4224K,   0% used [0x0000000088130000, 0x0000000088130000, 0x0000000088550000)
 concurrent mark-sweep generation total 84672K, used 34423K [0x000000009a8c0000, 0x000000009fb70000, 0x0000000100000000)
 Metaspace       used 64445K, capacity 67769K, committed 67956K, reserved 1107968K
  class space    used 8384K, capacity 8929K, committed 8932K, reserved 1048576K
}
2020-12-20T12:35:19.185+0000: 33.147: Total time for which application threads were stopped: 0.0152763 seconds, Stopping threads took: 0.0000420 seconds
{Heap before GC invocations=170 (full 3):
 par new generation   total 38080K, used 36684K [0x0000000085c00000, 0x0000000088550000, 0x000000009a8c0000)
  eden space 33856K, 100% used [0x0000000085c00000, 0x0000000087d10000, 0x0000000087d10000)
  from space 4224K,  66% used [0x0000000087d10000, 0x0000000087fd3268, 0x0000000088130000)
  to   space 4224K,   0% used [0x0000000088130000, 0x0000000088130000, 0x0000000088550000)
 concurrent mark-sweep generation total 84672K, used 34423K [0x000000009a8c0000, 0x000000009fb70000, 0x0000000100000000)
 Metaspace       used 64977K, capacity 68293K, committed 68452K, reserved 1107968K
  class space    used 8433K, capacity 8979K, committed 9060K, reserved 1048576K
2020-12-20T12:35:19.629+0000: 33.592: [GC (Allocation Failure) 2020-12-20T12:35:19.629+0000: 33.592: [ParNew
Desired survivor size 2162688 bytes, new threshold 5 (max 6)
- age   1:     899464 bytes,     899464 total
- age   2:     151704 bytes,    1051168 total
- age   3:     298632 bytes,    1349800 total
- age   4:     695608 bytes,    2045408 total
- age   5:     209240 bytes,    2254648 total
- age   6:     183504 bytes,    2438152 total
: 36684K->2916K(38080K), 0.0109038 secs] 71108K->37340K(122752K), 0.0110380 secs] [Times: user=0.04 sys=0.00, real=0.01 secs] 
Heap after GC invocations=171 (full 3):
 par new generation   total 38080K, used 2916K [0x0000000085c00000, 0x0000000088550000, 0x000000009a8c0000)
  eden space 33856K,   0% used [0x0000000085c00000, 0x0000000085c00000, 0x0000000087d10000)
  from space 4224K,  69% used [0x0000000088130000, 0x0000000088409290, 0x0000000088550000)
  to   space 4224K,   0% used [0x0000000087d10000, 0x0000000087d10000, 0x0000000088130000)
 concurrent mark-sweep generation total 84672K, used 34423K [0x000000009a8c0000, 0x000000009fb70000, 0x0000000100000000)
 Metaspace       used 64977K, capacity 68293K, committed 68452K, reserved 1107968K
  class space    used 8433K, capacity 8979K, committed 9060K, reserved 1048576K
}
2020-12-20T12:35:19.640+0000: 33.603: Total time for which application threads were stopped: 0.0115013 seconds, Stopping threads took: 0.0000482 seconds
{Heap before GC invocations=171 (full 3):
 par new generation   total 38080K, used 36772K [0x0000000085c00000, 0x0000000088550000, 0x000000009a8c0000)
  eden space 33856K, 100% used [0x0000000085c00000, 0x0000000087d10000, 0x0000000087d10000)
  from space 4224K,  69% used [0x0000000088130000, 0x0000000088409290, 0x0000000088550000)
  to   space 4224K,   0% used [0x0000000087d10000, 0x0000000087d10000, 0x0000000088130000)
 concurrent mark-sweep generation total 84672K, used 34423K [0x000000009a8c0000, 0x000000009fb70000, 0x0000000100000000)
 Metaspace       used 65166K, capacity 68535K, committed 68708K, reserved 1110016K
  class space    used 8442K, capacity 9014K, committed 9060K, reserved 1048576K
2020-12-20T12:35:20.024+0000: 33.986: [GC (Allocation Failure) 2020-12-20T12:35:20.024+0000: 33.986: [ParNew
Desired survivor size 2162688 bytes, new threshold 5 (max 6)
- age   1:     792216 bytes,     792216 total
- age   2:     803776 bytes,    1595992 total
- age   3:     151288 bytes,    1747280 total
- age   4:     298480 bytes,    2045760 total
- age   5:     694624 bytes,    2740384 total
: 36772K->3998K(38080K), 0.0122406 secs] 71196K->38816K(122752K), 0.0124029 secs] [Times: user=0.03 sys=0.00, real=0.02 secs] 
Heap after GC invocations=172 (full 3):
 par new generation   total 38080K, used 3998K [0x0000000085c00000, 0x0000000088550000, 0x000000009a8c0000)
  eden space 33856K,   0% used [0x0000000085c00000, 0x0000000085c00000, 0x0000000087d10000)
  from space 4224K,  94% used [0x0000000087d10000, 0x00000000880f7a78, 0x0000000088130000)
  to   space 4224K,   0% used [0x0000000088130000, 0x0000000088130000, 0x0000000088550000)
 concurrent mark-sweep generation total 84672K, used 34818K [0x000000009a8c0000, 0x000000009fb70000, 0x0000000100000000)
 Metaspace       used 65166K, capacity 68535K, committed 68708K, reserved 1110016K
  class space    used 8442K, capacity 9014K, committed 9060K, reserved 1048576K
}
2020-12-20T12:35:20.036+0000: 33.999: Total time for which application threads were stopped: 0.0127815 seconds, Stopping threads took: 0.0000479 seconds
{Heap before GC invocations=172 (full 3):
 par new generation   total 38080K, used 37854K [0x0000000085c00000, 0x0000000088550000, 0x000000009a8c0000)
  eden space 33856K, 100% used [0x0000000085c00000, 0x0000000087d10000, 0x0000000087d10000)
  from space 4224K,  94% used [0x0000000087d10000, 0x00000000880f7a78, 0x0000000088130000)
  to   space 4224K,   0% used [0x0000000088130000, 0x0000000088130000, 0x0000000088550000)
 concurrent mark-sweep generation total 84672K, used 34818K [0x000000009a8c0000, 0x000000009fb70000, 0x0000000100000000)
 Metaspace       used 65913K, capacity 69289K, committed 69604K, reserved 1110016K
  class space    used 8522K, capacity 9127K, committed 9188K, reserved 1048576K
2020-12-20T12:35:20.511+0000: 34.473: [GC (Allocation Failure) 2020-12-20T12:35:20.511+0000: 34.473: [ParNew
Desired survivor size 2162688 bytes, new threshold 3 (max 6)
- age   1:    1162768 bytes,    1162768 total
- age   2:     749440 bytes,    1912208 total
- age   3:     803288 bytes,    2715496 total
- age   4:     151288 bytes,    2866784 total
- age   5:     297952 bytes,    3164736 total
: 37854K->4224K(38080K), 0.0153652 secs] 72672K->39957K(122752K), 0.0154969 secs] [Times: user=0.04 sys=0.01, real=0.02 secs] 
Heap after GC invocations=173 (full 3):
 par new generation   total 38080K, used 4224K [0x0000000085c00000, 0x0000000088550000, 0x000000009a8c0000)
  eden space 33856K,   0% used [0x0000000085c00000, 0x0000000085c00000, 0x0000000087d10000)
  from space 4224K, 100% used [0x0000000088130000, 0x0000000088550000, 0x0000000088550000)
  to   space 4224K,   0% used [0x0000000087d10000, 0x0000000087d10000, 0x0000000088130000)
 concurrent mark-sweep generation total 84672K, used 35733K [0x000000009a8c0000, 0x000000009fb70000, 0x0000000100000000)
 Metaspace       used 65913K, capacity 69289K, committed 69604K, reserved 1110016K
  class space    used 8522K, capacity 9127K, committed 9188K, reserved 1048576K
}
2020-12-20T12:35:20.526+0000: 34.489: Total time for which application threads were stopped: 0.0158961 seconds, Stopping threads took: 0.0000536 seconds
2020-12-20T12:35:20.961+0000: 34.923: Total time for which application threads were stopped: 0.0003893 seconds, Stopping threads took: 0.0000779 seconds
{Heap before GC invocations=173 (full 3):
 par new generation   total 38080K, used 38080K [0x0000000085c00000, 0x0000000088550000, 0x000000009a8c0000)
  eden space 33856K, 100% used [0x0000000085c00000, 0x0000000087d10000, 0x0000000087d10000)
  from space 4224K, 100% used [0x0000000088130000, 0x0000000088550000, 0x0000000088550000)
  to   space 4224K,   0% used [0x0000000087d10000, 0x0000000087d10000, 0x0000000088130000)
 concurrent mark-sweep generation total 84672K, used 35733K [0x000000009a8c0000, 0x000000009fb70000, 0x0000000100000000)
 Metaspace       used 66181K, capacity 69605K, committed 69860K, reserved 1110016K
  class space    used 8532K, capacity 9137K, committed 9188K, reserved 1048576K
2020-12-20T12:35:20.983+0000: 34.946: [GC (Allocation Failure) 2020-12-20T12:35:20.984+0000: 34.946: [ParNew
Desired survivor size 2162688 bytes, new threshold 2 (max 6)
- age   1:    1272008 bytes,    1272008 total
- age   2:    1124832 bytes,    2396840 total
- age   3:     748656 bytes,    3145496 total
: 38080K->4224K(38080K), 0.0152273 secs] 73813K->41221K(122752K), 0.0153993 secs] [Times: user=0.06 sys=0.00, real=0.02 secs] 
Heap after GC invocations=174 (full 3):
 par new generation   total 38080K, used 4224K [0x0000000085c00000, 0x0000000088550000, 0x000000009a8c0000)
  eden space 33856K,   0% used [0x0000000085c00000, 0x0000000085c00000, 0x0000000087d10000)
  from space 4224K, 100% used [0x0000000087d10000, 0x0000000088130000, 0x0000000088130000)
  to   space 4224K,   0% used [0x0000000088130000, 0x0000000088130000, 0x0000000088550000)
 concurrent mark-sweep generation total 84672K, used 36997K [0x000000009a8c0000, 0x000000009fb70000, 0x0000000100000000)
 Metaspace       used 66181K, capacity 69605K, committed 69860K, reserved 1110016K
  class space    used 8532K, capacity 9137K, committed 9188K, reserved 1048576K
}
2020-12-20T12:35:20.999+0000: 34.961: Total time for which application threads were stopped: 0.0157434 seconds, Stopping threads took: 0.0000752 seconds
2020-12-20T12:35:21.387+0000: 35.349: Total time for which application threads were stopped: 0.0017911 seconds, Stopping threads took: 0.0000441 seconds
2020-12-20T12:35:21.393+0000: 35.355: Total time for which application threads were stopped: 0.0021051 seconds, Stopping threads took: 0.0000774 seconds
{Heap before GC invocations=174 (full 3):
 par new generation   total 38080K, used 38080K [0x0000000085c00000, 0x0000000088550000, 0x000000009a8c0000)
  eden space 33856K, 100% used [0x0000000085c00000, 0x0000000087d10000, 0x0000000087d10000)
  from space 4224K, 100% used [0x0000000087d10000, 0x0000000088130000, 0x0000000088130000)
  to   space 4224K,   0% used [0x0000000088130000, 0x0000000088130000, 0x0000000088550000)
 concurrent mark-sweep generation total 84672K, used 36997K [0x000000009a8c0000, 0x000000009fb70000, 0x0000000100000000)
 Metaspace       used 66804K, capacity 70199K, committed 70372K, reserved 1110016K
  class space    used 8592K, capacity 9178K, committed 9188K, reserved 1048576K
2020-12-20T12:35:21.534+0000: 35.496: [GC (Allocation Failure) 2020-12-20T12:35:21.534+0000: 35.496: [ParNew
Desired survivor size 2162688 bytes, new threshold 2 (max 6)
- age   1:    1395552 bytes,    1395552 total
- age   2:    1261344 bytes,    2656896 total
: 38080K->4217K(38080K), 0.0386027 secs] 75077K->43093K(122752K), 0.0387497 secs] [Times: user=0.10 sys=0.00, real=0.03 secs] 
Heap after GC invocations=175 (full 3):
 par new generation   total 38080K, used 4217K [0x0000000085c00000, 0x0000000088550000, 0x000000009a8c0000)
  eden space 33856K,   0% used [0x0000000085c00000, 0x0000000085c00000, 0x0000000087d10000)
  from space 4224K,  99% used [0x0000000088130000, 0x000000008854e5a8, 0x0000000088550000)
  to   space 4224K,   0% used [0x0000000087d10000, 0x0000000087d10000, 0x0000000088130000)
 concurrent mark-sweep generation total 84672K, used 38875K [0x000000009a8c0000, 0x000000009fb70000, 0x0000000100000000)
 Metaspace       used 66804K, capacity 70199K, committed 70372K, reserved 1110016K
  class space    used 8592K, capacity 9178K, committed 9188K, reserved 1048576K
}
2020-12-20T12:35:21.572+0000: 35.535: Total time for which application threads were stopped: 0.0390479 seconds, Stopping threads took: 0.0000348 seconds
{Heap before GC invocations=175 (full 3):
 par new generation   total 38080K, used 38073K [0x0000000085c00000, 0x0000000088550000, 0x000000009a8c0000)
  eden space 33856K, 100% used [0x0000000085c00000, 0x0000000087d10000, 0x0000000087d10000)
  from space 4224K,  99% used [0x0000000088130000, 0x000000008854e5a8, 0x0000000088550000)
  to   space 4224K,   0% used [0x0000000087d10000, 0x0000000087d10000, 0x0000000088130000)
 concurrent mark-sweep generation total 84672K, used 38875K [0x000000009a8c0000, 0x000000009fb70000, 0x0000000100000000)
 Metaspace       used 67999K, capacity 71415K, committed 71524K, reserved 1112064K
  class space    used 8701K, capacity 9306K, committed 9316K, reserved 1048576K
2020-12-20T12:35:21.854+0000: 35.816: [GC (Allocation Failure) 2020-12-20T12:35:21.854+0000: 35.817: [ParNew
Desired survivor size 2162688 bytes, new threshold 6 (max 6)
- age   1:     708888 bytes,     708888 total
- age   2:     904880 bytes,    1613768 total
: 38073K->2381K(38080K), 0.0144667 secs] 76949K->42526K(122752K), 0.0146063 secs] [Times: user=0.05 sys=0.00, real=0.01 secs] 
Heap after GC invocations=176 (full 3):
 par new generation   total 38080K, used 2381K [0x0000000085c00000, 0x0000000088550000, 0x000000009a8c0000)
  eden space 33856K,   0% used [0x0000000085c00000, 0x0000000085c00000, 0x0000000087d10000)
  from space 4224K,  56% used [0x0000000087d10000, 0x0000000087f63448, 0x0000000088130000)
  to   space 4224K,   0% used [0x0000000088130000, 0x0000000088130000, 0x0000000088550000)
 concurrent mark-sweep generation total 84672K, used 40145K [0x000000009a8c0000, 0x000000009fb70000, 0x0000000100000000)
 Metaspace       used 67999K, capacity 71415K, committed 71524K, reserved 1112064K
  class space    used 8701K, capacity 9306K, committed 9316K, reserved 1048576K
}
2020-12-20T12:35:21.869+0000: 35.831: Total time for which application threads were stopped: 0.0148681 seconds, Stopping threads took: 0.0000378 seconds
{Heap before GC invocations=176 (full 3):
 par new generation   total 38080K, used 36237K [0x0000000085c00000, 0x0000000088550000, 0x000000009a8c0000)
  eden space 33856K, 100% used [0x0000000085c00000, 0x0000000087d10000, 0x0000000087d10000)
  from space 4224K,  56% used [0x0000000087d10000, 0x0000000087f63448, 0x0000000088130000)
  to   space 4224K,   0% used [0x0000000088130000, 0x0000000088130000, 0x0000000088550000)
 concurrent mark-sweep generation total 84672K, used 40145K [0x000000009a8c0000, 0x000000009fb70000, 0x0000000100000000)
 Metaspace       used 68932K, capacity 72425K, committed 72676K, reserved 1112064K
  class space    used 8808K, capacity 9406K, committed 9444K, reserved 1048576K
2020-12-20T12:35:22.190+0000: 36.153: [GC (Allocation Failure) 2020-12-20T12:35:22.190+0000: 36.153: [ParNew
Desired survivor size 2162688 bytes, new threshold 3 (max 6)
- age   1:    1172968 bytes,    1172968 total
- age   2:     198088 bytes,    1371056 total
- age   3:     901960 bytes,    2273016 total
: 36237K->2618K(38080K), 0.0093766 secs] 76382K->42763K(122752K), 0.0095221 secs] [Times: user=0.03 sys=0.00, real=0.01 secs] 
Heap after GC invocations=177 (full 3):
 par new generation   total 38080K, used 2618K [0x0000000085c00000, 0x0000000088550000, 0x000000009a8c0000)
  eden space 33856K,   0% used [0x0000000085c00000, 0x0000000085c00000, 0x0000000087d10000)
  from space 4224K,  61% used [0x0000000088130000, 0x00000000883be8d0, 0x0000000088550000)
  to   space 4224K,   0% used [0x0000000087d10000, 0x0000000087d10000, 0x0000000088130000)
 concurrent mark-sweep generation total 84672K, used 40145K [0x000000009a8c0000, 0x000000009fb70000, 0x0000000100000000)
 Metaspace       used 68932K, capacity 72425K, committed 72676K, reserved 1112064K
  class space    used 8808K, capacity 9406K, committed 9444K, reserved 1048576K
}
2020-12-20T12:35:22.200+0000: 36.162: Total time for which application threads were stopped: 0.0099103 seconds, Stopping threads took: 0.0000910 seconds
2020-12-20T12:35:22.370+0000: 36.332: Total time for which application threads were stopped: 0.0017331 seconds, Stopping threads took: 0.0000467 seconds
{Heap before GC invocations=177 (full 3):
 par new generation   total 38080K, used 36474K [0x0000000085c00000, 0x0000000088550000, 0x000000009a8c0000)
  eden space 33856K, 100% used [0x0000000085c00000, 0x0000000087d10000, 0x0000000087d10000)
  from space 4224K,  61% used [0x0000000088130000, 0x00000000883be8d0, 0x0000000088550000)
  to   space 4224K,   0% used [0x0000000087d10000, 0x0000000087d10000, 0x0000000088130000)
 concurrent mark-sweep generation total 84672K, used 40145K [0x000000009a8c0000, 0x000000009fb70000, 0x0000000100000000)
 Metaspace       used 69681K, capacity 73165K, committed 73316K, reserved 1114112K
  class space    used 8876K, capacity 9481K, committed 9572K, reserved 1048576K
2020-12-20T12:35:22.645+0000: 36.607: [GC (Allocation Failure) 2020-12-20T12:35:22.645+0000: 36.607: [ParNew
Desired survivor size 2162688 bytes, new threshold 6 (max 6)
- age   1:     855872 bytes,     855872 total
- age   2:     385976 bytes,    1241848 total
- age   3:     185480 bytes,    1427328 total
: 36474K->1919K(38080K), 0.0142041 secs] 76619K->42965K(122752K), 0.0143788 secs] [Times: user=0.05 sys=0.00, real=0.02 secs] 
Heap after GC invocations=178 (full 3):
 par new generation   total 38080K, used 1919K [0x0000000085c00000, 0x0000000088550000, 0x000000009a8c0000)
  eden space 33856K,   0% used [0x0000000085c00000, 0x0000000085c00000, 0x0000000087d10000)
  from space 4224K,  45% used [0x0000000087d10000, 0x0000000087eefdf0, 0x0000000088130000)
  to   space 4224K,   0% used [0x0000000088130000, 0x0000000088130000, 0x0000000088550000)
 concurrent mark-sweep generation total 84672K, used 41045K [0x000000009a8c0000, 0x000000009fb70000, 0x0000000100000000)
 Metaspace       used 69681K, capacity 73165K, committed 73316K, reserved 1114112K
  class space    used 8876K, capacity 9481K, committed 9572K, reserved 1048576K
}
2020-12-20T12:35:22.659+0000: 36.621: Total time for which application threads were stopped: 0.0149163 seconds, Stopping threads took: 0.0001237 seconds
{Heap before GC invocations=178 (full 3):
 par new generation   total 38080K, used 35775K [0x0000000085c00000, 0x0000000088550000, 0x000000009a8c0000)
  eden space 33856K, 100% used [0x0000000085c00000, 0x0000000087d10000, 0x0000000087d10000)
  from space 4224K,  45% used [0x0000000087d10000, 0x0000000087eefdf0, 0x0000000088130000)
  to   space 4224K,   0% used [0x0000000088130000, 0x0000000088130000, 0x0000000088550000)
 concurrent mark-sweep generation total 84672K, used 41045K [0x000000009a8c0000, 0x000000009fb70000, 0x0000000100000000)
 Metaspace       used 69996K, capacity 73551K, committed 73828K, reserved 1114112K
  class space    used 8908K, capacity 9502K, committed 9572K, reserved 1048576K
2020-12-20T12:35:23.051+0000: 37.013: [GC (Allocation Failure) 2020-12-20T12:35:23.051+0000: 37.013: [ParNew
Desired survivor size 2162688 bytes, new threshold 6 (max 6)
- age   1:     797848 bytes,     797848 total
- age   2:     509656 bytes,    1307504 total
- age   3:     384400 bytes,    1691904 total
- age   4:     185504 bytes,    1877408 total
: 35775K->2466K(38080K), 0.0127820 secs] 76821K->43511K(122752K), 0.0129188 secs] [Times: user=0.04 sys=0.00, real=0.01 secs] 
Heap after GC invocations=179 (full 3):
 par new generation   total 38080K, used 2466K [0x0000000085c00000, 0x0000000088550000, 0x000000009a8c0000)
  eden space 33856K,   0% used [0x0000000085c00000, 0x0000000085c00000, 0x0000000087d10000)
  from space 4224K,  58% used [0x0000000088130000, 0x0000000088398828, 0x0000000088550000)
  to   space 4224K,   0% used [0x0000000087d10000, 0x0000000087d10000, 0x0000000088130000)
 concurrent mark-sweep generation total 84672K, used 41045K [0x000000009a8c0000, 0x000000009fb70000, 0x0000000100000000)
 Metaspace       used 69996K, capacity 73551K, committed 73828K, reserved 1114112K
  class space    used 8908K, capacity 9502K, committed 9572K, reserved 1048576K
}
2020-12-20T12:35:23.064+0000: 37.026: Total time for which application threads were stopped: 0.0133405 seconds, Stopping threads took: 0.0000432 seconds
{Heap before GC invocations=179 (full 3):
 par new generation   total 38080K, used 36322K [0x0000000085c00000, 0x0000000088550000, 0x000000009a8c0000)
  eden space 33856K, 100% used [0x0000000085c00000, 0x0000000087d10000, 0x0000000087d10000)
  from space 4224K,  58% used [0x0000000088130000, 0x0000000088398828, 0x0000000088550000)
  to   space 4224K,   0% used [0x0000000087d10000, 0x0000000087d10000, 0x0000000088130000)
 concurrent mark-sweep generation total 84672K, used 41045K [0x000000009a8c0000, 0x000000009fb70000, 0x0000000100000000)
 Metaspace       used 70176K, capacity 73705K, committed 73828K, reserved 1114112K
  class space    used 8917K, capacity 9505K, committed 9572K, reserved 1048576K
2020-12-20T12:35:23.390+0000: 37.352: [GC (Allocation Failure) 2020-12-20T12:35:23.390+0000: 37.352: [ParNew
Desired survivor size 2162688 bytes, new threshold 4 (max 6)
- age   1:     662992 bytes,     662992 total
- age   2:     774240 bytes,    1437232 total
- age   3:     509208 bytes,    1946440 total
- age   4:     384312 bytes,    2330752 total
- age   5:     185480 bytes,    2516232 total
: 36322K->3352K(38080K), 0.0122949 secs] 77367K->44398K(122752K), 0.0124642 secs] [Times: user=0.04 sys=0.00, real=0.01 secs] 
Heap after GC invocations=180 (full 3):
 par new generation   total 38080K, used 3352K [0x0000000085c00000, 0x0000000088550000, 0x000000009a8c0000)
  eden space 33856K,   0% used [0x0000000085c00000, 0x0000000085c00000, 0x0000000087d10000)
  from space 4224K,  79% used [0x0000000087d10000, 0x0000000088056360, 0x0000000088130000)
  to   space 4224K,   0% used [0x0000000088130000, 0x0000000088130000, 0x0000000088550000)
 concurrent mark-sweep generation total 84672K, used 41045K [0x000000009a8c0000, 0x000000009fb70000, 0x0000000100000000)
 Metaspace       used 70176K, capacity 73705K, committed 73828K, reserved 1114112K
  class space    used 8917K, capacity 9505K, committed 9572K, reserved 1048576K
}
2020-12-20T12:35:23.402+0000: 37.364: Total time for which application threads were stopped: 0.0129297 seconds, Stopping threads took: 0.0000483 seconds
{Heap before GC invocations=180 (full 3):
 par new generation   total 38080K, used 37208K [0x0000000085c00000, 0x0000000088550000, 0x000000009a8c0000)
  eden space 33856K, 100% used [0x0000000085c00000, 0x0000000087d10000, 0x0000000087d10000)
  from space 4224K,  79% used [0x0000000087d10000, 0x0000000088056360, 0x0000000088130000)
  to   space 4224K,   0% used [0x0000000088130000, 0x0000000088130000, 0x0000000088550000)
 concurrent mark-sweep generation total 84672K, used 41045K [0x000000009a8c0000, 0x000000009fb70000, 0x0000000100000000)
 Metaspace       used 70488K, capacity 74105K, committed 74340K, reserved 1114112K
  class space    used 8938K, capacity 9545K, committed 9572K, reserved 1048576K
2020-12-20T12:35:23.746+0000: 37.708: [GC (Allocation Failure) 2020-12-20T12:35:23.746+0000: 37.709: [ParNew
Desired survivor size 2162688 bytes, new threshold 3 (max 6)
- age   1:     748176 bytes,     748176 total
- age   2:     643648 bytes,    1391824 total
- age   3:     773344 bytes,    2165168 total
- age   4:     508288 bytes,    2673456 total
: 37208K->3403K(38080K), 0.0126859 secs] 78254K->45018K(122752K), 0.0128333 secs] [Times: user=0.05 sys=0.00, real=0.01 secs] 
Heap after GC invocations=181 (full 3):
 par new generation   total 38080K, used 3403K [0x0000000085c00000, 0x0000000088550000, 0x000000009a8c0000)
  eden space 33856K,   0% used [0x0000000085c00000, 0x0000000085c00000, 0x0000000087d10000)
  from space 4224K,  80% used [0x0000000088130000, 0x0000000088482f00, 0x0000000088550000)
  to   space 4224K,   0% used [0x0000000087d10000, 0x0000000087d10000, 0x0000000088130000)
 concurrent mark-sweep generation total 84672K, used 41615K [0x000000009a8c0000, 0x000000009fb70000, 0x0000000100000000)
 Metaspace       used 70488K, capacity 74105K, committed 74340K, reserved 1114112K
  class space    used 8938K, capacity 9545K, committed 9572K, reserved 1048576K
}
2020-12-20T12:35:23.759+0000: 37.721: Total time for which application threads were stopped: 0.0132289 seconds, Stopping threads took: 0.0000467 seconds
{Heap before GC invocations=181 (full 3):
 par new generation   total 38080K, used 37259K [0x0000000085c00000, 0x0000000088550000, 0x000000009a8c0000)
  eden space 33856K, 100% used [0x0000000085c00000, 0x0000000087d10000, 0x0000000087d10000)
  from space 4224K,  80% used [0x0000000088130000, 0x0000000088482f00, 0x0000000088550000)
  to   space 4224K,   0% used [0x0000000087d10000, 0x0000000087d10000, 0x0000000088130000)
 concurrent mark-sweep generation total 84672K, used 41615K [0x000000009a8c0000, 0x000000009fb70000, 0x0000000100000000)
 Metaspace       used 70925K, capacity 74555K, committed 74724K, reserved 1114112K
  class space    used 8988K, capacity 9608K, committed 9700K, reserved 1048576K
2020-12-20T12:35:24.114+0000: 38.076: [GC (Allocation Failure) 2020-12-20T12:35:24.114+0000: 38.076: [ParNew
Desired survivor size 2162688 bytes, new threshold 3 (max 6)
- age   1:    1396608 bytes,    1396608 total
- age   2:     715376 bytes,    2111984 total
- age   3:     642688 bytes,    2754672 total
: 37259K->3203K(38080K), 0.0194624 secs] 78874K->46103K(122752K), 0.0196421 secs] [Times: user=0.06 sys=0.00, real=0.02 secs] 
Heap after GC invocations=182 (full 3):
 par new generation   total 38080K, used 3203K [0x0000000085c00000, 0x0000000088550000, 0x000000009a8c0000)
  eden space 33856K,   0% used [0x0000000085c00000, 0x0000000085c00000, 0x0000000087d10000)
  from space 4224K,  75% used [0x0000000087d10000, 0x0000000088030fc0, 0x0000000088130000)
  to   space 4224K,   0% used [0x0000000088130000, 0x0000000088130000, 0x0000000088550000)
 concurrent mark-sweep generation total 84672K, used 42899K [0x000000009a8c0000, 0x000000009fb70000, 0x0000000100000000)
 Metaspace       used 70925K, capacity 74555K, committed 74724K, reserved 1114112K
  class space    used 8988K, capacity 9608K, committed 9700K, reserved 1048576K
}
2020-12-20T12:35:24.133+0000: 38.096: Total time for which application threads were stopped: 0.0201239 seconds, Stopping threads took: 0.0001268 seconds
2020-12-20T12:35:24.339+0000: 38.301: Total time for which application threads were stopped: 0.0018466 seconds, Stopping threads took: 0.0000516 seconds
{Heap before GC invocations=182 (full 3):
 par new generation   total 38080K, used 37059K [0x0000000085c00000, 0x0000000088550000, 0x000000009a8c0000)
  eden space 33856K, 100% used [0x0000000085c00000, 0x0000000087d10000, 0x0000000087d10000)
  from space 4224K,  75% used [0x0000000087d10000, 0x0000000088030fc0, 0x0000000088130000)
  to   space 4224K,   0% used [0x0000000088130000, 0x0000000088130000, 0x0000000088550000)
 concurrent mark-sweep generation total 84672K, used 42899K [0x000000009a8c0000, 0x000000009fb70000, 0x0000000100000000)
 Metaspace       used 71106K, capacity 74791K, committed 74980K, reserved 1114112K
  class space    used 9001K, capacity 9616K, committed 9700K, reserved 1048576K
2020-12-20T12:35:24.427+0000: 38.389: [GC (Allocation Failure) 2020-12-20T12:35:24.427+0000: 38.389: [ParNew
Desired survivor size 2162688 bytes, new threshold 3 (max 6)
- age   1:     837096 bytes,     837096 total
- age   2:    1306144 bytes,    2143240 total
- age   3:     709280 bytes,    2852520 total
: 37059K->3893K(38080K), 0.0228943 secs] 79959K->47444K(122752K), 0.0230483 secs] [Times: user=0.09 sys=0.00, real=0.02 secs] 
Heap after GC invocations=183 (full 3):
 par new generation   total 38080K, used 3893K [0x0000000085c00000, 0x0000000088550000, 0x000000009a8c0000)
  eden space 33856K,   0% used [0x0000000085c00000, 0x0000000085c00000, 0x0000000087d10000)
  from space 4224K,  92% used [0x0000000088130000, 0x00000000884fd5a8, 0x0000000088550000)
  to   space 4224K,   0% used [0x0000000087d10000, 0x0000000087d10000, 0x0000000088130000)
 concurrent mark-sweep generation total 84672K, used 43550K [0x000000009a8c0000, 0x000000009fb70000, 0x0000000100000000)
 Metaspace       used 71106K, capacity 74791K, committed 74980K, reserved 1114112K
  class space    used 9001K, capacity 9616K, committed 9700K, reserved 1048576K
}
2020-12-20T12:35:24.450+0000: 38.413: Total time for which application threads were stopped: 0.0234412 seconds, Stopping threads took: 0.0000493 seconds
{Heap before GC invocations=183 (full 3):
 par new generation   total 38080K, used 37749K [0x0000000085c00000, 0x0000000088550000, 0x000000009a8c0000)
  eden space 33856K, 100% used [0x0000000085c00000, 0x0000000087d10000, 0x0000000087d10000)
  from space 4224K,  92% used [0x0000000088130000, 0x00000000884fd5a8, 0x0000000088550000)
  to   space 4224K,   0% used [0x0000000087d10000, 0x0000000087d10000, 0x0000000088130000)
 concurrent mark-sweep generation total 84672K, used 43550K [0x000000009a8c0000, 0x000000009fb70000, 0x0000000100000000)
 Metaspace       used 71341K, capacity 75013K, committed 75236K, reserved 1114112K
  class space    used 9011K, capacity 9619K, committed 9700K, reserved 1048576K
2020-12-20T12:35:24.683+0000: 38.645: [GC (Allocation Failure) 2020-12-20T12:35:24.683+0000: 38.646: [ParNew
Desired survivor size 2162688 bytes, new threshold 3 (max 6)
- age   1:     637520 bytes,     637520 total
- age   2:     818224 bytes,    1455744 total
- age   3:    1304712 bytes,    2760456 total
: 37749K->4106K(38080K), 0.0176380 secs] 81300K->48371K(122752K), 0.0178068 secs] [Times: user=0.06 sys=0.00, real=0.02 secs] 
Heap after GC invocations=184 (full 3):
 par new generation   total 38080K, used 4106K [0x0000000085c00000, 0x0000000088550000, 0x000000009a8c0000)
  eden space 33856K,   0% used [0x0000000085c00000, 0x0000000085c00000, 0x0000000087d10000)
  from space 4224K,  97% used [0x0000000087d10000, 0x0000000088112820, 0x0000000088130000)
  to   space 4224K,   0% used [0x0000000088130000, 0x0000000088130000, 0x0000000088550000)
 concurrent mark-sweep generation total 84672K, used 44265K [0x000000009a8c0000, 0x000000009fb70000, 0x0000000100000000)
 Metaspace       used 71341K, capacity 75013K, committed 75236K, reserved 1114112K
  class space    used 9011K, capacity 9619K, committed 9700K, reserved 1048576K
}
2020-12-20T12:35:24.701+0000: 38.663: Total time for which application threads were stopped: 0.0186162 seconds, Stopping threads took: 0.0005202 seconds
2020-12-20T12:35:24.789+0000: 38.751: Total time for which application threads were stopped: 0.0013141 seconds, Stopping threads took: 0.0000420 seconds
{Heap before GC invocations=184 (full 3):
 par new generation   total 38080K, used 37962K [0x0000000085c00000, 0x0000000088550000, 0x000000009a8c0000)
  eden space 33856K, 100% used [0x0000000085c00000, 0x0000000087d10000, 0x0000000087d10000)
  from space 4224K,  97% used [0x0000000087d10000, 0x0000000088112820, 0x0000000088130000)
  to   space 4224K,   0% used [0x0000000088130000, 0x0000000088130000, 0x0000000088550000)
 concurrent mark-sweep generation total 84672K, used 44265K [0x000000009a8c0000, 0x000000009fb70000, 0x0000000100000000)
 Metaspace       used 71641K, capacity 75329K, committed 75492K, reserved 1116160K
  class space    used 9035K, capacity 9657K, committed 9700K, reserved 1048576K
2020-12-20T12:35:24.957+0000: 38.919: [GC (Allocation Failure) 2020-12-20T12:35:24.957+0000: 38.919: [ParNew
Desired survivor size 2162688 bytes, new threshold 3 (max 6)
- age   1:     927416 bytes,     927416 total
- age   2:     628712 bytes,    1556128 total
- age   3:     817520 bytes,    2373648 total
: 37962K->4066K(38080K), 0.0305740 secs] 82227K->49634K(122752K), 0.0307197 secs] [Times: user=0.11 sys=0.01, real=0.03 secs] 
Heap after GC invocations=185 (full 3):
 par new generation   total 38080K, used 4066K [0x0000000085c00000, 0x0000000088550000, 0x000000009a8c0000)
  eden space 33856K,   0% used [0x0000000085c00000, 0x0000000085c00000, 0x0000000087d10000)
  from space 4224K,  96% used [0x0000000088130000, 0x0000000088528b00, 0x0000000088550000)
  to   space 4224K,   0% used [0x0000000087d10000, 0x0000000087d10000, 0x0000000088130000)
 concurrent mark-sweep generation total 84672K, used 45568K [0x000000009a8c0000, 0x000000009fb70000, 0x0000000100000000)
 Metaspace       used 71641K, capacity 75329K, committed 75492K, reserved 1116160K
  class space    used 9035K, capacity 9657K, committed 9700K, reserved 1048576K
}
2020-12-20T12:35:24.988+0000: 38.950: Total time for which application threads were stopped: 0.0310839 seconds, Stopping threads took: 0.0000469 seconds
{Heap before GC invocations=185 (full 3):
 par new generation   total 38080K, used 37922K [0x0000000085c00000, 0x0000000088550000, 0x000000009a8c0000)
  eden space 33856K, 100% used [0x0000000085c00000, 0x0000000087d10000, 0x0000000087d10000)
  from space 4224K,  96% used [0x0000000088130000, 0x0000000088528b00, 0x0000000088550000)
  to   space 4224K,   0% used [0x0000000087d10000, 0x0000000087d10000, 0x0000000088130000)
 concurrent mark-sweep generation total 84672K, used 45568K [0x000000009a8c0000, 0x000000009fb70000, 0x0000000100000000)
 Metaspace       used 71963K, capacity 75685K, committed 75876K, reserved 1116160K
  class space    used 9062K, capacity 9701K, committed 9828K, reserved 1048576K
2020-12-20T12:35:25.287+0000: 39.250: [GC (Allocation Failure) 2020-12-20T12:35:25.287+0000: 39.250: [ParNew
Desired survivor size 2162688 bytes, new threshold 3 (max 6)
- age   1:     817368 bytes,     817368 total
- age   2:     904296 bytes,    1721664 total
- age   3:     627704 bytes,    2349368 total
: 37922K->3175K(38080K), 0.0182379 secs] 83490K->49564K(122752K), 0.0184039 secs] [Times: user=0.07 sys=0.00, real=0.02 secs] 
Heap after GC invocations=186 (full 3):
 par new generation   total 38080K, used 3175K [0x0000000085c00000, 0x0000000088550000, 0x000000009a8c0000)
  eden space 33856K,   0% used [0x0000000085c00000, 0x0000000085c00000, 0x0000000087d10000)
  from space 4224K,  75% used [0x0000000087d10000, 0x0000000088029ed8, 0x0000000088130000)
  to   space 4224K,   0% used [0x0000000088130000, 0x0000000088130000, 0x0000000088550000)
 concurrent mark-sweep generation total 84672K, used 46388K [0x000000009a8c0000, 0x000000009fb70000, 0x0000000100000000)
 Metaspace       used 71963K, capacity 75685K, committed 75876K, reserved 1116160K
  class space    used 9062K, capacity 9701K, committed 9828K, reserved 1048576K
}
2020-12-20T12:35:25.306+0000: 39.268: Total time for which application threads were stopped: 0.0187704 seconds, Stopping threads took: 0.0000445 seconds
{Heap before GC invocations=186 (full 3):
 par new generation   total 38080K, used 37031K [0x0000000085c00000, 0x0000000088550000, 0x000000009a8c0000)
  eden space 33856K, 100% used [0x0000000085c00000, 0x0000000087d10000, 0x0000000087d10000)
  from space 4224K,  75% used [0x0000000087d10000, 0x0000000088029ed8, 0x0000000088130000)
  to   space 4224K,   0% used [0x0000000088130000, 0x0000000088130000, 0x0000000088550000)
 concurrent mark-sweep generation total 84672K, used 46388K [0x000000009a8c0000, 0x000000009fb70000, 0x0000000100000000)
 Metaspace       used 72408K, capacity 76115K, committed 76388K, reserved 1116160K
  class space    used 9101K, capacity 9736K, committed 9828K, reserved 1048576K
2020-12-20T12:35:25.551+0000: 39.514: [GC (Allocation Failure) 2020-12-20T12:35:25.552+0000: 39.514: [ParNew
Desired survivor size 2162688 bytes, new threshold 3 (max 6)
- age   1:     800296 bytes,     800296 total
- age   2:     699304 bytes,    1499600 total
- age   3:     902968 bytes,    2402568 total
: 37031K->3270K(38080K), 0.0323887 secs] 83420K->50294K(122752K), 0.0325366 secs] [Times: user=0.11 sys=0.00, real=0.03 secs] 
Heap after GC invocations=187 (full 3):
 par new generation   total 38080K, used 3270K [0x0000000085c00000, 0x0000000088550000, 0x000000009a8c0000)
  eden space 33856K,   0% used [0x0000000085c00000, 0x0000000085c00000, 0x0000000087d10000)
  from space 4224K,  77% used [0x0000000088130000, 0x0000000088461960, 0x0000000088550000)
  to   space 4224K,   0% used [0x0000000087d10000, 0x0000000087d10000, 0x0000000088130000)
 concurrent mark-sweep generation total 84672K, used 47024K [0x000000009a8c0000, 0x000000009fb70000, 0x0000000100000000)
 Metaspace       used 72408K, capacity 76115K, committed 76388K, reserved 1116160K
  class space    used 9101K, capacity 9736K, committed 9828K, reserved 1048576K
}
2020-12-20T12:35:25.584+0000: 39.546: Total time for which application threads were stopped: 0.0329045 seconds, Stopping threads took: 0.0000455 seconds
{Heap before GC invocations=187 (full 3):
 par new generation   total 38080K, used 37126K [0x0000000085c00000, 0x0000000088550000, 0x000000009a8c0000)
  eden space 33856K, 100% used [0x0000000085c00000, 0x0000000087d10000, 0x0000000087d10000)
  from space 4224K,  77% used [0x0000000088130000, 0x0000000088461960, 0x0000000088550000)
  to   space 4224K,   0% used [0x0000000087d10000, 0x0000000087d10000, 0x0000000088130000)
 concurrent mark-sweep generation total 84672K, used 47024K [0x000000009a8c0000, 0x000000009fb70000, 0x0000000100000000)
 Metaspace       used 73551K, capacity 77439K, committed 77540K, reserved 1116160K
  class space    used 9242K, capacity 9926K, committed 9956K, reserved 1048576K
2020-12-20T12:35:25.864+0000: 39.826: [GC (Allocation Failure) 2020-12-20T12:35:25.864+0000: 39.827: [ParNew
Desired survivor size 2162688 bytes, new threshold 3 (max 6)
- age   1:    1158888 bytes,    1158888 total
- age   2:     527848 bytes,    1686736 total
- age   3:     697640 bytes,    2384376 total
: 37126K->3953K(38080K), 0.0144793 secs] 84150K->51883K(122752K), 0.0146430 secs] [Times: user=0.06 sys=0.00, real=0.02 secs] 
Heap after GC invocations=188 (full 3):
 par new generation   total 38080K, used 3953K [0x0000000085c00000, 0x0000000088550000, 0x000000009a8c0000)
  eden space 33856K,   0% used [0x0000000085c00000, 0x0000000085c00000, 0x0000000087d10000)
  from space 4224K,  93% used [0x0000000087d10000, 0x00000000880ec748, 0x0000000088130000)
  to   space 4224K,   0% used [0x0000000088130000, 0x0000000088130000, 0x0000000088550000)
 concurrent mark-sweep generation total 84672K, used 47929K [0x000000009a8c0000, 0x000000009fb70000, 0x0000000100000000)
 Metaspace       used 73551K, capacity 77439K, committed 77540K, reserved 1116160K
  class space    used 9242K, capacity 9926K, committed 9956K, reserved 1048576K
}
2020-12-20T12:35:25.879+0000: 39.841: Total time for which application threads were stopped: 0.0149917 seconds, Stopping threads took: 0.0000933 seconds
2020-12-20T12:35:26.026+0000: 39.988: Total time for which application threads were stopped: 0.0018182 seconds, Stopping threads took: 0.0000483 seconds
{Heap before GC invocations=188 (full 3):
 par new generation   total 38080K, used 37809K [0x0000000085c00000, 0x0000000088550000, 0x000000009a8c0000)
  eden space 33856K, 100% used [0x0000000085c00000, 0x0000000087d10000, 0x0000000087d10000)
  from space 4224K,  93% used [0x0000000087d10000, 0x00000000880ec748, 0x0000000088130000)
  to   space 4224K,   0% used [0x0000000088130000, 0x0000000088130000, 0x0000000088550000)
 concurrent mark-sweep generation total 84672K, used 47929K [0x000000009a8c0000, 0x000000009fb70000, 0x0000000100000000)
 Metaspace       used 73942K, capacity 77887K, committed 78180K, reserved 1118208K
  class space    used 9291K, capacity 9974K, committed 10084K, reserved 1048576K
2020-12-20T12:35:26.196+0000: 40.158: [GC (Allocation Failure) 2020-12-20T12:35:26.196+0000: 40.158: [ParNew
Desired survivor size 2162688 bytes, new threshold 3 (max 6)
- age   1:    1094520 bytes,    1094520 total
- age   2:     828264 bytes,    1922784 total
- age   3:     520504 bytes,    2443288 total
: 37809K->3387K(38080K), 0.0174771 secs] 85739K->52011K(122752K), 0.0176214 secs] [Times: user=0.07 sys=0.00, real=0.02 secs] 
Heap after GC invocations=189 (full 3):
 par new generation   total 38080K, used 3387K [0x0000000085c00000, 0x0000000088550000, 0x000000009a8c0000)
  eden space 33856K,   0% used [0x0000000085c00000, 0x0000000085c00000, 0x0000000087d10000)
  from space 4224K,  80% used [0x0000000088130000, 0x000000008847eda0, 0x0000000088550000)
  to   space 4224K,   0% used [0x0000000087d10000, 0x0000000087d10000, 0x0000000088130000)
 concurrent mark-sweep generation total 84672K, used 48624K [0x000000009a8c0000, 0x000000009fb70000, 0x0000000100000000)
 Metaspace       used 73942K, capacity 77887K, committed 78180K, reserved 1118208K
  class space    used 9291K, capacity 9974K, committed 10084K, reserved 1048576K
}
2020-12-20T12:35:26.214+0000: 40.176: Total time for which application threads were stopped: 0.0179528 seconds, Stopping threads took: 0.0000464 seconds
2020-12-20T12:35:26.284+0000: 40.246: Total time for which application threads were stopped: 0.0013282 seconds, Stopping threads took: 0.0000444 seconds
{Heap before GC invocations=189 (full 3):
 par new generation   total 38080K, used 37243K [0x0000000085c00000, 0x0000000088550000, 0x000000009a8c0000)
  eden space 33856K, 100% used [0x0000000085c00000, 0x0000000087d10000, 0x0000000087d10000)
  from space 4224K,  80% used [0x0000000088130000, 0x000000008847eda0, 0x0000000088550000)
  to   space 4224K,   0% used [0x0000000087d10000, 0x0000000087d10000, 0x0000000088130000)
 concurrent mark-sweep generation total 84672K, used 48624K [0x000000009a8c0000, 0x000000009fb70000, 0x0000000100000000)
 Metaspace       used 74251K, capacity 78175K, committed 78436K, reserved 1118208K
  class space    used 9334K, capacity 10006K, committed 10084K, reserved 1048576K
2020-12-20T12:35:26.346+0000: 40.309: [GC (Allocation Failure) 2020-12-20T12:35:26.346+0000: 40.309: [ParNew
Desired survivor size 2162688 bytes, new threshold 6 (max 6)
- age   1:     609208 bytes,     609208 total
- age   2:     549000 bytes,    1158208 total
- age   3:     827504 bytes,    1985712 total
: 37243K->3118K(38080K), 0.0110730 secs] 85867K->52264K(122752K), 0.0112288 secs] [Times: user=0.04 sys=0.00, real=0.01 secs] 
Heap after GC invocations=190 (full 3):
 par new generation   total 38080K, used 3118K [0x0000000085c00000, 0x0000000088550000, 0x000000009a8c0000)
  eden space 33856K,   0% used [0x0000000085c00000, 0x0000000085c00000, 0x0000000087d10000)
  from space 4224K,  73% used [0x0000000087d10000, 0x000000008801b938, 0x0000000088130000)
  to   space 4224K,   0% used [0x0000000088130000, 0x0000000088130000, 0x0000000088550000)
 concurrent mark-sweep generation total 84672K, used 49145K [0x000000009a8c0000, 0x000000009fb70000, 0x0000000100000000)
 Metaspace       used 74251K, capacity 78175K, committed 78436K, reserved 1118208K
  class space    used 9334K, capacity 10006K, committed 10084K, reserved 1048576K
}
2020-12-20T12:35:26.358+0000: 40.320: Total time for which application threads were stopped: 0.0115163 seconds, Stopping threads took: 0.0000440 seconds
{Heap before GC invocations=190 (full 3):
 par new generation   total 38080K, used 36974K [0x0000000085c00000, 0x0000000088550000, 0x000000009a8c0000)
  eden space 33856K, 100% used [0x0000000085c00000, 0x0000000087d10000, 0x0000000087d10000)
  from space 4224K,  73% used [0x0000000087d10000, 0x000000008801b938, 0x0000000088130000)
  to   space 4224K,   0% used [0x0000000088130000, 0x0000000088130000, 0x0000000088550000)
 concurrent mark-sweep generation total 84672K, used 49145K [0x000000009a8c0000, 0x000000009fb70000, 0x0000000100000000)
 Metaspace       used 74485K, capacity 78399K, committed 78692K, reserved 1118208K
  class space    used 9361K, capacity 10038K, committed 10084K, reserved 1048576K
2020-12-20T12:35:26.560+0000: 40.523: [GC (Allocation Failure) 2020-12-20T12:35:26.560+0000: 40.523: [ParNew
Desired survivor size 2162688 bytes, new threshold 3 (max 6)
- age   1:    1834856 bytes,    1834856 total
- age   2:      51208 bytes,    1886064 total
- age   3:     548520 bytes,    2434584 total
- age   4:     827416 bytes,    3262000 total
: 36974K->3518K(38080K), 0.0225594 secs] 86120K->52663K(122752K), 0.0227180 secs] [Times: user=0.09 sys=0.00, real=0.02 secs] 
Heap after GC invocations=191 (full 3):
 par new generation   total 38080K, used 3518K [0x0000000085c00000, 0x0000000088550000, 0x000000009a8c0000)
  eden space 33856K,   0% used [0x0000000085c00000, 0x0000000085c00000, 0x0000000087d10000)
  from space 4224K,  83% used [0x0000000088130000, 0x000000008849f858, 0x0000000088550000)
  to   space 4224K,   0% used [0x0000000087d10000, 0x0000000087d10000, 0x0000000088130000)
 concurrent mark-sweep generation total 84672K, used 49145K [0x000000009a8c0000, 0x000000009fb70000, 0x0000000100000000)
 Metaspace       used 74485K, capacity 78399K, committed 78692K, reserved 1118208K
  class space    used 9361K, capacity 10038K, committed 10084K, reserved 1048576K
}
2020-12-20T12:35:26.583+0000: 40.545: Total time for which application threads were stopped: 0.0231563 seconds, Stopping threads took: 0.0000507 seconds
{Heap before GC invocations=191 (full 3):
 par new generation   total 38080K, used 37374K [0x0000000085c00000, 0x0000000088550000, 0x000000009a8c0000)
  eden space 33856K, 100% used [0x0000000085c00000, 0x0000000087d10000, 0x0000000087d10000)
  from space 4224K,  83% used [0x0000000088130000, 0x000000008849f858, 0x0000000088550000)
  to   space 4224K,   0% used [0x0000000087d10000, 0x0000000087d10000, 0x0000000088130000)
 concurrent mark-sweep generation total 84672K, used 49145K [0x000000009a8c0000, 0x000000009fb70000, 0x0000000100000000)
 Metaspace       used 74891K, capacity 78853K, committed 79076K, reserved 1118208K
  class space    used 9405K, capacity 10103K, committed 10212K, reserved 1048576K
2020-12-20T12:35:26.740+0000: 40.703: [GC (Allocation Failure) 2020-12-20T12:35:26.740+0000: 40.703: [ParNew
Desired survivor size 2162688 bytes, new threshold 6 (max 6)
- age   1:     818920 bytes,     818920 total
- age   2:     116176 bytes,     935096 total
- age   3:      50296 bytes,     985392 total
: 37374K->1688K(38080K), 0.0342846 secs] 86519K->52198K(122752K), 0.0344530 secs] [Times: user=0.12 sys=0.01, real=0.04 secs] 
Heap after GC invocations=192 (full 3):
 par new generation   total 38080K, used 1688K [0x0000000085c00000, 0x0000000088550000, 0x000000009a8c0000)
  eden space 33856K,   0% used [0x0000000085c00000, 0x0000000085c00000, 0x0000000087d10000)
  from space 4224K,  39% used [0x0000000087d10000, 0x0000000087eb6088, 0x0000000088130000)
  to   space 4224K,   0% used [0x0000000088130000, 0x0000000088130000, 0x0000000088550000)
 concurrent mark-sweep generation total 84672K, used 50510K [0x000000009a8c0000, 0x000000009fb70000, 0x0000000100000000)
 Metaspace       used 74891K, capacity 78853K, committed 79076K, reserved 1118208K
  class space    used 9405K, capacity 10103K, committed 10212K, reserved 1048576K
}
2020-12-20T12:35:26.775+0000: 40.737: Total time for which application threads were stopped: 0.0347798 seconds, Stopping threads took: 0.0000446 seconds
2020-12-20T12:35:26.957+0000: 40.919: Total time for which application threads were stopped: 0.0014795 seconds, Stopping threads took: 0.0000837 seconds
{Heap before GC invocations=192 (full 3):
 par new generation   total 38080K, used 35544K [0x0000000085c00000, 0x0000000088550000, 0x000000009a8c0000)
  eden space 33856K, 100% used [0x0000000085c00000, 0x0000000087d10000, 0x0000000087d10000)
  from space 4224K,  39% used [0x0000000087d10000, 0x0000000087eb6088, 0x0000000088130000)
  to   space 4224K,   0% used [0x0000000088130000, 0x0000000088130000, 0x0000000088550000)
 concurrent mark-sweep generation total 84672K, used 50510K [0x000000009a8c0000, 0x000000009fb70000, 0x0000000100000000)
 Metaspace       used 75548K, capacity 79517K, committed 79588K, reserved 1118208K
  class space    used 9483K, capacity 10173K, committed 10212K, reserved 1048576K
2020-12-20T12:35:26.970+0000: 40.932: [GC (Allocation Failure) 2020-12-20T12:35:26.970+0000: 40.932: [ParNew
Desired survivor size 2162688 bytes, new threshold 6 (max 6)
- age   1:     426096 bytes,     426096 total
- age   2:     481992 bytes,     908088 total
- age   3:     115760 bytes,    1023848 total
- age   4:      50296 bytes,    1074144 total
: 35544K->1399K(38080K), 0.0206806 secs] 86054K->51909K(122752K), 0.0208092 secs] [Times: user=0.08 sys=0.00, real=0.02 secs] 
Heap after GC invocations=193 (full 3):
 par new generation   total 38080K, used 1399K [0x0000000085c00000, 0x0000000088550000, 0x000000009a8c0000)
  eden space 33856K,   0% used [0x0000000085c00000, 0x0000000085c00000, 0x0000000087d10000)
  from space 4224K,  33% used [0x0000000088130000, 0x000000008828dc38, 0x0000000088550000)
  to   space 4224K,   0% used [0x0000000087d10000, 0x0000000087d10000, 0x0000000088130000)
 concurrent mark-sweep generation total 84672K, used 50510K [0x000000009a8c0000, 0x000000009fb70000, 0x0000000100000000)
 Metaspace       used 75548K, capacity 79517K, committed 79588K, reserved 1118208K
  class space    used 9483K, capacity 10173K, committed 10212K, reserved 1048576K
}
2020-12-20T12:35:26.991+0000: 40.953: Total time for which application threads were stopped: 0.0210786 seconds, Stopping threads took: 0.0000402 seconds
2020-12-20T12:35:27.042+0000: 41.004: Total time for which application threads were stopped: 0.0013533 seconds, Stopping threads took: 0.0000680 seconds
{Heap before GC invocations=193 (full 3):
 par new generation   total 38080K, used 35255K [0x0000000085c00000, 0x0000000088550000, 0x000000009a8c0000)
  eden space 33856K, 100% used [0x0000000085c00000, 0x0000000087d10000, 0x0000000087d10000)
  from space 4224K,  33% used [0x0000000088130000, 0x000000008828dc38, 0x0000000088550000)
  to   space 4224K,   0% used [0x0000000087d10000, 0x0000000087d10000, 0x0000000088130000)
 concurrent mark-sweep generation total 84672K, used 50510K [0x000000009a8c0000, 0x000000009fb70000, 0x0000000100000000)
 Metaspace       used 75956K, capacity 79905K, committed 80228K, reserved 1120256K
  class space    used 9522K, capacity 10213K, committed 10340K, reserved 1048576K
2020-12-20T12:35:27.330+0000: 41.292: [GC (Allocation Failure) 2020-12-20T12:35:27.330+0000: 41.292: [ParNew
Desired survivor size 2162688 bytes, new threshold 6 (max 6)
- age   1:    1178152 bytes,    1178152 total
- age   2:     301112 bytes,    1479264 total
- age   3:     480784 bytes,    1960048 total
- age   4:     115760 bytes,    2075808 total
- age   5:      50296 bytes,    2126104 total
: 35255K->2660K(38080K), 0.0088016 secs] 85765K->53170K(122752K), 0.0089814 secs] [Times: user=0.04 sys=0.00, real=0.01 secs] 
Heap after GC invocations=194 (full 3):
 par new generation   total 38080K, used 2660K [0x0000000085c00000, 0x0000000088550000, 0x000000009a8c0000)
  eden space 33856K,   0% used [0x0000000085c00000, 0x0000000085c00000, 0x0000000087d10000)
  from space 4224K,  62% used [0x0000000087d10000, 0x0000000087fa90c8, 0x0000000088130000)
  to   space 4224K,   0% used [0x0000000088130000, 0x0000000088130000, 0x0000000088550000)
 concurrent mark-sweep generation total 84672K, used 50510K [0x000000009a8c0000, 0x000000009fb70000, 0x0000000100000000)
 Metaspace       used 75956K, capacity 79905K, committed 80228K, reserved 1120256K
  class space    used 9522K, capacity 10213K, committed 10340K, reserved 1048576K
}
2020-12-20T12:35:27.339+0000: 41.301: Total time for which application threads were stopped: 0.0093556 seconds, Stopping threads took: 0.0000447 seconds
2020-12-20T12:35:27.536+0000: 41.498: Total time for which application threads were stopped: 0.0013442 seconds, Stopping threads took: 0.0000433 seconds
{Heap before GC invocations=194 (full 3):
 par new generation   total 38080K, used 36516K [0x0000000085c00000, 0x0000000088550000, 0x000000009a8c0000)
  eden space 33856K, 100% used [0x0000000085c00000, 0x0000000087d10000, 0x0000000087d10000)
  from space 4224K,  62% used [0x0000000087d10000, 0x0000000087fa90c8, 0x0000000088130000)
  to   space 4224K,   0% used [0x0000000088130000, 0x0000000088130000, 0x0000000088550000)
 concurrent mark-sweep generation total 84672K, used 50510K [0x000000009a8c0000, 0x000000009fb70000, 0x0000000100000000)
 Metaspace       used 76128K, capacity 80043K, committed 80228K, reserved 1120256K
  class space    used 9552K, capacity 10216K, committed 10340K, reserved 1048576K
2020-12-20T12:35:27.574+0000: 41.537: [GC (Allocation Failure) 2020-12-20T12:35:27.574+0000: 41.537: [ParNew
Desired survivor size 2162688 bytes, new threshold 4 (max 6)
- age   1:     951112 bytes,     951112 total
- age   2:     894000 bytes,    1845112 total
- age   3:     299032 bytes,    2144144 total
- age   4:     480784 bytes,    2624928 total
- age   5:     115784 bytes,    2740712 total
- age   6:      50296 bytes,    2791008 total
: 36516K->3760K(38080K), 0.0081602 secs] 87026K->54271K(122752K), 0.0083256 secs] [Times: user=0.03 sys=0.00, real=0.00 secs] 
Heap after GC invocations=195 (full 3):
 par new generation   total 38080K, used 3760K [0x0000000085c00000, 0x0000000088550000, 0x000000009a8c0000)
  eden space 33856K,   0% used [0x0000000085c00000, 0x0000000085c00000, 0x0000000087d10000)
  from space 4224K,  89% used [0x0000000088130000, 0x00000000884dc200, 0x0000000088550000)
  to   space 4224K,   0% used [0x0000000087d10000, 0x0000000087d10000, 0x0000000088130000)
 concurrent mark-sweep generation total 84672K, used 50510K [0x000000009a8c0000, 0x000000009fb70000, 0x0000000100000000)
 Metaspace       used 76128K, capacity 80043K, committed 80228K, reserved 1120256K
  class space    used 9552K, capacity 10216K, committed 10340K, reserved 1048576K
}
2020-12-20T12:35:27.583+0000: 41.545: Total time for which application threads were stopped: 0.0085964 seconds, Stopping threads took: 0.0000434 seconds
2020-12-20T12:35:27.646+0000: 41.608: Total time for which application threads were stopped: 0.0013276 seconds, Stopping threads took: 0.0000439 seconds
2020-12-20T12:35:27.697+0000: 41.659: Total time for which application threads were stopped: 0.0013731 seconds, Stopping threads took: 0.0000438 seconds
{Heap before GC invocations=195 (full 3):
 par new generation   total 38080K, used 37616K [0x0000000085c00000, 0x0000000088550000, 0x000000009a8c0000)
  eden space 33856K, 100% used [0x0000000085c00000, 0x0000000087d10000, 0x0000000087d10000)
  from space 4224K,  89% used [0x0000000088130000, 0x00000000884dc200, 0x0000000088550000)
  to   space 4224K,   0% used [0x0000000087d10000, 0x0000000087d10000, 0x0000000088130000)
 concurrent mark-sweep generation total 84672K, used 50510K [0x000000009a8c0000, 0x000000009fb70000, 0x0000000100000000)
 Metaspace       used 76534K, capacity 80523K, committed 80740K, reserved 1120256K
  class space    used 9607K, capacity 10312K, committed 10340K, reserved 1048576K
2020-12-20T12:35:27.846+0000: 41.808: [GC (Allocation Failure) 2020-12-20T12:35:27.846+0000: 41.808: [ParNew
Desired survivor size 2162688 bytes, new threshold 4 (max 6)
- age   1:     829384 bytes,     829384 total
- age   2:     293056 bytes,    1122440 total
- age   3:     891088 bytes,    2013528 total
- age   4:     299056 bytes,    2312584 total
: 37616K->2877K(38080K), 0.0149114 secs] 88127K->54032K(122752K), 0.0150717 secs] [Times: user=0.05 sys=0.00, real=0.01 secs] 
Heap after GC invocations=196 (full 3):
 par new generation   total 38080K, used 2877K [0x0000000085c00000, 0x0000000088550000, 0x000000009a8c0000)
  eden space 33856K,   0% used [0x0000000085c00000, 0x0000000085c00000, 0x0000000087d10000)
  from space 4224K,  68% used [0x0000000087d10000, 0x0000000087fdf4d0, 0x0000000088130000)
  to   space 4224K,   0% used [0x0000000088130000, 0x0000000088130000, 0x0000000088550000)
 concurrent mark-sweep generation total 84672K, used 51155K [0x000000009a8c0000, 0x000000009fb70000, 0x0000000100000000)
 Metaspace       used 76534K, capacity 80523K, committed 80740K, reserved 1120256K
  class space    used 9607K, capacity 10312K, committed 10340K, reserved 1048576K
}
2020-12-20T12:35:27.861+0000: 41.823: Total time for which application threads were stopped: 0.0154877 seconds, Stopping threads took: 0.0000896 seconds
{Heap before GC invocations=196 (full 3):
 par new generation   total 38080K, used 36733K [0x0000000085c00000, 0x0000000088550000, 0x000000009a8c0000)
  eden space 33856K, 100% used [0x0000000085c00000, 0x0000000087d10000, 0x0000000087d10000)
  from space 4224K,  68% used [0x0000000087d10000, 0x0000000087fdf4d0, 0x0000000088130000)
  to   space 4224K,   0% used [0x0000000088130000, 0x0000000088130000, 0x0000000088550000)
 concurrent mark-sweep generation total 84672K, used 51155K [0x000000009a8c0000, 0x000000009fb70000, 0x0000000100000000)
 Metaspace       used 76825K, capacity 80833K, committed 80996K, reserved 1120256K
  class space    used 9635K, capacity 10327K, committed 10340K, reserved 1048576K
2020-12-20T12:35:28.186+0000: 42.149: [GC (Allocation Failure) 2020-12-20T12:35:28.186+0000: 42.149: [ParNew
Desired survivor size 2162688 bytes, new threshold 4 (max 6)
- age   1:     893048 bytes,     893048 total
- age   2:     403936 bytes,    1296984 total
- age   3:     290064 bytes,    1587048 total
- age   4:     889648 bytes,    2476696 total
: 36733K->3377K(38080K), 0.0337697 secs] 87888K->54830K(122752K), 0.0339583 secs] [Times: user=0.11 sys=0.01, real=0.03 secs] 
Heap after GC invocations=197 (full 3):
 par new generation   total 38080K, used 3377K [0x0000000085c00000, 0x0000000088550000, 0x000000009a8c0000)
  eden space 33856K,   0% used [0x0000000085c00000, 0x0000000085c00000, 0x0000000087d10000)
  from space 4224K,  79% used [0x0000000088130000, 0x000000008847c4f0, 0x0000000088550000)
  to   space 4224K,   0% used [0x0000000087d10000, 0x0000000087d10000, 0x0000000088130000)
 concurrent mark-sweep generation total 84672K, used 51453K [0x000000009a8c0000, 0x000000009fb70000, 0x0000000100000000)
 Metaspace       used 76825K, capacity 80833K, committed 80996K, reserved 1120256K
  class space    used 9635K, capacity 10327K, committed 10340K, reserved 1048576K
}
2020-12-20T12:35:28.220+0000: 42.183: Total time for which application threads were stopped: 0.0343969 seconds, Stopping threads took: 0.0000505 seconds
{Heap before GC invocations=197 (full 3):
 par new generation   total 38080K, used 37233K [0x0000000085c00000, 0x0000000088550000, 0x000000009a8c0000)
  eden space 33856K, 100% used [0x0000000085c00000, 0x0000000087d10000, 0x0000000087d10000)
  from space 4224K,  79% used [0x0000000088130000, 0x000000008847c4f0, 0x0000000088550000)
  to   space 4224K,   0% used [0x0000000087d10000, 0x0000000087d10000, 0x0000000088130000)
 concurrent mark-sweep generation total 84672K, used 51453K [0x000000009a8c0000, 0x000000009fb70000, 0x0000000100000000)
 Metaspace       used 76980K, capacity 81023K, committed 81380K, reserved 1120256K
  class space    used 9654K, capacity 10364K, committed 10468K, reserved 1048576K
2020-12-20T12:35:28.515+0000: 42.478: [GC (Allocation Failure) 2020-12-20T12:35:28.516+0000: 42.478: [ParNew
Desired survivor size 2162688 bytes, new threshold 3 (max 6)
- age   1:    1014032 bytes,    1014032 total
- age   2:     867616 bytes,    1881648 total
- age   3:     400888 bytes,    2282536 total
- age   4:     290064 bytes,    2572600 total
: 37233K->3606K(38080K), 0.0224216 secs] 88686K->55947K(122752K), 0.0225923 secs] [Times: user=0.09 sys=0.00, real=0.02 secs] 
Heap after GC invocations=198 (full 3):
 par new generation   total 38080K, used 3606K [0x0000000085c00000, 0x0000000088550000, 0x000000009a8c0000)
  eden space 33856K,   0% used [0x0000000085c00000, 0x0000000085c00000, 0x0000000087d10000)
  from space 4224K,  85% used [0x0000000087d10000, 0x0000000088095a80, 0x0000000088130000)
  to   space 4224K,   0% used [0x0000000088130000, 0x0000000088130000, 0x0000000088550000)
 concurrent mark-sweep generation total 84672K, used 52340K [0x000000009a8c0000, 0x000000009fb70000, 0x0000000100000000)
 Metaspace       used 76980K, capacity 81023K, committed 81380K, reserved 1120256K
  class space    used 9654K, capacity 10364K, committed 10468K, reserved 1048576K
}
2020-12-20T12:35:28.538+0000: 42.500: Total time for which application threads were stopped: 0.0230756 seconds, Stopping threads took: 0.0001067 seconds
{Heap before GC invocations=198 (full 3):
 par new generation   total 38080K, used 37462K [0x0000000085c00000, 0x0000000088550000, 0x000000009a8c0000)
  eden space 33856K, 100% used [0x0000000085c00000, 0x0000000087d10000, 0x0000000087d10000)
  from space 4224K,  85% used [0x0000000087d10000, 0x0000000088095a80, 0x0000000088130000)
  to   space 4224K,   0% used [0x0000000088130000, 0x0000000088130000, 0x0000000088550000)
 concurrent mark-sweep generation total 84672K, used 52340K [0x000000009a8c0000, 0x000000009fb70000, 0x0000000100000000)
 Metaspace       used 77688K, capacity 81665K, committed 81892K, reserved 1120256K
  class space    used 9735K, capacity 10429K, committed 10468K, reserved 1048576K
2020-12-20T12:35:28.871+0000: 42.834: [GC (Allocation Failure) 2020-12-20T12:35:28.871+0000: 42.834: [ParNew
Desired survivor size 2162688 bytes, new threshold 3 (max 6)
- age   1:     856456 bytes,     856456 total
- age   2:     652480 bytes,    1508936 total
- age   3:     867440 bytes,    2376376 total
: 37462K->3272K(38080K), 0.0181832 secs] 89803K->56297K(122752K), 0.0183632 secs] [Times: user=0.06 sys=0.00, real=0.02 secs] 
Heap after GC invocations=199 (full 3):
 par new generation   total 38080K, used 3272K [0x0000000085c00000, 0x0000000088550000, 0x000000009a8c0000)
  eden space 33856K,   0% used [0x0000000085c00000, 0x0000000085c00000, 0x0000000087d10000)
  from space 4224K,  77% used [0x0000000088130000, 0x0000000088462108, 0x0000000088550000)
  to   space 4224K,   0% used [0x0000000087d10000, 0x0000000087d10000, 0x0000000088130000)
 concurrent mark-sweep generation total 84672K, used 53024K [0x000000009a8c0000, 0x000000009fb70000, 0x0000000100000000)
 Metaspace       used 77688K, capacity 81665K, committed 81892K, reserved 1120256K
  class space    used 9735K, capacity 10429K, committed 10468K, reserved 1048576K
}
2020-12-20T12:35:28.890+0000: 42.852: Total time for which application threads were stopped: 0.0187413 seconds, Stopping threads took: 0.0000529 seconds
2020-12-20T12:35:29.087+0000: 43.049: Total time for which application threads were stopped: 0.0019448 seconds, Stopping threads took: 0.0000503 seconds
{Heap before GC invocations=199 (full 3):
 par new generation   total 38080K, used 37128K [0x0000000085c00000, 0x0000000088550000, 0x000000009a8c0000)
  eden space 33856K, 100% used [0x0000000085c00000, 0x0000000087d10000, 0x0000000087d10000)
  from space 4224K,  77% used [0x0000000088130000, 0x0000000088462108, 0x0000000088550000)
  to   space 4224K,   0% used [0x0000000087d10000, 0x0000000087d10000, 0x0000000088130000)
 concurrent mark-sweep generation total 84672K, used 53024K [0x000000009a8c0000, 0x000000009fb70000, 0x0000000100000000)
 Metaspace       used 78721K, capacity 82831K, committed 83044K, reserved 1122304K
  class space    used 9869K, capacity 10576K, committed 10596K, reserved 1048576K
2020-12-20T12:35:29.235+0000: 43.198: [GC (Allocation Failure) 2020-12-20T12:35:29.235+0000: 43.198: [ParNew
Desired survivor size 2162688 bytes, new threshold 6 (max 6)
- age   1:     588080 bytes,     588080 total
- age   2:     416104 bytes,    1004184 total
- age   3:     651848 bytes,    1656032 total
: 37128K->2760K(38080K), 0.0106038 secs] 90153K->56651K(122752K), 0.0107571 secs] [Times: user=0.04 sys=0.00, real=0.01 secs] 
Heap after GC invocations=200 (full 3):
 par new generation   total 38080K, used 2760K [0x0000000085c00000, 0x0000000088550000, 0x000000009a8c0000)
  eden space 33856K,   0% used [0x0000000085c00000, 0x0000000085c00000, 0x0000000087d10000)
  from space 4224K,  65% used [0x0000000087d10000, 0x0000000087fc22a8, 0x0000000088130000)
  to   space 4224K,   0% used [0x0000000088130000, 0x0000000088130000, 0x0000000088550000)
 concurrent mark-sweep generation total 84672K, used 53890K [0x000000009a8c0000, 0x000000009fb70000, 0x0000000100000000)
 Metaspace       used 78721K, capacity 82831K, committed 83044K, reserved 1122304K
  class space    used 9869K, capacity 10576K, committed 10596K, reserved 1048576K
}
2020-12-20T12:35:29.246+0000: 43.208: Total time for which application threads were stopped: 0.0111421 seconds, Stopping threads took: 0.0000520 seconds
2020-12-20T12:35:29.949+0000: 43.911: Total time for which application threads were stopped: 0.0027491 seconds, Stopping threads took: 0.0000632 seconds
{Heap before GC invocations=200 (full 3):
 par new generation   total 38080K, used 36616K [0x0000000085c00000, 0x0000000088550000, 0x000000009a8c0000)
  eden space 33856K, 100% used [0x0000000085c00000, 0x0000000087d10000, 0x0000000087d10000)
  from space 4224K,  65% used [0x0000000087d10000, 0x0000000087fc22a8, 0x0000000088130000)
  to   space 4224K,   0% used [0x0000000088130000, 0x0000000088130000, 0x0000000088550000)
 concurrent mark-sweep generation total 84672K, used 53890K [0x000000009a8c0000, 0x000000009fb70000, 0x0000000100000000)
 Metaspace       used 79826K, capacity 83929K, committed 84196K, reserved 1122304K
  class space    used 9972K, capacity 10689K, committed 10724K, reserved 1048576K
2020-12-20T12:35:29.987+0000: 43.949: [GC (Allocation Failure) 2020-12-20T12:35:29.987+0000: 43.949: [ParNew
Desired survivor size 2162688 bytes, new threshold 1 (max 6)
- age   1:    2752464 bytes,    2752464 total
- age   2:     310224 bytes,    3062688 total
- age   3:     388216 bytes,    3450904 total
- age   4:     651008 bytes,    4101912 total
: 36616K->4224K(38080K), 0.0183843 secs] 90507K->58467K(122752K), 0.0185689 secs] [Times: user=0.06 sys=0.00, real=0.01 secs] 
Heap after GC invocations=201 (full 3):
 par new generation   total 38080K, used 4224K [0x0000000085c00000, 0x0000000088550000, 0x000000009a8c0000)
  eden space 33856K,   0% used [0x0000000085c00000, 0x0000000085c00000, 0x0000000087d10000)
  from space 4224K, 100% used [0x0000000088130000, 0x0000000088550000, 0x0000000088550000)
  to   space 4224K,   0% used [0x0000000087d10000, 0x0000000087d10000, 0x0000000088130000)
 concurrent mark-sweep generation total 84672K, used 54243K [0x000000009a8c0000, 0x000000009fb70000, 0x0000000100000000)
 Metaspace       used 79826K, capacity 83929K, committed 84196K, reserved 1122304K
  class space    used 9972K, capacity 10689K, committed 10724K, reserved 1048576K
}
2020-12-20T12:35:30.005+0000: 43.967: Total time for which application threads were stopped: 0.0189405 seconds, Stopping threads took: 0.0000553 seconds
{Heap before GC invocations=201 (full 3):
 par new generation   total 38080K, used 38080K [0x0000000085c00000, 0x0000000088550000, 0x000000009a8c0000)
  eden space 33856K, 100% used [0x0000000085c00000, 0x0000000087d10000, 0x0000000087d10000)
  from space 4224K, 100% used [0x0000000088130000, 0x0000000088550000, 0x0000000088550000)
  to   space 4224K,   0% used [0x0000000087d10000, 0x0000000087d10000, 0x0000000088130000)
 concurrent mark-sweep generation total 84672K, used 54243K [0x000000009a8c0000, 0x000000009fb70000, 0x0000000100000000)
 Metaspace       used 80203K, capacity 84333K, committed 84580K, reserved 1122304K
  class space    used 10011K, capacity 10729K, committed 10852K, reserved 1048576K
2020-12-20T12:35:30.356+0000: 44.318: [GC (Allocation Failure) 2020-12-20T12:35:30.356+0000: 44.318: [ParNew
Desired survivor size 2162688 bytes, new threshold 6 (max 6)
- age   1:    1075840 bytes,    1075840 total
: 38080K->3655K(38080K), 0.0181846 secs] 92323K->61711K(122752K), 0.0183455 secs] [Times: user=0.07 sys=0.00, real=0.02 secs] 
Heap after GC invocations=202 (full 3):
 par new generation   total 38080K, used 3655K [0x0000000085c00000, 0x0000000088550000, 0x000000009a8c0000)
  eden space 33856K,   0% used [0x0000000085c00000, 0x0000000085c00000, 0x0000000087d10000)
  from space 4224K,  86% used [0x0000000087d10000, 0x00000000880a1cf0, 0x0000000088130000)
  to   space 4224K,   0% used [0x0000000088130000, 0x0000000088130000, 0x0000000088550000)
 concurrent mark-sweep generation total 84672K, used 58056K [0x000000009a8c0000, 0x000000009fb70000, 0x0000000100000000)
 Metaspace       used 80203K, capacity 84333K, committed 84580K, reserved 1122304K
  class space    used 10011K, capacity 10729K, committed 10852K, reserved 1048576K
}
2020-12-20T12:35:30.374+0000: 44.337: Total time for which application threads were stopped: 0.0188156 seconds, Stopping threads took: 0.0000566 seconds
2020-12-20T12:35:30.596+0000: 44.558: Total time for which application threads were stopped: 0.0019237 seconds, Stopping threads took: 0.0000531 seconds
2020-12-20T12:35:31.216+0000: 45.178: Total time for which application threads were stopped: 0.0014623 seconds, Stopping threads took: 0.0000408 seconds
{Heap before GC invocations=202 (full 3):
 par new generation   total 38080K, used 37511K [0x0000000085c00000, 0x0000000088550000, 0x000000009a8c0000)
  eden space 33856K, 100% used [0x0000000085c00000, 0x0000000087d10000, 0x0000000087d10000)
  from space 4224K,  86% used [0x0000000087d10000, 0x00000000880a1cf0, 0x0000000088130000)
  to   space 4224K,   0% used [0x0000000088130000, 0x0000000088130000, 0x0000000088550000)
 concurrent mark-sweep generation total 84672K, used 58056K [0x000000009a8c0000, 0x000000009fb70000, 0x0000000100000000)
 Metaspace       used 84222K, capacity 88623K, committed 88804K, reserved 1126400K
  class space    used 10579K, capacity 11436K, committed 11492K, reserved 1048576K
2020-12-20T12:35:31.280+0000: 45.243: [GC (Allocation Failure) 2020-12-20T12:35:31.281+0000: 45.243: [ParNew
Desired survivor size 2162688 bytes, new threshold 1 (max 6)
- age   1:    3099792 bytes,    3099792 total
- age   2:     594200 bytes,    3693992 total
: 37511K->4224K(38080K), 0.0142934 secs] 95567K->63703K(122752K), 0.0144558 secs] [Times: user=0.04 sys=0.00, real=0.02 secs] 
Heap after GC invocations=203 (full 3):
 par new generation   total 38080K, used 4224K [0x0000000085c00000, 0x0000000088550000, 0x000000009a8c0000)
  eden space 33856K,   0% used [0x0000000085c00000, 0x0000000085c00000, 0x0000000087d10000)
  from space 4224K, 100% used [0x0000000088130000, 0x0000000088550000, 0x0000000088550000)
  to   space 4224K,   0% used [0x0000000087d10000, 0x0000000087d10000, 0x0000000088130000)
 concurrent mark-sweep generation total 84672K, used 59479K [0x000000009a8c0000, 0x000000009fb70000, 0x0000000100000000)
 Metaspace       used 84222K, capacity 88623K, committed 88804K, reserved 1126400K
  class space    used 10579K, capacity 11436K, committed 11492K, reserved 1048576K
}
2020-12-20T12:35:31.295+0000: 45.257: Total time for which application threads were stopped: 0.0147666 seconds, Stopping threads took: 0.0000468 seconds
{Heap before GC invocations=203 (full 3):
 par new generation   total 38080K, used 38080K [0x0000000085c00000, 0x0000000088550000, 0x000000009a8c0000)
  eden space 33856K, 100% used [0x0000000085c00000, 0x0000000087d10000, 0x0000000087d10000)
  from space 4224K, 100% used [0x0000000088130000, 0x0000000088550000, 0x0000000088550000)
  to   space 4224K,   0% used [0x0000000087d10000, 0x0000000087d10000, 0x0000000088130000)
 concurrent mark-sweep generation total 84672K, used 59479K [0x000000009a8c0000, 0x000000009fb70000, 0x0000000100000000)
 Metaspace       used 84825K, capacity 89303K, committed 89572K, reserved 1128448K
  class space    used 10610K, capacity 11480K, committed 11492K, reserved 1048576K
2020-12-20T12:35:31.660+0000: 45.622: [GC (Allocation Failure) 2020-12-20T12:35:31.660+0000: 45.623: [ParNew
Desired survivor size 2162688 bytes, new threshold 6 (max 6)
- age   1:    1968752 bytes,    1968752 total
: 38080K->3215K(38080K), 0.0196850 secs] 97559K->65270K(122752K), 0.0198395 secs] [Times: user=0.07 sys=0.00, real=0.02 secs] 
Heap after GC invocations=204 (full 3):
 par new generation   total 38080K, used 3215K [0x0000000085c00000, 0x0000000088550000, 0x000000009a8c0000)
  eden space 33856K,   0% used [0x0000000085c00000, 0x0000000085c00000, 0x0000000087d10000)
  from space 4224K,  76% used [0x0000000087d10000, 0x0000000088033f78, 0x0000000088130000)
  to   space 4224K,   0% used [0x0000000088130000, 0x0000000088130000, 0x0000000088550000)
 concurrent mark-sweep generation total 84672K, used 62054K [0x000000009a8c0000, 0x000000009fb70000, 0x0000000100000000)
 Metaspace       used 84825K, capacity 89303K, committed 89572K, reserved 1128448K
  class space    used 10610K, capacity 11480K, committed 11492K, reserved 1048576K
}
2020-12-20T12:35:31.680+0000: 45.642: Total time for which application threads were stopped: 0.0201945 seconds, Stopping threads took: 0.0000533 seconds
{Heap before GC invocations=204 (full 3):
 par new generation   total 38080K, used 37071K [0x0000000085c00000, 0x0000000088550000, 0x000000009a8c0000)
  eden space 33856K, 100% used [0x0000000085c00000, 0x0000000087d10000, 0x0000000087d10000)
  from space 4224K,  76% used [0x0000000087d10000, 0x0000000088033f78, 0x0000000088130000)
  to   space 4224K,   0% used [0x0000000088130000, 0x0000000088130000, 0x0000000088550000)
 concurrent mark-sweep generation total 84672K, used 62054K [0x000000009a8c0000, 0x000000009fb70000, 0x0000000100000000)
 Metaspace       used 85280K, capacity 89749K, committed 89956K, reserved 1128448K
  class space    used 10650K, capacity 11517K, committed 11620K, reserved 1048576K
2020-12-20T12:35:31.994+0000: 45.956: [GC (Allocation Failure) 2020-12-20T12:35:31.994+0000: 45.957: [ParNew
Desired survivor size 2162688 bytes, new threshold 2 (max 6)
- age   1:    1679448 bytes,    1679448 total
- age   2:    1919872 bytes,    3599320 total
: 37071K->4224K(38080K), 0.0267526 secs] 99126K->66799K(122752K), 0.0269448 secs] [Times: user=0.09 sys=0.00, real=0.02 secs] 
Heap after GC invocations=205 (full 3):
 par new generation   total 38080K, used 4224K [0x0000000085c00000, 0x0000000088550000, 0x000000009a8c0000)
  eden space 33856K,   0% used [0x0000000085c00000, 0x0000000085c00000, 0x0000000087d10000)
  from space 4224K, 100% used [0x0000000088130000, 0x0000000088550000, 0x0000000088550000)
  to   space 4224K,   0% used [0x0000000087d10000, 0x0000000087d10000, 0x0000000088130000)
 concurrent mark-sweep generation total 84672K, used 62575K [0x000000009a8c0000, 0x000000009fb70000, 0x0000000100000000)
 Metaspace       used 85280K, capacity 89749K, committed 89956K, reserved 1128448K
  class space    used 10650K, capacity 11517K, committed 11620K, reserved 1048576K
}
2020-12-20T12:35:32.021+0000: 45.984: Total time for which application threads were stopped: 0.0274083 seconds, Stopping threads took: 0.0000547 seconds
{Heap before GC invocations=205 (full 3):
 par new generation   total 38080K, used 38080K [0x0000000085c00000, 0x0000000088550000, 0x000000009a8c0000)
  eden space 33856K, 100% used [0x0000000085c00000, 0x0000000087d10000, 0x0000000087d10000)
  from space 4224K, 100% used [0x0000000088130000, 0x0000000088550000, 0x0000000088550000)
  to   space 4224K,   0% used [0x0000000087d10000, 0x0000000087d10000, 0x0000000088130000)
 concurrent mark-sweep generation total 84672K, used 62575K [0x000000009a8c0000, 0x000000009fb70000, 0x0000000100000000)
 Metaspace       used 85873K, capacity 90391K, committed 90724K, reserved 1128448K
  class space    used 10690K, capacity 11554K, committed 11620K, reserved 1048576K
2020-12-20T12:35:32.313+0000: 46.275: [GC (Allocation Failure) 2020-12-20T12:35:32.313+0000: 46.275: [ParNew
Desired survivor size 2162688 bytes, new threshold 2 (max 6)
- age   1:    1401848 bytes,    1401848 total
- age   2:     906144 bytes,    2307992 total
: 38080K->3926K(38080K), 0.0144336 secs] 100655K->68391K(122752K), 0.0145735 secs] [Times: user=0.05 sys=0.00, real=0.02 secs] 
Heap after GC invocations=206 (full 3):
 par new generation   total 38080K, used 3926K [0x0000000085c00000, 0x0000000088550000, 0x000000009a8c0000)
  eden space 33856K,   0% used [0x0000000085c00000, 0x0000000085c00000, 0x0000000087d10000)
  from space 4224K,  92% used [0x0000000087d10000, 0x00000000880e5b50, 0x0000000088130000)
  to   space 4224K,   0% used [0x0000000088130000, 0x0000000088130000, 0x0000000088550000)
 concurrent mark-sweep generation total 84672K, used 64464K [0x000000009a8c0000, 0x000000009fb70000, 0x0000000100000000)
 Metaspace       used 85873K, capacity 90391K, committed 90724K, reserved 1128448K
  class space    used 10690K, capacity 11554K, committed 11620K, reserved 1048576K
}
2020-12-20T12:35:32.327+0000: 46.289: Total time for which application threads were stopped: 0.0149247 seconds, Stopping threads took: 0.0000885 seconds
2020-12-20T12:35:32.328+0000: 46.291: [GC (CMS Initial Mark) [1 CMS-initial-mark: 64464K(84672K)] 69104K(122752K), 0.0039437 secs] [Times: user=0.01 sys=0.00, real=0.00 secs] 
2020-12-20T12:35:32.332+0000: 46.295: Total time for which application threads were stopped: 0.0045037 seconds, Stopping threads took: 0.0002575 seconds
2020-12-20T12:35:32.333+0000: 46.295: [CMS-concurrent-mark-start]
2020-12-20T12:35:32.600+0000: 46.562: [CMS-concurrent-mark: 0.267/0.267 secs] [Times: user=1.01 sys=0.02, real=0.27 secs] 
2020-12-20T12:35:32.600+0000: 46.562: [CMS-concurrent-preclean-start]
2020-12-20T12:35:32.605+0000: 46.568: [CMS-concurrent-preclean: 0.005/0.005 secs] [Times: user=0.03 sys=0.00, real=0.01 secs] 
2020-12-20T12:35:32.605+0000: 46.568: [CMS-concurrent-abortable-preclean-start]
{Heap before GC invocations=206 (full 4):
 par new generation   total 38080K, used 37782K [0x0000000085c00000, 0x0000000088550000, 0x000000009a8c0000)
  eden space 33856K, 100% used [0x0000000085c00000, 0x0000000087d10000, 0x0000000087d10000)
  from space 4224K,  92% used [0x0000000087d10000, 0x00000000880e5b50, 0x0000000088130000)
  to   space 4224K,   0% used [0x0000000088130000, 0x0000000088130000, 0x0000000088550000)
 concurrent mark-sweep generation total 84672K, used 64464K [0x000000009a8c0000, 0x000000009fb70000, 0x0000000100000000)
 Metaspace       used 86728K, capacity 91283K, committed 91492K, reserved 1128448K
  class space    used 10732K, capacity 11602K, committed 11620K, reserved 1048576K
2020-12-20T12:35:32.801+0000: 46.763: [GC (Allocation Failure) 2020-12-20T12:35:32.801+0000: 46.763: [ParNew
Desired survivor size 2162688 bytes, new threshold 6 (max 6)
- age   1:    1487192 bytes,    1487192 total
- age   2:     632560 bytes,    2119752 total
: 37782K->2574K(38080K), 0.0148833 secs] 102247K->67924K(122752K), 0.0150303 secs] [Times: user=0.05 sys=0.00, real=0.02 secs] 
Heap after GC invocations=207 (full 4):
 par new generation   total 38080K, used 2574K [0x0000000085c00000, 0x0000000088550000, 0x000000009a8c0000)
  eden space 33856K,   0% used [0x0000000085c00000, 0x0000000085c00000, 0x0000000087d10000)
  from space 4224K,  60% used [0x0000000088130000, 0x00000000883b3938, 0x0000000088550000)
  to   space 4224K,   0% used [0x0000000087d10000, 0x0000000087d10000, 0x0000000088130000)
 concurrent mark-sweep generation total 84672K, used 65350K [0x000000009a8c0000, 0x000000009fb70000, 0x0000000100000000)
 Metaspace       used 86728K, capacity 91283K, committed 91492K, reserved 1128448K
  class space    used 10732K, capacity 11602K, committed 11620K, reserved 1048576K
}
2020-12-20T12:35:32.816+0000: 46.778: Total time for which application threads were stopped: 0.0153590 seconds, Stopping threads took: 0.0000483 seconds
{Heap before GC invocations=207 (full 4):
 par new generation   total 38080K, used 36430K [0x0000000085c00000, 0x0000000088550000, 0x000000009a8c0000)
  eden space 33856K, 100% used [0x0000000085c00000, 0x0000000087d10000, 0x0000000087d10000)
  from space 4224K,  60% used [0x0000000088130000, 0x00000000883b3938, 0x0000000088550000)
  to   space 4224K,   0% used [0x0000000087d10000, 0x0000000087d10000, 0x0000000088130000)
 concurrent mark-sweep generation total 84672K, used 65350K [0x000000009a8c0000, 0x000000009fb70000, 0x0000000100000000)
 Metaspace       used 87173K, capacity 91737K, committed 92132K, reserved 1130496K
  class space    used 10791K, capacity 11643K, committed 11748K, reserved 1048576K
2020-12-20T12:35:33.019+0000: 46.981: [GC (Allocation Failure) 2020-12-20T12:35:33.019+0000: 46.981: [ParNew
Desired survivor size 2162688 bytes, new threshold 3 (max 6)
- age   1:     355304 bytes,     355304 total
- age   2:    1446352 bytes,    1801656 total
- age   3:     623568 bytes,    2425224 total
: 36430K->3247K(38080K), 0.0087630 secs] 101780K->68598K(122752K), 0.0089114 secs] [Times: user=0.03 sys=0.00, real=0.01 secs] 
Heap after GC invocations=208 (full 4):
 par new generation   total 38080K, used 3247K [0x0000000085c00000, 0x0000000088550000, 0x000000009a8c0000)
  eden space 33856K,   0% used [0x0000000085c00000, 0x0000000085c00000, 0x0000000087d10000)
  from space 4224K,  76% used [0x0000000087d10000, 0x000000008803bea8, 0x0000000088130000)
  to   space 4224K,   0% used [0x0000000088130000, 0x0000000088130000, 0x0000000088550000)
 concurrent mark-sweep generation total 84672K, used 65350K [0x000000009a8c0000, 0x000000009fb70000, 0x0000000100000000)
 Metaspace       used 87173K, capacity 91737K, committed 92132K, reserved 1130496K
  class space    used 10791K, capacity 11643K, committed 11748K, reserved 1048576K
}
2020-12-20T12:35:33.028+0000: 46.990: Total time for which application threads were stopped: 0.0092816 seconds, Stopping threads took: 0.0000591 seconds
2020-12-20T12:35:33.028+0000: 46.990: [CMS-concurrent-abortable-preclean: 0.324/0.422 secs] [Times: user=1.42 sys=0.05, real=0.42 secs] 
2020-12-20T12:35:33.028+0000: 46.991: [GC (CMS Final Remark) [YG occupancy: 3926 K (38080 K)]2020-12-20T12:35:33.028+0000: 46.991: [Rescan (parallel) , 0.0065026 secs]2020-12-20T12:35:33.035+0000: 46.997: [weak refs processing, 0.0005021 secs]2020-12-20T12:35:33.035+0000: 46.998: [class unloading, 0.0301210 secs]2020-12-20T12:35:33.066+0000: 47.028: [scrub symbol table, 0.0299849 secs]2020-12-20T12:35:33.096+0000: 47.058: [scrub string table, 0.0018703 secs][1 CMS-remark: 65350K(84672K)] 69276K(122752K), 0.0693072 secs] [Times: user=0.11 sys=0.00, real=0.07 secs] 
2020-12-20T12:35:33.098+0000: 47.060: Total time for which application threads were stopped: 0.0696045 seconds, Stopping threads took: 0.0000906 seconds
2020-12-20T12:35:33.099+0000: 47.061: [CMS-concurrent-sweep-start]
2020-12-20T12:35:33.163+0000: 47.126: [CMS-concurrent-sweep: 0.065/0.065 secs] [Times: user=0.24 sys=0.00, real=0.06 secs] 
2020-12-20T12:35:33.165+0000: 47.127: [CMS-concurrent-reset-start]
2020-12-20T12:35:33.171+0000: 47.134: [CMS-concurrent-reset: 0.007/0.007 secs] [Times: user=0.03 sys=0.00, real=0.01 secs] 
2020-12-20T12:35:33.261+0000: 47.223: Total time for which application threads were stopped: 0.0019202 seconds, Stopping threads took: 0.0000649 seconds
{Heap before GC invocations=208 (full 4):
 par new generation   total 38080K, used 37103K [0x0000000085c00000, 0x0000000088550000, 0x000000009a8c0000)
  eden space 33856K, 100% used [0x0000000085c00000, 0x0000000087d10000, 0x0000000087d10000)
  from space 4224K,  76% used [0x0000000087d10000, 0x000000008803bea8, 0x0000000088130000)
  to   space 4224K,   0% used [0x0000000088130000, 0x0000000088130000, 0x0000000088550000)
 concurrent mark-sweep generation total 101612K, used 60966K [0x000000009a8c0000, 0x00000000a0bfb000, 0x0000000100000000)
 Metaspace       used 89145K, capacity 93669K, committed 93924K, reserved 1130496K
  class space    used 11028K, capacity 11901K, committed 12004K, reserved 1048576K
2020-12-20T12:35:33.460+0000: 47.422: [GC (Allocation Failure) 2020-12-20T12:35:33.460+0000: 47.422: [ParNew
Desired survivor size 2162688 bytes, new threshold 3 (max 6)
- age   1:    1860584 bytes,    1860584 total
- age   2:     278408 bytes,    2138992 total
- age   3:    1436224 bytes,    3575216 total
: 37103K->4224K(38080K), 0.0163685 secs] 98070K->66454K(139692K), 0.0165239 secs] [Times: user=0.05 sys=0.00, real=0.02 secs] 
Heap after GC invocations=209 (full 4):
 par new generation   total 38080K, used 4224K [0x0000000085c00000, 0x0000000088550000, 0x000000009a8c0000)
  eden space 33856K,   0% used [0x0000000085c00000, 0x0000000085c00000, 0x0000000087d10000)
  from space 4224K, 100% used [0x0000000088130000, 0x0000000088550000, 0x0000000088550000)
  to   space 4224K,   0% used [0x0000000087d10000, 0x0000000087d10000, 0x0000000088130000)
 concurrent mark-sweep generation total 101612K, used 62230K [0x000000009a8c0000, 0x00000000a0bfb000, 0x0000000100000000)
 Metaspace       used 89145K, capacity 93669K, committed 93924K, reserved 1130496K
  class space    used 11028K, capacity 11901K, committed 12004K, reserved 1048576K
}
2020-12-20T12:35:33.477+0000: 47.439: Total time for which application threads were stopped: 0.0168784 seconds, Stopping threads took: 0.0000542 seconds
{Heap before GC invocations=209 (full 4):
 par new generation   total 38080K, used 38080K [0x0000000085c00000, 0x0000000088550000, 0x000000009a8c0000)
  eden space 33856K, 100% used [0x0000000085c00000, 0x0000000087d10000, 0x0000000087d10000)
  from space 4224K, 100% used [0x0000000088130000, 0x0000000088550000, 0x0000000088550000)
  to   space 4224K,   0% used [0x0000000087d10000, 0x0000000087d10000, 0x0000000088130000)
 concurrent mark-sweep generation total 101612K, used 62230K [0x000000009a8c0000, 0x00000000a0bfb000, 0x0000000100000000)
 Metaspace       used 89743K, capacity 94309K, committed 94436K, reserved 1132544K
  class space    used 11099K, capacity 11965K, committed 12004K, reserved 1048576K
2020-12-20T12:35:33.709+0000: 47.671: [GC (Allocation Failure) 2020-12-20T12:35:33.710+0000: 47.672: [ParNew
Desired survivor size 2162688 bytes, new threshold 2 (max 6)
- age   1:     835160 bytes,     835160 total
- age   2:    1766440 bytes,    2601600 total
- age   3:     277760 bytes,    2879360 total
: 38080K->4223K(38080K), 0.0205025 secs] 100310K->68109K(139692K), 0.0211425 secs] [Times: user=0.08 sys=0.00, real=0.02 secs] 
Heap after GC invocations=210 (full 4):
 par new generation   total 38080K, used 4223K [0x0000000085c00000, 0x0000000088550000, 0x000000009a8c0000)
  eden space 33856K,   0% used [0x0000000085c00000, 0x0000000085c00000, 0x0000000087d10000)
  from space 4224K,  99% used [0x0000000087d10000, 0x000000008812fff8, 0x0000000088130000)
  to   space 4224K,   0% used [0x0000000088130000, 0x0000000088130000, 0x0000000088550000)
 concurrent mark-sweep generation total 101612K, used 63885K [0x000000009a8c0000, 0x00000000a0bfb000, 0x0000000100000000)
 Metaspace       used 89743K, capacity 94309K, committed 94436K, reserved 1132544K
  class space    used 11099K, capacity 11965K, committed 12004K, reserved 1048576K
}
2020-12-20T12:35:33.730+0000: 47.693: Total time for which application threads were stopped: 0.0215231 seconds, Stopping threads took: 0.0000502 seconds
{Heap before GC invocations=210 (full 4):
 par new generation   total 38080K, used 38079K [0x0000000085c00000, 0x0000000088550000, 0x000000009a8c0000)
  eden space 33856K, 100% used [0x0000000085c00000, 0x0000000087d10000, 0x0000000087d10000)
  from space 4224K,  99% used [0x0000000087d10000, 0x000000008812fff8, 0x0000000088130000)
  to   space 4224K,   0% used [0x0000000088130000, 0x0000000088130000, 0x0000000088550000)
 concurrent mark-sweep generation total 101612K, used 63885K [0x000000009a8c0000, 0x00000000a0bfb000, 0x0000000100000000)
 Metaspace       used 90117K, capacity 94693K, committed 95076K, reserved 1132544K
  class space    used 11151K, capacity 12029K, committed 12132K, reserved 1048576K
2020-12-20T12:35:33.964+0000: 47.927: [GC (Allocation Failure) 2020-12-20T12:35:33.964+0000: 47.927: [ParNew
Desired survivor size 2162688 bytes, new threshold 6 (max 6)
- age   1:     794576 bytes,     794576 total
- age   2:     286352 bytes,    1080928 total
: 38079K->2971K(38080K), 0.0151651 secs] 101965K->68871K(139692K), 0.0153242 secs] [Times: user=0.05 sys=0.00, real=0.02 secs] 
Heap after GC invocations=211 (full 4):
 par new generation   total 38080K, used 2971K [0x0000000085c00000, 0x0000000088550000, 0x000000009a8c0000)
  eden space 33856K,   0% used [0x0000000085c00000, 0x0000000085c00000, 0x0000000087d10000)
  from space 4224K,  70% used [0x0000000088130000, 0x0000000088416df0, 0x0000000088550000)
  to   space 4224K,   0% used [0x0000000087d10000, 0x0000000087d10000, 0x0000000088130000)
 concurrent mark-sweep generation total 101612K, used 65899K [0x000000009a8c0000, 0x00000000a0bfb000, 0x0000000100000000)
 Metaspace       used 90117K, capacity 94693K, committed 95076K, reserved 1132544K
  class space    used 11151K, capacity 12029K, committed 12132K, reserved 1048576K
}
2020-12-20T12:35:33.980+0000: 47.942: Total time for which application threads were stopped: 0.0158270 seconds, Stopping threads took: 0.0000757 seconds
{Heap before GC invocations=211 (full 4):
 par new generation   total 38080K, used 36827K [0x0000000085c00000, 0x0000000088550000, 0x000000009a8c0000)
  eden space 33856K, 100% used [0x0000000085c00000, 0x0000000087d10000, 0x0000000087d10000)
  from space 4224K,  70% used [0x0000000088130000, 0x0000000088416df0, 0x0000000088550000)
  to   space 4224K,   0% used [0x0000000087d10000, 0x0000000087d10000, 0x0000000088130000)
 concurrent mark-sweep generation total 101612K, used 65899K [0x000000009a8c0000, 0x00000000a0bfb000, 0x0000000100000000)
 Metaspace       used 90237K, capacity 94821K, committed 95076K, reserved 1132544K
  class space    used 11163K, capacity 12029K, committed 12132K, reserved 1048576K
2020-12-20T12:35:34.207+0000: 48.169: [GC (Allocation Failure) 2020-12-20T12:35:34.207+0000: 48.170: [ParNew
Desired survivor size 2162688 bytes, new threshold 6 (max 6)
- age   1:     848144 bytes,     848144 total
- age   2:     284328 bytes,    1132472 total
- age   3:     283400 bytes,    1415872 total
: 36827K->1690K(38080K), 0.0078613 secs] 102727K->67590K(139692K), 0.0080447 secs] [Times: user=0.03 sys=0.00, real=0.01 secs] 
Heap after GC invocations=212 (full 4):
 par new generation   total 38080K, used 1690K [0x0000000085c00000, 0x0000000088550000, 0x000000009a8c0000)
  eden space 33856K,   0% used [0x0000000085c00000, 0x0000000085c00000, 0x0000000087d10000)
  from space 4224K,  40% used [0x0000000087d10000, 0x0000000087eb6ae8, 0x0000000088130000)
  to   space 4224K,   0% used [0x0000000088130000, 0x0000000088130000, 0x0000000088550000)
 concurrent mark-sweep generation total 101612K, used 65899K [0x000000009a8c0000, 0x00000000a0bfb000, 0x0000000100000000)
 Metaspace       used 90237K, capacity 94821K, committed 95076K, reserved 1132544K
  class space    used 11163K, capacity 12029K, committed 12132K, reserved 1048576K
}
2020-12-20T12:35:34.215+0000: 48.178: Total time for which application threads were stopped: 0.0084874 seconds, Stopping threads took: 0.0000559 seconds
2020-12-20T12:35:34.275+0000: 48.237: Total time for which application threads were stopped: 0.0020517 seconds, Stopping threads took: 0.0000539 seconds
2020-12-20T12:35:34.277+0000: 48.239: Total time for which application threads were stopped: 0.0014912 seconds, Stopping threads took: 0.0000278 seconds
2020-12-20T12:35:34.281+0000: 48.243: Total time for which application threads were stopped: 0.0015892 seconds, Stopping threads took: 0.0000504 seconds
2020-12-20T12:35:34.329+0000: 48.291: Total time for which application threads were stopped: 0.0015140 seconds, Stopping threads took: 0.0000510 seconds
2020-12-20T12:35:34.332+0000: 48.294: Total time for which application threads were stopped: 0.0015070 seconds, Stopping threads took: 0.0000438 seconds
{Heap before GC invocations=212 (full 4):
 par new generation   total 38080K, used 35546K [0x0000000085c00000, 0x0000000088550000, 0x000000009a8c0000)
  eden space 33856K, 100% used [0x0000000085c00000, 0x0000000087d10000, 0x0000000087d10000)
  from space 4224K,  40% used [0x0000000087d10000, 0x0000000087eb6ae8, 0x0000000088130000)
  to   space 4224K,   0% used [0x0000000088130000, 0x0000000088130000, 0x0000000088550000)
 concurrent mark-sweep generation total 101612K, used 65899K [0x000000009a8c0000, 0x00000000a0bfb000, 0x0000000100000000)
 Metaspace       used 90695K, capacity 95275K, committed 95588K, reserved 1132544K
  class space    used 11219K, capacity 12082K, committed 12132K, reserved 1048576K
2020-12-20T12:35:34.520+0000: 48.482: [GC (Allocation Failure) 2020-12-20T12:35:34.520+0000: 48.482: [ParNew
Desired survivor size 2162688 bytes, new threshold 6 (max 6)
- age   1:    1078528 bytes,    1078528 total
- age   2:     484000 bytes,    1562528 total
- age   3:     281264 bytes,    1843792 total
- age   4:     282040 bytes,    2125832 total
: 35546K->2776K(38080K), 0.0101939 secs] 101446K->68676K(139692K), 0.0103488 secs] [Times: user=0.04 sys=0.00, real=0.01 secs] 
Heap after GC invocations=213 (full 4):
 par new generation   total 38080K, used 2776K [0x0000000085c00000, 0x0000000088550000, 0x000000009a8c0000)
  eden space 33856K,   0% used [0x0000000085c00000, 0x0000000085c00000, 0x0000000087d10000)
  from space 4224K,  65% used [0x0000000088130000, 0x00000000883e62e8, 0x0000000088550000)
  to   space 4224K,   0% used [0x0000000087d10000, 0x0000000087d10000, 0x0000000088130000)
 concurrent mark-sweep generation total 101612K, used 65899K [0x000000009a8c0000, 0x00000000a0bfb000, 0x0000000100000000)
 Metaspace       used 90695K, capacity 95275K, committed 95588K, reserved 1132544K
  class space    used 11219K, capacity 12082K, committed 12132K, reserved 1048576K
}
2020-12-20T12:35:34.531+0000: 48.493: Total time for which application threads were stopped: 0.0107795 seconds, Stopping threads took: 0.0000548 seconds
2020-12-20T12:35:34.619+0000: 48.581: Total time for which application threads were stopped: 0.0016383 seconds, Stopping threads took: 0.0000513 seconds
2020-12-20T12:35:34.657+0000: 48.619: Total time for which application threads were stopped: 0.0015683 seconds, Stopping threads took: 0.0000537 seconds
{Heap before GC invocations=213 (full 4):
 par new generation   total 38080K, used 36632K [0x0000000085c00000, 0x0000000088550000, 0x000000009a8c0000)
  eden space 33856K, 100% used [0x0000000085c00000, 0x0000000087d10000, 0x0000000087d10000)
  from space 4224K,  65% used [0x0000000088130000, 0x00000000883e62e8, 0x0000000088550000)
  to   space 4224K,   0% used [0x0000000087d10000, 0x0000000087d10000, 0x0000000088130000)
 concurrent mark-sweep generation total 101612K, used 65899K [0x000000009a8c0000, 0x00000000a0bfb000, 0x0000000100000000)
 Metaspace       used 91050K, capacity 95689K, committed 95972K, reserved 1132544K
  class space    used 11279K, capacity 12167K, committed 12260K, reserved 1048576K
2020-12-20T12:35:34.797+0000: 48.760: [GC (Allocation Failure) 2020-12-20T12:35:34.798+0000: 48.760: [ParNew
Desired survivor size 2162688 bytes, new threshold 4 (max 6)
- age   1:     731504 bytes,     731504 total
- age   2:     743120 bytes,    1474624 total
- age   3:     479336 bytes,    1953960 total
- age   4:     271832 bytes,    2225792 total
- age   5:     281864 bytes,    2507656 total
: 36632K->3433K(38080K), 0.0080502 secs] 102532K->69333K(139692K), 0.0082202 secs] [Times: user=0.03 sys=0.00, real=0.01 secs] 
Heap after GC invocations=214 (full 4):
 par new generation   total 38080K, used 3433K [0x0000000085c00000, 0x0000000088550000, 0x000000009a8c0000)
  eden space 33856K,   0% used [0x0000000085c00000, 0x0000000085c00000, 0x0000000087d10000)
  from space 4224K,  81% used [0x0000000087d10000, 0x000000008806a558, 0x0000000088130000)
  to   space 4224K,   0% used [0x0000000088130000, 0x0000000088130000, 0x0000000088550000)
 concurrent mark-sweep generation total 101612K, used 65899K [0x000000009a8c0000, 0x00000000a0bfb000, 0x0000000100000000)
 Metaspace       used 91050K, capacity 95689K, committed 95972K, reserved 1132544K
  class space    used 11279K, capacity 12167K, committed 12260K, reserved 1048576K
}
2020-12-20T12:35:34.806+0000: 48.768: Total time for which application threads were stopped: 0.0085891 seconds, Stopping threads took: 0.0000495 seconds
{Heap before GC invocations=214 (full 4):
 par new generation   total 38080K, used 37289K [0x0000000085c00000, 0x0000000088550000, 0x000000009a8c0000)
  eden space 33856K, 100% used [0x0000000085c00000, 0x0000000087d10000, 0x0000000087d10000)
  from space 4224K,  81% used [0x0000000087d10000, 0x000000008806a558, 0x0000000088130000)
  to   space 4224K,   0% used [0x0000000088130000, 0x0000000088130000, 0x0000000088550000)
 concurrent mark-sweep generation total 101612K, used 65899K [0x000000009a8c0000, 0x00000000a0bfb000, 0x0000000100000000)
 Metaspace       used 91343K, capacity 96009K, committed 96228K, reserved 1132544K
  class space    used 11334K, capacity 12231K, committed 12260K, reserved 1048576K
2020-12-20T12:35:34.946+0000: 48.908: [GC (Allocation Failure) 2020-12-20T12:35:34.946+0000: 48.908: [ParNew
Desired survivor size 2162688 bytes, new threshold 6 (max 6)
- age   1:     488080 bytes,     488080 total
- age   2:     437176 bytes,     925256 total
- age   3:     741536 bytes,    1666792 total
- age   4:     477136 bytes,    2143928 total
: 37289K->2726K(38080K), 0.0100805 secs] 103189K->69175K(139692K), 0.0102241 secs] [Times: user=0.03 sys=0.00, real=0.01 secs] 
Heap after GC invocations=215 (full 4):
 par new generation   total 38080K, used 2726K [0x0000000085c00000, 0x0000000088550000, 0x000000009a8c0000)
  eden space 33856K,   0% used [0x0000000085c00000, 0x0000000085c00000, 0x0000000087d10000)
  from space 4224K,  64% used [0x0000000088130000, 0x00000000883d98d8, 0x0000000088550000)
  to   space 4224K,   0% used [0x0000000087d10000, 0x0000000087d10000, 0x0000000088130000)
 concurrent mark-sweep generation total 101612K, used 66449K [0x000000009a8c0000, 0x00000000a0bfb000, 0x0000000100000000)
 Metaspace       used 91343K, capacity 96009K, committed 96228K, reserved 1132544K
  class space    used 11334K, capacity 12231K, committed 12260K, reserved 1048576K
}
2020-12-20T12:35:34.956+0000: 48.919: Total time for which application threads were stopped: 0.0106094 seconds, Stopping threads took: 0.0000800 seconds
{Heap before GC invocations=215 (full 4):
 par new generation   total 38080K, used 36582K [0x0000000085c00000, 0x0000000088550000, 0x000000009a8c0000)
  eden space 33856K, 100% used [0x0000000085c00000, 0x0000000087d10000, 0x0000000087d10000)
  from space 4224K,  64% used [0x0000000088130000, 0x00000000883d98d8, 0x0000000088550000)
  to   space 4224K,   0% used [0x0000000087d10000, 0x0000000087d10000, 0x0000000088130000)
 concurrent mark-sweep generation total 101612K, used 66449K [0x000000009a8c0000, 0x00000000a0bfb000, 0x0000000100000000)
 Metaspace       used 91614K, capacity 96301K, committed 96612K, reserved 1134592K
  class space    used 11367K, capacity 12265K, committed 12388K, reserved 1048576K
2020-12-20T12:35:35.096+0000: 49.059: [GC (Allocation Failure) 2020-12-20T12:35:35.096+0000: 49.059: [ParNew
Desired survivor size 2162688 bytes, new threshold 4 (max 6)
- age   1:    1052312 bytes,    1052312 total
- age   2:     293696 bytes,    1346008 total
- age   3:     434648 bytes,    1780656 total
- age   4:     741536 bytes,    2522192 total
- age   5:     475792 bytes,    2997984 total
: 36582K->4223K(38080K), 0.0102749 secs] 103031K->70726K(139692K), 0.0104367 secs] [Times: user=0.03 sys=0.00, real=0.01 secs] 
Heap after GC invocations=216 (full 4):
 par new generation   total 38080K, used 4223K [0x0000000085c00000, 0x0000000088550000, 0x000000009a8c0000)
  eden space 33856K,   0% used [0x0000000085c00000, 0x0000000085c00000, 0x0000000087d10000)
  from space 4224K,  99% used [0x0000000087d10000, 0x000000008812fff8, 0x0000000088130000)
  to   space 4224K,   0% used [0x0000000088130000, 0x0000000088130000, 0x0000000088550000)
 concurrent mark-sweep generation total 101612K, used 66502K [0x000000009a8c0000, 0x00000000a0bfb000, 0x0000000100000000)
 Metaspace       used 91614K, capacity 96301K, committed 96612K, reserved 1134592K
  class space    used 11367K, capacity 12265K, committed 12388K, reserved 1048576K
}
2020-12-20T12:35:35.107+0000: 49.069: Total time for which application threads were stopped: 0.0108063 seconds, Stopping threads took: 0.0000529 seconds
{Heap before GC invocations=216 (full 4):
 par new generation   total 38080K, used 38079K [0x0000000085c00000, 0x0000000088550000, 0x000000009a8c0000)
  eden space 33856K, 100% used [0x0000000085c00000, 0x0000000087d10000, 0x0000000087d10000)
  from space 4224K,  99% used [0x0000000087d10000, 0x000000008812fff8, 0x0000000088130000)
  to   space 4224K,   0% used [0x0000000088130000, 0x0000000088130000, 0x0000000088550000)
 concurrent mark-sweep generation total 101612K, used 66502K [0x000000009a8c0000, 0x00000000a0bfb000, 0x0000000100000000)
 Metaspace       used 91828K, capacity 96461K, committed 96612K, reserved 1134592K
  class space    used 11402K, capacity 12297K, committed 12388K, reserved 1048576K
2020-12-20T12:35:35.273+0000: 49.235: [GC (Allocation Failure) 2020-12-20T12:35:35.273+0000: 49.235: [ParNew
Desired survivor size 2162688 bytes, new threshold 4 (max 6)
- age   1:    1408400 bytes,    1408400 total
- age   2:     130920 bytes,    1539320 total
- age   3:     292480 bytes,    1831800 total
- age   4:     434648 bytes,    2266448 total
: 38079K->3265K(38080K), 0.0150932 secs] 104582K->70984K(139692K), 0.0152351 secs] [Times: user=0.05 sys=0.00, real=0.02 secs] 
Heap after GC invocations=217 (full 4):
 par new generation   total 38080K, used 3265K [0x0000000085c00000, 0x0000000088550000, 0x000000009a8c0000)
  eden space 33856K,   0% used [0x0000000085c00000, 0x0000000085c00000, 0x0000000087d10000)
  from space 4224K,  77% used [0x0000000088130000, 0x0000000088460420, 0x0000000088550000)
  to   space 4224K,   0% used [0x0000000087d10000, 0x0000000087d10000, 0x0000000088130000)
 concurrent mark-sweep generation total 101612K, used 67719K [0x000000009a8c0000, 0x00000000a0bfb000, 0x0000000100000000)
 Metaspace       used 91828K, capacity 96461K, committed 96612K, reserved 1134592K
  class space    used 11402K, capacity 12297K, committed 12388K, reserved 1048576K
}
2020-12-20T12:35:35.288+0000: 49.250: Total time for which application threads were stopped: 0.0155455 seconds, Stopping threads took: 0.0000502 seconds
{Heap before GC invocations=217 (full 4):
 par new generation   total 38080K, used 37121K [0x0000000085c00000, 0x0000000088550000, 0x000000009a8c0000)
  eden space 33856K, 100% used [0x0000000085c00000, 0x0000000087d10000, 0x0000000087d10000)
  from space 4224K,  77% used [0x0000000088130000, 0x0000000088460420, 0x0000000088550000)
  to   space 4224K,   0% used [0x0000000087d10000, 0x0000000087d10000, 0x0000000088130000)
 concurrent mark-sweep generation total 101612K, used 67719K [0x000000009a8c0000, 0x00000000a0bfb000, 0x0000000100000000)
 Metaspace       used 92030K, capacity 96707K, committed 96868K, reserved 1134592K
  class space    used 11436K, capacity 12336K, committed 12388K, reserved 1048576K
2020-12-20T12:35:35.438+0000: 49.400: [GC (Allocation Failure) 2020-12-20T12:35:35.438+0000: 49.400: [ParNew
Desired survivor size 2162688 bytes, new threshold 6 (max 6)
- age   1:    1213552 bytes,    1213552 total
- age   2:      63224 bytes,    1276776 total
- age   3:     122752 bytes,    1399528 total
- age   4:     292440 bytes,    1691968 total
: 37121K->2064K(38080K), 0.0131261 secs] 104840K->70216K(139692K), 0.0133362 secs] [Times: user=0.04 sys=0.00, real=0.01 secs] 
Heap after GC invocations=218 (full 4):
 par new generation   total 38080K, used 2064K [0x0000000085c00000, 0x0000000088550000, 0x000000009a8c0000)
  eden space 33856K,   0% used [0x0000000085c00000, 0x0000000085c00000, 0x0000000087d10000)
  from space 4224K,  48% used [0x0000000087d10000, 0x0000000087f14198, 0x0000000088130000)
  to   space 4224K,   0% used [0x0000000088130000, 0x0000000088130000, 0x0000000088550000)
 concurrent mark-sweep generation total 101612K, used 68151K [0x000000009a8c0000, 0x00000000a0bfb000, 0x0000000100000000)
 Metaspace       used 92030K, capacity 96707K, committed 96868K, reserved 1134592K
  class space    used 11436K, capacity 12336K, committed 12388K, reserved 1048576K
}
2020-12-20T12:35:35.451+0000: 49.413: Total time for which application threads were stopped: 0.0138013 seconds, Stopping threads took: 0.0000884 seconds
{Heap before GC invocations=218 (full 4):
 par new generation   total 38080K, used 35920K [0x0000000085c00000, 0x0000000088550000, 0x000000009a8c0000)
  eden space 33856K, 100% used [0x0000000085c00000, 0x0000000087d10000, 0x0000000087d10000)
  from space 4224K,  48% used [0x0000000087d10000, 0x0000000087f14198, 0x0000000088130000)
  to   space 4224K,   0% used [0x0000000088130000, 0x0000000088130000, 0x0000000088550000)
 concurrent mark-sweep generation total 101612K, used 68151K [0x000000009a8c0000, 0x00000000a0bfb000, 0x0000000100000000)
 Metaspace       used 92127K, capacity 96785K, committed 97124K, reserved 1134592K
  class space    used 11450K, capacity 12339K, committed 12388K, reserved 1048576K
2020-12-20T12:35:35.621+0000: 49.584: [GC (Allocation Failure) 2020-12-20T12:35:35.621+0000: 49.584: [ParNew
Desired survivor size 2162688 bytes, new threshold 1 (max 6)
- age   1:    2493824 bytes,    2493824 total
- age   2:     158144 bytes,    2651968 total
- age   3:      61976 bytes,    2713944 total
- age   4:     122752 bytes,    2836696 total
- age   5:     291920 bytes,    3128616 total
: 35920K->3440K(38080K), 0.0221126 secs] 104072K->71591K(139692K), 0.0223324 secs] [Times: user=0.07 sys=0.01, real=0.02 secs] 
Heap after GC invocations=219 (full 4):
 par new generation   total 38080K, used 3440K [0x0000000085c00000, 0x0000000088550000, 0x000000009a8c0000)
  eden space 33856K,   0% used [0x0000000085c00000, 0x0000000085c00000, 0x0000000087d10000)
  from space 4224K,  81% used [0x0000000088130000, 0x000000008848c0a0, 0x0000000088550000)
  to   space 4224K,   0% used [0x0000000087d10000, 0x0000000087d10000, 0x0000000088130000)
 concurrent mark-sweep generation total 101612K, used 68151K [0x000000009a8c0000, 0x00000000a0bfb000, 0x0000000100000000)
 Metaspace       used 92127K, capacity 96785K, committed 97124K, reserved 1134592K
  class space    used 11450K, capacity 12339K, committed 12388K, reserved 1048576K
}
2020-12-20T12:35:35.644+0000: 49.606: Total time for which application threads were stopped: 0.0227255 seconds, Stopping threads took: 0.0000554 seconds
{Heap before GC invocations=219 (full 4):
 par new generation   total 38080K, used 37296K [0x0000000085c00000, 0x0000000088550000, 0x000000009a8c0000)
  eden space 33856K, 100% used [0x0000000085c00000, 0x0000000087d10000, 0x0000000087d10000)
  from space 4224K,  81% used [0x0000000088130000, 0x000000008848c0a0, 0x0000000088550000)
  to   space 4224K,   0% used [0x0000000087d10000, 0x0000000087d10000, 0x0000000088130000)
 concurrent mark-sweep generation total 101612K, used 68151K [0x000000009a8c0000, 0x00000000a0bfb000, 0x0000000100000000)
 Metaspace       used 92335K, capacity 96995K, committed 97124K, reserved 1134592K
  class space    used 11490K, capacity 12386K, committed 12388K, reserved 1048576K
2020-12-20T12:35:35.818+0000: 49.780: [GC (Allocation Failure) 2020-12-20T12:35:35.818+0000: 49.781: [ParNew
Desired survivor size 2162688 bytes, new threshold 6 (max 6)
- age   1:    1138528 bytes,    1138528 total
: 37296K->1677K(38080K), 0.0173865 secs] 105447K->70565K(139692K), 0.0175856 secs] [Times: user=0.05 sys=0.00, real=0.02 secs] 
Heap after GC invocations=220 (full 4):
 par new generation   total 38080K, used 1677K [0x0000000085c00000, 0x0000000088550000, 0x000000009a8c0000)
  eden space 33856K,   0% used [0x0000000085c00000, 0x0000000085c00000, 0x0000000087d10000)
  from space 4224K,  39% used [0x0000000087d10000, 0x0000000087eb34a8, 0x0000000088130000)
  to   space 4224K,   0% used [0x0000000088130000, 0x0000000088130000, 0x0000000088550000)
 concurrent mark-sweep generation total 101612K, used 68888K [0x000000009a8c0000, 0x00000000a0bfb000, 0x0000000100000000)
 Metaspace       used 92335K, capacity 96995K, committed 97124K, reserved 1134592K
  class space    used 11490K, capacity 12386K, committed 12388K, reserved 1048576K
}
2020-12-20T12:35:35.836+0000: 49.798: Total time for which application threads were stopped: 0.0180097 seconds, Stopping threads took: 0.0000711 seconds
{Heap before GC invocations=220 (full 4):
 par new generation   total 38080K, used 35533K [0x0000000085c00000, 0x0000000088550000, 0x000000009a8c0000)
  eden space 33856K, 100% used [0x0000000085c00000, 0x0000000087d10000, 0x0000000087d10000)
  from space 4224K,  39% used [0x0000000087d10000, 0x0000000087eb34a8, 0x0000000088130000)
  to   space 4224K,   0% used [0x0000000088130000, 0x0000000088130000, 0x0000000088550000)
 concurrent mark-sweep generation total 101612K, used 68888K [0x000000009a8c0000, 0x00000000a0bfb000, 0x0000000100000000)
 Metaspace       used 92454K, capacity 97157K, committed 97508K, reserved 1134592K
  class space    used 11507K, capacity 12419K, committed 12516K, reserved 1048576K
2020-12-20T12:35:36.034+0000: 49.996: [GC (Allocation Failure) 2020-12-20T12:35:36.034+0000: 49.996: [ParNew
Desired survivor size 2162688 bytes, new threshold 6 (max 6)
- age   1:    1868064 bytes,    1868064 total
- age   2:     272520 bytes,    2140584 total
: 35533K->2188K(38080K), 0.0114031 secs] 104421K->71077K(139692K), 0.0115602 secs] [Times: user=0.04 sys=0.00, real=0.00 secs] 
Heap after GC invocations=221 (full 4):
 par new generation   total 38080K, used 2188K [0x0000000085c00000, 0x0000000088550000, 0x000000009a8c0000)
  eden space 33856K,   0% used [0x0000000085c00000, 0x0000000085c00000, 0x0000000087d10000)
  from space 4224K,  51% used [0x0000000088130000, 0x0000000088353180, 0x0000000088550000)
  to   space 4224K,   0% used [0x0000000087d10000, 0x0000000087d10000, 0x0000000088130000)
 concurrent mark-sweep generation total 101612K, used 68888K [0x000000009a8c0000, 0x00000000a0bfb000, 0x0000000100000000)
 Metaspace       used 92454K, capacity 97157K, committed 97508K, reserved 1134592K
  class space    used 11507K, capacity 12419K, committed 12516K, reserved 1048576K
}
2020-12-20T12:35:36.045+0000: 50.007: Total time for which application threads were stopped: 0.0119725 seconds, Stopping threads took: 0.0000904 seconds
{Heap before GC invocations=221 (full 4):
 par new generation   total 38080K, used 36044K [0x0000000085c00000, 0x0000000088550000, 0x000000009a8c0000)
  eden space 33856K, 100% used [0x0000000085c00000, 0x0000000087d10000, 0x0000000087d10000)
  from space 4224K,  51% used [0x0000000088130000, 0x0000000088353180, 0x0000000088550000)
  to   space 4224K,   0% used [0x0000000087d10000, 0x0000000087d10000, 0x0000000088130000)
 concurrent mark-sweep generation total 101612K, used 68888K [0x000000009a8c0000, 0x00000000a0bfb000, 0x0000000100000000)
 Metaspace       used 92607K, capacity 97331K, committed 97508K, reserved 1134592K
  class space    used 11532K, capacity 12428K, committed 12516K, reserved 1048576K
2020-12-20T12:35:36.314+0000: 50.276: [GC (Allocation Failure) 2020-12-20T12:35:36.314+0000: 50.276: [ParNew
Desired survivor size 2162688 bytes, new threshold 2 (max 6)
- age   1:    2079336 bytes,    2079336 total
- age   2:     182560 bytes,    2261896 total
- age   3:     271496 bytes,    2533392 total
: 36044K->2675K(38080K), 0.0140911 secs] 104933K->71563K(139692K), 0.0142855 secs] [Times: user=0.04 sys=0.00, real=0.01 secs] 
Heap after GC invocations=222 (full 4):
 par new generation   total 38080K, used 2675K [0x0000000085c00000, 0x0000000088550000, 0x000000009a8c0000)
  eden space 33856K,   0% used [0x0000000085c00000, 0x0000000085c00000, 0x0000000087d10000)
  from space 4224K,  63% used [0x0000000087d10000, 0x0000000087facc00, 0x0000000088130000)
  to   space 4224K,   0% used [0x0000000088130000, 0x0000000088130000, 0x0000000088550000)
 concurrent mark-sweep generation total 101612K, used 68888K [0x000000009a8c0000, 0x00000000a0bfb000, 0x0000000100000000)
 Metaspace       used 92607K, capacity 97331K, committed 97508K, reserved 1134592K
  class space    used 11532K, capacity 12428K, committed 12516K, reserved 1048576K
}
2020-12-20T12:35:36.328+0000: 50.290: Total time for which application threads were stopped: 0.0147419 seconds, Stopping threads took: 0.0000571 seconds
{Heap before GC invocations=222 (full 4):
 par new generation   total 38080K, used 36531K [0x0000000085c00000, 0x0000000088550000, 0x000000009a8c0000)
  eden space 33856K, 100% used [0x0000000085c00000, 0x0000000087d10000, 0x0000000087d10000)
  from space 4224K,  63% used [0x0000000087d10000, 0x0000000087facc00, 0x0000000088130000)
  to   space 4224K,   0% used [0x0000000088130000, 0x0000000088130000, 0x0000000088550000)
 concurrent mark-sweep generation total 101612K, used 68888K [0x000000009a8c0000, 0x00000000a0bfb000, 0x0000000100000000)
 Metaspace       used 92713K, capacity 97455K, committed 97508K, reserved 1134592K
  class space    used 11546K, capacity 12464K, committed 12516K, reserved 1048576K
2020-12-20T12:35:36.528+0000: 50.490: [GC (Allocation Failure) 2020-12-20T12:35:36.528+0000: 50.490: [ParNew
Desired survivor size 2162688 bytes, new threshold 1 (max 6)
- age   1:    2677784 bytes,    2677784 total
- age   2:     553872 bytes,    3231656 total
: 36531K->3591K(38080K), 0.0195050 secs] 105419K->72924K(139692K), 0.0196681 secs] [Times: user=0.05 sys=0.00, real=0.02 secs] 
Heap after GC invocations=223 (full 4):
 par new generation   total 38080K, used 3591K [0x0000000085c00000, 0x0000000088550000, 0x000000009a8c0000)
  eden space 33856K,   0% used [0x0000000085c00000, 0x0000000085c00000, 0x0000000087d10000)
  from space 4224K,  85% used [0x0000000088130000, 0x00000000884b1c88, 0x0000000088550000)
  to   space 4224K,   0% used [0x0000000087d10000, 0x0000000087d10000, 0x0000000088130000)
 concurrent mark-sweep generation total 101612K, used 69333K [0x000000009a8c0000, 0x00000000a0bfb000, 0x0000000100000000)
 Metaspace       used 92713K, capacity 97455K, committed 97508K, reserved 1134592K
  class space    used 11546K, capacity 12464K, committed 12516K, reserved 1048576K
}
2020-12-20T12:35:36.547+0000: 50.510: Total time for which application threads were stopped: 0.0200640 seconds, Stopping threads took: 0.0000802 seconds
{Heap before GC invocations=223 (full 4):
 par new generation   total 38080K, used 37447K [0x0000000085c00000, 0x0000000088550000, 0x000000009a8c0000)
  eden space 33856K,  99% used [0x0000000085c00000, 0x0000000087d0ffd8, 0x0000000087d10000)
  from space 4224K,  85% used [0x0000000088130000, 0x00000000884b1c88, 0x0000000088550000)
  to   space 4224K,   0% used [0x0000000087d10000, 0x0000000087d10000, 0x0000000088130000)
 concurrent mark-sweep generation total 101612K, used 69333K [0x000000009a8c0000, 0x00000000a0bfb000, 0x0000000100000000)
 Metaspace       used 92944K, capacity 97687K, committed 97764K, reserved 1134592K
  class space    used 11576K, capacity 12470K, committed 12516K, reserved 1048576K
2020-12-20T12:35:36.717+0000: 50.679: [GC (Allocation Failure) 2020-12-20T12:35:36.717+0000: 50.679: [ParNew
Desired survivor size 2162688 bytes, new threshold 6 (max 6)
- age   1:    1983456 bytes,    1983456 total
: 37447K->2383K(38080K), 0.0136012 secs] 106780K->72396K(139692K), 0.0137752 secs] [Times: user=0.04 sys=0.01, real=0.01 secs] 
Heap after GC invocations=224 (full 4):
 par new generation   total 38080K, used 2383K [0x0000000085c00000, 0x0000000088550000, 0x000000009a8c0000)
  eden space 33856K,   0% used [0x0000000085c00000, 0x0000000085c00000, 0x0000000087d10000)
  from space 4224K,  56% used [0x0000000087d10000, 0x0000000087f63c40, 0x0000000088130000)
  to   space 4224K,   0% used [0x0000000088130000, 0x0000000088130000, 0x0000000088550000)
 concurrent mark-sweep generation total 101612K, used 70013K [0x000000009a8c0000, 0x00000000a0bfb000, 0x0000000100000000)
 Metaspace       used 92944K, capacity 97687K, committed 97764K, reserved 1134592K
  class space    used 11576K, capacity 12470K, committed 12516K, reserved 1048576K
}
2020-12-20T12:35:36.731+0000: 50.693: Total time for which application threads were stopped: 0.0141120 seconds, Stopping threads took: 0.0000511 seconds
2020-12-20T12:35:36.748+0000: 50.710: Total time for which application threads were stopped: 0.0015602 seconds, Stopping threads took: 0.0000466 seconds
2020-12-20T12:35:36.814+0000: 50.777: Total time for which application threads were stopped: 0.0015661 seconds, Stopping threads took: 0.0000517 seconds
{Heap before GC invocations=224 (full 4):
 par new generation   total 38080K, used 36239K [0x0000000085c00000, 0x0000000088550000, 0x000000009a8c0000)
  eden space 33856K, 100% used [0x0000000085c00000, 0x0000000087d10000, 0x0000000087d10000)
  from space 4224K,  56% used [0x0000000087d10000, 0x0000000087f63c40, 0x0000000088130000)
  to   space 4224K,   0% used [0x0000000088130000, 0x0000000088130000, 0x0000000088550000)
 concurrent mark-sweep generation total 101612K, used 70013K [0x000000009a8c0000, 0x00000000a0bfb000, 0x0000000100000000)
 Metaspace       used 93220K, capacity 97989K, committed 98020K, reserved 1134592K
  class space    used 11614K, capacity 12505K, committed 12516K, reserved 1048576K
2020-12-20T12:35:36.875+0000: 50.837: [GC (Allocation Failure) 2020-12-20T12:35:36.875+0000: 50.837: [ParNew
Desired survivor size 2162688 bytes, new threshold 6 (max 6)
- age   1:     256784 bytes,     256784 total
- age   2:     305800 bytes,     562584 total
: 36239K->739K(38080K), 0.0073567 secs] 106252K->70753K(139692K), 0.0075175 secs] [Times: user=0.02 sys=0.00, real=0.00 secs] 
Heap after GC invocations=225 (full 4):
 par new generation   total 38080K, used 739K [0x0000000085c00000, 0x0000000088550000, 0x000000009a8c0000)
  eden space 33856K,   0% used [0x0000000085c00000, 0x0000000085c00000, 0x0000000087d10000)
  from space 4224K,  17% used [0x0000000088130000, 0x00000000881e8fe8, 0x0000000088550000)
  to   space 4224K,   0% used [0x0000000087d10000, 0x0000000087d10000, 0x0000000088130000)
 concurrent mark-sweep generation total 101612K, used 70013K [0x000000009a8c0000, 0x00000000a0bfb000, 0x0000000100000000)
 Metaspace       used 93220K, capacity 97989K, committed 98020K, reserved 1134592K
  class space    used 11614K, capacity 12505K, committed 12516K, reserved 1048576K
}
2020-12-20T12:35:36.883+0000: 50.845: Total time for which application threads were stopped: 0.0079244 seconds, Stopping threads took: 0.0000945 seconds
2020-12-20T12:35:36.895+0000: 50.857: Total time for which application threads were stopped: 0.0016926 seconds, Stopping threads took: 0.0001021 seconds
{Heap before GC invocations=225 (full 4):
 par new generation   total 38080K, used 34595K [0x0000000085c00000, 0x0000000088550000, 0x000000009a8c0000)
  eden space 33856K, 100% used [0x0000000085c00000, 0x0000000087d10000, 0x0000000087d10000)
  from space 4224K,  17% used [0x0000000088130000, 0x00000000881e8fe8, 0x0000000088550000)
  to   space 4224K,   0% used [0x0000000087d10000, 0x0000000087d10000, 0x0000000088130000)
 concurrent mark-sweep generation total 101612K, used 70013K [0x000000009a8c0000, 0x00000000a0bfb000, 0x0000000100000000)
 Metaspace       used 93480K, capacity 98323K, committed 98660K, reserved 1134592K
  class space    used 11650K, capacity 12556K, committed 12644K, reserved 1048576K
2020-12-20T12:35:37.161+0000: 51.123: [GC (Allocation Failure) 2020-12-20T12:35:37.161+0000: 51.124: [ParNew
Desired survivor size 2162688 bytes, new threshold 6 (max 6)
- age   1:    1019920 bytes,    1019920 total
- age   2:      85552 bytes,    1105472 total
- age   3:     304136 bytes,    1409608 total
: 34595K->1488K(38080K), 0.0092384 secs] 104609K->71501K(139692K), 0.0094684 secs] [Times: user=0.03 sys=0.00, real=0.01 secs] 
Heap after GC invocations=226 (full 4):
 par new generation   total 38080K, used 1488K [0x0000000085c00000, 0x0000000088550000, 0x000000009a8c0000)
  eden space 33856K,   0% used [0x0000000085c00000, 0x0000000085c00000, 0x0000000087d10000)
  from space 4224K,  35% used [0x0000000087d10000, 0x0000000087e84278, 0x0000000088130000)
  to   space 4224K,   0% used [0x0000000088130000, 0x0000000088130000, 0x0000000088550000)
 concurrent mark-sweep generation total 101612K, used 70013K [0x000000009a8c0000, 0x00000000a0bfb000, 0x0000000100000000)
 Metaspace       used 93480K, capacity 98323K, committed 98660K, reserved 1134592K
  class space    used 11650K, capacity 12556K, committed 12644K, reserved 1048576K
}
2020-12-20T12:35:37.171+0000: 51.133: Total time for which application threads were stopped: 0.0099562 seconds, Stopping threads took: 0.0000892 seconds
{Heap before GC invocations=226 (full 4):
 par new generation   total 38080K, used 35337K [0x0000000085c00000, 0x0000000088550000, 0x000000009a8c0000)
  eden space 33856K,  99% used [0x0000000085c00000, 0x0000000087d0e540, 0x0000000087d10000)
  from space 4224K,  35% used [0x0000000087d10000, 0x0000000087e84278, 0x0000000088130000)
  to   space 4224K,   0% used [0x0000000088130000, 0x0000000088130000, 0x0000000088550000)
 concurrent mark-sweep generation total 101612K, used 70013K [0x000000009a8c0000, 0x00000000a0bfb000, 0x0000000100000000)
 Metaspace       used 93954K, capacity 98817K, committed 98916K, reserved 1136640K
  class space    used 11702K, capacity 12635K, committed 12644K, reserved 1048576K
2020-12-20T12:35:37.419+0000: 51.381: [GC (Allocation Failure) 2020-12-20T12:35:37.419+0000: 51.381: [ParNew
Desired survivor size 2162688 bytes, new threshold 6 (max 6)
- age   1:    1174560 bytes,    1174560 total
- age   2:     239432 bytes,    1413992 total
- age   3:      84304 bytes,    1498296 total
- age   4:     303368 bytes,    1801664 total
: 35337K->2129K(38080K), 0.0129647 secs] 105351K->72142K(139692K), 0.0131272 secs] [Times: user=0.04 sys=0.00, real=0.01 secs] 
Heap after GC invocations=227 (full 4):
 par new generation   total 38080K, used 2129K [0x0000000085c00000, 0x0000000088550000, 0x000000009a8c0000)
  eden space 33856K,   0% used [0x0000000085c00000, 0x0000000085c00000, 0x0000000087d10000)
  from space 4224K,  50% used [0x0000000088130000, 0x0000000088344670, 0x0000000088550000)
  to   space 4224K,   0% used [0x0000000087d10000, 0x0000000087d10000, 0x0000000088130000)
 concurrent mark-sweep generation total 101612K, used 70013K [0x000000009a8c0000, 0x00000000a0bfb000, 0x0000000100000000)
 Metaspace       used 93954K, capacity 98817K, committed 98916K, reserved 1136640K
  class space    used 11702K, capacity 12635K, committed 12644K, reserved 1048576K
}
2020-12-20T12:35:37.432+0000: 51.394: Total time for which application threads were stopped: 0.0135177 seconds, Stopping threads took: 0.0000549 seconds
{Heap before GC invocations=227 (full 4):
 par new generation   total 38080K, used 35985K [0x0000000085c00000, 0x0000000088550000, 0x000000009a8c0000)
  eden space 33856K, 100% used [0x0000000085c00000, 0x0000000087d10000, 0x0000000087d10000)
  from space 4224K,  50% used [0x0000000088130000, 0x0000000088344670, 0x0000000088550000)
  to   space 4224K,   0% used [0x0000000087d10000, 0x0000000087d10000, 0x0000000088130000)
 concurrent mark-sweep generation total 101612K, used 70013K [0x000000009a8c0000, 0x00000000a0bfb000, 0x0000000100000000)
 Metaspace       used 94627K, capacity 99457K, committed 99812K, reserved 1136640K
  class space    used 11788K, capacity 12699K, committed 12772K, reserved 1048576K
2020-12-20T12:35:37.638+0000: 51.601: [GC (Allocation Failure) 2020-12-20T12:35:37.639+0000: 51.601: [ParNew
Desired survivor size 2162688 bytes, new threshold 6 (max 6)
- age   1:     548624 bytes,     548624 total
- age   2:     273136 bytes,     821760 total
- age   3:     238600 bytes,    1060360 total
- age   4:      84304 bytes,    1144664 total
- age   5:     301272 bytes,    1445936 total
: 35985K->2011K(38080K), 0.0184884 secs] 105998K->72024K(139692K), 0.0186837 secs] [Times: user=0.06 sys=0.00, real=0.02 secs] 
Heap after GC invocations=228 (full 4):
 par new generation   total 38080K, used 2011K [0x0000000085c00000, 0x0000000088550000, 0x000000009a8c0000)
  eden space 33856K,   0% used [0x0000000085c00000, 0x0000000085c00000, 0x0000000087d10000)
  from space 4224K,  47% used [0x0000000087d10000, 0x0000000087f06f00, 0x0000000088130000)
  to   space 4224K,   0% used [0x0000000088130000, 0x0000000088130000, 0x0000000088550000)
 concurrent mark-sweep generation total 101612K, used 70013K [0x000000009a8c0000, 0x00000000a0bfb000, 0x0000000100000000)
 Metaspace       used 94627K, capacity 99457K, committed 99812K, reserved 1136640K
  class space    used 11788K, capacity 12699K, committed 12772K, reserved 1048576K
}
2020-12-20T12:35:37.657+0000: 51.619: Total time for which application threads were stopped: 0.0191406 seconds, Stopping threads took: 0.0001245 seconds
{Heap before GC invocations=228 (full 4):
 par new generation   total 38080K, used 35867K [0x0000000085c00000, 0x0000000088550000, 0x000000009a8c0000)
  eden space 33856K, 100% used [0x0000000085c00000, 0x0000000087d10000, 0x0000000087d10000)
  from space 4224K,  47% used [0x0000000087d10000, 0x0000000087f06f00, 0x0000000088130000)
  to   space 4224K,   0% used [0x0000000088130000, 0x0000000088130000, 0x0000000088550000)
 concurrent mark-sweep generation total 101612K, used 70013K [0x000000009a8c0000, 0x00000000a0bfb000, 0x0000000100000000)
 Metaspace       used 94967K, capacity 99955K, committed 100196K, reserved 1136640K
  class space    used 11853K, capacity 12788K, committed 12900K, reserved 1048576K
2020-12-20T12:35:37.878+0000: 51.840: [GC (Allocation Failure) 2020-12-20T12:35:37.878+0000: 51.840: [ParNew
Desired survivor size 2162688 bytes, new threshold 6 (max 6)
- age   1:     885448 bytes,     885448 total
- age   2:     131544 bytes,    1016992 total
- age   3:     271872 bytes,    1288864 total
- age   4:     238624 bytes,    1527488 total
- age   5:      84304 bytes,    1611792 total
- age   6:     300856 bytes,    1912648 total
: 35867K->2355K(38080K), 0.0101307 secs] 105880K->72368K(139692K), 0.0102774 secs] [Times: user=0.04 sys=0.00, real=0.01 secs] 
Heap after GC invocations=229 (full 4):
 par new generation   total 38080K, used 2355K [0x0000000085c00000, 0x0000000088550000, 0x000000009a8c0000)
  eden space 33856K,   0% used [0x0000000085c00000, 0x0000000085c00000, 0x0000000087d10000)
  from space 4224K,  55% used [0x0000000088130000, 0x000000008837cd38, 0x0000000088550000)
  to   space 4224K,   0% used [0x0000000087d10000, 0x0000000087d10000, 0x0000000088130000)
 concurrent mark-sweep generation total 101612K, used 70013K [0x000000009a8c0000, 0x00000000a0bfb000, 0x0000000100000000)
 Metaspace       used 94967K, capacity 99955K, committed 100196K, reserved 1136640K
  class space    used 11853K, capacity 12788K, committed 12900K, reserved 1048576K
}
2020-12-20T12:35:37.888+0000: 51.850: Total time for which application threads were stopped: 0.0107806 seconds, Stopping threads took: 0.0001339 seconds
{Heap before GC invocations=229 (full 4):
 par new generation   total 38080K, used 36211K [0x0000000085c00000, 0x0000000088550000, 0x000000009a8c0000)
  eden space 33856K, 100% used [0x0000000085c00000, 0x0000000087d10000, 0x0000000087d10000)
  from space 4224K,  55% used [0x0000000088130000, 0x000000008837cd38, 0x0000000088550000)
  to   space 4224K,   0% used [0x0000000087d10000, 0x0000000087d10000, 0x0000000088130000)
 concurrent mark-sweep generation total 101612K, used 70013K [0x000000009a8c0000, 0x00000000a0bfb000, 0x0000000100000000)
 Metaspace       used 95152K, capacity 100205K, committed 100452K, reserved 1136640K
  class space    used 11900K, capacity 12837K, committed 12900K, reserved 1048576K
2020-12-20T12:35:38.149+0000: 52.111: [GC (Allocation Failure) 2020-12-20T12:35:38.149+0000: 52.111: [ParNew
Desired survivor size 2162688 bytes, new threshold 2 (max 6)
- age   1:    1659680 bytes,    1659680 total
- age   2:     566744 bytes,    2226424 total
- age   3:     130168 bytes,    2356592 total
- age   4:     265864 bytes,    2622456 total
- age   5:     238600 bytes,    2861056 total
- age   6:      83472 bytes,    2944528 total
: 36211K->3408K(38080K), 0.0199583 secs] 106224K->73722K(139692K), 0.0201597 secs] [Times: user=0.08 sys=0.00, real=0.02 secs] 
Heap after GC invocations=230 (full 4):
 par new generation   total 38080K, used 3408K [0x0000000085c00000, 0x0000000088550000, 0x000000009a8c0000)
  eden space 33856K,   0% used [0x0000000085c00000, 0x0000000085c00000, 0x0000000087d10000)
  from space 4224K,  80% used [0x0000000087d10000, 0x00000000880642f8, 0x0000000088130000)
  to   space 4224K,   0% used [0x0000000088130000, 0x0000000088130000, 0x0000000088550000)
 concurrent mark-sweep generation total 101612K, used 70313K [0x000000009a8c0000, 0x00000000a0bfb000, 0x0000000100000000)
 Metaspace       used 95152K, capacity 100205K, committed 100452K, reserved 1136640K
  class space    used 11900K, capacity 12837K, committed 12900K, reserved 1048576K
}
2020-12-20T12:35:38.169+0000: 52.131: Total time for which application threads were stopped: 0.0205599 seconds, Stopping threads took: 0.0000561 seconds
2020-12-20T12:35:38.229+0000: 52.192: Total time for which application threads were stopped: 0.0020608 seconds, Stopping threads took: 0.0000594 seconds
2020-12-20T12:35:38.253+0000: 52.215: Total time for which application threads were stopped: 0.0016393 seconds, Stopping threads took: 0.0001046 seconds
2020-12-20T12:35:38.281+0000: 52.243: Total time for which application threads were stopped: 0.0020075 seconds, Stopping threads took: 0.0000537 seconds
{Heap before GC invocations=230 (full 4):
 par new generation   total 38080K, used 37264K [0x0000000085c00000, 0x0000000088550000, 0x000000009a8c0000)
  eden space 33856K, 100% used [0x0000000085c00000, 0x0000000087d10000, 0x0000000087d10000)
  from space 4224K,  80% used [0x0000000087d10000, 0x00000000880642f8, 0x0000000088130000)
  to   space 4224K,   0% used [0x0000000088130000, 0x0000000088130000, 0x0000000088550000)
 concurrent mark-sweep generation total 101612K, used 70313K [0x000000009a8c0000, 0x00000000a0bfb000, 0x0000000100000000)
 Metaspace       used 96701K, capacity 101731K, committed 101988K, reserved 1138688K
  class space    used 12068K, capacity 13038K, committed 13156K, reserved 1048576K
2020-12-20T12:35:38.641+0000: 52.603: [GC (Allocation Failure) 2020-12-20T12:35:38.641+0000: 52.603: [ParNew
Desired survivor size 2162688 bytes, new threshold 1 (max 6)
- age   1:    3226448 bytes,    3226448 total
- age   2:     244520 bytes,    3470968 total
: 37264K->4224K(38080K), 0.0274464 secs] 107578K->76107K(139692K), 0.0276166 secs] [Times: user=0.08 sys=0.00, real=0.03 secs] 
Heap after GC invocations=231 (full 4):
 par new generation   total 38080K, used 4224K [0x0000000085c00000, 0x0000000088550000, 0x000000009a8c0000)
  eden space 33856K,   0% used [0x0000000085c00000, 0x0000000085c00000, 0x0000000087d10000)
  from space 4224K, 100% used [0x0000000088130000, 0x0000000088550000, 0x0000000088550000)
  to   space 4224K,   0% used [0x0000000087d10000, 0x0000000087d10000, 0x0000000088130000)
 concurrent mark-sweep generation total 101612K, used 71883K [0x000000009a8c0000, 0x00000000a0bfb000, 0x0000000100000000)
 Metaspace       used 96701K, capacity 101731K, committed 101988K, reserved 1138688K
  class space    used 12068K, capacity 13038K, committed 13156K, reserved 1048576K
}
2020-12-20T12:35:38.669+0000: 52.631: Total time for which application threads were stopped: 0.0280796 seconds, Stopping threads took: 0.0000821 seconds
{Heap before GC invocations=231 (full 4):
 par new generation   total 38080K, used 38080K [0x0000000085c00000, 0x0000000088550000, 0x000000009a8c0000)
  eden space 33856K, 100% used [0x0000000085c00000, 0x0000000087d10000, 0x0000000087d10000)
  from space 4224K, 100% used [0x0000000088130000, 0x0000000088550000, 0x0000000088550000)
  to   space 4224K,   0% used [0x0000000087d10000, 0x0000000087d10000, 0x0000000088130000)
 concurrent mark-sweep generation total 101612K, used 71883K [0x000000009a8c0000, 0x00000000a0bfb000, 0x0000000100000000)
 Metaspace       used 96928K, capacity 101955K, committed 102244K, reserved 1138688K
  class space    used 12109K, capacity 13070K, committed 13156K, reserved 1048576K
2020-12-20T12:35:38.854+0000: 52.816: [GC (Allocation Failure) 2020-12-20T12:35:38.854+0000: 52.817: [ParNew
Desired survivor size 2162688 bytes, new threshold 6 (max 6)
- age   1:     990280 bytes,     990280 total
: 38080K->3276K(38080K), 0.0255934 secs] 109963K->77818K(139692K), 0.0257784 secs] [Times: user=0.09 sys=0.00, real=0.02 secs] 
Heap after GC invocations=232 (full 4):
 par new generation   total 38080K, used 3276K [0x0000000085c00000, 0x0000000088550000, 0x000000009a8c0000)
  eden space 33856K,   0% used [0x0000000085c00000, 0x0000000085c00000, 0x0000000087d10000)
  from space 4224K,  77% used [0x0000000087d10000, 0x00000000880431c8, 0x0000000088130000)
  to   space 4224K,   0% used [0x0000000088130000, 0x0000000088130000, 0x0000000088550000)
 concurrent mark-sweep generation total 101612K, used 74541K [0x000000009a8c0000, 0x00000000a0bfb000, 0x0000000100000000)
 Metaspace       used 96928K, capacity 101955K, committed 102244K, reserved 1138688K
  class space    used 12109K, capacity 13070K, committed 13156K, reserved 1048576K
}
2020-12-20T12:35:38.880+0000: 52.842: Total time for which application threads were stopped: 0.0261885 seconds, Stopping threads took: 0.0000587 seconds
{Heap before GC invocations=232 (full 4):
 par new generation   total 38080K, used 37132K [0x0000000085c00000, 0x0000000088550000, 0x000000009a8c0000)
  eden space 33856K, 100% used [0x0000000085c00000, 0x0000000087d10000, 0x0000000087d10000)
  from space 4224K,  77% used [0x0000000087d10000, 0x00000000880431c8, 0x0000000088130000)
  to   space 4224K,   0% used [0x0000000088130000, 0x0000000088130000, 0x0000000088550000)
 concurrent mark-sweep generation total 101612K, used 74541K [0x000000009a8c0000, 0x00000000a0bfb000, 0x0000000100000000)
 Metaspace       used 97212K, capacity 102351K, committed 102500K, reserved 1138688K
  class space    used 12160K, capacity 13126K, committed 13156K, reserved 1048576K
2020-12-20T12:35:39.107+0000: 53.069: [GC (Allocation Failure) 2020-12-20T12:35:39.107+0000: 53.069: [ParNew
Desired survivor size 2162688 bytes, new threshold 6 (max 6)
- age   1:    1068048 bytes,    1068048 total
- age   2:      59064 bytes,    1127112 total
: 37132K->1585K(38080K), 0.0104898 secs] 111674K->76127K(139692K), 0.0106985 secs] [Times: user=0.04 sys=0.00, real=0.01 secs] 
Heap after GC invocations=233 (full 4):
 par new generation   total 38080K, used 1585K [0x0000000085c00000, 0x0000000088550000, 0x000000009a8c0000)
  eden space 33856K,   0% used [0x0000000085c00000, 0x0000000085c00000, 0x0000000087d10000)
  from space 4224K,  37% used [0x0000000088130000, 0x00000000882bc620, 0x0000000088550000)
  to   space 4224K,   0% used [0x0000000087d10000, 0x0000000087d10000, 0x0000000088130000)
 concurrent mark-sweep generation total 101612K, used 74541K [0x000000009a8c0000, 0x00000000a0bfb000, 0x0000000100000000)
 Metaspace       used 97212K, capacity 102351K, committed 102500K, reserved 1138688K
  class space    used 12160K, capacity 13126K, committed 13156K, reserved 1048576K
}
2020-12-20T12:35:39.118+0000: 53.080: Total time for which application threads were stopped: 0.0111734 seconds, Stopping threads took: 0.0000682 seconds
2020-12-20T12:35:39.136+0000: 53.098: Total time for which application threads were stopped: 0.0020965 seconds, Stopping threads took: 0.0000677 seconds
{Heap before GC invocations=233 (full 4):
 par new generation   total 38080K, used 35441K [0x0000000085c00000, 0x0000000088550000, 0x000000009a8c0000)
  eden space 33856K, 100% used [0x0000000085c00000, 0x0000000087d10000, 0x0000000087d10000)
  from space 4224K,  37% used [0x0000000088130000, 0x00000000882bc620, 0x0000000088550000)
  to   space 4224K,   0% used [0x0000000087d10000, 0x0000000087d10000, 0x0000000088130000)
 concurrent mark-sweep generation total 101612K, used 74541K [0x000000009a8c0000, 0x00000000a0bfb000, 0x0000000100000000)
 Metaspace       used 97779K, capacity 103057K, committed 103140K, reserved 1138688K
  class space    used 12242K, capacity 13225K, committed 13284K, reserved 1048576K
2020-12-20T12:35:39.410+0000: 53.373: [GC (Allocation Failure) 2020-12-20T12:35:39.411+0000: 53.373: [ParNew
Desired survivor size 2162688 bytes, new threshold 6 (max 6)
- age   1:    1184720 bytes,    1184720 total
- age   2:     580656 bytes,    1765376 total
- age   3:      57400 bytes,    1822776 total
: 35441K->1989K(38080K), 0.0101870 secs] 109983K->76531K(139692K), 0.0103504 secs] [Times: user=0.03 sys=0.00, real=0.01 secs] 
Heap after GC invocations=234 (full 4):
 par new generation   total 38080K, used 1989K [0x0000000085c00000, 0x0000000088550000, 0x000000009a8c0000)
  eden space 33856K,   0% used [0x0000000085c00000, 0x0000000085c00000, 0x0000000087d10000)
  from space 4224K,  47% used [0x0000000087d10000, 0x0000000087f01608, 0x0000000088130000)
  to   space 4224K,   0% used [0x0000000088130000, 0x0000000088130000, 0x0000000088550000)
 concurrent mark-sweep generation total 101612K, used 74541K [0x000000009a8c0000, 0x00000000a0bfb000, 0x0000000100000000)
 Metaspace       used 97779K, capacity 103057K, committed 103140K, reserved 1138688K
  class space    used 12242K, capacity 13225K, committed 13284K, reserved 1048576K
}
2020-12-20T12:35:39.421+0000: 53.383: Total time for which application threads were stopped: 0.0107610 seconds, Stopping threads took: 0.0000568 seconds
{Heap before GC invocations=234 (full 4):
 par new generation   total 38080K, used 35845K [0x0000000085c00000, 0x0000000088550000, 0x000000009a8c0000)
  eden space 33856K, 100% used [0x0000000085c00000, 0x0000000087d10000, 0x0000000087d10000)
  from space 4224K,  47% used [0x0000000087d10000, 0x0000000087f01608, 0x0000000088130000)
  to   space 4224K,   0% used [0x0000000088130000, 0x0000000088130000, 0x0000000088550000)
 concurrent mark-sweep generation total 101612K, used 74541K [0x000000009a8c0000, 0x00000000a0bfb000, 0x0000000100000000)
 Metaspace       used 98697K, capacity 104081K, committed 104292K, reserved 1140736K
  class space    used 12357K, capacity 13363K, committed 13412K, reserved 1048576K
2020-12-20T12:35:39.768+0000: 53.730: [GC (Allocation Failure) 2020-12-20T12:35:39.768+0000: 53.731: [ParNew
Desired survivor size 2162688 bytes, new threshold 6 (max 6)
- age   1:     721760 bytes,     721760 total
- age   2:     521888 bytes,    1243648 total
- age   3:     580240 bytes,    1823888 total
- age   4:      57400 bytes,    1881288 total
: 35845K->2188K(38080K), 0.0102467 secs] 110387K->76730K(139692K), 0.0104551 secs] [Times: user=0.03 sys=0.01, real=0.01 secs] 
Heap after GC invocations=235 (full 4):
 par new generation   total 38080K, used 2188K [0x0000000085c00000, 0x0000000088550000, 0x000000009a8c0000)
  eden space 33856K,   0% used [0x0000000085c00000, 0x0000000085c00000, 0x0000000087d10000)
  from space 4224K,  51% used [0x0000000088130000, 0x0000000088353240, 0x0000000088550000)
  to   space 4224K,   0% used [0x0000000087d10000, 0x0000000087d10000, 0x0000000088130000)
 concurrent mark-sweep generation total 101612K, used 74541K [0x000000009a8c0000, 0x00000000a0bfb000, 0x0000000100000000)
 Metaspace       used 98697K, capacity 104081K, committed 104292K, reserved 1140736K
  class space    used 12357K, capacity 13363K, committed 13412K, reserved 1048576K
}
2020-12-20T12:35:39.779+0000: 53.741: Total time for which application threads were stopped: 0.0109404 seconds, Stopping threads took: 0.0000653 seconds
{Heap before GC invocations=235 (full 4):
 par new generation   total 38080K, used 36044K [0x0000000085c00000, 0x0000000088550000, 0x000000009a8c0000)
  eden space 33856K, 100% used [0x0000000085c00000, 0x0000000087d10000, 0x0000000087d10000)
  from space 4224K,  51% used [0x0000000088130000, 0x0000000088353240, 0x0000000088550000)
  to   space 4224K,   0% used [0x0000000087d10000, 0x0000000087d10000, 0x0000000088130000)
 concurrent mark-sweep generation total 101612K, used 74541K [0x000000009a8c0000, 0x00000000a0bfb000, 0x0000000100000000)
 Metaspace       used 98802K, capacity 104213K, committed 104292K, reserved 1140736K
  class space    used 12369K, capacity 13363K, committed 13412K, reserved 1048576K
2020-12-20T12:35:39.945+0000: 53.907: [GC (Allocation Failure) 2020-12-20T12:35:39.945+0000: 53.907: [ParNew
Desired survivor size 2162688 bytes, new threshold 4 (max 6)
- age   1:     634512 bytes,     634512 total
- age   2:     478608 bytes,    1113120 total
- age   3:     520568 bytes,    1633688 total
- age   4:     580240 bytes,    2213928 total
- age   5:      57360 bytes,    2271288 total
: 36044K->2870K(38080K), 0.0167454 secs] 110586K->77412K(139692K), 0.0169164 secs] [Times: user=0.07 sys=0.00, real=0.02 secs] 
Heap after GC invocations=236 (full 4):
 par new generation   total 38080K, used 2870K [0x0000000085c00000, 0x0000000088550000, 0x000000009a8c0000)
  eden space 33856K,   0% used [0x0000000085c00000, 0x0000000085c00000, 0x0000000087d10000)
  from space 4224K,  67% used [0x0000000087d10000, 0x0000000087fdda10, 0x0000000088130000)
  to   space 4224K,   0% used [0x0000000088130000, 0x0000000088130000, 0x0000000088550000)
 concurrent mark-sweep generation total 101612K, used 74541K [0x000000009a8c0000, 0x00000000a0bfb000, 0x0000000100000000)
 Metaspace       used 98802K, capacity 104213K, committed 104292K, reserved 1140736K
  class space    used 12369K, capacity 13363K, committed 13412K, reserved 1048576K
}
2020-12-20T12:35:39.962+0000: 53.924: Total time for which application threads were stopped: 0.0173394 seconds, Stopping threads took: 0.0000604 seconds
2020-12-20T12:35:40.246+0000: 54.208: Total time for which application threads were stopped: 0.0021551 seconds, Stopping threads took: 0.0000670 seconds
{Heap before GC invocations=236 (full 4):
 par new generation   total 38080K, used 36726K [0x0000000085c00000, 0x0000000088550000, 0x000000009a8c0000)
  eden space 33856K, 100% used [0x0000000085c00000, 0x0000000087d10000, 0x0000000087d10000)
  from space 4224K,  67% used [0x0000000087d10000, 0x0000000087fdda10, 0x0000000088130000)
  to   space 4224K,   0% used [0x0000000088130000, 0x0000000088130000, 0x0000000088550000)
 concurrent mark-sweep generation total 101612K, used 74541K [0x000000009a8c0000, 0x00000000a0bfb000, 0x0000000100000000)
 Metaspace       used 99224K, capacity 104657K, committed 104932K, reserved 1140736K
  class space    used 12420K, capacity 13441K, committed 13540K, reserved 1048576K
2020-12-20T12:35:40.299+0000: 54.262: [GC (Allocation Failure) 2020-12-20T12:35:40.300+0000: 54.262: [ParNew
Desired survivor size 2162688 bytes, new threshold 3 (max 6)
- age   1:    1214048 bytes,    1214048 total
- age   2:     482960 bytes,    1697008 total
- age   3:     470064 bytes,    2167072 total
- age   4:     517976 bytes,    2685048 total
: 36726K->3457K(38080K), 0.0145950 secs] 111268K->78632K(139692K), 0.0147933 secs] [Times: user=0.06 sys=0.00, real=0.02 secs] 
Heap after GC invocations=237 (full 4):
 par new generation   total 38080K, used 3457K [0x0000000085c00000, 0x0000000088550000, 0x000000009a8c0000)
  eden space 33856K,   0% used [0x0000000085c00000, 0x0000000085c00000, 0x0000000087d10000)
  from space 4224K,  81% used [0x0000000088130000, 0x0000000088490710, 0x0000000088550000)
  to   space 4224K,   0% used [0x0000000087d10000, 0x0000000087d10000, 0x0000000088130000)
 concurrent mark-sweep generation total 101612K, used 75174K [0x000000009a8c0000, 0x00000000a0bfb000, 0x0000000100000000)
 Metaspace       used 99224K, capacity 104657K, committed 104932K, reserved 1140736K
  class space    used 12420K, capacity 13441K, committed 13540K, reserved 1048576K
}
2020-12-20T12:35:40.314+0000: 54.277: Total time for which application threads were stopped: 0.0152025 seconds, Stopping threads took: 0.0000667 seconds
{Heap before GC invocations=237 (full 4):
 par new generation   total 38080K, used 37313K [0x0000000085c00000, 0x0000000088550000, 0x000000009a8c0000)
  eden space 33856K, 100% used [0x0000000085c00000, 0x0000000087d10000, 0x0000000087d10000)
  from space 4224K,  81% used [0x0000000088130000, 0x0000000088490710, 0x0000000088550000)
  to   space 4224K,   0% used [0x0000000087d10000, 0x0000000087d10000, 0x0000000088130000)
 concurrent mark-sweep generation total 101612K, used 75174K [0x000000009a8c0000, 0x00000000a0bfb000, 0x0000000100000000)
 Metaspace       used 100137K, capacity 105535K, committed 105700K, reserved 1140736K
  class space    used 12520K, capacity 13540K, committed 13540K, reserved 1048576K
2020-12-20T12:35:40.575+0000: 54.537: [GC (Allocation Failure) 2020-12-20T12:35:40.575+0000: 54.538: [ParNew
Desired survivor size 2162688 bytes, new threshold 6 (max 6)
- age   1:     647416 bytes,     647416 total
- age   2:     606016 bytes,    1253432 total
- age   3:     482544 bytes,    1735976 total
: 37313K->2799K(38080K), 0.0142839 secs] 112488K->78952K(139692K), 0.0144438 secs] [Times: user=0.05 sys=0.00, real=0.01 secs] 
Heap after GC invocations=238 (full 4):
 par new generation   total 38080K, used 2799K [0x0000000085c00000, 0x0000000088550000, 0x000000009a8c0000)
  eden space 33856K,   0% used [0x0000000085c00000, 0x0000000085c00000, 0x0000000087d10000)
  from space 4224K,  66% used [0x0000000087d10000, 0x0000000087fcbc58, 0x0000000088130000)
  to   space 4224K,   0% used [0x0000000088130000, 0x0000000088130000, 0x0000000088550000)
 concurrent mark-sweep generation total 101612K, used 76153K [0x000000009a8c0000, 0x00000000a0bfb000, 0x0000000100000000)
 Metaspace       used 100137K, capacity 105535K, committed 105700K, reserved 1140736K
  class space    used 12520K, capacity 13540K, committed 13540K, reserved 1048576K
}
2020-12-20T12:35:40.590+0000: 54.552: Total time for which application threads were stopped: 0.0148316 seconds, Stopping threads took: 0.0000606 seconds
{Heap before GC invocations=238 (full 4):
 par new generation   total 38080K, used 36655K [0x0000000085c00000, 0x0000000088550000, 0x000000009a8c0000)
  eden space 33856K, 100% used [0x0000000085c00000, 0x0000000087d10000, 0x0000000087d10000)
  from space 4224K,  66% used [0x0000000087d10000, 0x0000000087fcbc58, 0x0000000088130000)
  to   space 4224K,   0% used [0x0000000088130000, 0x0000000088130000, 0x0000000088550000)
 concurrent mark-sweep generation total 101612K, used 76153K [0x000000009a8c0000, 0x00000000a0bfb000, 0x0000000100000000)
 Metaspace       used 100530K, capacity 106021K, committed 106084K, reserved 1142784K
  class space    used 12579K, capacity 13637K, committed 13668K, reserved 1048576K
2020-12-20T12:35:40.795+0000: 54.757: [GC (Allocation Failure) 2020-12-20T12:35:40.795+0000: 54.757: [ParNew
Desired survivor size 2162688 bytes, new threshold 6 (max 6)
- age   1:     283072 bytes,     283072 total
- age   2:     281000 bytes,     564072 total
- age   3:     605600 bytes,    1169672 total
- age   4:     482544 bytes,    1652216 total
: 36655K->1934K(38080K), 0.0114677 secs] 112808K->78088K(139692K), 0.0116483 secs] [Times: user=0.04 sys=0.00, real=0.01 secs] 
Heap after GC invocations=239 (full 4):
 par new generation   total 38080K, used 1934K [0x0000000085c00000, 0x0000000088550000, 0x000000009a8c0000)
  eden space 33856K,   0% used [0x0000000085c00000, 0x0000000085c00000, 0x0000000087d10000)
  from space 4224K,  45% used [0x0000000088130000, 0x0000000088313a70, 0x0000000088550000)
  to   space 4224K,   0% used [0x0000000087d10000, 0x0000000087d10000, 0x0000000088130000)
 concurrent mark-sweep generation total 101612K, used 76153K [0x000000009a8c0000, 0x00000000a0bfb000, 0x0000000100000000)
 Metaspace       used 100530K, capacity 106021K, committed 106084K, reserved 1142784K
  class space    used 12579K, capacity 13637K, committed 13668K, reserved 1048576K
}
2020-12-20T12:35:40.807+0000: 54.769: Total time for which application threads were stopped: 0.0120298 seconds, Stopping threads took: 0.0000561 seconds
{Heap before GC invocations=239 (full 4):
 par new generation   total 38080K, used 35790K [0x0000000085c00000, 0x0000000088550000, 0x000000009a8c0000)
  eden space 33856K, 100% used [0x0000000085c00000, 0x0000000087d10000, 0x0000000087d10000)
  from space 4224K,  45% used [0x0000000088130000, 0x0000000088313a70, 0x0000000088550000)
  to   space 4224K,   0% used [0x0000000087d10000, 0x0000000087d10000, 0x0000000088130000)
 concurrent mark-sweep generation total 101612K, used 76153K [0x000000009a8c0000, 0x00000000a0bfb000, 0x0000000100000000)
 Metaspace       used 100772K, capacity 106327K, committed 106724K, reserved 1142784K
  class space    used 12612K, capacity 13672K, committed 13796K, reserved 1048576K
2020-12-20T12:35:41.046+0000: 55.009: [GC (Allocation Failure) 2020-12-20T12:35:41.047+0000: 55.009: [ParNew
Desired survivor size 2162688 bytes, new threshold 6 (max 6)
- age   1:     228208 bytes,     228208 total
- age   2:     108104 bytes,     336312 total
- age   3:     274680 bytes,     610992 total
- age   4:     605104 bytes,    1216096 total
- age   5:     482544 bytes,    1698640 total
: 35790K->2402K(38080K), 0.0119643 secs] 111944K->78555K(139692K), 0.0121506 secs] [Times: user=0.05 sys=0.00, real=0.01 secs] 
Heap after GC invocations=240 (full 4):
 par new generation   total 38080K, used 2402K [0x0000000085c00000, 0x0000000088550000, 0x000000009a8c0000)
  eden space 33856K,   0% used [0x0000000085c00000, 0x0000000085c00000, 0x0000000087d10000)
  from space 4224K,  56% used [0x0000000087d10000, 0x0000000087f68848, 0x0000000088130000)
  to   space 4224K,   0% used [0x0000000088130000, 0x0000000088130000, 0x0000000088550000)
 concurrent mark-sweep generation total 101612K, used 76153K [0x000000009a8c0000, 0x00000000a0bfb000, 0x0000000100000000)
 Metaspace       used 100772K, capacity 106327K, committed 106724K, reserved 1142784K
  class space    used 12612K, capacity 13672K, committed 13796K, reserved 1048576K
}
2020-12-20T12:35:41.059+0000: 55.021: Total time for which application threads were stopped: 0.0127235 seconds, Stopping threads took: 0.0001013 seconds
{Heap before GC invocations=240 (full 4):
 par new generation   total 38080K, used 36258K [0x0000000085c00000, 0x0000000088550000, 0x000000009a8c0000)
  eden space 33856K, 100% used [0x0000000085c00000, 0x0000000087d10000, 0x0000000087d10000)
  from space 4224K,  56% used [0x0000000087d10000, 0x0000000087f68848, 0x0000000088130000)
  to   space 4224K,   0% used [0x0000000088130000, 0x0000000088130000, 0x0000000088550000)
 concurrent mark-sweep generation total 101612K, used 76153K [0x000000009a8c0000, 0x00000000a0bfb000, 0x0000000100000000)
 Metaspace       used 101091K, capacity 106637K, committed 106980K, reserved 1142784K
  class space    used 12658K, capacity 13707K, committed 13796K, reserved 1048576K
2020-12-20T12:35:41.521+0000: 55.483: [GC (Allocation Failure) 2020-12-20T12:35:41.521+0000: 55.483: [ParNew
Desired survivor size 2162688 bytes, new threshold 6 (max 6)
- age   1:     307040 bytes,     307040 total
- age   2:     135176 bytes,     442216 total
- age   3:      95912 bytes,     538128 total
- age   4:     272224 bytes,     810352 total
- age   5:     605040 bytes,    1415392 total
- age   6:     482544 bytes,    1897936 total
: 36258K->2002K(38080K), 0.0187693 secs] 112411K->78156K(139692K), 0.0189712 secs] [Times: user=0.07 sys=0.00, real=0.02 secs] 
Heap after GC invocations=241 (full 4):
 par new generation   total 38080K, used 2002K [0x0000000085c00000, 0x0000000088550000, 0x000000009a8c0000)
  eden space 33856K,   0% used [0x0000000085c00000, 0x0000000085c00000, 0x0000000087d10000)
  from space 4224K,  47% used [0x0000000088130000, 0x0000000088324a38, 0x0000000088550000)
  to   space 4224K,   0% used [0x0000000087d10000, 0x0000000087d10000, 0x0000000088130000)
 concurrent mark-sweep generation total 101612K, used 76153K [0x000000009a8c0000, 0x00000000a0bfb000, 0x0000000100000000)
 Metaspace       used 101091K, capacity 106637K, committed 106980K, reserved 1142784K
  class space    used 12658K, capacity 13707K, committed 13796K, reserved 1048576K
}
2020-12-20T12:35:41.540+0000: 55.502: Total time for which application threads were stopped: 0.0195369 seconds, Stopping threads took: 0.0001143 seconds
{Heap before GC invocations=241 (full 4):
 par new generation   total 38080K, used 35858K [0x0000000085c00000, 0x0000000088550000, 0x000000009a8c0000)
  eden space 33856K, 100% used [0x0000000085c00000, 0x0000000087d10000, 0x0000000087d10000)
  from space 4224K,  47% used [0x0000000088130000, 0x0000000088324a38, 0x0000000088550000)
  to   space 4224K,   0% used [0x0000000087d10000, 0x0000000087d10000, 0x0000000088130000)
 concurrent mark-sweep generation total 101612K, used 76153K [0x000000009a8c0000, 0x00000000a0bfb000, 0x0000000100000000)
 Metaspace       used 101169K, capacity 106719K, committed 106980K, reserved 1142784K
  class space    used 12661K, capacity 13710K, committed 13796K, reserved 1048576K
2020-12-20T12:35:41.964+0000: 55.927: [GC (Allocation Failure) 2020-12-20T12:35:41.965+0000: 55.927: [ParNew
Desired survivor size 2162688 bytes, new threshold 6 (max 6)
- age   1:     254552 bytes,     254552 total
- age   2:     218072 bytes,     472624 total
- age   3:     133080 bytes,     605704 total
- age   4:      95912 bytes,     701616 total
- age   5:     272184 bytes,     973800 total
- age   6:     605040 bytes,    1578840 total
: 35858K->2631K(38080K), 0.0226027 secs] 112012K->79268K(139692K), 0.0227763 secs] [Times: user=0.09 sys=0.00, real=0.03 secs] 
Heap after GC invocations=242 (full 4):
 par new generation   total 38080K, used 2631K [0x0000000085c00000, 0x0000000088550000, 0x000000009a8c0000)
  eden space 33856K,   0% used [0x0000000085c00000, 0x0000000085c00000, 0x0000000087d10000)
  from space 4224K,  62% used [0x0000000087d10000, 0x0000000087fa1e68, 0x0000000088130000)
  to   space 4224K,   0% used [0x0000000088130000, 0x0000000088130000, 0x0000000088550000)
 concurrent mark-sweep generation total 101612K, used 76636K [0x000000009a8c0000, 0x00000000a0bfb000, 0x0000000100000000)
 Metaspace       used 101169K, capacity 106719K, committed 106980K, reserved 1142784K
  class space    used 12661K, capacity 13710K, committed 13796K, reserved 1048576K
}
2020-12-20T12:35:41.987+0000: 55.950: Total time for which application threads were stopped: 0.0232697 seconds, Stopping threads took: 0.0000711 seconds
2020-12-20T12:35:41.988+0000: 55.951: [GC (CMS Initial Mark) [1 CMS-initial-mark: 76636K(101612K)] 80027K(139692K), 0.0060601 secs] [Times: user=0.01 sys=0.00, real=0.01 secs] 
2020-12-20T12:35:41.995+0000: 55.957: Total time for which application threads were stopped: 0.0064415 seconds, Stopping threads took: 0.0000936 seconds
2020-12-20T12:35:41.995+0000: 55.957: [CMS-concurrent-mark-start]
2020-12-20T12:35:42.306+0000: 56.268: [CMS-concurrent-mark: 0.311/0.311 secs] [Times: user=1.20 sys=0.01, real=0.31 secs] 
2020-12-20T12:35:42.306+0000: 56.268: [CMS-concurrent-preclean-start]
2020-12-20T12:35:42.309+0000: 56.272: [CMS-concurrent-preclean: 0.003/0.003 secs] [Times: user=0.01 sys=0.00, real=0.00 secs] 
2020-12-20T12:35:42.310+0000: 56.272: [CMS-concurrent-abortable-preclean-start]
{Heap before GC invocations=242 (full 5):
 par new generation   total 38080K, used 36487K [0x0000000085c00000, 0x0000000088550000, 0x000000009a8c0000)
  eden space 33856K, 100% used [0x0000000085c00000, 0x0000000087d10000, 0x0000000087d10000)
  from space 4224K,  62% used [0x0000000087d10000, 0x0000000087fa1e68, 0x0000000088130000)
  to   space 4224K,   0% used [0x0000000088130000, 0x0000000088130000, 0x0000000088550000)
 concurrent mark-sweep generation total 101612K, used 76636K [0x000000009a8c0000, 0x00000000a0bfb000, 0x0000000100000000)
 Metaspace       used 101252K, capacity 106807K, committed 106980K, reserved 1142784K
  class space    used 12663K, capacity 13714K, committed 13796K, reserved 1048576K
2020-12-20T12:35:42.381+0000: 56.343: [GC (Allocation Failure) 2020-12-20T12:35:42.381+0000: 56.343: [ParNew
Desired survivor size 2162688 bytes, new threshold 6 (max 6)
- age   1:     276488 bytes,     276488 total
- age   2:     148168 bytes,     424656 total
- age   3:     216432 bytes,     641088 total
- age   4:     133048 bytes,     774136 total
- age   5:      94872 bytes,     869008 total
- age   6:     272184 bytes,    1141192 total
: 36487K->1783K(38080K), 0.0117384 secs] 113124K->79017K(139692K), 0.0119076 secs] [Times: user=0.05 sys=0.00, real=0.01 secs] 
Heap after GC invocations=243 (full 5):
 par new generation   total 38080K, used 1783K [0x0000000085c00000, 0x0000000088550000, 0x000000009a8c0000)
  eden space 33856K,   0% used [0x0000000085c00000, 0x0000000085c00000, 0x0000000087d10000)
  from space 4224K,  42% used [0x0000000088130000, 0x00000000882edca0, 0x0000000088550000)
  to   space 4224K,   0% used [0x0000000087d10000, 0x0000000087d10000, 0x0000000088130000)
 concurrent mark-sweep generation total 101612K, used 77234K [0x000000009a8c0000, 0x00000000a0bfb000, 0x0000000100000000)
 Metaspace       used 101252K, capacity 106807K, committed 106980K, reserved 1142784K
  class space    used 12663K, capacity 13714K, committed 13796K, reserved 1048576K
}
2020-12-20T12:35:42.393+0000: 56.355: Total time for which application threads were stopped: 0.0124242 seconds, Stopping threads took: 0.0000611 seconds
2020-12-20T12:35:42.706+0000: 56.668: [CMS-concurrent-abortable-preclean: 0.139/0.397 secs] [Times: user=1.36 sys=0.00, real=0.40 secs] 
2020-12-20T12:35:42.707+0000: 56.669: [GC (CMS Final Remark) [YG occupancy: 33128 K (38080 K)]2020-12-20T12:35:42.707+0000: 56.669: [Rescan (parallel) , 0.0319133 secs]2020-12-20T12:35:42.739+0000: 56.701: [weak refs processing, 0.0005254 secs]2020-12-20T12:35:42.739+0000: 56.702: [class unloading, 0.0525331 secs]2020-12-20T12:35:42.792+0000: 56.754: [scrub symbol table, 0.0394280 secs]2020-12-20T12:35:42.831+0000: 56.794: [scrub string table, 0.0022557 secs][1 CMS-remark: 77234K(101612K)] 110363K(139692K), 0.1270796 secs] [Times: user=0.31 sys=0.01, real=0.13 secs] 
2020-12-20T12:35:42.834+0000: 56.796: Total time for which application threads were stopped: 0.1274850 seconds, Stopping threads took: 0.0000715 seconds
2020-12-20T12:35:42.834+0000: 56.796: [CMS-concurrent-sweep-start]
{Heap before GC invocations=243 (full 5):
 par new generation   total 38080K, used 35639K [0x0000000085c00000, 0x0000000088550000, 0x000000009a8c0000)
  eden space 33856K, 100% used [0x0000000085c00000, 0x0000000087d10000, 0x0000000087d10000)
  from space 4224K,  42% used [0x0000000088130000, 0x00000000882edca0, 0x0000000088550000)
  to   space 4224K,   0% used [0x0000000087d10000, 0x0000000087d10000, 0x0000000088130000)
 concurrent mark-sweep generation total 101612K, used 73217K [0x000000009a8c0000, 0x00000000a0bfb000, 0x0000000100000000)
 Metaspace       used 101270K, capacity 106807K, committed 106980K, reserved 1142784K
  class space    used 12663K, capacity 13714K, committed 13796K, reserved 1048576K
2020-12-20T12:35:42.886+0000: 56.848: [GC (Allocation Failure) 2020-12-20T12:35:42.886+0000: 56.848: [ParNew
Desired survivor size 2162688 bytes, new threshold 6 (max 6)
- age   1:     237984 bytes,     237984 total
- age   2:     143272 bytes,     381256 total
- age   3:     147664 bytes,     528920 total
- age   4:     214720 bytes,     743640 total
- age   5:     132088 bytes,     875728 total
- age   6:      93224 bytes,     968952 total
: 35639K->1632K(38080K), 0.0080896 secs] 108856K->75112K(139692K), 0.0083092 secs] [Times: user=0.03 sys=0.00, real=0.01 secs] 
Heap after GC invocations=244 (full 5):
 par new generation   total 38080K, used 1632K [0x0000000085c00000, 0x0000000088550000, 0x000000009a8c0000)
  eden space 33856K,   0% used [0x0000000085c00000, 0x0000000085c00000, 0x0000000087d10000)
  from space 4224K,  38% used [0x0000000087d10000, 0x0000000087ea8198, 0x0000000088130000)
  to   space 4224K,   0% used [0x0000000088130000, 0x0000000088130000, 0x0000000088550000)
 concurrent mark-sweep generation total 101612K, used 73480K [0x000000009a8c0000, 0x00000000a0bfb000, 0x0000000100000000)
 Metaspace       used 101270K, capacity 106807K, committed 106980K, reserved 1142784K
  class space    used 12663K, capacity 13714K, committed 13796K, reserved 1048576K
}
2020-12-20T12:35:42.894+0000: 56.856: Total time for which application threads were stopped: 0.0090570 seconds, Stopping threads took: 0.0001532 seconds
2020-12-20T12:35:42.927+0000: 56.889: [CMS-concurrent-sweep: 0.081/0.093 secs] [Times: user=0.36 sys=0.00, real=0.09 secs] 
2020-12-20T12:35:42.928+0000: 56.890: [CMS-concurrent-reset-start]
2020-12-20T12:35:42.935+0000: 56.897: [CMS-concurrent-reset: 0.007/0.007 secs] [Times: user=0.03 sys=0.00, real=0.01 secs] 
{Heap before GC invocations=244 (full 5):
 par new generation   total 38080K, used 35488K [0x0000000085c00000, 0x0000000088550000, 0x000000009a8c0000)
  eden space 33856K, 100% used [0x0000000085c00000, 0x0000000087d10000, 0x0000000087d10000)
  from space 4224K,  38% used [0x0000000087d10000, 0x0000000087ea8198, 0x0000000088130000)
  to   space 4224K,   0% used [0x0000000088130000, 0x0000000088130000, 0x0000000088550000)
 concurrent mark-sweep generation total 120316K, used 72189K [0x000000009a8c0000, 0x00000000a1e3f000, 0x0000000100000000)
 Metaspace       used 101282K, capacity 106809K, committed 106980K, reserved 1142784K
  class space    used 12663K, capacity 13713K, committed 13796K, reserved 1048576K
2020-12-20T12:35:43.337+0000: 57.299: [GC (Allocation Failure) 2020-12-20T12:35:43.337+0000: 57.299: [ParNew
Desired survivor size 2162688 bytes, new threshold 6 (max 6)
- age   1:     308776 bytes,     308776 total
- age   2:     130824 bytes,     439600 total
- age   3:     141336 bytes,     580936 total
- age   4:     145528 bytes,     726464 total
- age   5:     213248 bytes,     939712 total
- age   6:     131024 bytes,    1070736 total
: 35488K->1408K(38080K), 0.0109055 secs] 107677K->73692K(158396K), 0.0111154 secs] [Times: user=0.05 sys=0.00, real=0.01 secs] 
Heap after GC invocations=245 (full 5):
 par new generation   total 38080K, used 1408K [0x0000000085c00000, 0x0000000088550000, 0x000000009a8c0000)
  eden space 33856K,   0% used [0x0000000085c00000, 0x0000000085c00000, 0x0000000087d10000)
  from space 4224K,  33% used [0x0000000088130000, 0x00000000882902d0, 0x0000000088550000)
  to   space 4224K,   0% used [0x0000000087d10000, 0x0000000087d10000, 0x0000000088130000)
 concurrent mark-sweep generation total 120316K, used 72283K [0x000000009a8c0000, 0x00000000a1e3f000, 0x0000000100000000)
 Metaspace       used 101282K, capacity 106809K, committed 106980K, reserved 1142784K
  class space    used 12663K, capacity 13713K, committed 13796K, reserved 1048576K
}
2020-12-20T12:35:43.348+0000: 57.310: Total time for which application threads were stopped: 0.0117810 seconds, Stopping threads took: 0.0000782 seconds
{Heap before GC invocations=245 (full 5):
 par new generation   total 38080K, used 35264K [0x0000000085c00000, 0x0000000088550000, 0x000000009a8c0000)
  eden space 33856K, 100% used [0x0000000085c00000, 0x0000000087d10000, 0x0000000087d10000)
  from space 4224K,  33% used [0x0000000088130000, 0x00000000882902d0, 0x0000000088550000)
  to   space 4224K,   0% used [0x0000000087d10000, 0x0000000087d10000, 0x0000000088130000)
 concurrent mark-sweep generation total 120316K, used 72283K [0x000000009a8c0000, 0x00000000a1e3f000, 0x0000000100000000)
 Metaspace       used 101298K, capacity 106809K, committed 106980K, reserved 1142784K
  class space    used 12664K, capacity 13713K, committed 13796K, reserved 1048576K
2020-12-20T12:35:43.756+0000: 57.718: [GC (Allocation Failure) 2020-12-20T12:35:43.756+0000: 57.718: [ParNew
Desired survivor size 2162688 bytes, new threshold 6 (max 6)
- age   1:     193496 bytes,     193496 total
- age   2:     163712 bytes,     357208 total
- age   3:     130336 bytes,     487544 total
- age   4:     141144 bytes,     628688 total
- age   5:     145432 bytes,     774120 total
- age   6:     213200 bytes,     987320 total
: 35264K->1390K(38080K), 0.0108557 secs] 107548K->73804K(158396K), 0.0110700 secs] [Times: user=0.05 sys=0.00, real=0.01 secs] 
Heap after GC invocations=246 (full 5):
 par new generation   total 38080K, used 1390K [0x0000000085c00000, 0x0000000088550000, 0x000000009a8c0000)
  eden space 33856K,   0% used [0x0000000085c00000, 0x0000000085c00000, 0x0000000087d10000)
  from space 4224K,  32% used [0x0000000087d10000, 0x0000000087e6b948, 0x0000000088130000)
  to   space 4224K,   0% used [0x0000000088130000, 0x0000000088130000, 0x0000000088550000)
 concurrent mark-sweep generation total 120316K, used 72414K [0x000000009a8c0000, 0x00000000a1e3f000, 0x0000000100000000)
 Metaspace       used 101298K, capacity 106809K, committed 106980K, reserved 1142784K
  class space    used 12664K, capacity 13713K, committed 13796K, reserved 1048576K
}
2020-12-20T12:35:43.767+0000: 57.729: Total time for which application threads were stopped: 0.0116055 seconds, Stopping threads took: 0.0000694 seconds
{Heap before GC invocations=246 (full 5):
 par new generation   total 38080K, used 35246K [0x0000000085c00000, 0x0000000088550000, 0x000000009a8c0000)
  eden space 33856K, 100% used [0x0000000085c00000, 0x0000000087d10000, 0x0000000087d10000)
  from space 4224K,  32% used [0x0000000087d10000, 0x0000000087e6b948, 0x0000000088130000)
  to   space 4224K,   0% used [0x0000000088130000, 0x0000000088130000, 0x0000000088550000)
 concurrent mark-sweep generation total 120316K, used 72414K [0x000000009a8c0000, 0x00000000a1e3f000, 0x0000000100000000)
 Metaspace       used 101320K, capacity 106809K, committed 106980K, reserved 1142784K
  class space    used 12666K, capacity 13713K, committed 13796K, reserved 1048576K
2020-12-20T12:35:44.055+0000: 58.018: [GC (Allocation Failure) 2020-12-20T12:35:44.055+0000: 58.018: [ParNew
Desired survivor size 2162688 bytes, new threshold 6 (max 6)
- age   1:     209736 bytes,     209736 total
- age   2:     110408 bytes,     320144 total
- age   3:     162528 bytes,     482672 total
- age   4:     129944 bytes,     612616 total
- age   5:     141144 bytes,     753760 total
- age   6:     145128 bytes,     898888 total
: 35246K->1200K(38080K), 0.0206657 secs] 107660K->73828K(158396K), 0.0208343 secs] [Times: user=0.08 sys=0.00, real=0.02 secs] 
Heap after GC invocations=247 (full 5):
 par new generation   total 38080K, used 1200K [0x0000000085c00000, 0x0000000088550000, 0x000000009a8c0000)
  eden space 33856K,   0% used [0x0000000085c00000, 0x0000000085c00000, 0x0000000087d10000)
  from space 4224K,  28% used [0x0000000088130000, 0x000000008825c270, 0x0000000088550000)
  to   space 4224K,   0% used [0x0000000087d10000, 0x0000000087d10000, 0x0000000088130000)
 concurrent mark-sweep generation total 120316K, used 72627K [0x000000009a8c0000, 0x00000000a1e3f000, 0x0000000100000000)
 Metaspace       used 101320K, capacity 106809K, committed 106980K, reserved 1142784K
  class space    used 12666K, capacity 13713K, committed 13796K, reserved 1048576K
}
2020-12-20T12:35:44.076+0000: 58.039: Total time for which application threads were stopped: 0.0212882 seconds, Stopping threads took: 0.0001132 seconds
{Heap before GC invocations=247 (full 5):
 par new generation   total 38080K, used 35056K [0x0000000085c00000, 0x0000000088550000, 0x000000009a8c0000)
  eden space 33856K, 100% used [0x0000000085c00000, 0x0000000087d10000, 0x0000000087d10000)
  from space 4224K,  28% used [0x0000000088130000, 0x000000008825c270, 0x0000000088550000)
  to   space 4224K,   0% used [0x0000000087d10000, 0x0000000087d10000, 0x0000000088130000)
 concurrent mark-sweep generation total 120316K, used 72627K [0x000000009a8c0000, 0x00000000a1e3f000, 0x0000000100000000)
 Metaspace       used 101353K, capacity 106873K, committed 106980K, reserved 1142784K
  class space    used 12668K, capacity 13713K, committed 13796K, reserved 1048576K
2020-12-20T12:35:44.375+0000: 58.337: [GC (Allocation Failure) 2020-12-20T12:35:44.375+0000: 58.337: [ParNew
Desired survivor size 2162688 bytes, new threshold 6 (max 6)
- age   1:     163864 bytes,     163864 total
- age   2:     152672 bytes,     316536 total
- age   3:     109624 bytes,     426160 total
- age   4:     162448 bytes,     588608 total
- age   5:     129944 bytes,     718552 total
- age   6:     141112 bytes,     859664 total
: 35056K->1540K(38080K), 0.0067379 secs] 107684K->74312K(158396K), 0.0069228 secs] [Times: user=0.02 sys=0.00, real=0.00 secs] 
Heap after GC invocations=248 (full 5):
 par new generation   total 38080K, used 1540K [0x0000000085c00000, 0x0000000088550000, 0x000000009a8c0000)
  eden space 33856K,   0% used [0x0000000085c00000, 0x0000000085c00000, 0x0000000087d10000)
  from space 4224K,  36% used [0x0000000087d10000, 0x0000000087e911d8, 0x0000000088130000)
  to   space 4224K,   0% used [0x0000000088130000, 0x0000000088130000, 0x0000000088550000)
 concurrent mark-sweep generation total 120316K, used 72772K [0x000000009a8c0000, 0x00000000a1e3f000, 0x0000000100000000)
 Metaspace       used 101353K, capacity 106873K, committed 106980K, reserved 1142784K
  class space    used 12668K, capacity 13713K, committed 13796K, reserved 1048576K
}
2020-12-20T12:35:44.382+0000: 58.344: Total time for which application threads were stopped: 0.0073537 seconds, Stopping threads took: 0.0001073 seconds
{Heap before GC invocations=248 (full 5):
 par new generation   total 38080K, used 35392K [0x0000000085c00000, 0x0000000088550000, 0x000000009a8c0000)
  eden space 33856K,  99% used [0x0000000085c00000, 0x0000000087d0f058, 0x0000000087d10000)
  from space 4224K,  36% used [0x0000000087d10000, 0x0000000087e911d8, 0x0000000088130000)
  to   space 4224K,   0% used [0x0000000088130000, 0x0000000088130000, 0x0000000088550000)
 concurrent mark-sweep generation total 120316K, used 72772K [0x000000009a8c0000, 0x00000000a1e3f000, 0x0000000100000000)
 Metaspace       used 101386K, capacity 106873K, committed 106980K, reserved 1142784K
  class space    used 12668K, capacity 13713K, committed 13796K, reserved 1048576K
2020-12-20T12:35:44.649+0000: 58.611: [GC (Allocation Failure) 2020-12-20T12:35:44.649+0000: 58.611: [ParNew
Desired survivor size 2162688 bytes, new threshold 6 (max 6)
- age   1:     237080 bytes,     237080 total
- age   2:     118256 bytes,     355336 total
- age   3:     152624 bytes,     507960 total
- age   4:     109624 bytes,     617584 total
- age   5:     162360 bytes,     779944 total
- age   6:     129832 bytes,     909776 total
: 35392K->1097K(38080K), 0.0103354 secs] 108164K->74010K(158396K), 0.0105087 secs] [Times: user=0.04 sys=0.00, real=0.01 secs] 
Heap after GC invocations=249 (full 5):
 par new generation   total 38080K, used 1097K [0x0000000085c00000, 0x0000000088550000, 0x000000009a8c0000)
  eden space 33856K,   0% used [0x0000000085c00000, 0x0000000085c00000, 0x0000000087d10000)
  from space 4224K,  25% used [0x0000000088130000, 0x0000000088242460, 0x0000000088550000)
  to   space 4224K,   0% used [0x0000000087d10000, 0x0000000087d10000, 0x0000000088130000)
 concurrent mark-sweep generation total 120316K, used 72912K [0x000000009a8c0000, 0x00000000a1e3f000, 0x0000000100000000)
 Metaspace       used 101386K, capacity 106873K, committed 106980K, reserved 1142784K
  class space    used 12668K, capacity 13713K, committed 13796K, reserved 1048576K
}
2020-12-20T12:35:44.660+0000: 58.622: Total time for which application threads were stopped: 0.0114152 seconds, Stopping threads took: 0.0000719 seconds
{Heap before GC invocations=249 (full 5):
 par new generation   total 38080K, used 34953K [0x0000000085c00000, 0x0000000088550000, 0x000000009a8c0000)
  eden space 33856K, 100% used [0x0000000085c00000, 0x0000000087d10000, 0x0000000087d10000)
  from space 4224K,  25% used [0x0000000088130000, 0x0000000088242460, 0x0000000088550000)
  to   space 4224K,   0% used [0x0000000087d10000, 0x0000000087d10000, 0x0000000088130000)
 concurrent mark-sweep generation total 120316K, used 72912K [0x000000009a8c0000, 0x00000000a1e3f000, 0x0000000100000000)
 Metaspace       used 101519K, capacity 107045K, committed 107236K, reserved 1142784K
  class space    used 12687K, capacity 13747K, committed 13796K, reserved 1048576K
2020-12-20T12:35:44.921+0000: 58.883: [GC (Allocation Failure) 2020-12-20T12:35:44.921+0000: 58.883: [ParNew
Desired survivor size 2162688 bytes, new threshold 6 (max 6)
- age   1:     341504 bytes,     341504 total
- age   2:      79168 bytes,     420672 total
- age   3:     114136 bytes,     534808 total
- age   4:     152032 bytes,     686840 total
- age   5:     109464 bytes,     796304 total
- age   6:     160592 bytes,     956896 total
: 34953K->1173K(38080K), 0.0078236 secs] 107866K->74215K(158396K), 0.0080227 secs] [Times: user=0.03 sys=0.00, real=0.01 secs] 
Heap after GC invocations=250 (full 5):
 par new generation   total 38080K, used 1173K [0x0000000085c00000, 0x0000000088550000, 0x000000009a8c0000)
  eden space 33856K,   0% used [0x0000000085c00000, 0x0000000085c00000, 0x0000000087d10000)
  from space 4224K,  27% used [0x0000000087d10000, 0x0000000087e35728, 0x0000000088130000)
  to   space 4224K,   0% used [0x0000000088130000, 0x0000000088130000, 0x0000000088550000)
 concurrent mark-sweep generation total 120316K, used 73041K [0x000000009a8c0000, 0x00000000a1e3f000, 0x0000000100000000)
 Metaspace       used 101519K, capacity 107045K, committed 107236K, reserved 1142784K
  class space    used 12687K, capacity 13747K, committed 13796K, reserved 1048576K
}
2020-12-20T12:35:44.929+0000: 58.891: Total time for which application threads were stopped: 0.0085116 seconds, Stopping threads took: 0.0000604 seconds
{Heap before GC invocations=250 (full 5):
 par new generation   total 38080K, used 35029K [0x0000000085c00000, 0x0000000088550000, 0x000000009a8c0000)
  eden space 33856K, 100% used [0x0000000085c00000, 0x0000000087d10000, 0x0000000087d10000)
  from space 4224K,  27% used [0x0000000087d10000, 0x0000000087e35728, 0x0000000088130000)
  to   space 4224K,   0% used [0x0000000088130000, 0x0000000088130000, 0x0000000088550000)
 concurrent mark-sweep generation total 120316K, used 73041K [0x000000009a8c0000, 0x00000000a1e3f000, 0x0000000100000000)
 Metaspace       used 101614K, capacity 107109K, committed 107236K, reserved 1142784K
  class space    used 12694K, capacity 13747K, committed 13796K, reserved 1048576K
2020-12-20T12:35:45.239+0000: 59.201: [GC (Allocation Failure) 2020-12-20T12:35:45.239+0000: 59.201: [ParNew
Desired survivor size 2162688 bytes, new threshold 6 (max 6)
- age   1:     385720 bytes,     385720 total
- age   2:     211448 bytes,     597168 total
- age   3:      78848 bytes,     676016 total
- age   4:     112280 bytes,     788296 total
- age   5:     148232 bytes,     936528 total
- age   6:     109264 bytes,    1045792 total
: 35029K->1543K(38080K), 0.0107086 secs] 108071K->74743K(158396K), 0.0108898 secs] [Times: user=0.05 sys=0.00, real=0.01 secs] 
Heap after GC invocations=251 (full 5):
 par new generation   total 38080K, used 1543K [0x0000000085c00000, 0x0000000088550000, 0x000000009a8c0000)
  eden space 33856K,   0% used [0x0000000085c00000, 0x0000000085c00000, 0x0000000087d10000)
  from space 4224K,  36% used [0x0000000088130000, 0x00000000882b1dc8, 0x0000000088550000)
  to   space 4224K,   0% used [0x0000000087d10000, 0x0000000087d10000, 0x0000000088130000)
 concurrent mark-sweep generation total 120316K, used 73200K [0x000000009a8c0000, 0x00000000a1e3f000, 0x0000000100000000)
 Metaspace       used 101614K, capacity 107109K, committed 107236K, reserved 1142784K
  class space    used 12694K, capacity 13747K, committed 13796K, reserved 1048576K
}
2020-12-20T12:35:45.250+0000: 59.212: Total time for which application threads were stopped: 0.0113522 seconds, Stopping threads took: 0.0000608 seconds
{Heap before GC invocations=251 (full 5):
 par new generation   total 38080K, used 35399K [0x0000000085c00000, 0x0000000088550000, 0x000000009a8c0000)
  eden space 33856K, 100% used [0x0000000085c00000, 0x0000000087d10000, 0x0000000087d10000)
  from space 4224K,  36% used [0x0000000088130000, 0x00000000882b1dc8, 0x0000000088550000)
  to   space 4224K,   0% used [0x0000000087d10000, 0x0000000087d10000, 0x0000000088130000)
 concurrent mark-sweep generation total 120316K, used 73200K [0x000000009a8c0000, 0x00000000a1e3f000, 0x0000000100000000)
 Metaspace       used 101634K, capacity 107173K, committed 107236K, reserved 1142784K
  class space    used 12694K, capacity 13747K, committed 13796K, reserved 1048576K
2020-12-20T12:35:45.495+0000: 59.457: [GC (Allocation Failure) 2020-12-20T12:35:45.495+0000: 59.457: [ParNew
Desired survivor size 2162688 bytes, new threshold 6 (max 6)
- age   1:     238848 bytes,     238848 total
- age   2:     281464 bytes,     520312 total
- age   3:     210248 bytes,     730560 total
- age   4:      78592 bytes,     809152 total
- age   5:     112008 bytes,     921160 total
- age   6:     148168 bytes,    1069328 total
: 35399K->1464K(38080K), 0.0095351 secs] 108599K->74774K(158396K), 0.0097343 secs] [Times: user=0.03 sys=0.00, real=0.00 secs] 
Heap after GC invocations=252 (full 5):
 par new generation   total 38080K, used 1464K [0x0000000085c00000, 0x0000000088550000, 0x000000009a8c0000)
  eden space 33856K,   0% used [0x0000000085c00000, 0x0000000085c00000, 0x0000000087d10000)
  from space 4224K,  34% used [0x0000000087d10000, 0x0000000087e7e2f0, 0x0000000088130000)
  to   space 4224K,   0% used [0x0000000088130000, 0x0000000088130000, 0x0000000088550000)
 concurrent mark-sweep generation total 120316K, used 73309K [0x000000009a8c0000, 0x00000000a1e3f000, 0x0000000100000000)
 Metaspace       used 101634K, capacity 107173K, committed 107236K, reserved 1142784K
  class space    used 12694K, capacity 13747K, committed 13796K, reserved 1048576K
}
2020-12-20T12:35:45.505+0000: 59.467: Total time for which application threads were stopped: 0.0101209 seconds, Stopping threads took: 0.0000599 seconds
{Heap before GC invocations=252 (full 5):
 par new generation   total 38080K, used 35320K [0x0000000085c00000, 0x0000000088550000, 0x000000009a8c0000)
  eden space 33856K, 100% used [0x0000000085c00000, 0x0000000087d10000, 0x0000000087d10000)
  from space 4224K,  34% used [0x0000000087d10000, 0x0000000087e7e2f0, 0x0000000088130000)
  to   space 4224K,   0% used [0x0000000088130000, 0x0000000088130000, 0x0000000088550000)
 concurrent mark-sweep generation total 120316K, used 73309K [0x000000009a8c0000, 0x00000000a1e3f000, 0x0000000100000000)
 Metaspace       used 101669K, capacity 107179K, committed 107236K, reserved 1142784K
  class space    used 12696K, capacity 13748K, committed 13796K, reserved 1048576K
2020-12-20T12:35:45.720+0000: 59.682: [GC (Allocation Failure) 2020-12-20T12:35:45.720+0000: 59.682: [ParNew
Desired survivor size 2162688 bytes, new threshold 6 (max 6)
- age   1:     187832 bytes,     187832 total
- age   2:     106168 bytes,     294000 total
- age   3:     280816 bytes,     574816 total
- age   4:     207552 bytes,     782368 total
- age   5:      78592 bytes,     860960 total
- age   6:     112008 bytes,     972968 total
: 35320K->1545K(38080K), 0.0093288 secs] 108630K->75003K(158396K), 0.0094967 secs] [Times: user=0.03 sys=0.00, real=0.01 secs] 
Heap after GC invocations=253 (full 5):
 par new generation   total 38080K, used 1545K [0x0000000085c00000, 0x0000000088550000, 0x000000009a8c0000)
  eden space 33856K,   0% used [0x0000000085c00000, 0x0000000085c00000, 0x0000000087d10000)
  from space 4224K,  36% used [0x0000000088130000, 0x00000000882b26a0, 0x0000000088550000)
  to   space 4224K,   0% used [0x0000000087d10000, 0x0000000087d10000, 0x0000000088130000)
 concurrent mark-sweep generation total 120316K, used 73458K [0x000000009a8c0000, 0x00000000a1e3f000, 0x0000000100000000)
 Metaspace       used 101669K, capacity 107179K, committed 107236K, reserved 1142784K
  class space    used 12696K, capacity 13748K, committed 13796K, reserved 1048576K
}
2020-12-20T12:35:45.729+0000: 59.692: Total time for which application threads were stopped: 0.0099109 seconds, Stopping threads took: 0.0000654 seconds
{Heap before GC invocations=253 (full 5):
 par new generation   total 38080K, used 35401K [0x0000000085c00000, 0x0000000088550000, 0x000000009a8c0000)
  eden space 33856K, 100% used [0x0000000085c00000, 0x0000000087d10000, 0x0000000087d10000)
  from space 4224K,  36% used [0x0000000088130000, 0x00000000882b26a0, 0x0000000088550000)
  to   space 4224K,   0% used [0x0000000087d10000, 0x0000000087d10000, 0x0000000088130000)
 concurrent mark-sweep generation total 120316K, used 73458K [0x000000009a8c0000, 0x00000000a1e3f000, 0x0000000100000000)
 Metaspace       used 101684K, capacity 107179K, committed 107236K, reserved 1142784K
  class space    used 12696K, capacity 13748K, committed 13796K, reserved 1048576K
2020-12-20T12:35:45.929+0000: 59.891: [GC (Allocation Failure) 2020-12-20T12:35:45.929+0000: 59.891: [ParNew
Desired survivor size 2162688 bytes, new threshold 6 (max 6)
- age   1:     153840 bytes,     153840 total
- age   2:     131776 bytes,     285616 total
- age   3:     106096 bytes,     391712 total
- age   4:     280400 bytes,     672112 total
- age   5:     207552 bytes,     879664 total
- age   6:      78592 bytes,     958256 total
: 35401K->1420K(38080K), 0.0110208 secs] 108859K->74990K(158396K), 0.0113615 secs] [Times: user=0.04 sys=0.00, real=0.01 secs] 
Heap after GC invocations=254 (full 5):
 par new generation   total 38080K, used 1420K [0x0000000085c00000, 0x0000000088550000, 0x000000009a8c0000)
  eden space 33856K,   0% used [0x0000000085c00000, 0x0000000085c00000, 0x0000000087d10000)
  from space 4224K,  33% used [0x0000000087d10000, 0x0000000087e73060, 0x0000000088130000)
  to   space 4224K,   0% used [0x0000000088130000, 0x0000000088130000, 0x0000000088550000)
 concurrent mark-sweep generation total 120316K, used 73570K [0x000000009a8c0000, 0x00000000a1e3f000, 0x0000000100000000)
 Metaspace       used 101684K, capacity 107179K, committed 107236K, reserved 1142784K
  class space    used 12696K, capacity 13748K, committed 13796K, reserved 1048576K
}
2020-12-20T12:35:45.940+0000: 59.902: Total time for which application threads were stopped: 0.0118809 seconds, Stopping threads took: 0.0001054 seconds
{Heap before GC invocations=254 (full 5):
 par new generation   total 38080K, used 35276K [0x0000000085c00000, 0x0000000088550000, 0x000000009a8c0000)
  eden space 33856K, 100% used [0x0000000085c00000, 0x0000000087d10000, 0x0000000087d10000)
  from space 4224K,  33% used [0x0000000087d10000, 0x0000000087e73060, 0x0000000088130000)
  to   space 4224K,   0% used [0x0000000088130000, 0x0000000088130000, 0x0000000088550000)
 concurrent mark-sweep generation total 120316K, used 73570K [0x000000009a8c0000, 0x00000000a1e3f000, 0x0000000100000000)
 Metaspace       used 101743K, capacity 107243K, committed 107492K, reserved 1142784K
  class space    used 12702K, capacity 13748K, committed 13796K, reserved 1048576K
2020-12-20T12:35:46.197+0000: 60.159: [GC (Allocation Failure) 2020-12-20T12:35:46.197+0000: 60.159: [ParNew
Desired survivor size 2162688 bytes, new threshold 6 (max 6)
- age   1:     385720 bytes,     385720 total
- age   2:      79312 bytes,     465032 total
- age   3:     129872 bytes,     594904 total
- age   4:     104472 bytes,     699376 total
- age   5:     271728 bytes,     971104 total
- age   6:     200880 bytes,    1171984 total
: 35276K->1645K(38080K), 0.0094914 secs] 108846K->75292K(158396K), 0.0096843 secs] [Times: user=0.04 sys=0.00, real=0.01 secs] 
Heap after GC invocations=255 (full 5):
 par new generation   total 38080K, used 1645K [0x0000000085c00000, 0x0000000088550000, 0x000000009a8c0000)
  eden space 33856K,   0% used [0x0000000085c00000, 0x0000000085c00000, 0x0000000087d10000)
  from space 4224K,  38% used [0x0000000088130000, 0x00000000882cb760, 0x0000000088550000)
  to   space 4224K,   0% used [0x0000000087d10000, 0x0000000087d10000, 0x0000000088130000)
 concurrent mark-sweep generation total 120316K, used 73646K [0x000000009a8c0000, 0x00000000a1e3f000, 0x0000000100000000)
 Metaspace       used 101743K, capacity 107243K, committed 107492K, reserved 1142784K
  class space    used 12702K, capacity 13748K, committed 13796K, reserved 1048576K
}
2020-12-20T12:35:46.207+0000: 60.169: Total time for which application threads were stopped: 0.0100655 seconds, Stopping threads took: 0.0000606 seconds
{Heap before GC invocations=255 (full 5):
 par new generation   total 38080K, used 35501K [0x0000000085c00000, 0x0000000088550000, 0x000000009a8c0000)
  eden space 33856K, 100% used [0x0000000085c00000, 0x0000000087d10000, 0x0000000087d10000)
  from space 4224K,  38% used [0x0000000088130000, 0x00000000882cb760, 0x0000000088550000)
  to   space 4224K,   0% used [0x0000000087d10000, 0x0000000087d10000, 0x0000000088130000)
 concurrent mark-sweep generation total 120316K, used 73646K [0x000000009a8c0000, 0x00000000a1e3f000, 0x0000000100000000)
 Metaspace       used 101786K, capacity 107307K, committed 107492K, reserved 1142784K
  class space    used 12703K, capacity 13748K, committed 13796K, reserved 1048576K
2020-12-20T12:35:46.474+0000: 60.437: [GC (Allocation Failure) 2020-12-20T12:35:46.475+0000: 60.437: [ParNew
Desired survivor size 2162688 bytes, new threshold 6 (max 6)
- age   1:     289272 bytes,     289272 total
- age   2:     280048 bytes,     569320 total
- age   3:      79264 bytes,     648584 total
- age   4:     129264 bytes,     777848 total
- age   5:     104264 bytes,     882112 total
- age   6:     266920 bytes,    1149032 total
: 35501K->1628K(38080K), 0.0130575 secs] 109148K->75474K(158396K), 0.0132219 secs] [Times: user=0.05 sys=0.00, real=0.01 secs] 
Heap after GC invocations=256 (full 5):
 par new generation   total 38080K, used 1628K [0x0000000085c00000, 0x0000000088550000, 0x000000009a8c0000)
  eden space 33856K,   0% used [0x0000000085c00000, 0x0000000085c00000, 0x0000000087d10000)
  from space 4224K,  38% used [0x0000000087d10000, 0x0000000087ea7030, 0x0000000088130000)
  to   space 4224K,   0% used [0x0000000088130000, 0x0000000088130000, 0x0000000088550000)
 concurrent mark-sweep generation total 120316K, used 73846K [0x000000009a8c0000, 0x00000000a1e3f000, 0x0000000100000000)
 Metaspace       used 101786K, capacity 107307K, committed 107492K, reserved 1142784K
  class space    used 12703K, capacity 13748K, committed 13796K, reserved 1048576K
}
2020-12-20T12:35:46.488+0000: 60.450: Total time for which application threads were stopped: 0.0136201 seconds, Stopping threads took: 0.0000609 seconds
{Heap before GC invocations=256 (full 5):
 par new generation   total 38080K, used 35484K [0x0000000085c00000, 0x0000000088550000, 0x000000009a8c0000)
  eden space 33856K, 100% used [0x0000000085c00000, 0x0000000087d10000, 0x0000000087d10000)
  from space 4224K,  38% used [0x0000000087d10000, 0x0000000087ea7030, 0x0000000088130000)
  to   space 4224K,   0% used [0x0000000088130000, 0x0000000088130000, 0x0000000088550000)
 concurrent mark-sweep generation total 120316K, used 73846K [0x000000009a8c0000, 0x00000000a1e3f000, 0x0000000100000000)
 Metaspace       used 101802K, capacity 107313K, committed 107492K, reserved 1142784K
  class space    used 12704K, capacity 13749K, committed 13796K, reserved 1048576K
2020-12-20T12:35:46.703+0000: 60.665: [GC (Allocation Failure) 2020-12-20T12:35:46.703+0000: 60.666: [ParNew
Desired survivor size 2162688 bytes, new threshold 6 (max 6)
- age   1:     123048 bytes,     123048 total
- age   2:     201416 bytes,     324464 total
- age   3:     280632 bytes,     605096 total
- age   4:      79264 bytes,     684360 total
- age   5:     129264 bytes,     813624 total
- age   6:     104264 bytes,     917888 total
: 35484K->1369K(38080K), 0.0073620 secs] 109330K->75482K(158396K), 0.0075574 secs] [Times: user=0.03 sys=0.00, real=0.01 secs] 
Heap after GC invocations=257 (full 5):
 par new generation   total 38080K, used 1369K [0x0000000085c00000, 0x0000000088550000, 0x000000009a8c0000)
  eden space 33856K,   0% used [0x0000000085c00000, 0x0000000085c00000, 0x0000000087d10000)
  from space 4224K,  32% used [0x0000000088130000, 0x00000000882864a8, 0x0000000088550000)
  to   space 4224K,   0% used [0x0000000087d10000, 0x0000000087d10000, 0x0000000088130000)
 concurrent mark-sweep generation total 120316K, used 74113K [0x000000009a8c0000, 0x00000000a1e3f000, 0x0000000100000000)
 Metaspace       used 101802K, capacity 107313K, committed 107492K, reserved 1142784K
  class space    used 12704K, capacity 13749K, committed 13796K, reserved 1048576K
}
2020-12-20T12:35:46.711+0000: 60.673: Total time for which application threads were stopped: 0.0079995 seconds, Stopping threads took: 0.0000667 seconds
{Heap before GC invocations=257 (full 5):
 par new generation   total 38080K, used 35225K [0x0000000085c00000, 0x0000000088550000, 0x000000009a8c0000)
  eden space 33856K, 100% used [0x0000000085c00000, 0x0000000087d10000, 0x0000000087d10000)
  from space 4224K,  32% used [0x0000000088130000, 0x00000000882864a8, 0x0000000088550000)
  to   space 4224K,   0% used [0x0000000087d10000, 0x0000000087d10000, 0x0000000088130000)
 concurrent mark-sweep generation total 120316K, used 74113K [0x000000009a8c0000, 0x00000000a1e3f000, 0x0000000100000000)
 Metaspace       used 101808K, capacity 107313K, committed 107492K, reserved 1142784K
  class space    used 12704K, capacity 13749K, committed 13796K, reserved 1048576K
2020-12-20T12:35:46.915+0000: 60.878: [GC (Allocation Failure) 2020-12-20T12:35:46.916+0000: 60.878: [ParNew
Desired survivor size 2162688 bytes, new threshold 6 (max 6)
- age   1:     136296 bytes,     136296 total
- age   2:      44856 bytes,     181152 total
- age   3:     201416 bytes,     382568 total
- age   4:     279200 bytes,     661768 total
- age   5:      79264 bytes,     741032 total
- age   6:     129264 bytes,     870296 total
: 35225K->1411K(38080K), 0.0061056 secs] 109338K->75629K(158396K), 0.0062784 secs] [Times: user=0.01 sys=0.01, real=0.00 secs] 
Heap after GC invocations=258 (full 5):
 par new generation   total 38080K, used 1411K [0x0000000085c00000, 0x0000000088550000, 0x000000009a8c0000)
  eden space 33856K,   0% used [0x0000000085c00000, 0x0000000085c00000, 0x0000000087d10000)
  from space 4224K,  33% used [0x0000000087d10000, 0x0000000087e70e50, 0x0000000088130000)
  to   space 4224K,   0% used [0x0000000088130000, 0x0000000088130000, 0x0000000088550000)
 concurrent mark-sweep generation total 120316K, used 74218K [0x000000009a8c0000, 0x00000000a1e3f000, 0x0000000100000000)
 Metaspace       used 101808K, capacity 107313K, committed 107492K, reserved 1142784K
  class space    used 12704K, capacity 13749K, committed 13796K, reserved 1048576K
}
2020-12-20T12:35:46.922+0000: 60.884: Total time for which application threads were stopped: 0.0067195 seconds, Stopping threads took: 0.0000691 seconds
{Heap before GC invocations=258 (full 5):
 par new generation   total 38080K, used 35267K [0x0000000085c00000, 0x0000000088550000, 0x000000009a8c0000)
  eden space 33856K, 100% used [0x0000000085c00000, 0x0000000087d10000, 0x0000000087d10000)
  from space 4224K,  33% used [0x0000000087d10000, 0x0000000087e70e50, 0x0000000088130000)
  to   space 4224K,   0% used [0x0000000088130000, 0x0000000088130000, 0x0000000088550000)
 concurrent mark-sweep generation total 120316K, used 74218K [0x000000009a8c0000, 0x00000000a1e3f000, 0x0000000100000000)
 Metaspace       used 101811K, capacity 107313K, committed 107492K, reserved 1142784K
  class space    used 12704K, capacity 13749K, committed 13796K, reserved 1048576K
2020-12-20T12:35:47.139+0000: 61.101: [GC (Allocation Failure) 2020-12-20T12:35:47.139+0000: 61.102: [ParNew
Desired survivor size 2162688 bytes, new threshold 6 (max 6)
- age   1:     183096 bytes,     183096 total
- age   2:      41328 bytes,     224424 total
- age   3:      44776 bytes,     269200 total
- age   4:     201416 bytes,     470616 total
- age   5:     279200 bytes,     749816 total
- age   6:      79264 bytes,     829080 total
: 35267K->971K(38080K), 0.0044527 secs] 109485K->75319K(158396K), 0.0046564 secs] [Times: user=0.02 sys=0.00, real=0.00 secs] 
Heap after GC invocations=259 (full 5):
 par new generation   total 38080K, used 971K [0x0000000085c00000, 0x0000000088550000, 0x000000009a8c0000)
  eden space 33856K,   0% used [0x0000000085c00000, 0x0000000085c00000, 0x0000000087d10000)
  from space 4224K,  23% used [0x0000000088130000, 0x0000000088222f30, 0x0000000088550000)
  to   space 4224K,   0% used [0x0000000087d10000, 0x0000000087d10000, 0x0000000088130000)
 concurrent mark-sweep generation total 120316K, used 74347K [0x000000009a8c0000, 0x00000000a1e3f000, 0x0000000100000000)
 Metaspace       used 101811K, capacity 107313K, committed 107492K, reserved 1142784K
  class space    used 12704K, capacity 13749K, committed 13796K, reserved 1048576K
}
2020-12-20T12:35:47.144+0000: 61.106: Total time for which application threads were stopped: 0.0052094 seconds, Stopping threads took: 0.0001055 seconds
{Heap before GC invocations=259 (full 5):
 par new generation   total 38080K, used 34827K [0x0000000085c00000, 0x0000000088550000, 0x000000009a8c0000)
  eden space 33856K, 100% used [0x0000000085c00000, 0x0000000087d10000, 0x0000000087d10000)
  from space 4224K,  23% used [0x0000000088130000, 0x0000000088222f30, 0x0000000088550000)
  to   space 4224K,   0% used [0x0000000087d10000, 0x0000000087d10000, 0x0000000088130000)
 concurrent mark-sweep generation total 120316K, used 74347K [0x000000009a8c0000, 0x00000000a1e3f000, 0x0000000100000000)
 Metaspace       used 101844K, capacity 107377K, committed 107492K, reserved 1142784K
  class space    used 12706K, capacity 13749K, committed 13796K, reserved 1048576K
2020-12-20T12:35:47.406+0000: 61.368: [GC (Allocation Failure) 2020-12-20T12:35:47.406+0000: 61.368: [ParNew
Desired survivor size 2162688 bytes, new threshold 6 (max 6)
- age   1:     293056 bytes,     293056 total
- age   2:      33936 bytes,     326992 total
- age   3:      40880 bytes,     367872 total
- age   4:      43712 bytes,     411584 total
- age   5:     200600 bytes,     612184 total
- age   6:     279152 bytes,     891336 total
: 34827K->1311K(38080K), 0.0078528 secs] 109175K->75737K(158396K), 0.0080232 secs] [Times: user=0.03 sys=0.00, real=0.01 secs] 
Heap after GC invocations=260 (full 5):
 par new generation   total 38080K, used 1311K [0x0000000085c00000, 0x0000000088550000, 0x000000009a8c0000)
  eden space 33856K,   0% used [0x0000000085c00000, 0x0000000085c00000, 0x0000000087d10000)
  from space 4224K,  31% used [0x0000000087d10000, 0x0000000087e57cb8, 0x0000000088130000)
  to   space 4224K,   0% used [0x0000000088130000, 0x0000000088130000, 0x0000000088550000)
 concurrent mark-sweep generation total 120316K, used 74426K [0x000000009a8c0000, 0x00000000a1e3f000, 0x0000000100000000)
 Metaspace       used 101844K, capacity 107377K, committed 107492K, reserved 1142784K
  class space    used 12706K, capacity 13749K, committed 13796K, reserved 1048576K
}
2020-12-20T12:35:47.414+0000: 61.376: Total time for which application threads were stopped: 0.0085831 seconds, Stopping threads took: 0.0000705 seconds
{Heap before GC invocations=260 (full 5):
 par new generation   total 38080K, used 35167K [0x0000000085c00000, 0x0000000088550000, 0x000000009a8c0000)
  eden space 33856K, 100% used [0x0000000085c00000, 0x0000000087d10000, 0x0000000087d10000)
  from space 4224K,  31% used [0x0000000087d10000, 0x0000000087e57cb8, 0x0000000088130000)
  to   space 4224K,   0% used [0x0000000088130000, 0x0000000088130000, 0x0000000088550000)
 concurrent mark-sweep generation total 120316K, used 74426K [0x000000009a8c0000, 0x00000000a1e3f000, 0x0000000100000000)
 Metaspace       used 101862K, capacity 107377K, committed 107492K, reserved 1142784K
  class space    used 12706K, capacity 13749K, committed 13796K, reserved 1048576K
2020-12-20T12:35:47.726+0000: 61.688: [GC (Allocation Failure) 2020-12-20T12:35:47.726+0000: 61.689: [ParNew
Desired survivor size 2162688 bytes, new threshold 6 (max 6)
- age   1:     237744 bytes,     237744 total
- age   2:     178496 bytes,     416240 total
- age   3:      33936 bytes,     450176 total
- age   4:      40880 bytes,     491056 total
- age   5:      43712 bytes,     534768 total
- age   6:     199648 bytes,     734416 total
: 35167K->1255K(38080K), 0.0234780 secs] 109593K->75961K(158396K), 0.0236804 secs] [Times: user=0.05 sys=0.00, real=0.02 secs] 
Heap after GC invocations=261 (full 5):
 par new generation   total 38080K, used 1255K [0x0000000085c00000, 0x0000000088550000, 0x000000009a8c0000)
  eden space 33856K,   0% used [0x0000000085c00000, 0x0000000085c00000, 0x0000000087d10000)
  from space 4224K,  29% used [0x0000000088130000, 0x0000000088269e10, 0x0000000088550000)
  to   space 4224K,   0% used [0x0000000087d10000, 0x0000000087d10000, 0x0000000088130000)
 concurrent mark-sweep generation total 120316K, used 74705K [0x000000009a8c0000, 0x00000000a1e3f000, 0x0000000100000000)
 Metaspace       used 101862K, capacity 107377K, committed 107492K, reserved 1142784K
  class space    used 12706K, capacity 13749K, committed 13796K, reserved 1048576K
}
2020-12-20T12:35:47.750+0000: 61.712: Total time for which application threads were stopped: 0.0242137 seconds, Stopping threads took: 0.0001121 seconds
{Heap before GC invocations=261 (full 5):
 par new generation   total 38080K, used 35111K [0x0000000085c00000, 0x0000000088550000, 0x000000009a8c0000)
  eden space 33856K, 100% used [0x0000000085c00000, 0x0000000087d10000, 0x0000000087d10000)
  from space 4224K,  29% used [0x0000000088130000, 0x0000000088269e10, 0x0000000088550000)
  to   space 4224K,   0% used [0x0000000087d10000, 0x0000000087d10000, 0x0000000088130000)
 concurrent mark-sweep generation total 120316K, used 74705K [0x000000009a8c0000, 0x00000000a1e3f000, 0x0000000100000000)
 Metaspace       used 101886K, capacity 107377K, committed 107492K, reserved 1142784K
  class space    used 12708K, capacity 13749K, committed 13796K, reserved 1048576K
2020-12-20T12:35:48.079+0000: 62.041: [GC (Allocation Failure) 2020-12-20T12:35:48.079+0000: 62.041: [ParNew
Desired survivor size 2162688 bytes, new threshold 6 (max 6)
- age   1:     211976 bytes,     211976 total
- age   2:     130072 bytes,     342048 total
- age   3:     178344 bytes,     520392 total
- age   4:      33936 bytes,     554328 total
- age   5:      40880 bytes,     595208 total
- age   6:      43536 bytes,     638744 total
: 35111K->840K(38080K), 0.0133340 secs] 109817K->75745K(158396K), 0.0135379 secs] [Times: user=0.03 sys=0.00, real=0.01 secs] 
Heap after GC invocations=262 (full 5):
 par new generation   total 38080K, used 840K [0x0000000085c00000, 0x0000000088550000, 0x000000009a8c0000)
  eden space 33856K,   0% used [0x0000000085c00000, 0x0000000085c00000, 0x0000000087d10000)
  from space 4224K,  19% used [0x0000000087d10000, 0x0000000087de2088, 0x0000000088130000)
  to   space 4224K,   0% used [0x0000000088130000, 0x0000000088130000, 0x0000000088550000)
 concurrent mark-sweep generation total 120316K, used 74905K [0x000000009a8c0000, 0x00000000a1e3f000, 0x0000000100000000)
 Metaspace       used 101886K, capacity 107377K, committed 107492K, reserved 1142784K
  class space    used 12708K, capacity 13749K, committed 13796K, reserved 1048576K
}
2020-12-20T12:35:48.093+0000: 62.055: Total time for which application threads were stopped: 0.0140213 seconds, Stopping threads took: 0.0000655 seconds
2020-12-20T12:35:48.105+0000: 62.067: Total time for which application threads were stopped: 0.0023798 seconds, Stopping threads took: 0.0000670 seconds
2020-12-20T12:35:48.428+0000: 62.390: Total time for which application threads were stopped: 0.0020933 seconds, Stopping threads took: 0.0001584 seconds
{Heap before GC invocations=262 (full 5):
 par new generation   total 38080K, used 34696K [0x0000000085c00000, 0x0000000088550000, 0x000000009a8c0000)
  eden space 33856K, 100% used [0x0000000085c00000, 0x0000000087d10000, 0x0000000087d10000)
  from space 4224K,  19% used [0x0000000087d10000, 0x0000000087de2088, 0x0000000088130000)
  to   space 4224K,   0% used [0x0000000088130000, 0x0000000088130000, 0x0000000088550000)
 concurrent mark-sweep generation total 120316K, used 74905K [0x000000009a8c0000, 0x00000000a1e3f000, 0x0000000100000000)
 Metaspace       used 103305K, capacity 109043K, committed 109284K, reserved 1144832K
  class space    used 12908K, capacity 13994K, committed 14052K, reserved 1048576K
2020-12-20T12:35:48.568+0000: 62.530: [GC (Allocation Failure) 2020-12-20T12:35:48.568+0000: 62.530: [ParNew
Desired survivor size 2162688 bytes, new threshold 6 (max 6)
- age   1:     879312 bytes,     879312 total
- age   2:     169712 bytes,    1049024 total
- age   3:     130072 bytes,    1179096 total
- age   4:     178336 bytes,    1357432 total
- age   5:      33936 bytes,    1391368 total
- age   6:      40880 bytes,    1432248 total
: 34696K->1838K(38080K), 0.0098007 secs] 109601K->76787K(158396K), 0.0100271 secs] [Times: user=0.04 sys=0.00, real=0.01 secs] 
Heap after GC invocations=263 (full 5):
 par new generation   total 38080K, used 1838K [0x0000000085c00000, 0x0000000088550000, 0x000000009a8c0000)
  eden space 33856K,   0% used [0x0000000085c00000, 0x0000000085c00000, 0x0000000087d10000)
  from space 4224K,  43% used [0x0000000088130000, 0x00000000882fbbd8, 0x0000000088550000)
  to   space 4224K,   0% used [0x0000000087d10000, 0x0000000087d10000, 0x0000000088130000)
 concurrent mark-sweep generation total 120316K, used 74949K [0x000000009a8c0000, 0x00000000a1e3f000, 0x0000000100000000)
 Metaspace       used 103305K, capacity 109043K, committed 109284K, reserved 1144832K
  class space    used 12908K, capacity 13994K, committed 14052K, reserved 1048576K
}
2020-12-20T12:35:48.578+0000: 62.540: Total time for which application threads were stopped: 0.0105426 seconds, Stopping threads took: 0.0000676 seconds
2020-12-20T12:35:48.808+0000: 62.770: Total time for which application threads were stopped: 0.0025042 seconds, Stopping threads took: 0.0000916 seconds
{Heap before GC invocations=263 (full 5):
 par new generation   total 38080K, used 35694K [0x0000000085c00000, 0x0000000088550000, 0x000000009a8c0000)
  eden space 33856K, 100% used [0x0000000085c00000, 0x0000000087d10000, 0x0000000087d10000)
  from space 4224K,  43% used [0x0000000088130000, 0x00000000882fbbd8, 0x0000000088550000)
  to   space 4224K,   0% used [0x0000000087d10000, 0x0000000087d10000, 0x0000000088130000)
 concurrent mark-sweep generation total 120316K, used 74949K [0x000000009a8c0000, 0x00000000a1e3f000, 0x0000000100000000)
 Metaspace       used 104408K, capacity 110363K, committed 110436K, reserved 1144832K
  class space    used 13035K, capacity 14156K, committed 14180K, reserved 1048576K
2020-12-20T12:35:49.102+0000: 63.064: [GC (Allocation Failure) 2020-12-20T12:35:49.102+0000: 63.065: [ParNew
Desired survivor size 2162688 bytes, new threshold 2 (max 6)
- age   1:    1572184 bytes,    1572184 total
- age   2:     651784 bytes,    2223968 total
- age   3:     168408 bytes,    2392376 total
- age   4:     129624 bytes,    2522000 total
- age   5:     177864 bytes,    2699864 total
- age   6:      33936 bytes,    2733800 total
: 35694K->3322K(38080K), 0.0223020 secs] 110643K->78312K(158396K), 0.0224769 secs] [Times: user=0.08 sys=0.00, real=0.02 secs] 
Heap after GC invocations=264 (full 5):
 par new generation   total 38080K, used 3322K [0x0000000085c00000, 0x0000000088550000, 0x000000009a8c0000)
  eden space 33856K,   0% used [0x0000000085c00000, 0x0000000085c00000, 0x0000000087d10000)
  from space 4224K,  78% used [0x0000000087d10000, 0x000000008804e948, 0x0000000088130000)
  to   space 4224K,   0% used [0x0000000088130000, 0x0000000088130000, 0x0000000088550000)
 concurrent mark-sweep generation total 120316K, used 74990K [0x000000009a8c0000, 0x00000000a1e3f000, 0x0000000100000000)
 Metaspace       used 104408K, capacity 110363K, committed 110436K, reserved 1144832K
  class space    used 13035K, capacity 14156K, committed 14180K, reserved 1048576K
}
2020-12-20T12:35:49.125+0000: 63.087: Total time for which application threads were stopped: 0.0246563 seconds, Stopping threads took: 0.0015869 seconds
2020-12-20T12:35:49.385+0000: 63.348: Total time for which application threads were stopped: 0.0020630 seconds, Stopping threads took: 0.0000740 seconds
2020-12-20T12:35:49.823+0000: 63.786: Total time for which application threads were stopped: 0.0005530 seconds, Stopping threads took: 0.0001161 seconds
2020-12-20T12:35:50.039+0000: 64.001: Total time for which application threads were stopped: 0.0014567 seconds, Stopping threads took: 0.0009395 seconds
{Heap before GC invocations=264 (full 5):
 par new generation   total 38080K, used 37178K [0x0000000085c00000, 0x0000000088550000, 0x000000009a8c0000)
  eden space 33856K, 100% used [0x0000000085c00000, 0x0000000087d10000, 0x0000000087d10000)
  from space 4224K,  78% used [0x0000000087d10000, 0x000000008804e948, 0x0000000088130000)
  to   space 4224K,   0% used [0x0000000088130000, 0x0000000088130000, 0x0000000088550000)
 concurrent mark-sweep generation total 120316K, used 74990K [0x000000009a8c0000, 0x00000000a1e3f000, 0x0000000100000000)
 Metaspace       used 107372K, capacity 113569K, committed 113636K, reserved 1148928K
  class space    used 13347K, capacity 14512K, committed 14564K, reserved 1048576K
2020-12-20T12:35:50.292+0000: 64.254: [GC (Allocation Failure) 2020-12-20T12:35:50.292+0000: 64.254: [ParNew
Desired survivor size 2162688 bytes, new threshold 2 (max 6)
- age   1:    2043616 bytes,    2043616 total
- age   2:    1482024 bytes,    3525640 total
: 37178K->4224K(38080K), 0.0260023 secs] 112168K->81528K(158396K), 0.0262407 secs] [Times: user=0.07 sys=0.00, real=0.03 secs] 
Heap after GC invocations=265 (full 5):
 par new generation   total 38080K, used 4224K [0x0000000085c00000, 0x0000000088550000, 0x000000009a8c0000)
  eden space 33856K,   0% used [0x0000000085c00000, 0x0000000085c00000, 0x0000000087d10000)
  from space 4224K, 100% used [0x0000000088130000, 0x0000000088550000, 0x0000000088550000)
  to   space 4224K,   0% used [0x0000000087d10000, 0x0000000087d10000, 0x0000000088130000)
 concurrent mark-sweep generation total 120316K, used 77304K [0x000000009a8c0000, 0x00000000a1e3f000, 0x0000000100000000)
 Metaspace       used 107372K, capacity 113569K, committed 113636K, reserved 1148928K
  class space    used 13347K, capacity 14512K, committed 14564K, reserved 1048576K
}
2020-12-20T12:35:50.318+0000: 64.281: Total time for which application threads were stopped: 0.0293051 seconds, Stopping threads took: 0.0024955 seconds
2020-12-20T12:35:51.322+0000: 65.284: Total time for which application threads were stopped: 0.0005571 seconds, Stopping threads took: 0.0001447 seconds
2020-12-20T12:35:51.391+0000: 65.353: Total time for which application threads were stopped: 0.0006336 seconds, Stopping threads took: 0.0000769 seconds
{Heap before GC invocations=265 (full 5):
 par new generation   total 38080K, used 38080K [0x0000000085c00000, 0x0000000088550000, 0x000000009a8c0000)
  eden space 33856K, 100% used [0x0000000085c00000, 0x0000000087d10000, 0x0000000087d10000)
  from space 4224K, 100% used [0x0000000088130000, 0x0000000088550000, 0x0000000088550000)
  to   space 4224K,   0% used [0x0000000087d10000, 0x0000000087d10000, 0x0000000088130000)
 concurrent mark-sweep generation total 120316K, used 77304K [0x000000009a8c0000, 0x00000000a1e3f000, 0x0000000100000000)
 Metaspace       used 109153K, capacity 116211K, committed 116452K, reserved 1150976K
  class space    used 13643K, capacity 15049K, committed 15076K, reserved 1048576K
2020-12-20T12:35:51.757+0000: 65.720: [GC (Allocation Failure) 2020-12-20T12:35:51.757+0000: 65.720: [ParNew
Desired survivor size 2162688 bytes, new threshold 2 (max 6)
- age   1:    1999488 bytes,    1999488 total
- age   2:    1492816 bytes,    3492304 total
: 38080K->4224K(38080K), 0.0177768 secs] 115384K->83400K(158396K), 0.0179917 secs] [Times: user=0.06 sys=0.01, real=0.02 secs] 
Heap after GC invocations=266 (full 5):
 par new generation   total 38080K, used 4224K [0x0000000085c00000, 0x0000000088550000, 0x000000009a8c0000)
  eden space 33856K,   0% used [0x0000000085c00000, 0x0000000085c00000, 0x0000000087d10000)
  from space 4224K, 100% used [0x0000000087d10000, 0x0000000088130000, 0x0000000088130000)
  to   space 4224K,   0% used [0x0000000088130000, 0x0000000088130000, 0x0000000088550000)
 concurrent mark-sweep generation total 120316K, used 79176K [0x000000009a8c0000, 0x00000000a1e3f000, 0x0000000100000000)
 Metaspace       used 109153K, capacity 116211K, committed 116452K, reserved 1150976K
  class space    used 13643K, capacity 15049K, committed 15076K, reserved 1048576K
}
2020-12-20T12:35:51.775+0000: 65.738: Total time for which application threads were stopped: 0.0186285 seconds, Stopping threads took: 0.0001271 seconds
{Heap before GC invocations=266 (full 5):
 par new generation   total 38080K, used 38080K [0x0000000085c00000, 0x0000000088550000, 0x000000009a8c0000)
  eden space 33856K, 100% used [0x0000000085c00000, 0x0000000087d10000, 0x0000000087d10000)
  from space 4224K, 100% used [0x0000000087d10000, 0x0000000088130000, 0x0000000088130000)
  to   space 4224K,   0% used [0x0000000088130000, 0x0000000088130000, 0x0000000088550000)
 concurrent mark-sweep generation total 120316K, used 79176K [0x000000009a8c0000, 0x00000000a1e3f000, 0x0000000100000000)
 Metaspace       used 109656K, capacity 116999K, committed 117092K, reserved 1150976K
  class space    used 13695K, capacity 15176K, committed 15204K, reserved 1048576K
2020-12-20T12:35:52.307+0000: 66.269: [GC (Allocation Failure) 2020-12-20T12:35:52.307+0000: 66.269: [ParNew
Desired survivor size 2162688 bytes, new threshold 2 (max 6)
- age   1:    1160168 bytes,    1160168 total
- age   2:    1801936 bytes,    2962104 total
: 38080K->4224K(38080K), 0.0169123 secs] 117256K->84859K(158396K), 0.0170993 secs] [Times: user=0.04 sys=0.00, real=0.01 secs] 
Heap after GC invocations=267 (full 5):
 par new generation   total 38080K, used 4224K [0x0000000085c00000, 0x0000000088550000, 0x000000009a8c0000)
  eden space 33856K,   0% used [0x0000000085c00000, 0x0000000085c00000, 0x0000000087d10000)
  from space 4224K, 100% used [0x0000000088130000, 0x0000000088550000, 0x0000000088550000)
  to   space 4224K,   0% used [0x0000000087d10000, 0x0000000087d10000, 0x0000000088130000)
 concurrent mark-sweep generation total 120316K, used 80635K [0x000000009a8c0000, 0x00000000a1e3f000, 0x0000000100000000)
 Metaspace       used 109656K, capacity 116999K, committed 117092K, reserved 1150976K
  class space    used 13695K, capacity 15176K, committed 15204K, reserved 1048576K
}
2020-12-20T12:35:52.324+0000: 66.286: Total time for which application threads were stopped: 0.0189694 seconds, Stopping threads took: 0.0012595 seconds
2020-12-20T12:35:53.331+0000: 67.293: Total time for which application threads were stopped: 0.0003840 seconds, Stopping threads took: 0.0000736 seconds
2020-12-20T12:35:55.331+0000: 69.294: Total time for which application threads were stopped: 0.0003682 seconds, Stopping threads took: 0.0000754 seconds
2020-12-20T12:35:56.332+0000: 70.294: Total time for which application threads were stopped: 0.0003501 seconds, Stopping threads took: 0.0000761 seconds
2020-12-20T12:35:58.333+0000: 72.295: Total time for which application threads were stopped: 0.0002983 seconds, Stopping threads took: 0.0000573 seconds
2020-12-20T12:35:59.333+0000: 73.295: Total time for which application threads were stopped: 0.0003949 seconds, Stopping threads took: 0.0000796 seconds
2020-12-20T12:36:00.334+0000: 74.296: Total time for which application threads were stopped: 0.0003186 seconds, Stopping threads took: 0.0000596 seconds
2020-12-20T12:36:07.335+0000: 81.297: Total time for which application threads were stopped: 0.0003923 seconds, Stopping threads took: 0.0000678 seconds
2020-12-20T12:36:08.335+0000: 82.298: Total time for which application threads were stopped: 0.0003264 seconds, Stopping threads took: 0.0000835 seconds
2020-12-20T12:36:16.337+0000: 90.299: Total time for which application threads were stopped: 0.0003117 seconds, Stopping threads took: 0.0000580 seconds
2020-12-20T12:36:28.013+0000: 101.975: Total time for which application threads were stopped: 0.0027671 seconds, Stopping threads took: 0.0000919 seconds
{Heap before GC invocations=267 (full 5):
 par new generation   total 38080K, used 38080K [0x0000000085c00000, 0x0000000088550000, 0x000000009a8c0000)
  eden space 33856K, 100% used [0x0000000085c00000, 0x0000000087d10000, 0x0000000087d10000)
  from space 4224K, 100% used [0x0000000088130000, 0x0000000088550000, 0x0000000088550000)
  to   space 4224K,   0% used [0x0000000087d10000, 0x0000000087d10000, 0x0000000088130000)
 concurrent mark-sweep generation total 120316K, used 80635K [0x000000009a8c0000, 0x00000000a1e3f000, 0x0000000100000000)
 Metaspace       used 110104K, capacity 117541K, committed 117732K, reserved 1150976K
  class space    used 13747K, capacity 15247K, committed 15332K, reserved 1048576K
2020-12-20T12:36:28.096+0000: 102.059: [GC (Allocation Failure) 2020-12-20T12:36:28.097+0000: 102.059: [ParNew
Desired survivor size 2162688 bytes, new threshold 6 (max 6)
- age   1:     370224 bytes,     370224 total
- age   2:    1007408 bytes,    1377632 total
: 38080K->3172K(38080K), 0.0128552 secs] 118715K->85581K(158396K), 0.0131251 secs] [Times: user=0.04 sys=0.00, real=0.01 secs] 
Heap after GC invocations=268 (full 5):
 par new generation   total 38080K, used 3172K [0x0000000085c00000, 0x0000000088550000, 0x000000009a8c0000)
  eden space 33856K,   0% used [0x0000000085c00000, 0x0000000085c00000, 0x0000000087d10000)
  from space 4224K,  75% used [0x0000000087d10000, 0x0000000088029070, 0x0000000088130000)
  to   space 4224K,   0% used [0x0000000088130000, 0x0000000088130000, 0x0000000088550000)
 concurrent mark-sweep generation total 120316K, used 82409K [0x000000009a8c0000, 0x00000000a1e3f000, 0x0000000100000000)
 Metaspace       used 110104K, capacity 117541K, committed 117732K, reserved 1150976K
  class space    used 13747K, capacity 15247K, committed 15332K, reserved 1048576K
}
2020-12-20T12:36:28.110+0000: 102.072: Total time for which application threads were stopped: 0.0138860 seconds, Stopping threads took: 0.0002603 seconds
2020-12-20T12:36:28.169+0000: 102.132: Total time for which application threads were stopped: 0.0025126 seconds, Stopping threads took: 0.0000689 seconds
{Heap before GC invocations=268 (full 5):
 par new generation   total 38080K, used 37028K [0x0000000085c00000, 0x0000000088550000, 0x000000009a8c0000)
  eden space 33856K, 100% used [0x0000000085c00000, 0x0000000087d10000, 0x0000000087d10000)
  from space 4224K,  75% used [0x0000000087d10000, 0x0000000088029070, 0x0000000088130000)
  to   space 4224K,   0% used [0x0000000088130000, 0x0000000088130000, 0x0000000088550000)
 concurrent mark-sweep generation total 120316K, used 82409K [0x000000009a8c0000, 0x00000000a1e3f000, 0x0000000100000000)
 Metaspace       used 110563K, capacity 117997K, committed 118244K, reserved 1153024K
  class space    used 13800K, capacity 15313K, committed 15332K, reserved 1048576K
2020-12-20T12:36:28.256+0000: 102.219: [GC (Allocation Failure) 2020-12-20T12:36:28.256+0000: 102.219: [ParNew
Desired survivor size 2162688 bytes, new threshold 6 (max 6)
- age   1:     803016 bytes,     803016 total
- age   2:     143584 bytes,     946600 total
- age   3:    1006992 bytes,    1953592 total
: 37028K->2336K(38080K), 0.0095137 secs] 119437K->84746K(158396K), 0.0097170 secs] [Times: user=0.03 sys=0.00, real=0.01 secs] 
Heap after GC invocations=269 (full 5):
 par new generation   total 38080K, used 2336K [0x0000000085c00000, 0x0000000088550000, 0x000000009a8c0000)
  eden space 33856K,   0% used [0x0000000085c00000, 0x0000000085c00000, 0x0000000087d10000)
  from space 4224K,  55% used [0x0000000088130000, 0x0000000088378350, 0x0000000088550000)
  to   space 4224K,   0% used [0x0000000087d10000, 0x0000000087d10000, 0x0000000088130000)
 concurrent mark-sweep generation total 120316K, used 82409K [0x000000009a8c0000, 0x00000000a1e3f000, 0x0000000100000000)
 Metaspace       used 110563K, capacity 117997K, committed 118244K, reserved 1153024K
  class space    used 13800K, capacity 15313K, committed 15332K, reserved 1048576K
}
2020-12-20T12:36:28.266+0000: 102.228: Total time for which application threads were stopped: 0.0102346 seconds, Stopping threads took: 0.0000849 seconds
{Heap before GC invocations=269 (full 5):
 par new generation   total 38080K, used 36192K [0x0000000085c00000, 0x0000000088550000, 0x000000009a8c0000)
  eden space 33856K, 100% used [0x0000000085c00000, 0x0000000087d10000, 0x0000000087d10000)
  from space 4224K,  55% used [0x0000000088130000, 0x0000000088378350, 0x0000000088550000)
  to   space 4224K,   0% used [0x0000000087d10000, 0x0000000087d10000, 0x0000000088130000)
 concurrent mark-sweep generation total 120316K, used 82409K [0x000000009a8c0000, 0x00000000a1e3f000, 0x0000000100000000)
 Metaspace       used 110953K, capacity 118389K, committed 118628K, reserved 1153024K
  class space    used 13852K, capacity 15353K, committed 15460K, reserved 1048576K
2020-12-20T12:36:28.442+0000: 102.405: [GC (Allocation Failure) 2020-12-20T12:36:28.443+0000: 102.405: [ParNew
Desired survivor size 2162688 bytes, new threshold 6 (max 6)
- age   1:     723664 bytes,     723664 total
- age   2:     195400 bytes,     919064 total
- age   3:     143040 bytes,    1062104 total
- age   4:    1006992 bytes,    2069096 total
: 36192K->2610K(38080K), 0.0151122 secs] 118602K->85020K(158396K), 0.0153097 secs] [Times: user=0.03 sys=0.00, real=0.02 secs] 
Heap after GC invocations=270 (full 5):
 par new generation   total 38080K, used 2610K [0x0000000085c00000, 0x0000000088550000, 0x000000009a8c0000)
  eden space 33856K,   0% used [0x0000000085c00000, 0x0000000085c00000, 0x0000000087d10000)
  from space 4224K,  61% used [0x0000000087d10000, 0x0000000087f9cbf0, 0x0000000088130000)
  to   space 4224K,   0% used [0x0000000088130000, 0x0000000088130000, 0x0000000088550000)
 concurrent mark-sweep generation total 120316K, used 82409K [0x000000009a8c0000, 0x00000000a1e3f000, 0x0000000100000000)
 Metaspace       used 110953K, capacity 118389K, committed 118628K, reserved 1153024K
  class space    used 13852K, capacity 15353K, committed 15460K, reserved 1048576K
}
2020-12-20T12:36:28.458+0000: 102.420: Total time for which application threads were stopped: 0.0159157 seconds, Stopping threads took: 0.0000889 seconds
{Heap before GC invocations=270 (full 5):
 par new generation   total 38080K, used 36466K [0x0000000085c00000, 0x0000000088550000, 0x000000009a8c0000)
  eden space 33856K, 100% used [0x0000000085c00000, 0x0000000087d10000, 0x0000000087d10000)
  from space 4224K,  61% used [0x0000000087d10000, 0x0000000087f9cbf0, 0x0000000088130000)
  to   space 4224K,   0% used [0x0000000088130000, 0x0000000088130000, 0x0000000088550000)
 concurrent mark-sweep generation total 120316K, used 82409K [0x000000009a8c0000, 0x00000000a1e3f000, 0x0000000100000000)
 Metaspace       used 111108K, capacity 118577K, committed 118884K, reserved 1153024K
  class space    used 13871K, capacity 15391K, committed 15460K, reserved 1048576K
2020-12-20T12:36:28.990+0000: 102.952: [GC (Allocation Failure) 2020-12-20T12:36:28.990+0000: 102.952: [ParNew
Desired survivor size 2162688 bytes, new threshold 5 (max 6)
- age   1:     796616 bytes,     796616 total
- age   2:     324432 bytes,    1121048 total
- age   3:     191776 bytes,    1312824 total
- age   4:     142944 bytes,    1455768 total
- age   5:    1006992 bytes,    2462760 total
: 36466K->3270K(38080K), 0.0205287 secs] 118876K->85679K(158396K), 0.0207475 secs] [Times: user=0.03 sys=0.00, real=0.02 secs] 
Heap after GC invocations=271 (full 5):
 par new generation   total 38080K, used 3270K [0x0000000085c00000, 0x0000000088550000, 0x000000009a8c0000)
  eden space 33856K,   0% used [0x0000000085c00000, 0x0000000085c00000, 0x0000000087d10000)
  from space 4224K,  77% used [0x0000000088130000, 0x0000000088461900, 0x0000000088550000)
  to   space 4224K,   0% used [0x0000000087d10000, 0x0000000087d10000, 0x0000000088130000)
 concurrent mark-sweep generation total 120316K, used 82409K [0x000000009a8c0000, 0x00000000a1e3f000, 0x0000000100000000)
 Metaspace       used 111108K, capacity 118577K, committed 118884K, reserved 1153024K
  class space    used 13871K, capacity 15391K, committed 15460K, reserved 1048576K
}
2020-12-20T12:36:29.010+0000: 102.973: Total time for which application threads were stopped: 0.0291271 seconds, Stopping threads took: 0.0077744 seconds
2020-12-20T12:36:30.011+0000: 103.973: Total time for which application threads were stopped: 0.0004332 seconds, Stopping threads took: 0.0000852 seconds
{Heap before GC invocations=271 (full 5):
 par new generation   total 38080K, used 37120K [0x0000000085c00000, 0x0000000088550000, 0x000000009a8c0000)
  eden space 33856K,  99% used [0x0000000085c00000, 0x0000000087d0e7c0, 0x0000000087d10000)
  from space 4224K,  77% used [0x0000000088130000, 0x0000000088461900, 0x0000000088550000)
  to   space 4224K,   0% used [0x0000000087d10000, 0x0000000087d10000, 0x0000000088130000)
 concurrent mark-sweep generation total 120316K, used 82409K [0x000000009a8c0000, 0x00000000a1e3f000, 0x0000000100000000)
 Metaspace       used 111197K, capacity 118717K, committed 118884K, reserved 1153024K
  class space    used 13873K, capacity 15393K, committed 15460K, reserved 1048576K
2020-12-20T12:36:30.638+0000: 104.600: [GC (Allocation Failure) 2020-12-20T12:36:30.638+0000: 104.600: [ParNew
Desired survivor size 2162688 bytes, new threshold 6 (max 6)
- age   1:     521096 bytes,     521096 total
- age   2:     647192 bytes,    1168288 total
- age   3:     319272 bytes,    1487560 total
- age   4:     191776 bytes,    1679336 total
- age   5:     142768 bytes,    1822104 total
: 37120K->2684K(38080K), 0.0127728 secs] 119529K->86087K(158396K), 0.0130253 secs] [Times: user=0.03 sys=0.01, real=0.01 secs] 
Heap after GC invocations=272 (full 5):
 par new generation   total 38080K, used 2684K [0x0000000085c00000, 0x0000000088550000, 0x000000009a8c0000)
  eden space 33856K,   0% used [0x0000000085c00000, 0x0000000085c00000, 0x0000000087d10000)
  from space 4224K,  63% used [0x0000000087d10000, 0x0000000087faf208, 0x0000000088130000)
  to   space 4224K,   0% used [0x0000000088130000, 0x0000000088130000, 0x0000000088550000)
 concurrent mark-sweep generation total 120316K, used 83403K [0x000000009a8c0000, 0x00000000a1e3f000, 0x0000000100000000)
 Metaspace       used 111197K, capacity 118717K, committed 118884K, reserved 1153024K
  class space    used 13873K, capacity 15393K, committed 15460K, reserved 1048576K
}
2020-12-20T12:36:30.651+0000: 104.613: Total time for which application threads were stopped: 0.0181373 seconds, Stopping threads took: 0.0045341 seconds
2020-12-20T12:36:31.652+0000: 105.614: Total time for which application threads were stopped: 0.0003514 seconds, Stopping threads took: 0.0000655 seconds
2020-12-20T12:36:32.652+0000: 106.614: Total time for which application threads were stopped: 0.0003521 seconds, Stopping threads took: 0.0000623 seconds
2020-12-20T12:36:33.653+0000: 107.615: Total time for which application threads were stopped: 0.0002931 seconds, Stopping threads took: 0.0000540 seconds
2020-12-20T12:36:37.792+0000: 111.754: Total time for which application threads were stopped: 0.0029386 seconds, Stopping threads took: 0.0001882 seconds
{Heap before GC invocations=272 (full 5):
 par new generation   total 38080K, used 36540K [0x0000000085c00000, 0x0000000088550000, 0x000000009a8c0000)
  eden space 33856K, 100% used [0x0000000085c00000, 0x0000000087d10000, 0x0000000087d10000)
  from space 4224K,  63% used [0x0000000087d10000, 0x0000000087faf208, 0x0000000088130000)
  to   space 4224K,   0% used [0x0000000088130000, 0x0000000088130000, 0x0000000088550000)
 concurrent mark-sweep generation total 120316K, used 83403K [0x000000009a8c0000, 0x00000000a1e3f000, 0x0000000100000000)
 Metaspace       used 111378K, capacity 118881K, committed 119140K, reserved 1153024K
  class space    used 13895K, capacity 15399K, committed 15460K, reserved 1048576K
2020-12-20T12:36:37.817+0000: 111.779: [GC (Allocation Failure) 2020-12-20T12:36:37.817+0000: 111.780: [ParNew
Desired survivor size 2162688 bytes, new threshold 6 (max 6)
- age   1:     466440 bytes,     466440 total
- age   2:     453104 bytes,     919544 total
- age   3:     644080 bytes,    1563624 total
- age   4:     317912 bytes,    1881536 total
- age   5:     190416 bytes,    2071952 total
- age   6:     142544 bytes,    2214496 total
: 36540K->2366K(38080K), 0.0061429 secs] 119943K->85769K(158396K), 0.0064205 secs] [Times: user=0.02 sys=0.00, real=0.00 secs] 
Heap after GC invocations=273 (full 5):
 par new generation   total 38080K, used 2366K [0x0000000085c00000, 0x0000000088550000, 0x000000009a8c0000)
  eden space 33856K,   0% used [0x0000000085c00000, 0x0000000085c00000, 0x0000000087d10000)
  from space 4224K,  56% used [0x0000000088130000, 0x000000008837f9e8, 0x0000000088550000)
  to   space 4224K,   0% used [0x0000000087d10000, 0x0000000087d10000, 0x0000000088130000)
 concurrent mark-sweep generation total 120316K, used 83403K [0x000000009a8c0000, 0x00000000a1e3f000, 0x0000000100000000)
 Metaspace       used 111378K, capacity 118881K, committed 119140K, reserved 1153024K
  class space    used 13895K, capacity 15399K, committed 15460K, reserved 1048576K
}
2020-12-20T12:36:37.824+0000: 111.786: Total time for which application threads were stopped: 0.0072214 seconds, Stopping threads took: 0.0002091 seconds
2020-12-20T12:36:38.824+0000: 112.787: Total time for which application threads were stopped: 0.0003895 seconds, Stopping threads took: 0.0000617 seconds
2020-12-20T12:36:41.825+0000: 115.787: Total time for which application threads were stopped: 0.0004237 seconds, Stopping threads took: 0.0000709 seconds
2020-12-20T12:36:44.826+0000: 118.788: Total time for which application threads were stopped: 0.0003375 seconds, Stopping threads took: 0.0000758 seconds
2020-12-20T12:36:47.827+0000: 121.789: Total time for which application threads were stopped: 0.0003151 seconds, Stopping threads took: 0.0000582 seconds
2020-12-20T12:36:52.894+0000: 126.856: Total time for which application threads were stopped: 0.0025490 seconds, Stopping threads took: 0.0000785 seconds
{Heap before GC invocations=273 (full 5):
 par new generation   total 38080K, used 36216K [0x0000000085c00000, 0x0000000088550000, 0x000000009a8c0000)
  eden space 33856K,  99% used [0x0000000085c00000, 0x0000000087d0e6a0, 0x0000000087d10000)
  from space 4224K,  56% used [0x0000000088130000, 0x000000008837f9e8, 0x0000000088550000)
  to   space 4224K,   0% used [0x0000000087d10000, 0x0000000087d10000, 0x0000000088130000)
 concurrent mark-sweep generation total 120316K, used 83403K [0x000000009a8c0000, 0x00000000a1e3f000, 0x0000000100000000)
 Metaspace       used 111697K, capacity 119235K, committed 119396K, reserved 1153024K
  class space    used 13927K, capacity 15446K, committed 15460K, reserved 1048576K
2020-12-20T12:36:52.921+0000: 126.884: [GC (Allocation Failure) 2020-12-20T12:36:52.921+0000: 126.884: [ParNew
Desired survivor size 2162688 bytes, new threshold 6 (max 6)
- age   1:     382280 bytes,     382280 total
- age   2:      93616 bytes,     475896 total
- age   3:     451600 bytes,     927496 total
- age   4:     641712 bytes,    1569208 total
- age   5:     315848 bytes,    1885056 total
- age   6:     189648 bytes,    2074704 total
: 36216K->3170K(38080K), 0.0063761 secs] 119619K->86714K(158396K), 0.0065666 secs] [Times: user=0.03 sys=0.01, real=0.01 secs] 
Heap after GC invocations=274 (full 5):
 par new generation   total 38080K, used 3170K [0x0000000085c00000, 0x0000000088550000, 0x000000009a8c0000)
  eden space 33856K,   0% used [0x0000000085c00000, 0x0000000085c00000, 0x0000000087d10000)
  from space 4224K,  75% used [0x0000000087d10000, 0x00000000880288d8, 0x0000000088130000)
  to   space 4224K,   0% used [0x0000000088130000, 0x0000000088130000, 0x0000000088550000)
 concurrent mark-sweep generation total 120316K, used 83544K [0x000000009a8c0000, 0x00000000a1e3f000, 0x0000000100000000)
 Metaspace       used 111697K, capacity 119235K, committed 119396K, reserved 1153024K
  class space    used 13927K, capacity 15446K, committed 15460K, reserved 1048576K
}
2020-12-20T12:36:52.928+0000: 126.890: Total time for which application threads were stopped: 0.0071811 seconds, Stopping threads took: 0.0000680 seconds
2020-12-20T12:36:52.998+0000: 126.960: Total time for which application threads were stopped: 0.0023614 seconds, Stopping threads took: 0.0001038 seconds
2020-12-20T12:36:53.999+0000: 127.961: Total time for which application threads were stopped: 0.0003681 seconds, Stopping threads took: 0.0000619 seconds
2020-12-20T12:36:59.000+0000: 132.962: Total time for which application threads were stopped: 0.0003454 seconds, Stopping threads took: 0.0000718 seconds
2020-12-20T12:37:21.003+0000: 154.965: Total time for which application threads were stopped: 0.0004951 seconds, Stopping threads took: 0.0000732 seconds
2020-12-20T12:37:30.005+0000: 163.967: Total time for which application threads were stopped: 0.0004009 seconds, Stopping threads took: 0.0000748 seconds
2020-12-20T12:37:31.006+0000: 164.968: Total time for which application threads were stopped: 0.0003532 seconds, Stopping threads took: 0.0000619 seconds
2020-12-20T12:37:32.006+0000: 165.969: Total time for which application threads were stopped: 0.0004468 seconds, Stopping threads took: 0.0000776 seconds
2020-12-20T12:37:33.007+0000: 166.969: Total time for which application threads were stopped: 0.0004870 seconds, Stopping threads took: 0.0000864 seconds
2020-12-20T12:37:39.008+0000: 172.970: Total time for which application threads were stopped: 0.0003291 seconds, Stopping threads took: 0.0000595 seconds
{Heap before GC invocations=274 (full 5):
 par new generation   total 38080K, used 37026K [0x0000000085c00000, 0x0000000088550000, 0x000000009a8c0000)
  eden space 33856K, 100% used [0x0000000085c00000, 0x0000000087d10000, 0x0000000087d10000)
  from space 4224K,  75% used [0x0000000087d10000, 0x00000000880288d8, 0x0000000088130000)
  to   space 4224K,   0% used [0x0000000088130000, 0x0000000088130000, 0x0000000088550000)
 concurrent mark-sweep generation total 120316K, used 83544K [0x000000009a8c0000, 0x00000000a1e3f000, 0x0000000100000000)
 Metaspace       used 112015K, capacity 119565K, committed 119780K, reserved 1153024K
  class space    used 13970K, capacity 15489K, committed 15588K, reserved 1048576K
2020-12-20T12:37:49.143+0000: 183.105: [GC (Allocation Failure) 2020-12-20T12:37:49.143+0000: 183.105: [ParNew
Desired survivor size 2162688 bytes, new threshold 6 (max 6)
- age   1:     290256 bytes,     290256 total
- age   2:     168720 bytes,     458976 total
- age   3:      92528 bytes,     551504 total
- age   4:     450504 bytes,    1002008 total
- age   5:     631408 bytes,    1633416 total
- age   6:     315760 bytes,    1949176 total
: 37026K->2559K(38080K), 0.0143720 secs] 120570K->86291K(158396K), 0.0146311 secs] [Times: user=0.03 sys=0.00, real=0.02 secs] 
Heap after GC invocations=275 (full 5):
 par new generation   total 38080K, used 2559K [0x0000000085c00000, 0x0000000088550000, 0x000000009a8c0000)
  eden space 33856K,   0% used [0x0000000085c00000, 0x0000000085c00000, 0x0000000087d10000)
  from space 4224K,  60% used [0x0000000088130000, 0x00000000883afd80, 0x0000000088550000)
  to   space 4224K,   0% used [0x0000000087d10000, 0x0000000087d10000, 0x0000000088130000)
 concurrent mark-sweep generation total 120316K, used 83731K [0x000000009a8c0000, 0x00000000a1e3f000, 0x0000000100000000)
 Metaspace       used 112015K, capacity 119565K, committed 119780K, reserved 1153024K
  class space    used 13970K, capacity 15489K, committed 15588K, reserved 1048576K
}
2020-12-20T12:37:49.158+0000: 183.120: Total time for which application threads were stopped: 0.0152129 seconds, Stopping threads took: 0.0000690 seconds
{Heap before GC invocations=275 (full 5):
 par new generation   total 38080K, used 36415K [0x0000000085c00000, 0x0000000088550000, 0x000000009a8c0000)
  eden space 33856K, 100% used [0x0000000085c00000, 0x0000000087d10000, 0x0000000087d10000)
  from space 4224K,  60% used [0x0000000088130000, 0x00000000883afd80, 0x0000000088550000)
  to   space 4224K,   0% used [0x0000000087d10000, 0x0000000087d10000, 0x0000000088130000)
 concurrent mark-sweep generation total 120316K, used 83731K [0x000000009a8c0000, 0x00000000a1e3f000, 0x0000000100000000)
 Metaspace       used 112235K, capacity 119835K, committed 120036K, reserved 1153024K
  class space    used 13982K, capacity 15492K, committed 15588K, reserved 1048576K
2020-12-20T12:37:49.772+0000: 183.735: [GC (Allocation Failure) 2020-12-20T12:37:49.773+0000: 183.735: [ParNew
Desired survivor size 2162688 bytes, new threshold 6 (max 6)
- age   1:     281712 bytes,     281712 total
- age   2:     132136 bytes,     413848 total
- age   3:     165888 bytes,     579736 total
- age   4:      92112 bytes,     671848 total
- age   5:     450360 bytes,    1122208 total
- age   6:     631408 bytes,    1753616 total
: 36415K->2722K(38080K), 0.0075811 secs] 120147K->86765K(158396K), 0.0078078 secs] [Times: user=0.02 sys=0.00, real=0.01 secs] 
Heap after GC invocations=276 (full 5):
 par new generation   total 38080K, used 2722K [0x0000000085c00000, 0x0000000088550000, 0x000000009a8c0000)
  eden space 33856K,   0% used [0x0000000085c00000, 0x0000000085c00000, 0x0000000087d10000)
  from space 4224K,  64% used [0x0000000087d10000, 0x0000000087fb8898, 0x0000000088130000)
  to   space 4224K,   0% used [0x0000000088130000, 0x0000000088130000, 0x0000000088550000)
 concurrent mark-sweep generation total 120316K, used 84043K [0x000000009a8c0000, 0x00000000a1e3f000, 0x0000000100000000)
 Metaspace       used 112235K, capacity 119835K, committed 120036K, reserved 1153024K
  class space    used 13982K, capacity 15492K, committed 15588K, reserved 1048576K
}
2020-12-20T12:37:49.780+0000: 183.743: Total time for which application threads were stopped: 0.0085083 seconds, Stopping threads took: 0.0001079 seconds
{Heap before GC invocations=276 (full 5):
 par new generation   total 38080K, used 36578K [0x0000000085c00000, 0x0000000088550000, 0x000000009a8c0000)
  eden space 33856K, 100% used [0x0000000085c00000, 0x0000000087d10000, 0x0000000087d10000)
  from space 4224K,  64% used [0x0000000087d10000, 0x0000000087fb8898, 0x0000000088130000)
  to   space 4224K,   0% used [0x0000000088130000, 0x0000000088130000, 0x0000000088550000)
 concurrent mark-sweep generation total 120316K, used 84043K [0x000000009a8c0000, 0x00000000a1e3f000, 0x0000000100000000)
 Metaspace       used 112602K, capacity 120175K, committed 120292K, reserved 1155072K
  class space    used 14031K, capacity 15562K, committed 15588K, reserved 1048576K
2020-12-20T12:37:50.024+0000: 183.986: [GC (Allocation Failure) 2020-12-20T12:37:50.024+0000: 183.986: [ParNew
Desired survivor size 2162688 bytes, new threshold 5 (max 6)
- age   1:    1550392 bytes,    1550392 total
- age   2:     262200 bytes,    1812592 total
- age   3:     131192 bytes,    1943784 total
- age   4:     165872 bytes,    2109656 total
- age   5:      92112 bytes,    2201768 total
- age   6:     450360 bytes,    2652128 total
: 36578K->3561K(38080K), 0.0151438 secs] 120621K->88223K(158396K), 0.0153405 secs] [Times: user=0.04 sys=0.00, real=0.02 secs] 
Heap after GC invocations=277 (full 5):
 par new generation   total 38080K, used 3561K [0x0000000085c00000, 0x0000000088550000, 0x000000009a8c0000)
  eden space 33856K,   0% used [0x0000000085c00000, 0x0000000085c00000, 0x0000000087d10000)
  from space 4224K,  84% used [0x0000000088130000, 0x00000000884aa690, 0x0000000088550000)
  to   space 4224K,   0% used [0x0000000087d10000, 0x0000000087d10000, 0x0000000088130000)
 concurrent mark-sweep generation total 120316K, used 84662K [0x000000009a8c0000, 0x00000000a1e3f000, 0x0000000100000000)
 Metaspace       used 112602K, capacity 120175K, committed 120292K, reserved 1155072K
  class space    used 14031K, capacity 15562K, committed 15588K, reserved 1048576K
}
2020-12-20T12:37:50.040+0000: 184.002: Total time for which application threads were stopped: 0.0159413 seconds, Stopping threads took: 0.0000783 seconds
{Heap before GC invocations=277 (full 5):
 par new generation   total 38080K, used 37417K [0x0000000085c00000, 0x0000000088550000, 0x000000009a8c0000)
  eden space 33856K, 100% used [0x0000000085c00000, 0x0000000087d10000, 0x0000000087d10000)
  from space 4224K,  84% used [0x0000000088130000, 0x00000000884aa690, 0x0000000088550000)
  to   space 4224K,   0% used [0x0000000087d10000, 0x0000000087d10000, 0x0000000088130000)
 concurrent mark-sweep generation total 120316K, used 84662K [0x000000009a8c0000, 0x00000000a1e3f000, 0x0000000100000000)
 Metaspace       used 112864K, capacity 120399K, committed 120676K, reserved 1155072K
  class space    used 14084K, capacity 15594K, committed 15716K, reserved 1048576K
2020-12-20T12:37:50.226+0000: 184.188: [GC (Allocation Failure) 2020-12-20T12:37:50.226+0000: 184.188: [ParNew
Desired survivor size 2162688 bytes, new threshold 4 (max 6)
- age   1:    1346792 bytes,    1346792 total
- age   2:     444376 bytes,    1791168 total
- age   3:     261784 bytes,    2052952 total
- age   4:     130776 bytes,    2183728 total
- age   5:     165872 bytes,    2349600 total
: 37417K->3207K(38080K), 0.0211282 secs] 122079K->88401K(158396K), 0.0213438 secs] [Times: user=0.06 sys=0.00, real=0.02 secs] 
Heap after GC invocations=278 (full 5):
 par new generation   total 38080K, used 3207K [0x0000000085c00000, 0x0000000088550000, 0x000000009a8c0000)
  eden space 33856K,   0% used [0x0000000085c00000, 0x0000000085c00000, 0x0000000087d10000)
  from space 4224K,  75% used [0x0000000087d10000, 0x0000000088031e08, 0x0000000088130000)
  to   space 4224K,   0% used [0x0000000088130000, 0x0000000088130000, 0x0000000088550000)
 concurrent mark-sweep generation total 120316K, used 85194K [0x000000009a8c0000, 0x00000000a1e3f000, 0x0000000100000000)
 Metaspace       used 112864K, capacity 120399K, committed 120676K, reserved 1155072K
  class space    used 14084K, capacity 15594K, committed 15716K, reserved 1048576K
}
2020-12-20T12:37:50.247+0000: 184.210: Total time for which application threads were stopped: 0.0220101 seconds, Stopping threads took: 0.0000831 seconds
{Heap before GC invocations=278 (full 5):
 par new generation   total 38080K, used 37063K [0x0000000085c00000, 0x0000000088550000, 0x000000009a8c0000)
  eden space 33856K, 100% used [0x0000000085c00000, 0x0000000087d10000, 0x0000000087d10000)
  from space 4224K,  75% used [0x0000000087d10000, 0x0000000088031e08, 0x0000000088130000)
  to   space 4224K,   0% used [0x0000000088130000, 0x0000000088130000, 0x0000000088550000)
 concurrent mark-sweep generation total 120316K, used 85194K [0x000000009a8c0000, 0x00000000a1e3f000, 0x0000000100000000)
 Metaspace       used 113149K, capacity 120719K, committed 120932K, reserved 1155072K
  class space    used 14138K, capacity 15658K, committed 15716K, reserved 1048576K
2020-12-20T12:37:50.431+0000: 184.393: [GC (Allocation Failure) 2020-12-20T12:37:50.431+0000: 184.393: [ParNew
Desired survivor size 2162688 bytes, new threshold 2 (max 6)
- age   1:    2009512 bytes,    2009512 total
- age   2:     479360 bytes,    2488872 total
- age   3:     443680 bytes,    2932552 total
- age   4:     261720 bytes,    3194272 total
: 37063K->4079K(38080K), 0.0161259 secs] 122257K->89569K(158396K), 0.0163276 secs] [Times: user=0.04 sys=0.00, real=0.02 secs] 
Heap after GC invocations=279 (full 5):
 par new generation   total 38080K, used 4079K [0x0000000085c00000, 0x0000000088550000, 0x000000009a8c0000)
  eden space 33856K,   0% used [0x0000000085c00000, 0x0000000085c00000, 0x0000000087d10000)
  from space 4224K,  96% used [0x0000000088130000, 0x000000008852bf20, 0x0000000088550000)
  to   space 4224K,   0% used [0x0000000087d10000, 0x0000000087d10000, 0x0000000088130000)
 concurrent mark-sweep generation total 120316K, used 85489K [0x000000009a8c0000, 0x00000000a1e3f000, 0x0000000100000000)
 Metaspace       used 113149K, capacity 120719K, committed 120932K, reserved 1155072K
  class space    used 14138K, capacity 15658K, committed 15716K, reserved 1048576K
}
2020-12-20T12:37:50.447+0000: 184.409: Total time for which application threads were stopped: 0.0168933 seconds, Stopping threads took: 0.0000714 seconds
{Heap before GC invocations=279 (full 5):
 par new generation   total 38080K, used 37935K [0x0000000085c00000, 0x0000000088550000, 0x000000009a8c0000)
  eden space 33856K, 100% used [0x0000000085c00000, 0x0000000087d10000, 0x0000000087d10000)
  from space 4224K,  96% used [0x0000000088130000, 0x000000008852bf20, 0x0000000088550000)
  to   space 4224K,   0% used [0x0000000087d10000, 0x0000000087d10000, 0x0000000088130000)
 concurrent mark-sweep generation total 120316K, used 85489K [0x000000009a8c0000, 0x00000000a1e3f000, 0x0000000100000000)
 Metaspace       used 113623K, capacity 121175K, committed 121316K, reserved 1155072K
  class space    used 14202K, capacity 15724K, committed 15844K, reserved 1048576K
2020-12-20T12:37:50.671+0000: 184.633: [GC (Allocation Failure) 2020-12-20T12:37:50.671+0000: 184.633: [ParNew
Desired survivor size 2162688 bytes, new threshold 6 (max 6)
- age   1:    1060896 bytes,    1060896 total
- age   2:     518152 bytes,    1579048 total
: 37935K->2290K(38080K), 0.0268235 secs] 123425K->88934K(158396K), 0.0270468 secs] [Times: user=0.08 sys=0.00, real=0.03 secs] 
Heap after GC invocations=280 (full 5):
 par new generation   total 38080K, used 2290K [0x0000000085c00000, 0x0000000088550000, 0x000000009a8c0000)
  eden space 33856K,   0% used [0x0000000085c00000, 0x0000000085c00000, 0x0000000087d10000)
  from space 4224K,  54% used [0x0000000087d10000, 0x0000000087f4ca50, 0x0000000088130000)
  to   space 4224K,   0% used [0x0000000088130000, 0x0000000088130000, 0x0000000088550000)
 concurrent mark-sweep generation total 120316K, used 86643K [0x000000009a8c0000, 0x00000000a1e3f000, 0x0000000100000000)
 Metaspace       used 113623K, capacity 121175K, committed 121316K, reserved 1155072K
  class space    used 14202K, capacity 15724K, committed 15844K, reserved 1048576K
}
2020-12-20T12:37:50.698+0000: 184.660: Total time for which application threads were stopped: 0.0276635 seconds, Stopping threads took: 0.0000789 seconds
2020-12-20T12:37:51.699+0000: 185.661: Total time for which application threads were stopped: 0.0005117 seconds, Stopping threads took: 0.0000830 seconds
2020-12-20T12:37:53.699+0000: 187.662: Total time for which application threads were stopped: 0.0004735 seconds, Stopping threads took: 0.0000748 seconds
2020-12-20T12:37:55.700+0000: 189.662: Total time for which application threads were stopped: 0.0003575 seconds, Stopping threads took: 0.0000580 seconds
2020-12-20T12:37:58.701+0000: 192.663: Total time for which application threads were stopped: 0.0004157 seconds, Stopping threads took: 0.0000833 seconds
2020-12-20T12:38:00.702+0000: 194.664: Total time for which application threads were stopped: 0.0005374 seconds, Stopping threads took: 0.0000664 seconds
{Heap before GC invocations=280 (full 5):
 par new generation   total 38080K, used 36146K [0x0000000085c00000, 0x0000000088550000, 0x000000009a8c0000)
  eden space 33856K, 100% used [0x0000000085c00000, 0x0000000087d10000, 0x0000000087d10000)
  from space 4224K,  54% used [0x0000000087d10000, 0x0000000087f4ca50, 0x0000000088130000)
  to   space 4224K,   0% used [0x0000000088130000, 0x0000000088130000, 0x0000000088550000)
 concurrent mark-sweep generation total 120316K, used 86643K [0x000000009a8c0000, 0x00000000a1e3f000, 0x0000000100000000)
 Metaspace       used 114133K, capacity 121723K, committed 122084K, reserved 1155072K
  class space    used 14220K, capacity 15728K, committed 15844K, reserved 1048576K
2020-12-20T12:38:00.948+0000: 194.910: [GC (Allocation Failure) 2020-12-20T12:38:00.948+0000: 194.910: [ParNew
Desired survivor size 2162688 bytes, new threshold 6 (max 6)
- age   1:     653056 bytes,     653056 total
- age   2:     244912 bytes,     897968 total
- age   3:     517224 bytes,    1415192 total
: 36146K->1650K(38080K), 0.0104871 secs] 122790K->88294K(158396K), 0.0106995 secs] [Times: user=0.02 sys=0.00, real=0.01 secs] 
Heap after GC invocations=281 (full 5):
 par new generation   total 38080K, used 1650K [0x0000000085c00000, 0x0000000088550000, 0x000000009a8c0000)
  eden space 33856K,   0% used [0x0000000085c00000, 0x0000000085c00000, 0x0000000087d10000)
  from space 4224K,  39% used [0x0000000088130000, 0x00000000882ccac8, 0x0000000088550000)
  to   space 4224K,   0% used [0x0000000087d10000, 0x0000000087d10000, 0x0000000088130000)
 concurrent mark-sweep generation total 120316K, used 86643K [0x000000009a8c0000, 0x00000000a1e3f000, 0x0000000100000000)
 Metaspace       used 114133K, capacity 121723K, committed 122084K, reserved 1155072K
  class space    used 14220K, capacity 15728K, committed 15844K, reserved 1048576K
}
2020-12-20T12:38:00.959+0000: 194.921: Total time for which application threads were stopped: 0.0112606 seconds, Stopping threads took: 0.0000731 seconds
2020-12-20T12:38:01.959+0000: 195.921: Total time for which application threads were stopped: 0.0003625 seconds, Stopping threads took: 0.0000687 seconds
2020-12-20T12:38:05.056+0000: 199.018: Total time for which application threads were stopped: 0.0030960 seconds, Stopping threads took: 0.0001147 seconds
2020-12-20T12:38:06.057+0000: 200.019: Total time for which application threads were stopped: 0.0003460 seconds, Stopping threads took: 0.0000650 seconds
2020-12-20T12:38:18.059+0000: 212.021: Total time for which application threads were stopped: 0.0005748 seconds, Stopping threads took: 0.0001289 seconds
2020-12-20T12:38:51.063+0000: 245.026: Total time for which application threads were stopped: 0.0005065 seconds, Stopping threads took: 0.0000764 seconds
2020-12-20T12:38:52.064+0000: 246.026: Total time for which application threads were stopped: 0.0004285 seconds, Stopping threads took: 0.0000747 seconds
2020-12-20T12:38:53.065+0000: 247.027: Total time for which application threads were stopped: 0.0003496 seconds, Stopping threads took: 0.0000623 seconds
{Heap before GC invocations=281 (full 5):
 par new generation   total 38080K, used 35506K [0x0000000085c00000, 0x0000000088550000, 0x000000009a8c0000)
  eden space 33856K, 100% used [0x0000000085c00000, 0x0000000087d10000, 0x0000000087d10000)
  from space 4224K,  39% used [0x0000000088130000, 0x00000000882ccac8, 0x0000000088550000)
  to   space 4224K,   0% used [0x0000000087d10000, 0x0000000087d10000, 0x0000000088130000)
 concurrent mark-sweep generation total 120316K, used 86643K [0x000000009a8c0000, 0x00000000a1e3f000, 0x0000000100000000)
 Metaspace       used 114458K, capacity 122095K, committed 122340K, reserved 1155072K
  class space    used 14256K, capacity 15776K, committed 15844K, reserved 1048576K
2020-12-20T12:38:56.524+0000: 250.486: [GC (Allocation Failure) 2020-12-20T12:38:56.524+0000: 250.486: [ParNew
Desired survivor size 2162688 bytes, new threshold 6 (max 6)
- age   1:     191560 bytes,     191560 total
- age   2:     532920 bytes,     724480 total
- age   3:     243656 bytes,     968136 total
- age   4:     517224 bytes,    1485360 total
: 35506K->2169K(38080K), 0.0084775 secs] 122150K->88813K(158396K), 0.0087823 secs] [Times: user=0.03 sys=0.00, real=0.01 secs] 
Heap after GC invocations=282 (full 5):
 par new generation   total 38080K, used 2169K [0x0000000085c00000, 0x0000000088550000, 0x000000009a8c0000)
  eden space 33856K,   0% used [0x0000000085c00000, 0x0000000085c00000, 0x0000000087d10000)
  from space 4224K,  51% used [0x0000000087d10000, 0x0000000087f2e768, 0x0000000088130000)
  to   space 4224K,   0% used [0x0000000088130000, 0x0000000088130000, 0x0000000088550000)
 concurrent mark-sweep generation total 120316K, used 86643K [0x000000009a8c0000, 0x00000000a1e3f000, 0x0000000100000000)
 Metaspace       used 114458K, capacity 122095K, committed 122340K, reserved 1155072K
  class space    used 14256K, capacity 15776K, committed 15844K, reserved 1048576K
}
2020-12-20T12:38:56.533+0000: 250.495: Total time for which application threads were stopped: 0.0096391 seconds, Stopping threads took: 0.0002516 seconds
2020-12-20T12:39:04.534+0000: 258.496: Total time for which application threads were stopped: 0.0004084 seconds, Stopping threads took: 0.0000793 seconds
2020-12-20T12:39:53.541+0000: 307.503: Total time for which application threads were stopped: 0.0003400 seconds, Stopping threads took: 0.0000635 seconds
2020-12-20T12:39:54.541+0000: 308.504: Total time for which application threads were stopped: 0.0003505 seconds, Stopping threads took: 0.0000649 seconds
{Heap before GC invocations=282 (full 5):
 par new generation   total 38080K, used 36025K [0x0000000085c00000, 0x0000000088550000, 0x000000009a8c0000)
  eden space 33856K, 100% used [0x0000000085c00000, 0x0000000087d10000, 0x0000000087d10000)
  from space 4224K,  51% used [0x0000000087d10000, 0x0000000087f2e768, 0x0000000088130000)
  to   space 4224K,   0% used [0x0000000088130000, 0x0000000088130000, 0x0000000088550000)
 concurrent mark-sweep generation total 120316K, used 86643K [0x000000009a8c0000, 0x00000000a1e3f000, 0x0000000100000000)
 Metaspace       used 114485K, capacity 122095K, committed 122340K, reserved 1155072K
  class space    used 14256K, capacity 15776K, committed 15844K, reserved 1048576K
2020-12-20T12:40:42.526+0000: 356.488: [GC (Allocation Failure) 2020-12-20T12:40:42.526+0000: 356.488: [ParNew
Desired survivor size 2162688 bytes, new threshold 6 (max 6)
- age   1:       6200 bytes,       6200 total
- age   2:     133464 bytes,     139664 total
- age   3:     532224 bytes,     671888 total
- age   4:     242384 bytes,     914272 total
- age   5:     517192 bytes,    1431464 total
: 36025K->2074K(38080K), 0.0074365 secs] 122669K->88718K(158396K), 0.0077018 secs] [Times: user=0.02 sys=0.00, real=0.01 secs] 
Heap after GC invocations=283 (full 5):
 par new generation   total 38080K, used 2074K [0x0000000085c00000, 0x0000000088550000, 0x000000009a8c0000)
  eden space 33856K,   0% used [0x0000000085c00000, 0x0000000085c00000, 0x0000000087d10000)
  from space 4224K,  49% used [0x0000000088130000, 0x0000000088336ac0, 0x0000000088550000)
  to   space 4224K,   0% used [0x0000000087d10000, 0x0000000087d10000, 0x0000000088130000)
 concurrent mark-sweep generation total 120316K, used 86643K [0x000000009a8c0000, 0x00000000a1e3f000, 0x0000000100000000)
 Metaspace       used 114485K, capacity 122095K, committed 122340K, reserved 1155072K
  class space    used 14256K, capacity 15776K, committed 15844K, reserved 1048576K
}
2020-12-20T12:40:42.534+0000: 356.496: Total time for which application threads were stopped: 0.0084341 seconds, Stopping threads took: 0.0001776 seconds
2020-12-20T12:40:45.535+0000: 359.497: Total time for which application threads were stopped: 0.0004020 seconds, Stopping threads took: 0.0000771 seconds
2020-12-20T12:40:46.535+0000: 360.498: Total time for which application threads were stopped: 0.0003348 seconds, Stopping threads took: 0.0000600 seconds
2020-12-20T12:40:48.536+0000: 362.498: Total time for which application threads were stopped: 0.0004308 seconds, Stopping threads took: 0.0000756 seconds
2020-12-20T12:40:49.537+0000: 363.499: Total time for which application threads were stopped: 0.0003825 seconds, Stopping threads took: 0.0000699 seconds
2020-12-20T12:40:51.537+0000: 365.500: Total time for which application threads were stopped: 0.0004701 seconds, Stopping threads took: 0.0000741 seconds
2020-12-20T12:40:52.538+0000: 366.500: Total time for which application threads were stopped: 0.0002930 seconds, Stopping threads took: 0.0000565 seconds
2020-12-20T12:40:53.538+0000: 367.501: Total time for which application threads were stopped: 0.0004117 seconds, Stopping threads took: 0.0000815 seconds
2020-12-20T12:40:54.539+0000: 368.501: Total time for which application threads were stopped: 0.0003950 seconds, Stopping threads took: 0.0000696 seconds
2020-12-20T12:41:08.541+0000: 382.503: Total time for which application threads were stopped: 0.0003308 seconds, Stopping threads took: 0.0000613 seconds
{Heap before GC invocations=283 (full 5):
 par new generation   total 38080K, used 35930K [0x0000000085c00000, 0x0000000088550000, 0x000000009a8c0000)
  eden space 33856K, 100% used [0x0000000085c00000, 0x0000000087d10000, 0x0000000087d10000)
  from space 4224K,  49% used [0x0000000088130000, 0x0000000088336ac0, 0x0000000088550000)
  to   space 4224K,   0% used [0x0000000087d10000, 0x0000000087d10000, 0x0000000088130000)
 concurrent mark-sweep generation total 120316K, used 86643K [0x000000009a8c0000, 0x00000000a1e3f000, 0x0000000100000000)
 Metaspace       used 114522K, capacity 122159K, committed 122340K, reserved 1155072K
  class space    used 14257K, capacity 15776K, committed 15844K, reserved 1048576K
2020-12-20T12:41:19.054+0000: 393.016: [GC (Allocation Failure) 2020-12-20T12:41:19.054+0000: 393.016: [ParNew
Desired survivor size 2162688 bytes, new threshold 6 (max 6)
- age   1:      89960 bytes,      89960 total
- age   2:       2008 bytes,      91968 total
- age   3:     131984 bytes,     223952 total
- age   4:     529696 bytes,     753648 total
- age   5:     242360 bytes,     996008 total
- age   6:     517192 bytes,    1513200 total
: 35930K->2131K(38080K), 0.0075865 secs] 122574K->88775K(158396K), 0.0078012 secs] [Times: user=0.02 sys=0.01, real=0.00 secs] 
Heap after GC invocations=284 (full 5):
 par new generation   total 38080K, used 2131K [0x0000000085c00000, 0x0000000088550000, 0x000000009a8c0000)
  eden space 33856K,   0% used [0x0000000085c00000, 0x0000000085c00000, 0x0000000087d10000)
  from space 4224K,  50% used [0x0000000087d10000, 0x0000000087f24f50, 0x0000000088130000)
  to   space 4224K,   0% used [0x0000000088130000, 0x0000000088130000, 0x0000000088550000)
 concurrent mark-sweep generation total 120316K, used 86643K [0x000000009a8c0000, 0x00000000a1e3f000, 0x0000000100000000)
 Metaspace       used 114522K, capacity 122159K, committed 122340K, reserved 1155072K
  class space    used 14257K, capacity 15776K, committed 15844K, reserved 1048576K
}
2020-12-20T12:41:19.062+0000: 393.024: Total time for which application threads were stopped: 0.0083270 seconds, Stopping threads took: 0.0001116 seconds
2020-12-20T12:41:20.062+0000: 394.025: Total time for which application threads were stopped: 0.0002949 seconds, Stopping threads took: 0.0000603 seconds
2020-12-20T12:41:52.067+0000: 426.029: Total time for which application threads were stopped: 0.0002897 seconds, Stopping threads took: 0.0000589 seconds
2020-12-20T12:41:53.067+0000: 427.030: Total time for which application threads were stopped: 0.0004401 seconds, Stopping threads took: 0.0000721 seconds
2020-12-20T12:42:55.076+0000: 489.038: Total time for which application threads were stopped: 0.0003586 seconds, Stopping threads took: 0.0000626 seconds
{Heap before GC invocations=284 (full 5):
 par new generation   total 38080K, used 35987K [0x0000000085c00000, 0x0000000088550000, 0x000000009a8c0000)
  eden space 33856K, 100% used [0x0000000085c00000, 0x0000000087d10000, 0x0000000087d10000)
  from space 4224K,  50% used [0x0000000087d10000, 0x0000000087f24f50, 0x0000000088130000)
  to   space 4224K,   0% used [0x0000000088130000, 0x0000000088130000, 0x0000000088550000)
 concurrent mark-sweep generation total 120316K, used 86643K [0x000000009a8c0000, 0x00000000a1e3f000, 0x0000000100000000)
 Metaspace       used 114536K, capacity 122159K, committed 122340K, reserved 1155072K
  class space    used 14257K, capacity 15776K, committed 15844K, reserved 1048576K
2020-12-20T12:43:03.621+0000: 497.583: [GC (Allocation Failure) 2020-12-20T12:43:03.621+0000: 497.583: [ParNew
Desired survivor size 2162688 bytes, new threshold 6 (max 6)
- age   1:       4168 bytes,       4168 total
- age   2:      36760 bytes,      40928 total
- age   3:       1704 bytes,      42632 total
- age   4:     131984 bytes,     174616 total
- age   5:     529744 bytes,     704360 total
- age   6:     242360 bytes,     946720 total
: 35987K->1426K(38080K), 0.0094336 secs] 122631K->88578K(158396K), 0.0096310 secs] [Times: user=0.04 sys=0.00, real=0.01 secs] 
Heap after GC invocations=285 (full 5):
 par new generation   total 38080K, used 1426K [0x0000000085c00000, 0x0000000088550000, 0x000000009a8c0000)
  eden space 33856K,   0% used [0x0000000085c00000, 0x0000000085c00000, 0x0000000087d10000)
  from space 4224K,  33% used [0x0000000088130000, 0x0000000088294a20, 0x0000000088550000)
  to   space 4224K,   0% used [0x0000000087d10000, 0x0000000087d10000, 0x0000000088130000)
 concurrent mark-sweep generation total 120316K, used 87152K [0x000000009a8c0000, 0x00000000a1e3f000, 0x0000000100000000)
 Metaspace       used 114536K, capacity 122159K, committed 122340K, reserved 1155072K
  class space    used 14257K, capacity 15776K, committed 15844K, reserved 1048576K
}
2020-12-20T12:43:03.631+0000: 497.593: Total time for which application threads were stopped: 0.0101470 seconds, Stopping threads took: 0.0000703 seconds
{Heap before GC invocations=285 (full 5):
 par new generation   total 38080K, used 35282K [0x0000000085c00000, 0x0000000088550000, 0x000000009a8c0000)
  eden space 33856K, 100% used [0x0000000085c00000, 0x0000000087d10000, 0x0000000087d10000)
  from space 4224K,  33% used [0x0000000088130000, 0x0000000088294a20, 0x0000000088550000)
  to   space 4224K,   0% used [0x0000000087d10000, 0x0000000087d10000, 0x0000000088130000)
 concurrent mark-sweep generation total 120316K, used 87152K [0x000000009a8c0000, 0x00000000a1e3f000, 0x0000000100000000)
 Metaspace       used 115224K, capacity 122869K, committed 123108K, reserved 1157120K
  class space    used 14313K, capacity 15841K, committed 15844K, reserved 1048576K
2020-12-20T13:28:15.316+0000: 508.457: [GC (Allocation Failure) 2020-12-20T13:28:15.316+0000: 508.457: [ParNew
Desired survivor size 2162688 bytes, new threshold 6 (max 6)
- age   1:     743384 bytes,     743384 total
- age   2:       2328 bytes,     745712 total
- age   3:      36248 bytes,     781960 total
- age   4:       1704 bytes,     783664 total
- age   5:     131944 bytes,     915608 total
- age   6:     529696 bytes,    1445304 total
: 35282K->1836K(38080K), 0.0080910 secs] 122434K->89229K(158396K), 0.0083433 secs] [Times: user=0.03 sys=0.00, real=0.00 secs] 
Heap after GC invocations=286 (full 5):
 par new generation   total 38080K, used 1836K [0x0000000085c00000, 0x0000000088550000, 0x000000009a8c0000)
  eden space 33856K,   0% used [0x0000000085c00000, 0x0000000085c00000, 0x0000000087d10000)
  from space 4224K,  43% used [0x0000000087d10000, 0x0000000087edb398, 0x0000000088130000)
  to   space 4224K,   0% used [0x0000000088130000, 0x0000000088130000, 0x0000000088550000)
 concurrent mark-sweep generation total 120316K, used 87392K [0x000000009a8c0000, 0x00000000a1e3f000, 0x0000000100000000)
 Metaspace       used 115224K, capacity 122869K, committed 123108K, reserved 1157120K
  class space    used 14313K, capacity 15841K, committed 15844K, reserved 1048576K
}
2020-12-20T13:28:15.324+0000: 508.465: Total time for which application threads were stopped: 0.0089134 seconds, Stopping threads took: 0.0000681 seconds
{Heap before GC invocations=286 (full 5):
 par new generation   total 38080K, used 35692K [0x0000000085c00000, 0x0000000088550000, 0x000000009a8c0000)
  eden space 33856K, 100% used [0x0000000085c00000, 0x0000000087d10000, 0x0000000087d10000)
  from space 4224K,  43% used [0x0000000087d10000, 0x0000000087edb398, 0x0000000088130000)
  to   space 4224K,   0% used [0x0000000088130000, 0x0000000088130000, 0x0000000088550000)
 concurrent mark-sweep generation total 120316K, used 87392K [0x000000009a8c0000, 0x00000000a1e3f000, 0x0000000100000000)
 Metaspace       used 115715K, capacity 123287K, committed 123492K, reserved 1157120K
  class space    used 14368K, capacity 15874K, committed 15972K, reserved 1048576K
2020-12-20T13:28:15.435+0000: 508.575: [GC (Allocation Failure) 2020-12-20T13:28:15.435+0000: 508.576: [ParNew
Desired survivor size 2162688 bytes, new threshold 6 (max 6)
- age   1:     111120 bytes,     111120 total
- age   2:     428600 bytes,     539720 total
- age   3:       2328 bytes,     542048 total
- age   4:      36248 bytes,     578296 total
- age   5:       1704 bytes,     580000 total
- age   6:     131272 bytes,     711272 total
: 35692K->1160K(38080K), 0.0074342 secs] 123085K->89079K(158396K), 0.0076166 secs] [Times: user=0.02 sys=0.01, real=0.01 secs] 
Heap after GC invocations=287 (full 5):
 par new generation   total 38080K, used 1160K [0x0000000085c00000, 0x0000000088550000, 0x000000009a8c0000)
  eden space 33856K,   0% used [0x0000000085c00000, 0x0000000085c00000, 0x0000000087d10000)
  from space 4224K,  27% used [0x0000000088130000, 0x00000000882520f0, 0x0000000088550000)
  to   space 4224K,   0% used [0x0000000087d10000, 0x0000000087d10000, 0x0000000088130000)
 concurrent mark-sweep generation total 120316K, used 87919K [0x000000009a8c0000, 0x00000000a1e3f000, 0x0000000100000000)
 Metaspace       used 115715K, capacity 123287K, committed 123492K, reserved 1157120K
  class space    used 14368K, capacity 15874K, committed 15972K, reserved 1048576K
}
2020-12-20T13:28:15.443+0000: 508.583: Total time for which application threads were stopped: 0.0081609 seconds, Stopping threads took: 0.0001832 seconds
2020-12-20T13:28:16.443+0000: 509.584: Total time for which application threads were stopped: 0.0005108 seconds, Stopping threads took: 0.0000654 seconds
2020-12-20T13:28:19.444+0000: 512.585: Total time for which application threads were stopped: 0.0004366 seconds, Stopping threads took: 0.0000768 seconds
2020-12-20T13:28:24.445+0000: 517.586: Total time for which application threads were stopped: 0.0003678 seconds, Stopping threads took: 0.0000808 seconds
2020-12-20T13:28:35.447+0000: 528.587: Total time for which application threads were stopped: 0.0003207 seconds, Stopping threads took: 0.0000584 seconds
2020-12-20T13:28:37.447+0000: 530.588: Total time for which application threads were stopped: 0.0005023 seconds, Stopping threads took: 0.0001192 seconds
2020-12-20T13:28:44.449+0000: 537.589: Total time for which application threads were stopped: 0.0002897 seconds, Stopping threads took: 0.0000583 seconds
{Heap before GC invocations=287 (full 5):
 par new generation   total 38080K, used 35016K [0x0000000085c00000, 0x0000000088550000, 0x000000009a8c0000)
  eden space 33856K,  99% used [0x0000000085c00000, 0x0000000087d0ffd0, 0x0000000087d10000)
  from space 4224K,  27% used [0x0000000088130000, 0x00000000882520f0, 0x0000000088550000)
  to   space 4224K,   0% used [0x0000000087d10000, 0x0000000087d10000, 0x0000000088130000)
 concurrent mark-sweep generation total 120316K, used 87919K [0x000000009a8c0000, 0x00000000a1e3f000, 0x0000000100000000)
 Metaspace       used 116298K, capacity 124025K, committed 124388K, reserved 1157120K
  class space    used 14427K, capacity 15973K, committed 16100K, reserved 1048576K
2020-12-20T13:28:49.123+0000: 542.263: [GC (Allocation Failure) 2020-12-20T13:28:49.123+0000: 542.263: [ParNew
Desired survivor size 2162688 bytes, new threshold 6 (max 6)
- age   1:     441000 bytes,     441000 total
- age   2:      60720 bytes,     501720 total
- age   3:     387112 bytes,     888832 total
- age   4:       1304 bytes,     890136 total
- age   5:      36224 bytes,     926360 total
- age   6:       1704 bytes,     928064 total
: 35016K->1154K(38080K), 0.0069827 secs] 122935K->89203K(158396K), 0.0072097 secs] [Times: user=0.03 sys=0.00, real=0.01 secs] 
Heap after GC invocations=288 (full 5):
 par new generation   total 38080K, used 1154K [0x0000000085c00000, 0x0000000088550000, 0x000000009a8c0000)
  eden space 33856K,   0% used [0x0000000085c00000, 0x0000000085c00000, 0x0000000087d10000)
  from space 4224K,  27% used [0x0000000087d10000, 0x0000000087e30a30, 0x0000000088130000)
  to   space 4224K,   0% used [0x0000000088130000, 0x0000000088130000, 0x0000000088550000)
 concurrent mark-sweep generation total 120316K, used 88049K [0x000000009a8c0000, 0x00000000a1e3f000, 0x0000000100000000)
 Metaspace       used 116298K, capacity 124025K, committed 124388K, reserved 1157120K
  class space    used 14427K, capacity 15973K, committed 16100K, reserved 1048576K
}
2020-12-20T13:28:49.130+0000: 542.270: Total time for which application threads were stopped: 0.0078627 seconds, Stopping threads took: 0.0000759 seconds
2020-12-20T13:28:50.130+0000: 543.271: Total time for which application threads were stopped: 0.0005044 seconds, Stopping threads took: 0.0000700 seconds
2020-12-20T13:28:54.131+0000: 547.272: Total time for which application threads were stopped: 0.0003194 seconds, Stopping threads took: 0.0000617 seconds
2020-12-20T13:29:19.135+0000: 572.276: Total time for which application threads were stopped: 0.0004829 seconds, Stopping threads took: 0.0000847 seconds
2020-12-20T13:29:30.137+0000: 583.277: Total time for which application threads were stopped: 0.0004058 seconds, Stopping threads took: 0.0000835 seconds
2020-12-20T13:29:49.140+0000: 602.280: Total time for which application threads were stopped: 0.0004167 seconds, Stopping threads took: 0.0000743 seconds
2020-12-20T13:29:54.141+0000: 607.281: Total time for which application threads were stopped: 0.0004178 seconds, Stopping threads took: 0.0000743 seconds
{Heap before GC invocations=288 (full 5):
 par new generation   total 38080K, used 35010K [0x0000000085c00000, 0x0000000088550000, 0x000000009a8c0000)
  eden space 33856K, 100% used [0x0000000085c00000, 0x0000000087d10000, 0x0000000087d10000)
  from space 4224K,  27% used [0x0000000087d10000, 0x0000000087e30a30, 0x0000000088130000)
  to   space 4224K,   0% used [0x0000000088130000, 0x0000000088130000, 0x0000000088550000)
 concurrent mark-sweep generation total 120316K, used 88049K [0x000000009a8c0000, 0x00000000a1e3f000, 0x0000000100000000)
 Metaspace       used 116478K, capacity 124185K, committed 124388K, reserved 1157120K
  class space    used 14437K, capacity 15981K, committed 16100K, reserved 1048576K
2020-12-20T13:30:04.573+0000: 617.714: [GC (Allocation Failure) 2020-12-20T13:30:04.574+0000: 617.714: [ParNew
Desired survivor size 2162688 bytes, new threshold 6 (max 6)
- age   1:     120088 bytes,     120088 total
- age   2:     322504 bytes,     442592 total
- age   3:      59472 bytes,     502064 total
- age   4:     386608 bytes,     888672 total
- age   5:        424 bytes,     889096 total
- age   6:      36224 bytes,     925320 total
: 35010K->1325K(38080K), 0.0064190 secs] 123059K->89376K(158396K), 0.0066539 secs] [Times: user=0.03 sys=0.00, real=0.01 secs] 
Heap after GC invocations=289 (full 5):
 par new generation   total 38080K, used 1325K [0x0000000085c00000, 0x0000000088550000, 0x000000009a8c0000)
  eden space 33856K,   0% used [0x0000000085c00000, 0x0000000085c00000, 0x0000000087d10000)
  from space 4224K,  31% used [0x0000000088130000, 0x000000008827b588, 0x0000000088550000)
  to   space 4224K,   0% used [0x0000000087d10000, 0x0000000087d10000, 0x0000000088130000)
 concurrent mark-sweep generation total 120316K, used 88050K [0x000000009a8c0000, 0x00000000a1e3f000, 0x0000000100000000)
 Metaspace       used 116478K, capacity 124185K, committed 124388K, reserved 1157120K
  class space    used 14437K, capacity 15981K, committed 16100K, reserved 1048576K
}
2020-12-20T13:30:04.580+0000: 617.721: Total time for which application threads were stopped: 0.0073554 seconds, Stopping threads took: 0.0001963 seconds
2020-12-20T13:30:05.581+0000: 618.721: Total time for which application threads were stopped: 0.0004119 seconds, Stopping threads took: 0.0000802 seconds
2020-12-20T13:30:39.585+0000: 652.726: Total time for which application threads were stopped: 0.0002858 seconds, Stopping threads took: 0.0000571 seconds
2020-12-20T13:30:54.588+0000: 667.728: Total time for which application threads were stopped: 0.0004463 seconds, Stopping threads took: 0.0000743 seconds
2020-12-20T13:31:09.590+0000: 682.731: Total time for which application threads were stopped: 0.0003609 seconds, Stopping threads took: 0.0000665 seconds
{Heap before GC invocations=289 (full 5):
 par new generation   total 38080K, used 35154K [0x0000000085c00000, 0x0000000088550000, 0x000000009a8c0000)
  eden space 33856K,  99% used [0x0000000085c00000, 0x0000000087d09660, 0x0000000087d10000)
  from space 4224K,  31% used [0x0000000088130000, 0x000000008827b588, 0x0000000088550000)
  to   space 4224K,   0% used [0x0000000087d10000, 0x0000000087d10000, 0x0000000088130000)
 concurrent mark-sweep generation total 120316K, used 88050K [0x000000009a8c0000, 0x00000000a1e3f000, 0x0000000100000000)
 Metaspace       used 116486K, capacity 124189K, committed 124388K, reserved 1157120K
  class space    used 14437K, capacity 15981K, committed 16100K, reserved 1048576K
2020-12-20T13:31:49.991+0000: 723.131: [GC (Allocation Failure) 2020-12-20T13:31:49.991+0000: 723.132: [ParNew
Desired survivor size 2162688 bytes, new threshold 6 (max 6)
- age   1:       4352 bytes,       4352 total
- age   2:     115560 bytes,     119912 total
- age   3:     321640 bytes,     441552 total
- age   4:      59472 bytes,     501024 total
- age   5:     386560 bytes,     887584 total
- age   6:        424 bytes,     888008 total
: 35154K->1256K(38080K), 0.0067108 secs] 123205K->89342K(158396K), 0.0069609 secs] [Times: user=0.02 sys=0.00, real=0.01 secs] 
Heap after GC invocations=290 (full 5):
 par new generation   total 38080K, used 1256K [0x0000000085c00000, 0x0000000088550000, 0x000000009a8c0000)
  eden space 33856K,   0% used [0x0000000085c00000, 0x0000000085c00000, 0x0000000087d10000)
  from space 4224K,  29% used [0x0000000087d10000, 0x0000000087e4a0a0, 0x0000000088130000)
  to   space 4224K,   0% used [0x0000000088130000, 0x0000000088130000, 0x0000000088550000)
 concurrent mark-sweep generation total 120316K, used 88086K [0x000000009a8c0000, 0x00000000a1e3f000, 0x0000000100000000)
 Metaspace       used 116486K, capacity 124189K, committed 124388K, reserved 1157120K
  class space    used 14437K, capacity 15981K, committed 16100K, reserved 1048576K
}
2020-12-20T13:31:49.998+0000: 723.139: Total time for which application threads were stopped: 0.0075255 seconds, Stopping threads took: 0.0000565 seconds
2020-12-20T13:31:54.999+0000: 728.140: Total time for which application threads were stopped: 0.0004140 seconds, Stopping threads took: 0.0000678 seconds
2020-12-20T13:32:15.002+0000: 748.142: Total time for which application threads were stopped: 0.0003271 seconds, Stopping threads took: 0.0000605 seconds
2020-12-20T13:32:50.006+0000: 783.147: Total time for which application threads were stopped: 0.0002831 seconds, Stopping threads took: 0.0000555 seconds
2020-12-20T13:32:55.007+0000: 788.148: Total time for which application threads were stopped: 0.0003841 seconds, Stopping threads took: 0.0000589 seconds
2020-12-20T13:33:09.009+0000: 802.150: Total time for which application threads were stopped: 0.0004199 seconds, Stopping threads took: 0.0000759 seconds
2020-12-20T13:33:10.010+0000: 803.150: Total time for which application threads were stopped: 0.0003417 seconds, Stopping threads took: 0.0000631 seconds
{Heap before GC invocations=290 (full 5):
 par new generation   total 38080K, used 35112K [0x0000000085c00000, 0x0000000088550000, 0x000000009a8c0000)
  eden space 33856K, 100% used [0x0000000085c00000, 0x0000000087d10000, 0x0000000087d10000)
  from space 4224K,  29% used [0x0000000087d10000, 0x0000000087e4a0a0, 0x0000000088130000)
  to   space 4224K,   0% used [0x0000000088130000, 0x0000000088130000, 0x0000000088550000)
 concurrent mark-sweep generation total 120316K, used 88086K [0x000000009a8c0000, 0x00000000a1e3f000, 0x0000000100000000)
 Metaspace       used 116488K, capacity 124189K, committed 124388K, reserved 1157120K
  class space    used 14437K, capacity 15981K, committed 16100K, reserved 1048576K
2020-12-20T13:33:35.050+0000: 828.191: [GC (Allocation Failure) 2020-12-20T13:33:35.050+0000: 828.191: [ParNew
Desired survivor size 2162688 bytes, new threshold 6 (max 6)
- age   1:       3992 bytes,       3992 total
- age   2:        216 bytes,       4208 total
- age   3:     115496 bytes,     119704 total
- age   4:     321664 bytes,     441368 total
- age   5:      59472 bytes,     500840 total
- age   6:     386608 bytes,     887448 total
: 35112K->1074K(38080K), 0.0071670 secs] 123198K->89161K(158396K), 0.0074136 secs] [Times: user=0.02 sys=0.00, real=0.01 secs] 
Heap after GC invocations=291 (full 5):
 par new generation   total 38080K, used 1074K [0x0000000085c00000, 0x0000000088550000, 0x000000009a8c0000)
  eden space 33856K,   0% used [0x0000000085c00000, 0x0000000085c00000, 0x0000000087d10000)
  from space 4224K,  25% used [0x0000000088130000, 0x000000008823cae8, 0x0000000088550000)
  to   space 4224K,   0% used [0x0000000087d10000, 0x0000000087d10000, 0x0000000088130000)
 concurrent mark-sweep generation total 120316K, used 88087K [0x000000009a8c0000, 0x00000000a1e3f000, 0x0000000100000000)
 Metaspace       used 116488K, capacity 124189K, committed 124388K, reserved 1157120K
  class space    used 14437K, capacity 15981K, committed 16100K, reserved 1048576K
}
2020-12-20T13:33:35.058+0000: 828.199: Total time for which application threads were stopped: 0.0082019 seconds, Stopping threads took: 0.0001788 seconds
2020-12-20T13:33:55.061+0000: 848.201: Total time for which application threads were stopped: 0.0004651 seconds, Stopping threads took: 0.0000648 seconds
2020-12-20T13:34:19.064+0000: 872.204: Total time for which application threads were stopped: 0.0003033 seconds, Stopping threads took: 0.0000616 seconds
{Heap before GC invocations=291 (full 5):
 par new generation   total 38080K, used 34930K [0x0000000085c00000, 0x0000000088550000, 0x000000009a8c0000)
  eden space 33856K, 100% used [0x0000000085c00000, 0x0000000087d10000, 0x0000000087d10000)
  from space 4224K,  25% used [0x0000000088130000, 0x000000008823cae8, 0x0000000088550000)
  to   space 4224K,   0% used [0x0000000087d10000, 0x0000000087d10000, 0x0000000088130000)
 concurrent mark-sweep generation total 120316K, used 88087K [0x000000009a8c0000, 0x00000000a1e3f000, 0x0000000100000000)
 Metaspace       used 116564K, capacity 124317K, committed 124644K, reserved 1157120K
  class space    used 14438K, capacity 15981K, committed 16100K, reserved 1048576K
2020-12-20T13:34:24.670+0000: 877.810: [GC (Allocation Failure) 2020-12-20T13:34:24.670+0000: 877.810: [ParNew
Desired survivor size 2162688 bytes, new threshold 6 (max 6)
- age   1:     953584 bytes,     953584 total
- age   2:        432 bytes,     954016 total
- age   3:        216 bytes,     954232 total
- age   4:     115472 bytes,    1069704 total
- age   5:     321600 bytes,    1391304 total
- age   6:      59472 bytes,    1450776 total
: 34930K->1794K(38080K), 0.0108366 secs] 123017K->90272K(158396K), 0.0110743 secs] [Times: user=0.04 sys=0.00, real=0.01 secs] 
Heap after GC invocations=292 (full 5):
 par new generation   total 38080K, used 1794K [0x0000000085c00000, 0x0000000088550000, 0x000000009a8c0000)
  eden space 33856K,   0% used [0x0000000085c00000, 0x0000000085c00000, 0x0000000087d10000)
  from space 4224K,  42% used [0x0000000087d10000, 0x0000000087ed0a48, 0x0000000088130000)
  to   space 4224K,   0% used [0x0000000088130000, 0x0000000088130000, 0x0000000088550000)
 concurrent mark-sweep generation total 120316K, used 88477K [0x000000009a8c0000, 0x00000000a1e3f000, 0x0000000100000000)
 Metaspace       used 116564K, capacity 124317K, committed 124644K, reserved 1157120K
  class space    used 14438K, capacity 15981K, committed 16100K, reserved 1048576K
}
2020-12-20T13:34:24.681+0000: 877.822: Total time for which application threads were stopped: 0.0117141 seconds, Stopping threads took: 0.0001195 seconds
2020-12-20T13:34:25.687+0000: 878.827: Total time for which application threads were stopped: 0.0003774 seconds, Stopping threads took: 0.0000717 seconds
2020-12-20T13:34:33.688+0000: 886.829: Total time for which application threads were stopped: 0.0004663 seconds, Stopping threads took: 0.0000807 seconds
2020-12-20T13:34:40.689+0000: 893.830: Total time for which application threads were stopped: 0.0003158 seconds, Stopping threads took: 0.0000577 seconds
2020-12-20T13:34:50.691+0000: 903.831: Total time for which application threads were stopped: 0.0002915 seconds, Stopping threads took: 0.0000578 seconds
2020-12-20T13:34:54.692+0000: 907.832: Total time for which application threads were stopped: 0.0004385 seconds, Stopping threads took: 0.0000812 seconds
{Heap before GC invocations=292 (full 5):
 par new generation   total 38080K, used 35638K [0x0000000085c00000, 0x0000000088550000, 0x000000009a8c0000)
  eden space 33856K,  99% used [0x0000000085c00000, 0x0000000087d0d0d0, 0x0000000087d10000)
  from space 4224K,  42% used [0x0000000087d10000, 0x0000000087ed0a48, 0x0000000088130000)
  to   space 4224K,   0% used [0x0000000088130000, 0x0000000088130000, 0x0000000088550000)
 concurrent mark-sweep generation total 120316K, used 88477K [0x000000009a8c0000, 0x00000000a1e3f000, 0x0000000100000000)
 Metaspace       used 116735K, capacity 124485K, committed 124644K, reserved 1157120K
  class space    used 14443K, capacity 15987K, committed 16100K, reserved 1048576K
2020-12-20T13:34:59.362+0000: 912.503: [GC (Allocation Failure) 2020-12-20T13:34:59.362+0000: 912.503: [ParNew
Desired survivor size 2162688 bytes, new threshold 6 (max 6)
- age   1:     353064 bytes,     353064 total
- age   2:      18288 bytes,     371352 total
- age   3:        248 bytes,     371600 total
- age   4:        216 bytes,     371816 total
- age   5:     115472 bytes,     487288 total
- age   6:     321552 bytes,     808840 total
: 35638K->1232K(38080K), 0.0065945 secs] 124116K->89769K(158396K), 0.0068263 secs] [Times: user=0.02 sys=0.00, real=0.01 secs] 
Heap after GC invocations=293 (full 5):
 par new generation   total 38080K, used 1232K [0x0000000085c00000, 0x0000000088550000, 0x000000009a8c0000)
  eden space 33856K,   0% used [0x0000000085c00000, 0x0000000085c00000, 0x0000000087d10000)
  from space 4224K,  29% used [0x0000000088130000, 0x0000000088264008, 0x0000000088550000)
  to   space 4224K,   0% used [0x0000000087d10000, 0x0000000087d10000, 0x0000000088130000)
 concurrent mark-sweep generation total 120316K, used 88537K [0x000000009a8c0000, 0x00000000a1e3f000, 0x0000000100000000)
 Metaspace       used 116735K, capacity 124485K, committed 124644K, reserved 1157120K
  class space    used 14443K, capacity 15987K, committed 16100K, reserved 1048576K
}
2020-12-20T13:34:59.369+0000: 912.510: Total time for which application threads were stopped: 0.0073775 seconds, Stopping threads took: 0.0000596 seconds
2020-12-20T13:35:54.376+0000: 967.517: Total time for which application threads were stopped: 0.0003348 seconds, Stopping threads took: 0.0000573 seconds
2020-12-20T13:35:56.377+0000: 969.518: Total time for which application threads were stopped: 0.0003663 seconds, Stopping threads took: 0.0000667 seconds
2020-12-20T13:36:08.504+0000: 981.645: Total time for which application threads were stopped: 0.0030995 seconds, Stopping threads took: 0.0001265 seconds
2020-12-20T13:36:09.507+0000: 982.648: Total time for which application threads were stopped: 0.0004745 seconds, Stopping threads took: 0.0000698 seconds
{Heap before GC invocations=293 (full 5):
 par new generation   total 38080K, used 35088K [0x0000000085c00000, 0x0000000088550000, 0x000000009a8c0000)
  eden space 33856K, 100% used [0x0000000085c00000, 0x0000000087d10000, 0x0000000087d10000)
  from space 4224K,  29% used [0x0000000088130000, 0x0000000088264008, 0x0000000088550000)
  to   space 4224K,   0% used [0x0000000087d10000, 0x0000000087d10000, 0x0000000088130000)
 concurrent mark-sweep generation total 120316K, used 88537K [0x000000009a8c0000, 0x00000000a1e3f000, 0x0000000100000000)
 Metaspace       used 117057K, capacity 124839K, committed 125156K, reserved 1159168K
  class space    used 14476K, capacity 16030K, committed 16100K, reserved 1048576K
2020-12-20T13:36:19.873+0000: 993.014: [GC (Allocation Failure) 2020-12-20T13:36:19.873+0000: 993.014: [ParNew
Desired survivor size 2162688 bytes, new threshold 6 (max 6)
- age   1:     300520 bytes,     300520 total
- age   2:     214424 bytes,     514944 total
- age   3:      16704 bytes,     531648 total
- age   4:        216 bytes,     531864 total
- age   5:        216 bytes,     532080 total
- age   6:     115472 bytes,     647552 total
: 35088K->942K(38080K), 0.0092081 secs] 123625K->89799K(158396K), 0.0093903 secs] [Times: user=0.02 sys=0.00, real=0.01 secs] 
Heap after GC invocations=294 (full 5):
 par new generation   total 38080K, used 942K [0x0000000085c00000, 0x0000000088550000, 0x000000009a8c0000)
  eden space 33856K,   0% used [0x0000000085c00000, 0x0000000085c00000, 0x0000000087d10000)
  from space 4224K,  22% used [0x0000000087d10000, 0x0000000087dfb8d8, 0x0000000088130000)
  to   space 4224K,   0% used [0x0000000088130000, 0x0000000088130000, 0x0000000088550000)
 concurrent mark-sweep generation total 120316K, used 88856K [0x000000009a8c0000, 0x00000000a1e3f000, 0x0000000100000000)
 Metaspace       used 117057K, capacity 124839K, committed 125156K, reserved 1159168K
  class space    used 14476K, capacity 16030K, committed 16100K, reserved 1048576K
}
2020-12-20T13:36:19.883+0000: 993.023: Total time for which application threads were stopped: 0.0098216 seconds, Stopping threads took: 0.0000560 seconds
2020-12-20T13:36:30.884+0000: 1004.025: Total time for which application threads were stopped: 0.0003270 seconds, Stopping threads took: 0.0000641 seconds
2020-12-20T13:36:38.885+0000: 1012.026: Total time for which application threads were stopped: 0.0003098 seconds, Stopping threads took: 0.0000711 seconds
2020-12-20T13:36:48.887+0000: 1022.027: Total time for which application threads were stopped: 0.0004138 seconds, Stopping threads took: 0.0000818 seconds
2020-12-20T13:36:50.887+0000: 1024.028: Total time for which application threads were stopped: 0.0003611 seconds, Stopping threads took: 0.0000800 seconds
2020-12-20T13:36:54.888+0000: 1028.029: Total time for which application threads were stopped: 0.0004316 seconds, Stopping threads took: 0.0000824 seconds
2020-12-20T13:36:55.889+0000: 1029.029: Total time for which application threads were stopped: 0.0003970 seconds, Stopping threads took: 0.0000651 seconds
2020-12-20T13:37:02.890+0000: 1036.031: Total time for which application threads were stopped: 0.0003683 seconds, Stopping threads took: 0.0000718 seconds
2020-12-20T13:37:20.893+0000: 1054.033: Total time for which application threads were stopped: 0.0004758 seconds, Stopping threads took: 0.0000833 seconds
2020-12-20T13:37:23.893+0000: 1057.034: Total time for which application threads were stopped: 0.0003732 seconds, Stopping threads took: 0.0000745 seconds
2020-12-20T13:37:27.894+0000: 1061.035: Total time for which application threads were stopped: 0.0003417 seconds, Stopping threads took: 0.0000621 seconds
2020-12-20T13:37:30.895+0000: 1064.036: Total time for which application threads were stopped: 0.0004543 seconds, Stopping threads took: 0.0001041 seconds
2020-12-20T13:37:35.896+0000: 1069.037: Total time for which application threads were stopped: 0.0003659 seconds, Stopping threads took: 0.0000750 seconds
{Heap before GC invocations=294 (full 5):
 par new generation   total 38080K, used 34798K [0x0000000085c00000, 0x0000000088550000, 0x000000009a8c0000)
  eden space 33856K, 100% used [0x0000000085c00000, 0x0000000087d10000, 0x0000000087d10000)
  from space 4224K,  22% used [0x0000000087d10000, 0x0000000087dfb8d8, 0x0000000088130000)
  to   space 4224K,   0% used [0x0000000088130000, 0x0000000088130000, 0x0000000088550000)
 concurrent mark-sweep generation total 120316K, used 88856K [0x000000009a8c0000, 0x00000000a1e3f000, 0x0000000100000000)
 Metaspace       used 117178K, capacity 124993K, committed 125156K, reserved 1159168K
  class space    used 14484K, capacity 16045K, committed 16100K, reserved 1048576K
2020-12-20T13:37:45.170+0000: 1078.311: [GC (Allocation Failure) 2020-12-20T13:37:45.171+0000: 1078.311: [ParNew
Desired survivor size 2162688 bytes, new threshold 6 (max 6)
- age   1:     123000 bytes,     123000 total
- age   2:     242248 bytes,     365248 total
- age   3:     213320 bytes,     578568 total
- age   4:      16704 bytes,     595272 total
- age   5:        216 bytes,     595488 total
- age   6:        216 bytes,     595704 total
: 34798K->1003K(38080K), 0.0056379 secs] 123655K->89974K(158396K), 0.0059871 secs] [Times: user=0.01 sys=0.00, real=0.01 secs] 
Heap after GC invocations=295 (full 5):
 par new generation   total 38080K, used 1003K [0x0000000085c00000, 0x0000000088550000, 0x000000009a8c0000)
  eden space 33856K,   0% used [0x0000000085c00000, 0x0000000085c00000, 0x0000000087d10000)
  from space 4224K,  23% used [0x0000000088130000, 0x000000008822ad68, 0x0000000088550000)
  to   space 4224K,   0% used [0x0000000087d10000, 0x0000000087d10000, 0x0000000088130000)
 concurrent mark-sweep generation total 120316K, used 88971K [0x000000009a8c0000, 0x00000000a1e3f000, 0x0000000100000000)
 Metaspace       used 117178K, capacity 124993K, committed 125156K, reserved 1159168K
  class space    used 14484K, capacity 16045K, committed 16100K, reserved 1048576K
}
2020-12-20T13:37:45.176+0000: 1078.317: Total time for which application threads were stopped: 0.0065721 seconds, Stopping threads took: 0.0000583 seconds
2020-12-20T13:37:50.177+0000: 1083.318: Total time for which application threads were stopped: 0.0004348 seconds, Stopping threads took: 0.0001074 seconds
2020-12-20T13:37:51.178+0000: 1084.318: Total time for which application threads were stopped: 0.0002991 seconds, Stopping threads took: 0.0000590 seconds
2020-12-20T13:37:54.178+0000: 1087.319: Total time for which application threads were stopped: 0.0003981 seconds, Stopping threads took: 0.0000738 seconds
2020-12-20T13:37:55.179+0000: 1088.320: Total time for which application threads were stopped: 0.0003557 seconds, Stopping threads took: 0.0000630 seconds
2020-12-20T13:38:50.187+0000: 1143.327: Total time for which application threads were stopped: 0.0004519 seconds, Stopping threads took: 0.0000896 seconds
{Heap before GC invocations=295 (full 5):
 par new generation   total 38080K, used 34859K [0x0000000085c00000, 0x0000000088550000, 0x000000009a8c0000)
  eden space 33856K, 100% used [0x0000000085c00000, 0x0000000087d10000, 0x0000000087d10000)
  from space 4224K,  23% used [0x0000000088130000, 0x000000008822ad68, 0x0000000088550000)
  to   space 4224K,   0% used [0x0000000087d10000, 0x0000000087d10000, 0x0000000088130000)
 concurrent mark-sweep generation total 120316K, used 88971K [0x000000009a8c0000, 0x00000000a1e3f000, 0x0000000100000000)
 Metaspace       used 117287K, capacity 125133K, committed 125412K, reserved 1159168K
  class space    used 14488K, capacity 16047K, committed 16100K, reserved 1048576K
2020-12-20T13:39:09.355+0000: 1162.496: [GC (Allocation Failure) 2020-12-20T13:39:09.355+0000: 1162.496: [ParNew
Desired survivor size 2162688 bytes, new threshold 6 (max 6)
- age   1:      88912 bytes,      88912 total
- age   2:     112408 bytes,     201320 total
- age   3:     236320 bytes,     437640 total
- age   4:     213288 bytes,     650928 total
- age   5:      16704 bytes,     667632 total
- age   6:        216 bytes,     667848 total
: 34859K->863K(38080K), 0.0063142 secs] 123830K->89835K(158396K), 0.0065682 secs] [Times: user=0.02 sys=0.01, real=0.00 secs] 
Heap after GC invocations=296 (full 5):
 par new generation   total 38080K, used 863K [0x0000000085c00000, 0x0000000088550000, 0x000000009a8c0000)
  eden space 33856K,   0% used [0x0000000085c00000, 0x0000000085c00000, 0x0000000087d10000)
  from space 4224K,  20% used [0x0000000087d10000, 0x0000000087de7fb0, 0x0000000088130000)
  to   space 4224K,   0% used [0x0000000088130000, 0x0000000088130000, 0x0000000088550000)
 concurrent mark-sweep generation total 120316K, used 88971K [0x000000009a8c0000, 0x00000000a1e3f000, 0x0000000100000000)
 Metaspace       used 117287K, capacity 125133K, committed 125412K, reserved 1159168K
  class space    used 14488K, capacity 16047K, committed 16100K, reserved 1048576K
}
2020-12-20T13:39:09.362+0000: 1162.502: Total time for which application threads were stopped: 0.0072521 seconds, Stopping threads took: 0.0001345 seconds
2020-12-20T13:39:50.368+0000: 1203.508: Total time for which application threads were stopped: 0.0003999 seconds, Stopping threads took: 0.0000756 seconds
2020-12-20T13:39:54.369+0000: 1207.509: Total time for which application threads were stopped: 0.0004371 seconds, Stopping threads took: 0.0000764 seconds
2020-12-20T13:40:07.370+0000: 1220.511: Total time for which application threads were stopped: 0.0004758 seconds, Stopping threads took: 0.0000794 seconds
2020-12-20T13:40:13.372+0000: 1226.512: Total time for which application threads were stopped: 0.0003378 seconds, Stopping threads took: 0.0000628 seconds
{Heap before GC invocations=296 (full 5):
 par new generation   total 38080K, used 34719K [0x0000000085c00000, 0x0000000088550000, 0x000000009a8c0000)
  eden space 33856K, 100% used [0x0000000085c00000, 0x0000000087d10000, 0x0000000087d10000)
  from space 4224K,  20% used [0x0000000087d10000, 0x0000000087de7fb0, 0x0000000088130000)
  to   space 4224K,   0% used [0x0000000088130000, 0x0000000088130000, 0x0000000088550000)
 concurrent mark-sweep generation total 120316K, used 88971K [0x000000009a8c0000, 0x00000000a1e3f000, 0x0000000100000000)
 Metaspace       used 117482K, capacity 125297K, committed 125412K, reserved 1159168K
  class space    used 14503K, capacity 16053K, committed 16100K, reserved 1048576K
2020-12-20T13:40:14.489+0000: 1227.630: [GC (Allocation Failure) 2020-12-20T13:40:14.489+0000: 1227.630: [ParNew
Desired survivor size 2162688 bytes, new threshold 6 (max 6)
- age   1:     355952 bytes,     355952 total
- age   2:      77360 bytes,     433312 total
- age   3:     112216 bytes,     545528 total
- age   4:     232920 bytes,     778448 total
- age   5:     212616 bytes,     991064 total
- age   6:      16704 bytes,    1007768 total
: 34719K->1171K(38080K), 0.0087287 secs] 123691K->90143K(158396K), 0.0089598 secs] [Times: user=0.02 sys=0.00, real=0.01 secs] 
Heap after GC invocations=297 (full 5):
 par new generation   total 38080K, used 1171K [0x0000000085c00000, 0x0000000088550000, 0x000000009a8c0000)
  eden space 33856K,   0% used [0x0000000085c00000, 0x0000000085c00000, 0x0000000087d10000)
  from space 4224K,  27% used [0x0000000088130000, 0x0000000088254fe0, 0x0000000088550000)
  to   space 4224K,   0% used [0x0000000087d10000, 0x0000000087d10000, 0x0000000088130000)
 concurrent mark-sweep generation total 120316K, used 88971K [0x000000009a8c0000, 0x00000000a1e3f000, 0x0000000100000000)
 Metaspace       used 117482K, capacity 125297K, committed 125412K, reserved 1159168K
  class space    used 14503K, capacity 16053K, committed 16100K, reserved 1048576K
}
2020-12-20T13:40:14.498+0000: 1227.639: Total time for which application threads were stopped: 0.0096261 seconds, Stopping threads took: 0.0001024 seconds
{Heap before GC invocations=297 (full 5):
 par new generation   total 38080K, used 35027K [0x0000000085c00000, 0x0000000088550000, 0x000000009a8c0000)
  eden space 33856K, 100% used [0x0000000085c00000, 0x0000000087d10000, 0x0000000087d10000)
  from space 4224K,  27% used [0x0000000088130000, 0x0000000088254fe0, 0x0000000088550000)
  to   space 4224K,   0% used [0x0000000087d10000, 0x0000000087d10000, 0x0000000088130000)
 concurrent mark-sweep generation total 120316K, used 88971K [0x000000009a8c0000, 0x00000000a1e3f000, 0x0000000100000000)
 Metaspace       used 117961K, capacity 125827K, committed 126052K, reserved 1159168K
  class space    used 14546K, capacity 16108K, committed 16228K, reserved 1048576K
2020-12-20T13:40:14.884+0000: 1228.025: [GC (Allocation Failure) 2020-12-20T13:40:14.884+0000: 1228.025: [ParNew
Desired survivor size 2162688 bytes, new threshold 6 (max 6)
- age   1:     849720 bytes,     849720 total
- age   2:     322984 bytes,    1172704 total
- age   3:      74056 bytes,    1246760 total
- age   4:     108696 bytes,    1355456 total
- age   5:     229576 bytes,    1585032 total
- age   6:     207600 bytes,    1792632 total
: 35027K->2335K(38080K), 0.0167277 secs] 123999K->91323K(158396K), 0.0169722 secs] [Times: user=0.03 sys=0.00, real=0.02 secs] 
Heap after GC invocations=298 (full 5):
 par new generation   total 38080K, used 2335K [0x0000000085c00000, 0x0000000088550000, 0x000000009a8c0000)
  eden space 33856K,   0% used [0x0000000085c00000, 0x0000000085c00000, 0x0000000087d10000)
  from space 4224K,  55% used [0x0000000087d10000, 0x0000000087f57eb8, 0x0000000088130000)
  to   space 4224K,   0% used [0x0000000088130000, 0x0000000088130000, 0x0000000088550000)
 concurrent mark-sweep generation total 120316K, used 88987K [0x000000009a8c0000, 0x00000000a1e3f000, 0x0000000100000000)
 Metaspace       used 117961K, capacity 125827K, committed 126052K, reserved 1159168K
  class space    used 14546K, capacity 16108K, committed 16228K, reserved 1048576K
}
2020-12-20T13:40:14.901+0000: 1228.042: Total time for which application threads were stopped: 0.0179033 seconds, Stopping threads took: 0.0001382 seconds
2020-12-20T13:40:15.902+0000: 1229.043: Total time for which application threads were stopped: 0.0004043 seconds, Stopping threads took: 0.0000599 seconds
2020-12-20T13:40:24.904+0000: 1238.044: Total time for which application threads were stopped: 0.0004707 seconds, Stopping threads took: 0.0000779 seconds
2020-12-20T13:40:49.907+0000: 1263.048: Total time for which application threads were stopped: 0.0005106 seconds, Stopping threads took: 0.0000745 seconds
2020-12-20T13:40:54.908+0000: 1268.049: Total time for which application threads were stopped: 0.0004598 seconds, Stopping threads took: 0.0000908 seconds
{Heap before GC invocations=298 (full 5):
 par new generation   total 38080K, used 36191K [0x0000000085c00000, 0x0000000088550000, 0x000000009a8c0000)
  eden space 33856K, 100% used [0x0000000085c00000, 0x0000000087d10000, 0x0000000087d10000)
  from space 4224K,  55% used [0x0000000087d10000, 0x0000000087f57eb8, 0x0000000088130000)
  to   space 4224K,   0% used [0x0000000088130000, 0x0000000088130000, 0x0000000088550000)
 concurrent mark-sweep generation total 120316K, used 88987K [0x000000009a8c0000, 0x00000000a1e3f000, 0x0000000100000000)
 Metaspace       used 118416K, capacity 126413K, committed 126564K, reserved 1159168K
  class space    used 14588K, capacity 16161K, committed 16228K, reserved 1048576K
2020-12-20T13:41:07.942+0000: 1281.083: [GC (Allocation Failure) 2020-12-20T13:41:07.942+0000: 1281.083: [ParNew
Desired survivor size 2162688 bytes, new threshold 6 (max 6)
- age   1:     575816 bytes,     575816 total
- age   2:     470000 bytes,    1045816 total
- age   3:     320520 bytes,    1366336 total
- age   4:      73736 bytes,    1440072 total
- age   5:     108144 bytes,    1548216 total
- age   6:     229056 bytes,    1777272 total
: 36191K->2523K(38080K), 0.0108065 secs] 125179K->91716K(158396K), 0.0110711 secs] [Times: user=0.04 sys=0.00, real=0.01 secs] 
Heap after GC invocations=299 (full 5):
 par new generation   total 38080K, used 2523K [0x0000000085c00000, 0x0000000088550000, 0x000000009a8c0000)
  eden space 33856K,   0% used [0x0000000085c00000, 0x0000000085c00000, 0x0000000087d10000)
  from space 4224K,  59% used [0x0000000088130000, 0x00000000883a6d38, 0x0000000088550000)
  to   space 4224K,   0% used [0x0000000087d10000, 0x0000000087d10000, 0x0000000088130000)
 concurrent mark-sweep generation total 120316K, used 89192K [0x000000009a8c0000, 0x00000000a1e3f000, 0x0000000100000000)
 Metaspace       used 118416K, capacity 126413K, committed 126564K, reserved 1159168K
  class space    used 14588K, capacity 16161K, committed 16228K, reserved 1048576K
}
2020-12-20T13:41:07.953+0000: 1281.094: Total time for which application threads were stopped: 0.0116702 seconds, Stopping threads took: 0.0000747 seconds
2020-12-20T13:41:54.959+0000: 1328.100: Total time for which application threads were stopped: 0.0004383 seconds, Stopping threads took: 0.0000824 seconds
{Heap before GC invocations=299 (full 5):
 par new generation   total 38080K, used 36370K [0x0000000085c00000, 0x0000000088550000, 0x000000009a8c0000)
  eden space 33856K,  99% used [0x0000000085c00000, 0x0000000087d0dc58, 0x0000000087d10000)
  from space 4224K,  59% used [0x0000000088130000, 0x00000000883a6d38, 0x0000000088550000)
  to   space 4224K,   0% used [0x0000000087d10000, 0x0000000087d10000, 0x0000000088130000)
 concurrent mark-sweep generation total 120316K, used 89192K [0x000000009a8c0000, 0x00000000a1e3f000, 0x0000000100000000)
 Metaspace       used 118420K, capacity 126413K, committed 126564K, reserved 1159168K
  class space    used 14588K, capacity 16161K, committed 16228K, reserved 1048576K
2020-12-20T13:42:53.073+0000: 1386.214: [GC (Allocation Failure) 2020-12-20T13:42:53.073+0000: 1386.214: [ParNew
Desired survivor size 2162688 bytes, new threshold 6 (max 6)
- age   1:      71992 bytes,      71992 total
- age   2:     486248 bytes,     558240 total
- age   3:     468864 bytes,    1027104 total
- age   4:     320144 bytes,    1347248 total
- age   5:      73320 bytes,    1420568 total
- age   6:     108144 bytes,    1528712 total
: 36370K->2469K(38080K), 0.0102139 secs] 125563K->91893K(158396K), 0.0104722 secs] [Times: user=0.03 sys=0.00, real=0.01 secs] 
Heap after GC invocations=300 (full 5):
 par new generation   total 38080K, used 2469K [0x0000000085c00000, 0x0000000088550000, 0x000000009a8c0000)
  eden space 33856K,   0% used [0x0000000085c00000, 0x0000000085c00000, 0x0000000087d10000)
  from space 4224K,  58% used [0x0000000087d10000, 0x0000000087f796d0, 0x0000000088130000)
  to   space 4224K,   0% used [0x0000000088130000, 0x0000000088130000, 0x0000000088550000)
 concurrent mark-sweep generation total 120316K, used 89423K [0x000000009a8c0000, 0x00000000a1e3f000, 0x0000000100000000)
 Metaspace       used 118420K, capacity 126413K, committed 126564K, reserved 1159168K
  class space    used 14588K, capacity 16161K, committed 16228K, reserved 1048576K
}
2020-12-20T13:42:53.083+0000: 1386.224: Total time for which application threads were stopped: 0.0111387 seconds, Stopping threads took: 0.0001422 seconds
2020-12-20T13:43:50.091+0000: 1443.232: Total time for which application threads were stopped: 0.0004585 seconds, Stopping threads took: 0.0000726 seconds
{Heap before GC invocations=300 (full 5):
 par new generation   total 38080K, used 36325K [0x0000000085c00000, 0x0000000088550000, 0x000000009a8c0000)
  eden space 33856K, 100% used [0x0000000085c00000, 0x0000000087d10000, 0x0000000087d10000)
  from space 4224K,  58% used [0x0000000087d10000, 0x0000000087f796d0, 0x0000000088130000)
  to   space 4224K,   0% used [0x0000000088130000, 0x0000000088130000, 0x0000000088550000)
 concurrent mark-sweep generation total 120316K, used 89423K [0x000000009a8c0000, 0x00000000a1e3f000, 0x0000000100000000)
 Metaspace       used 118425K, capacity 126417K, committed 126564K, reserved 1159168K
  class space    used 14588K, capacity 16161K, committed 16228K, reserved 1048576K
2020-12-20T13:44:39.235+0000: 1492.375: [GC (Allocation Failure) 2020-12-20T13:44:39.235+0000: 1492.376: [ParNew
Desired survivor size 2162688 bytes, new threshold 6 (max 6)
- age   1:       4344 bytes,       4344 total
- age   2:        584 bytes,       4928 total
- age   3:     486184 bytes,     491112 total
- age   4:     468832 bytes,     959944 total
- age   5:     320144 bytes,    1280088 total
- age   6:      73320 bytes,    1353408 total
: 36325K->1914K(38080K), 0.0061281 secs] 125749K->91445K(158396K), 0.0064160 secs] [Times: user=0.02 sys=0.00, real=0.01 secs] 
Heap after GC invocations=301 (full 5):
 par new generation   total 38080K, used 1914K [0x0000000085c00000, 0x0000000088550000, 0x000000009a8c0000)
  eden space 33856K,   0% used [0x0000000085c00000, 0x0000000085c00000, 0x0000000087d10000)
  from space 4224K,  45% used [0x0000000088130000, 0x000000008830e868, 0x0000000088550000)
  to   space 4224K,   0% used [0x0000000087d10000, 0x0000000087d10000, 0x0000000088130000)
 concurrent mark-sweep generation total 120316K, used 89531K [0x000000009a8c0000, 0x00000000a1e3f000, 0x0000000100000000)
 Metaspace       used 118425K, capacity 126417K, committed 126564K, reserved 1159168K
  class space    used 14588K, capacity 16161K, committed 16228K, reserved 1048576K
}
2020-12-20T13:44:39.241+0000: 1492.382: Total time for which application threads were stopped: 0.0070084 seconds, Stopping threads took: 0.0000656 seconds
2020-12-20T13:44:54.243+0000: 1507.384: Total time for which application threads were stopped: 0.0003987 seconds, Stopping threads took: 0.0000899 seconds
2020-12-20T13:44:55.244+0000: 1508.384: Total time for which application threads were stopped: 0.0003854 seconds, Stopping threads took: 0.0000718 seconds
2020-12-20T13:45:48.250+0000: 1561.390: Total time for which application threads were stopped: 0.0002925 seconds, Stopping threads took: 0.0000568 seconds
2020-12-20T13:45:50.250+0000: 1563.391: Total time for which application threads were stopped: 0.0003547 seconds, Stopping threads took: 0.0000632 seconds
2020-12-20T13:45:54.251+0000: 1567.392: Total time for which application threads were stopped: 0.0004042 seconds, Stopping threads took: 0.0000644 seconds
2020-12-20T13:45:56.252+0000: 1569.392: Total time for which application threads were stopped: 0.0004446 seconds, Stopping threads took: 0.0000772 seconds
2020-12-20T13:45:57.252+0000: 1570.393: Total time for which application threads were stopped: 0.0004211 seconds, Stopping threads took: 0.0000688 seconds
2020-12-20T13:46:12.255+0000: 1585.396: Total time for which application threads were stopped: 0.0006262 seconds, Stopping threads took: 0.0001820 seconds
2020-12-20T13:46:13.256+0000: 1586.396: Total time for which application threads were stopped: 0.0004861 seconds, Stopping threads took: 0.0000893 seconds
{Heap before GC invocations=301 (full 5):
 par new generation   total 38080K, used 35770K [0x0000000085c00000, 0x0000000088550000, 0x000000009a8c0000)
  eden space 33856K, 100% used [0x0000000085c00000, 0x0000000087d10000, 0x0000000087d10000)
  from space 4224K,  45% used [0x0000000088130000, 0x000000008830e868, 0x0000000088550000)
  to   space 4224K,   0% used [0x0000000087d10000, 0x0000000087d10000, 0x0000000088130000)
 concurrent mark-sweep generation total 120316K, used 89531K [0x000000009a8c0000, 0x00000000a1e3f000, 0x0000000100000000)
 Metaspace       used 118444K, capacity 126433K, committed 126564K, reserved 1159168K
  class space    used 14590K, capacity 16165K, committed 16228K, reserved 1048576K
2020-12-20T13:46:24.321+0000: 1597.462: [GC (Allocation Failure) 2020-12-20T13:46:24.321+0000: 1597.462: [ParNew
Desired survivor size 2162688 bytes, new threshold 6 (max 6)
- age   1:      41064 bytes,      41064 total
- age   2:        752 bytes,      41816 total
- age   3:        560 bytes,      42376 total
- age   4:     486360 bytes,     528736 total
- age   5:     468832 bytes,     997568 total
- age   6:     320168 bytes,    1317736 total
: 35770K->2061K(38080K), 0.0070360 secs] 125301K->91665K(158396K), 0.0073039 secs] [Times: user=0.03 sys=0.00, real=0.01 secs] 
Heap after GC invocations=302 (full 5):
 par new generation   total 38080K, used 2061K [0x0000000085c00000, 0x0000000088550000, 0x000000009a8c0000)
  eden space 33856K,   0% used [0x0000000085c00000, 0x0000000085c00000, 0x0000000087d10000)
  from space 4224K,  48% used [0x0000000087d10000, 0x0000000087f134c0, 0x0000000088130000)
  to   space 4224K,   0% used [0x0000000088130000, 0x0000000088130000, 0x0000000088550000)
 concurrent mark-sweep generation total 120316K, used 89604K [0x000000009a8c0000, 0x00000000a1e3f000, 0x0000000100000000)
 Metaspace       used 118444K, capacity 126433K, committed 126564K, reserved 1159168K
  class space    used 14590K, capacity 16165K, committed 16228K, reserved 1048576K
}
2020-12-20T13:46:24.328+0000: 1597.469: Total time for which application threads were stopped: 0.0080121 seconds, Stopping threads took: 0.0001776 seconds
2020-12-20T13:46:54.333+0000: 1627.473: Total time for which application threads were stopped: 0.0004301 seconds, Stopping threads took: 0.0000752 seconds
2020-12-20T13:47:07.335+0000: 1640.476: Total time for which application threads were stopped: 0.0004771 seconds, Stopping threads took: 0.0000744 seconds
2020-12-20T13:47:18.337+0000: 1651.478: Total time for which application threads were stopped: 0.0004943 seconds, Stopping threads took: 0.0001270 seconds
2020-12-20T13:47:19.337+0000: 1652.478: Total time for which application threads were stopped: 0.0003577 seconds, Stopping threads took: 0.0000798 seconds
2020-12-20T13:47:29.339+0000: 1662.480: Total time for which application threads were stopped: 0.0003972 seconds, Stopping threads took: 0.0000611 seconds
2020-12-20T13:47:59.343+0000: 1692.483: Total time for which application threads were stopped: 0.0003696 seconds, Stopping threads took: 0.0000622 seconds
{Heap before GC invocations=302 (full 5):
 par new generation   total 38080K, used 35917K [0x0000000085c00000, 0x0000000088550000, 0x000000009a8c0000)
  eden space 33856K, 100% used [0x0000000085c00000, 0x0000000087d10000, 0x0000000087d10000)
  from space 4224K,  48% used [0x0000000087d10000, 0x0000000087f134c0, 0x0000000088130000)
  to   space 4224K,   0% used [0x0000000088130000, 0x0000000088130000, 0x0000000088550000)
 concurrent mark-sweep generation total 120316K, used 89604K [0x000000009a8c0000, 0x00000000a1e3f000, 0x0000000100000000)
 Metaspace       used 118449K, capacity 126433K, committed 126564K, reserved 1159168K
  class space    used 14590K, capacity 16165K, committed 16228K, reserved 1048576K
2020-12-20T13:48:10.527+0000: 1703.668: [GC (Allocation Failure) 2020-12-20T13:48:10.527+0000: 1703.668: [ParNew
Desired survivor size 2162688 bytes, new threshold 6 (max 6)
- age   1:       4016 bytes,       4016 total
- age   2:      37672 bytes,      41688 total
- age   3:        752 bytes,      42440 total
- age   4:        560 bytes,      43000 total
- age   5:     485544 bytes,     528544 total
- age   6:     469424 bytes,     997968 total
: 35917K->1308K(38080K), 0.0082070 secs] 125521K->91233K(158396K), 0.0084509 secs] [Times: user=0.03 sys=0.00, real=0.01 secs] 
Heap after GC invocations=303 (full 5):
 par new generation   total 38080K, used 1308K [0x0000000085c00000, 0x0000000088550000, 0x000000009a8c0000)
  eden space 33856K,   0% used [0x0000000085c00000, 0x0000000085c00000, 0x0000000087d10000)
  from space 4224K,  30% used [0x0000000088130000, 0x0000000088277060, 0x0000000088550000)
  to   space 4224K,   0% used [0x0000000087d10000, 0x0000000087d10000, 0x0000000088130000)
 concurrent mark-sweep generation total 120316K, used 89925K [0x000000009a8c0000, 0x00000000a1e3f000, 0x0000000100000000)
 Metaspace       used 118449K, capacity 126433K, committed 126564K, reserved 1159168K
  class space    used 14590K, capacity 16165K, committed 16228K, reserved 1048576K
}
2020-12-20T13:48:10.536+0000: 1703.676: Total time for which application threads were stopped: 0.0090327 seconds, Stopping threads took: 0.0000778 seconds
2020-12-20T13:49:29.545+0000: 1782.686: Total time for which application threads were stopped: 0.0005043 seconds, Stopping threads took: 0.0000889 seconds
2020-12-20T13:49:32.546+0000: 1785.687: Total time for which application threads were stopped: 0.0003339 seconds, Stopping threads took: 0.0000754 seconds
2020-12-20T13:49:34.547+0000: 1787.687: Total time for which application threads were stopped: 0.0004187 seconds, Stopping threads took: 0.0000773 seconds
{Heap before GC invocations=303 (full 5):
 par new generation   total 38080K, used 35164K [0x0000000085c00000, 0x0000000088550000, 0x000000009a8c0000)
  eden space 33856K, 100% used [0x0000000085c00000, 0x0000000087d10000, 0x0000000087d10000)
  from space 4224K,  30% used [0x0000000088130000, 0x0000000088277060, 0x0000000088550000)
  to   space 4224K,   0% used [0x0000000087d10000, 0x0000000087d10000, 0x0000000088130000)
 concurrent mark-sweep generation total 120316K, used 89925K [0x000000009a8c0000, 0x00000000a1e3f000, 0x0000000100000000)
 Metaspace       used 118478K, capacity 126443K, committed 126564K, reserved 1159168K
  class space    used 14591K, capacity 16166K, committed 16228K, reserved 1048576K
2020-12-20T13:49:52.461+0000: 1805.602: [GC (Allocation Failure) 2020-12-20T13:49:52.462+0000: 1805.602: [ParNew
Desired survivor size 2162688 bytes, new threshold 6 (max 6)
- age   1:     740968 bytes,     740968 total
- age   2:        192 bytes,     741160 total
- age   3:      37576 bytes,     778736 total
- age   4:        752 bytes,     779488 total
- age   5:        560 bytes,     780048 total
- age   6:     485544 bytes,    1265592 total
: 35164K->1586K(38080K), 0.0086295 secs] 125089K->91982K(158396K), 0.0088650 secs] [Times: user=0.03 sys=0.00, real=0.01 secs] 
Heap after GC invocations=304 (full 5):
 par new generation   total 38080K, used 1586K [0x0000000085c00000, 0x0000000088550000, 0x000000009a8c0000)
  eden space 33856K,   0% used [0x0000000085c00000, 0x0000000085c00000, 0x0000000087d10000)
  from space 4224K,  37% used [0x0000000087d10000, 0x0000000087e9c960, 0x0000000088130000)
  to   space 4224K,   0% used [0x0000000088130000, 0x0000000088130000, 0x0000000088550000)
 concurrent mark-sweep generation total 120316K, used 90396K [0x000000009a8c0000, 0x00000000a1e3f000, 0x0000000100000000)
 Metaspace       used 118478K, capacity 126443K, committed 126564K, reserved 1159168K
  class space    used 14591K, capacity 16166K, committed 16228K, reserved 1048576K
}
2020-12-20T13:49:52.470+0000: 1805.611: Total time for which application threads were stopped: 0.0095106 seconds, Stopping threads took: 0.0000969 seconds
2020-12-20T13:49:52.471+0000: 1805.612: [GC (CMS Initial Mark) [1 CMS-initial-mark: 90396K(120316K)] 92027K(158396K), 0.0047625 secs] [Times: user=0.02 sys=0.00, real=0.01 secs] 
2020-12-20T13:49:52.476+0000: 1805.617: Total time for which application threads were stopped: 0.0052963 seconds, Stopping threads took: 0.0000957 seconds
2020-12-20T13:49:52.476+0000: 1805.617: [CMS-concurrent-mark-start]
2020-12-20T13:49:52.722+0000: 1805.863: [CMS-concurrent-mark: 0.246/0.246 secs] [Times: user=0.25 sys=0.00, real=0.24 secs] 
2020-12-20T13:49:52.722+0000: 1805.863: [CMS-concurrent-preclean-start]
2020-12-20T13:49:52.725+0000: 1805.866: [CMS-concurrent-preclean: 0.003/0.003 secs] [Times: user=0.00 sys=0.00, real=0.00 secs] 
2020-12-20T13:49:52.726+0000: 1805.867: [GC (CMS Final Remark) [YG occupancy: 2241 K (38080 K)]2020-12-20T13:49:52.726+0000: 1805.867: [Rescan (parallel) , 0.0043029 secs]2020-12-20T13:49:52.730+0000: 1805.871: [weak refs processing, 0.0021713 secs]2020-12-20T13:49:52.733+0000: 1805.873: [class unloading, 0.0524898 secs]2020-12-20T13:49:52.785+0000: 1805.926: [scrub symbol table, 0.0405310 secs]2020-12-20T13:49:52.826+0000: 1805.966: [scrub string table, 0.0026212 secs][1 CMS-remark: 90396K(120316K)] 92637K(158396K), 0.1026341 secs] [Times: user=0.11 sys=0.00, real=0.11 secs] 
2020-12-20T13:49:52.829+0000: 1805.969: Total time for which application threads were stopped: 0.1031153 seconds, Stopping threads took: 0.0000970 seconds
2020-12-20T13:49:52.829+0000: 1805.970: [CMS-concurrent-sweep-start]
2020-12-20T13:49:52.896+0000: 1806.037: [CMS-concurrent-sweep: 0.067/0.067 secs] [Times: user=0.07 sys=0.00, real=0.07 secs] 
2020-12-20T13:49:52.896+0000: 1806.037: [CMS-concurrent-reset-start]
2020-12-20T13:49:52.902+0000: 1806.043: [CMS-concurrent-reset: 0.006/0.006 secs] [Times: user=0.01 sys=0.00, real=0.00 secs] 
2020-12-20T13:49:53.830+0000: 1806.971: Total time for which application threads were stopped: 0.0014807 seconds, Stopping threads took: 0.0000777 seconds
2020-12-20T13:49:54.831+0000: 1807.972: Total time for which application threads were stopped: 0.0005441 seconds, Stopping threads took: 0.0000763 seconds
2020-12-20T13:49:55.832+0000: 1808.972: Total time for which application threads were stopped: 0.0003876 seconds, Stopping threads took: 0.0000698 seconds
2020-12-20T13:49:58.832+0000: 1811.973: Total time for which application threads were stopped: 0.0003861 seconds, Stopping threads took: 0.0000723 seconds
2020-12-20T13:49:59.833+0000: 1812.974: Total time for which application threads were stopped: 0.0004508 seconds, Stopping threads took: 0.0000775 seconds
2020-12-20T13:50:15.835+0000: 1828.976: Total time for which application threads were stopped: 0.0003726 seconds, Stopping threads took: 0.0000624 seconds
2020-12-20T13:50:21.837+0000: 1834.978: Total time for which application threads were stopped: 0.0006931 seconds, Stopping threads took: 0.0001390 seconds
{Heap before GC invocations=304 (full 6):
 par new generation   total 38080K, used 35442K [0x0000000085c00000, 0x0000000088550000, 0x000000009a8c0000)
  eden space 33856K, 100% used [0x0000000085c00000, 0x0000000087d10000, 0x0000000087d10000)
  from space 4224K,  37% used [0x0000000087d10000, 0x0000000087e9c960, 0x0000000088130000)
  to   space 4224K,   0% used [0x0000000088130000, 0x0000000088130000, 0x0000000088550000)
 concurrent mark-sweep generation total 136188K, used 81710K [0x000000009a8c0000, 0x00000000a2dbf000, 0x0000000100000000)
 Metaspace       used 119513K, capacity 127245K, committed 127972K, reserved 1161216K
  class space    used 14642K, capacity 16115K, committed 16356K, reserved 1048576K
2020-12-20T13:50:21.915+0000: 1835.056: [GC (Allocation Failure) 2020-12-20T13:50:21.915+0000: 1835.056: [ParNew
Desired survivor size 2162688 bytes, new threshold 6 (max 6)
- age   1:    1414984 bytes,    1414984 total
- age   2:     668800 bytes,    2083784 total
- age   3:        128 bytes,    2083912 total
- age   4:      37552 bytes,    2121464 total
- age   5:        752 bytes,    2122216 total
- age   6:        560 bytes,    2122776 total
: 35442K->2590K(38080K), 0.0080229 secs] 117153K->84777K(174268K), 0.0082271 secs] [Times: user=0.02 sys=0.00, real=0.00 secs] 
Heap after GC invocations=305 (full 6):
 par new generation   total 38080K, used 2590K [0x0000000085c00000, 0x0000000088550000, 0x000000009a8c0000)
  eden space 33856K,   0% used [0x0000000085c00000, 0x0000000085c00000, 0x0000000087d10000)
  from space 4224K,  61% used [0x0000000088130000, 0x00000000883b79d0, 0x0000000088550000)
  to   space 4224K,   0% used [0x0000000087d10000, 0x0000000087d10000, 0x0000000088130000)
 concurrent mark-sweep generation total 136188K, used 82187K [0x000000009a8c0000, 0x00000000a2dbf000, 0x0000000100000000)
 Metaspace       used 119513K, capacity 127245K, committed 127972K, reserved 1161216K
  class space    used 14642K, capacity 16115K, committed 16356K, reserved 1048576K
}
2020-12-20T13:50:21.924+0000: 1835.064: Total time for which application threads were stopped: 0.0089553 seconds, Stopping threads took: 0.0002504 seconds
2020-12-20T13:50:21.938+0000: 1835.078: Total time for which application threads were stopped: 0.0030426 seconds, Stopping threads took: 0.0003992 seconds
2020-12-20T13:50:22.938+0000: 1836.079: Total time for which application threads were stopped: 0.0005336 seconds, Stopping threads took: 0.0000884 seconds
2020-12-20T13:50:23.939+0000: 1837.080: Total time for which application threads were stopped: 0.0004956 seconds, Stopping threads took: 0.0000863 seconds
2020-12-20T13:50:24.939+0000: 1838.080: Total time for which application threads were stopped: 0.0003714 seconds, Stopping threads took: 0.0000644 seconds
2020-12-20T13:50:25.940+0000: 1839.081: Total time for which application threads were stopped: 0.0003428 seconds, Stopping threads took: 0.0000618 seconds
2020-12-20T13:50:27.940+0000: 1841.081: Total time for which application threads were stopped: 0.0003307 seconds, Stopping threads took: 0.0000621 seconds
2020-12-20T13:50:28.941+0000: 1842.082: Total time for which application threads were stopped: 0.0004622 seconds, Stopping threads took: 0.0000780 seconds
2020-12-20T13:50:29.942+0000: 1843.082: Total time for which application threads were stopped: 0.0004122 seconds, Stopping threads took: 0.0000745 seconds
2020-12-20T13:50:30.942+0000: 1844.083: Total time for which application threads were stopped: 0.0004089 seconds, Stopping threads took: 0.0000710 seconds
2020-12-20T13:50:31.943+0000: 1845.083: Total time for which application threads were stopped: 0.0004456 seconds, Stopping threads took: 0.0000904 seconds
2020-12-20T13:50:32.943+0000: 1846.084: Total time for which application threads were stopped: 0.0004384 seconds, Stopping threads took: 0.0000758 seconds
2020-12-20T13:50:33.944+0000: 1847.084: Total time for which application threads were stopped: 0.0003873 seconds, Stopping threads took: 0.0000810 seconds
2020-12-20T13:50:34.944+0000: 1848.085: Total time for which application threads were stopped: 0.0003737 seconds, Stopping threads took: 0.0000645 seconds
2020-12-20T13:50:35.945+0000: 1849.085: Total time for which application threads were stopped: 0.0003421 seconds, Stopping threads took: 0.0000644 seconds
2020-12-20T13:50:36.945+0000: 1850.086: Total time for which application threads were stopped: 0.0004607 seconds, Stopping threads took: 0.0000890 seconds
2020-12-20T13:50:37.946+0000: 1851.086: Total time for which application threads were stopped: 0.0004359 seconds, Stopping threads took: 0.0000763 seconds
2020-12-20T13:50:38.946+0000: 1852.087: Total time for which application threads were stopped: 0.0004615 seconds, Stopping threads took: 0.0000820 seconds
2020-12-20T13:50:39.947+0000: 1853.088: Total time for which application threads were stopped: 0.0004996 seconds, Stopping threads took: 0.0000871 seconds
2020-12-20T13:50:40.948+0000: 1854.088: Total time for which application threads were stopped: 0.0004946 seconds, Stopping threads took: 0.0000818 seconds
2020-12-20T13:50:41.948+0000: 1855.089: Total time for which application threads were stopped: 0.0004188 seconds, Stopping threads took: 0.0000709 seconds
2020-12-20T13:50:42.949+0000: 1856.090: Total time for which application threads were stopped: 0.0005548 seconds, Stopping threads took: 0.0000823 seconds
2020-12-20T13:50:44.950+0000: 1858.091: Total time for which application threads were stopped: 0.0004686 seconds, Stopping threads took: 0.0000843 seconds
2020-12-20T13:50:45.951+0000: 1859.091: Total time for which application threads were stopped: 0.0004366 seconds, Stopping threads took: 0.0000995 seconds
2020-12-20T13:50:47.951+0000: 1861.092: Total time for which application threads were stopped: 0.0005275 seconds, Stopping threads took: 0.0001347 seconds
2020-12-20T13:50:49.952+0000: 1863.093: Total time for which application threads were stopped: 0.0003342 seconds, Stopping threads took: 0.0000639 seconds
2020-12-20T13:50:51.953+0000: 1865.093: Total time for which application threads were stopped: 0.0004151 seconds, Stopping threads took: 0.0000794 seconds
2020-12-20T13:50:52.953+0000: 1866.094: Total time for which application threads were stopped: 0.0003917 seconds, Stopping threads took: 0.0000684 seconds
2020-12-20T13:50:53.954+0000: 1867.094: Total time for which application threads were stopped: 0.0003898 seconds, Stopping threads took: 0.0000665 seconds
2020-12-20T13:50:54.954+0000: 1868.095: Total time for which application threads were stopped: 0.0004742 seconds, Stopping threads took: 0.0000867 seconds
2020-12-20T13:51:01.955+0000: 1875.096: Total time for which application threads were stopped: 0.0004720 seconds, Stopping threads took: 0.0000697 seconds
2020-12-20T13:51:02.956+0000: 1876.097: Total time for which application threads were stopped: 0.0004532 seconds, Stopping threads took: 0.0000775 seconds
2020-12-20T13:51:04.957+0000: 1878.097: Total time for which application threads were stopped: 0.0005401 seconds, Stopping threads took: 0.0000953 seconds
2020-12-20T13:51:05.957+0000: 1879.098: Total time for which application threads were stopped: 0.0003622 seconds, Stopping threads took: 0.0000794 seconds
2020-12-20T13:51:06.958+0000: 1880.099: Total time for which application threads were stopped: 0.0005215 seconds, Stopping threads took: 0.0000819 seconds
2020-12-20T13:51:10.959+0000: 1884.100: Total time for which application threads were stopped: 0.0004650 seconds, Stopping threads took: 0.0000653 seconds
2020-12-20T13:51:12.960+0000: 1886.100: Total time for which application threads were stopped: 0.0004753 seconds, Stopping threads took: 0.0000841 seconds
2020-12-20T13:51:13.960+0000: 1887.101: Total time for which application threads were stopped: 0.0005424 seconds, Stopping threads took: 0.0001895 seconds
2020-12-20T13:51:14.961+0000: 1888.102: Total time for which application threads were stopped: 0.0004819 seconds, Stopping threads took: 0.0000876 seconds
2020-12-20T13:51:15.961+0000: 1889.102: Total time for which application threads were stopped: 0.0003961 seconds, Stopping threads took: 0.0000676 seconds
2020-12-20T13:51:18.962+0000: 1892.103: Total time for which application threads were stopped: 0.0003196 seconds, Stopping threads took: 0.0000598 seconds
2020-12-20T13:51:19.963+0000: 1893.103: Total time for which application threads were stopped: 0.0003334 seconds, Stopping threads took: 0.0000625 seconds
2020-12-20T13:51:20.963+0000: 1894.104: Total time for which application threads were stopped: 0.0003866 seconds, Stopping threads took: 0.0000867 seconds
2020-12-20T13:51:22.964+0000: 1896.104: Total time for which application threads were stopped: 0.0003436 seconds, Stopping threads took: 0.0000678 seconds
2020-12-20T13:51:23.964+0000: 1897.105: Total time for which application threads were stopped: 0.0003372 seconds, Stopping threads took: 0.0000634 seconds
2020-12-20T13:51:24.965+0000: 1898.105: Total time for which application threads were stopped: 0.0004985 seconds, Stopping threads took: 0.0000860 seconds
{Heap before GC invocations=305 (full 6):
 par new generation   total 38080K, used 36446K [0x0000000085c00000, 0x0000000088550000, 0x000000009a8c0000)
  eden space 33856K, 100% used [0x0000000085c00000, 0x0000000087d10000, 0x0000000087d10000)
  from space 4224K,  61% used [0x0000000088130000, 0x00000000883b79d0, 0x0000000088550000)
  to   space 4224K,   0% used [0x0000000087d10000, 0x0000000087d10000, 0x0000000088130000)
 concurrent mark-sweep generation total 136188K, used 82187K [0x000000009a8c0000, 0x00000000a2dbf000, 0x0000000100000000)
 Metaspace       used 120261K, capacity 128021K, committed 128868K, reserved 1161216K
  class space    used 14686K, capacity 16151K, committed 16484K, reserved 1048576K
2020-12-20T13:51:25.039+0000: 1898.180: [GC (Allocation Failure) 2020-12-20T13:51:25.039+0000: 1898.180: [ParNew
Desired survivor size 2162688 bytes, new threshold 6 (max 6)
- age   1:     417312 bytes,     417312 total
- age   2:    1016528 bytes,    1433840 total
- age   3:     667816 bytes,    2101656 total
- age   4:        128 bytes,    2101784 total
- age   5:      37552 bytes,    2139336 total
- age   6:        752 bytes,    2140088 total
: 36446K->2993K(38080K), 0.0068678 secs] 118633K->85181K(174268K), 0.0070602 secs] [Times: user=0.03 sys=0.00, real=0.00 secs] 
Heap after GC invocations=306 (full 6):
 par new generation   total 38080K, used 2993K [0x0000000085c00000, 0x0000000088550000, 0x000000009a8c0000)
  eden space 33856K,   0% used [0x0000000085c00000, 0x0000000085c00000, 0x0000000087d10000)
  from space 4224K,  70% used [0x0000000087d10000, 0x0000000087ffc4d0, 0x0000000088130000)
  to   space 4224K,   0% used [0x0000000088130000, 0x0000000088130000, 0x0000000088550000)
 concurrent mark-sweep generation total 136188K, used 82187K [0x000000009a8c0000, 0x00000000a2dbf000, 0x0000000100000000)
 Metaspace       used 120261K, capacity 128021K, committed 128868K, reserved 1161216K
  class space    used 14686K, capacity 16151K, committed 16484K, reserved 1048576K
}
2020-12-20T13:51:25.047+0000: 1898.187: Total time for which application threads were stopped: 0.0077631 seconds, Stopping threads took: 0.0000823 seconds
2020-12-20T13:51:26.047+0000: 1899.188: Total time for which application threads were stopped: 0.0004030 seconds, Stopping threads took: 0.0000668 seconds
2020-12-20T13:51:27.048+0000: 1900.188: Total time for which application threads were stopped: 0.0004778 seconds, Stopping threads took: 0.0000796 seconds
2020-12-20T13:51:28.048+0000: 1901.189: Total time for which application threads were stopped: 0.0004573 seconds, Stopping threads took: 0.0000818 seconds
2020-12-20T13:51:31.049+0000: 1904.190: Total time for which application threads were stopped: 0.0003216 seconds, Stopping threads took: 0.0000595 seconds
2020-12-20T13:51:33.050+0000: 1906.190: Total time for which application threads were stopped: 0.0004513 seconds, Stopping threads took: 0.0001117 seconds
2020-12-20T13:51:34.050+0000: 1907.191: Total time for which application threads were stopped: 0.0004939 seconds, Stopping threads took: 0.0000831 seconds
2020-12-20T13:51:35.051+0000: 1908.192: Total time for which application threads were stopped: 0.0005083 seconds, Stopping threads took: 0.0000845 seconds
2020-12-20T13:51:39.052+0000: 1912.193: Total time for which application threads were stopped: 0.0004880 seconds, Stopping threads took: 0.0000949 seconds
2020-12-20T13:51:40.053+0000: 1913.193: Total time for which application threads were stopped: 0.0004708 seconds, Stopping threads took: 0.0000758 seconds
2020-12-20T13:51:42.053+0000: 1915.194: Total time for which application threads were stopped: 0.0004810 seconds, Stopping threads took: 0.0000789 seconds
2020-12-20T13:51:43.054+0000: 1916.195: Total time for which application threads were stopped: 0.0005032 seconds, Stopping threads took: 0.0001285 seconds
2020-12-20T13:51:49.055+0000: 1922.196: Total time for which application threads were stopped: 0.0005220 seconds, Stopping threads took: 0.0000854 seconds
2020-12-20T13:51:50.056+0000: 1923.197: Total time for which application threads were stopped: 0.0004810 seconds, Stopping threads took: 0.0000749 seconds
2020-12-20T13:51:51.057+0000: 1924.197: Total time for which application threads were stopped: 0.0003796 seconds, Stopping threads took: 0.0000652 seconds
2020-12-20T13:51:55.058+0000: 1928.198: Total time for which application threads were stopped: 0.0004157 seconds, Stopping threads took: 0.0000691 seconds
2020-12-20T13:51:59.059+0000: 1932.199: Total time for which application threads were stopped: 0.0004541 seconds, Stopping threads took: 0.0000806 seconds
2020-12-20T13:52:02.059+0000: 1935.200: Total time for which application threads were stopped: 0.0003579 seconds, Stopping threads took: 0.0000817 seconds
2020-12-20T13:52:07.060+0000: 1940.201: Total time for which application threads were stopped: 0.0004849 seconds, Stopping threads took: 0.0000796 seconds
2020-12-20T13:52:09.061+0000: 1942.202: Total time for which application threads were stopped: 0.0004689 seconds, Stopping threads took: 0.0000665 seconds
2020-12-20T13:52:10.062+0000: 1943.202: Total time for which application threads were stopped: 0.0003813 seconds, Stopping threads took: 0.0000635 seconds
2020-12-20T13:52:12.062+0000: 1945.203: Total time for which application threads were stopped: 0.0004738 seconds, Stopping threads took: 0.0000761 seconds
2020-12-20T13:52:14.063+0000: 1947.204: Total time for which application threads were stopped: 0.0003775 seconds, Stopping threads took: 0.0000644 seconds
2020-12-20T13:52:15.064+0000: 1948.205: Total time for which application threads were stopped: 0.0004283 seconds, Stopping threads took: 0.0000874 seconds
2020-12-20T13:52:19.065+0000: 1952.206: Total time for which application threads were stopped: 0.0004469 seconds, Stopping threads took: 0.0000783 seconds
2020-12-20T13:52:20.065+0000: 1953.206: Total time for which application threads were stopped: 0.0003816 seconds, Stopping threads took: 0.0000662 seconds
2020-12-20T13:52:22.066+0000: 1955.207: Total time for which application threads were stopped: 0.0005305 seconds, Stopping threads took: 0.0000799 seconds
2020-12-20T13:52:25.067+0000: 1958.208: Total time for which application threads were stopped: 0.0005118 seconds, Stopping threads took: 0.0000847 seconds
2020-12-20T13:52:26.068+0000: 1959.209: Total time for which application threads were stopped: 0.0005033 seconds, Stopping threads took: 0.0000798 seconds
2020-12-20T13:52:28.069+0000: 1961.209: Total time for which application threads were stopped: 0.0004809 seconds, Stopping threads took: 0.0000788 seconds
2020-12-20T13:52:29.069+0000: 1962.210: Total time for which application threads were stopped: 0.0004814 seconds, Stopping threads took: 0.0000802 seconds
2020-12-20T13:52:33.070+0000: 1966.211: Total time for which application threads were stopped: 0.0004438 seconds, Stopping threads took: 0.0000717 seconds
2020-12-20T13:52:36.071+0000: 1969.212: Total time for which application threads were stopped: 0.0005215 seconds, Stopping threads took: 0.0000812 seconds
2020-12-20T13:52:42.072+0000: 1975.213: Total time for which application threads were stopped: 0.0004828 seconds, Stopping threads took: 0.0000785 seconds
2020-12-20T13:52:50.074+0000: 1983.214: Total time for which application threads were stopped: 0.0004502 seconds, Stopping threads took: 0.0000814 seconds
{Heap before GC invocations=306 (full 6):
 par new generation   total 38080K, used 36849K [0x0000000085c00000, 0x0000000088550000, 0x000000009a8c0000)
  eden space 33856K, 100% used [0x0000000085c00000, 0x0000000087d10000, 0x0000000087d10000)
  from space 4224K,  70% used [0x0000000087d10000, 0x0000000087ffc4d0, 0x0000000088130000)
  to   space 4224K,   0% used [0x0000000088130000, 0x0000000088130000, 0x0000000088550000)
 concurrent mark-sweep generation total 136188K, used 82187K [0x000000009a8c0000, 0x00000000a2dbf000, 0x0000000100000000)
 Metaspace       used 120432K, capacity 128153K, committed 128868K, reserved 1161216K
  class space    used 14686K, capacity 16151K, committed 16484K, reserved 1048576K
2020-12-20T13:52:51.881+0000: 1985.021: [GC (Allocation Failure) 2020-12-20T13:52:51.881+0000: 1985.021: [ParNew
Desired survivor size 2162688 bytes, new threshold 6 (max 6)
- age   1:     124120 bytes,     124120 total
- age   2:     317272 bytes,     441392 total
- age   3:    1012536 bytes,    1453928 total
- age   4:     667816 bytes,    2121744 total
- age   5:        128 bytes,    2121872 total
- age   6:      37552 bytes,    2159424 total
: 36849K->2960K(38080K), 0.0087743 secs] 119037K->85149K(174268K), 0.0090427 secs] [Times: user=0.03 sys=0.00, real=0.01 secs] 
Heap after GC invocations=307 (full 6):
 par new generation   total 38080K, used 2960K [0x0000000085c00000, 0x0000000088550000, 0x000000009a8c0000)
  eden space 33856K,   0% used [0x0000000085c00000, 0x0000000085c00000, 0x0000000087d10000)
  from space 4224K,  70% used [0x0000000088130000, 0x00000000884142e0, 0x0000000088550000)
  to   space 4224K,   0% used [0x0000000087d10000, 0x0000000087d10000, 0x0000000088130000)
 concurrent mark-sweep generation total 136188K, used 82188K [0x000000009a8c0000, 0x00000000a2dbf000, 0x0000000100000000)
 Metaspace       used 120432K, capacity 128153K, committed 128868K, reserved 1161216K
  class space    used 14686K, capacity 16151K, committed 16484K, reserved 1048576K
}
2020-12-20T13:52:51.890+0000: 1985.030: Total time for which application threads were stopped: 0.0096865 seconds, Stopping threads took: 0.0000749 seconds
2020-12-20T13:52:52.890+0000: 1986.031: Total time for which application threads were stopped: 0.0004760 seconds, Stopping threads took: 0.0000790 seconds
2020-12-20T13:52:54.891+0000: 1988.032: Total time for which application threads were stopped: 0.0004082 seconds, Stopping threads took: 0.0000855 seconds
2020-12-20T13:52:55.892+0000: 1989.033: Total time for which application threads were stopped: 0.0004606 seconds, Stopping threads took: 0.0000811 seconds
2020-12-20T13:52:56.893+0000: 1990.033: Total time for which application threads were stopped: 0.0004860 seconds, Stopping threads took: 0.0000812 seconds
2020-12-20T13:52:57.893+0000: 1991.034: Total time for which application threads were stopped: 0.0004131 seconds, Stopping threads took: 0.0000665 seconds
2020-12-20T13:53:01.894+0000: 1995.035: Total time for which application threads were stopped: 0.0005160 seconds, Stopping threads took: 0.0000794 seconds
2020-12-20T13:53:05.895+0000: 1999.036: Total time for which application threads were stopped: 0.0003499 seconds, Stopping threads took: 0.0000630 seconds
2020-12-20T13:53:08.896+0000: 2002.036: Total time for which application threads were stopped: 0.0004798 seconds, Stopping threads took: 0.0000790 seconds
2020-12-20T13:53:09.896+0000: 2003.037: Total time for which application threads were stopped: 0.0004479 seconds, Stopping threads took: 0.0000750 seconds
2020-12-20T13:53:14.898+0000: 2008.038: Total time for which application threads were stopped: 0.0004225 seconds, Stopping threads took: 0.0000656 seconds
2020-12-20T13:53:15.898+0000: 2009.039: Total time for which application threads were stopped: 0.0005795 seconds, Stopping threads took: 0.0001302 seconds
2020-12-20T13:53:19.899+0000: 2013.040: Total time for which application threads were stopped: 0.0003426 seconds, Stopping threads took: 0.0000630 seconds
2020-12-20T13:53:20.900+0000: 2014.040: Total time for which application threads were stopped: 0.0003278 seconds, Stopping threads took: 0.0000609 seconds
2020-12-20T13:53:21.900+0000: 2015.041: Total time for which application threads were stopped: 0.0003301 seconds, Stopping threads took: 0.0000625 seconds
2020-12-20T13:53:23.901+0000: 2017.041: Total time for which application threads were stopped: 0.0005214 seconds, Stopping threads took: 0.0001184 seconds
2020-12-20T13:53:24.901+0000: 2018.042: Total time for which application threads were stopped: 0.0004672 seconds, Stopping threads took: 0.0000757 seconds
2020-12-20T13:53:26.902+0000: 2020.043: Total time for which application threads were stopped: 0.0003722 seconds, Stopping threads took: 0.0000628 seconds
2020-12-20T13:53:28.903+0000: 2022.043: Total time for which application threads were stopped: 0.0004295 seconds, Stopping threads took: 0.0000742 seconds
2020-12-20T13:53:31.903+0000: 2025.044: Total time for which application threads were stopped: 0.0003948 seconds, Stopping threads took: 0.0000672 seconds
2020-12-20T13:53:50.906+0000: 2044.046: Total time for which application threads were stopped: 0.0004453 seconds, Stopping threads took: 0.0000824 seconds
2020-12-20T13:54:01.908+0000: 2055.048: Total time for which application threads were stopped: 0.0005693 seconds, Stopping threads took: 0.0000780 seconds
2020-12-20T13:54:04.909+0000: 2058.049: Total time for which application threads were stopped: 0.0005168 seconds, Stopping threads took: 0.0000795 seconds
{Heap before GC invocations=307 (full 6):
 par new generation   total 38080K, used 36816K [0x0000000085c00000, 0x0000000088550000, 0x000000009a8c0000)
  eden space 33856K, 100% used [0x0000000085c00000, 0x0000000087d10000, 0x0000000087d10000)
  from space 4224K,  70% used [0x0000000088130000, 0x00000000884142e0, 0x0000000088550000)
  to   space 4224K,   0% used [0x0000000087d10000, 0x0000000087d10000, 0x0000000088130000)
 concurrent mark-sweep generation total 136188K, used 82188K [0x000000009a8c0000, 0x00000000a2dbf000, 0x0000000100000000)
 Metaspace       used 120588K, capacity 128373K, committed 129124K, reserved 1161216K
  class space    used 14689K, capacity 16153K, committed 16484K, reserved 1048576K
2020-12-20T13:54:23.161+0000: 2076.301: [GC (Allocation Failure) 2020-12-20T13:54:23.161+0000: 2076.302: [ParNew
Desired survivor size 2162688 bytes, new threshold 5 (max 6)
- age   1:     421416 bytes,     421416 total
- age   2:      50744 bytes,     472160 total
- age   3:     214336 bytes,     686496 total
- age   4:     938696 bytes,    1625192 total
- age   5:     667816 bytes,    2293008 total
- age   6:        128 bytes,    2293136 total
: 36816K->3114K(38080K), 0.0086127 secs] 119005K->85340K(174268K), 0.0088477 secs] [Times: user=0.03 sys=0.00, real=0.01 secs] 
Heap after GC invocations=308 (full 6):
 par new generation   total 38080K, used 3114K [0x0000000085c00000, 0x0000000088550000, 0x000000009a8c0000)
  eden space 33856K,   0% used [0x0000000085c00000, 0x0000000085c00000, 0x0000000087d10000)
  from space 4224K,  73% used [0x0000000087d10000, 0x000000008801aab0, 0x0000000088130000)
  to   space 4224K,   0% used [0x0000000088130000, 0x0000000088130000, 0x0000000088550000)
 concurrent mark-sweep generation total 136188K, used 82225K [0x000000009a8c0000, 0x00000000a2dbf000, 0x0000000100000000)
 Metaspace       used 120588K, capacity 128373K, committed 129124K, reserved 1161216K
  class space    used 14689K, capacity 16153K, committed 16484K, reserved 1048576K
}
2020-12-20T13:54:23.170+0000: 2076.310: Total time for which application threads were stopped: 0.0094837 seconds, Stopping threads took: 0.0000777 seconds
2020-12-20T13:54:24.170+0000: 2077.311: Total time for which application threads were stopped: 0.0003737 seconds, Stopping threads took: 0.0000733 seconds
2020-12-20T13:54:54.174+0000: 2107.315: Total time for which application threads were stopped: 0.0004750 seconds, Stopping threads took: 0.0000939 seconds
2020-12-20T13:55:50.181+0000: 2163.321: Total time for which application threads were stopped: 0.0004762 seconds, Stopping threads took: 0.0000812 seconds
{Heap before GC invocations=308 (full 6):
 par new generation   total 38080K, used 36970K [0x0000000085c00000, 0x0000000088550000, 0x000000009a8c0000)
  eden space 33856K, 100% used [0x0000000085c00000, 0x0000000087d10000, 0x0000000087d10000)
  from space 4224K,  73% used [0x0000000087d10000, 0x000000008801aab0, 0x0000000088130000)
  to   space 4224K,   0% used [0x0000000088130000, 0x0000000088130000, 0x0000000088550000)
 concurrent mark-sweep generation total 136188K, used 82225K [0x000000009a8c0000, 0x00000000a2dbf000, 0x0000000100000000)
 Metaspace       used 120606K, capacity 128379K, committed 129124K, reserved 1161216K
  class space    used 14690K, capacity 16154K, committed 16484K, reserved 1048576K
2020-12-20T13:56:05.460+0000: 2178.601: [GC (Allocation Failure) 2020-12-20T13:56:05.460+0000: 2178.601: [ParNew
Desired survivor size 2162688 bytes, new threshold 6 (max 6)
- age   1:     143672 bytes,     143672 total
- age   2:     343376 bytes,     487048 total
- age   3:      50720 bytes,     537768 total
- age   4:     213088 bytes,     750856 total
- age   5:     938696 bytes,    1689552 total
: 36970K->2746K(38080K), 0.0067448 secs] 119196K->85632K(174268K), 0.0069810 secs] [Times: user=0.02 sys=0.00, real=0.01 secs] 
Heap after GC invocations=309 (full 6):
 par new generation   total 38080K, used 2746K [0x0000000085c00000, 0x0000000088550000, 0x000000009a8c0000)
  eden space 33856K,   0% used [0x0000000085c00000, 0x0000000085c00000, 0x0000000087d10000)
  from space 4224K,  65% used [0x0000000088130000, 0x00000000883de810, 0x0000000088550000)
  to   space 4224K,   0% used [0x0000000087d10000, 0x0000000087d10000, 0x0000000088130000)
 concurrent mark-sweep generation total 136188K, used 82886K [0x000000009a8c0000, 0x00000000a2dbf000, 0x0000000100000000)
 Metaspace       used 120606K, capacity 128379K, committed 129124K, reserved 1161216K
  class space    used 14690K, capacity 16154K, committed 16484K, reserved 1048576K
}
2020-12-20T13:56:05.467+0000: 2178.608: Total time for which application threads were stopped: 0.0075861 seconds, Stopping threads took: 0.0000754 seconds
2020-12-20T13:56:31.471+0000: 2204.612: Total time for which application threads were stopped: 0.0004570 seconds, Stopping threads took: 0.0000868 seconds
2020-12-20T13:56:46.473+0000: 2219.614: Total time for which application threads were stopped: 0.0004584 seconds, Stopping threads took: 0.0000910 seconds
{Heap before GC invocations=309 (full 6):
 par new generation   total 38080K, used 36602K [0x0000000085c00000, 0x0000000088550000, 0x000000009a8c0000)
  eden space 33856K, 100% used [0x0000000085c00000, 0x0000000087d10000, 0x0000000087d10000)
  from space 4224K,  65% used [0x0000000088130000, 0x00000000883de810, 0x0000000088550000)
  to   space 4224K,   0% used [0x0000000087d10000, 0x0000000087d10000, 0x0000000088130000)
 concurrent mark-sweep generation total 136188K, used 82886K [0x000000009a8c0000, 0x00000000a2dbf000, 0x0000000100000000)
 Metaspace       used 120610K, capacity 128379K, committed 129124K, reserved 1161216K
  class space    used 14690K, capacity 16154K, committed 16484K, reserved 1048576K
2020-12-20T13:57:48.986+0000: 2282.127: [GC (Allocation Failure) 2020-12-20T13:57:48.986+0000: 2282.127: [ParNew
Desired survivor size 2162688 bytes, new threshold 6 (max 6)
- age   1:       5008 bytes,       5008 total
- age   2:       3728 bytes,       8736 total
- age   3:     309504 bytes,     318240 total
- age   4:      50720 bytes,     368960 total
- age   5:     213088 bytes,     582048 total
- age   6:     938696 bytes,    1520744 total
: 36602K->1786K(38080K), 0.0064076 secs] 119488K->84673K(174268K), 0.0065856 secs] [Times: user=0.01 sys=0.00, real=0.01 secs] 
Heap after GC invocations=310 (full 6):
 par new generation   total 38080K, used 1786K [0x0000000085c00000, 0x0000000088550000, 0x000000009a8c0000)
  eden space 33856K,   0% used [0x0000000085c00000, 0x0000000085c00000, 0x0000000087d10000)
  from space 4224K,  42% used [0x0000000087d10000, 0x0000000087eceac0, 0x0000000088130000)
  to   space 4224K,   0% used [0x0000000088130000, 0x0000000088130000, 0x0000000088550000)
 concurrent mark-sweep generation total 136188K, used 82886K [0x000000009a8c0000, 0x00000000a2dbf000, 0x0000000100000000)
 Metaspace       used 120610K, capacity 128379K, committed 129124K, reserved 1161216K
  class space    used 14690K, capacity 16154K, committed 16484K, reserved 1048576K
}
2020-12-20T13:57:48.993+0000: 2282.133: Total time for which application threads were stopped: 0.0071098 seconds, Stopping threads took: 0.0001279 seconds
2020-12-20T13:58:37.999+0000: 2331.139: Total time for which application threads were stopped: 0.0003564 seconds, Stopping threads took: 0.0000650 seconds
2020-12-20T13:58:39.999+0000: 2333.140: Total time for which application threads were stopped: 0.0003657 seconds, Stopping threads took: 0.0000671 seconds
2020-12-20T13:58:42.000+0000: 2335.141: Total time for which application threads were stopped: 0.0004450 seconds, Stopping threads took: 0.0000882 seconds
2020-12-20T13:58:43.001+0000: 2336.141: Total time for which application threads were stopped: 0.0004723 seconds, Stopping threads took: 0.0000839 seconds
2020-12-20T13:58:44.001+0000: 2337.142: Total time for which application threads were stopped: 0.0003953 seconds, Stopping threads took: 0.0000693 seconds
2020-12-20T13:58:45.002+0000: 2338.142: Total time for which application threads were stopped: 0.0003989 seconds, Stopping threads took: 0.0000698 seconds
2020-12-20T13:58:47.002+0000: 2340.143: Total time for which application threads were stopped: 0.0004213 seconds, Stopping threads took: 0.0000773 seconds
2020-12-20T13:58:48.003+0000: 2341.144: Total time for which application threads were stopped: 0.0003645 seconds, Stopping threads took: 0.0000641 seconds
2020-12-20T13:58:50.003+0000: 2343.144: Total time for which application threads were stopped: 0.0003464 seconds, Stopping threads took: 0.0000681 seconds
2020-12-20T13:58:51.004+0000: 2344.145: Total time for which application threads were stopped: 0.0004836 seconds, Stopping threads took: 0.0000844 seconds
2020-12-20T13:58:52.005+0000: 2345.145: Total time for which application threads were stopped: 0.0004578 seconds, Stopping threads took: 0.0000827 seconds
2020-12-20T13:58:53.005+0000: 2346.146: Total time for which application threads were stopped: 0.0004055 seconds, Stopping threads took: 0.0000798 seconds
2020-12-20T13:58:56.006+0000: 2349.147: Total time for which application threads were stopped: 0.0004918 seconds, Stopping threads took: 0.0000907 seconds
2020-12-20T13:58:58.007+0000: 2351.148: Total time for which application threads were stopped: 0.0004978 seconds, Stopping threads took: 0.0000826 seconds
2020-12-20T13:58:59.008+0000: 2352.148: Total time for which application threads were stopped: 0.0005152 seconds, Stopping threads took: 0.0000952 seconds
2020-12-20T13:59:01.008+0000: 2354.149: Total time for which application threads were stopped: 0.0003820 seconds, Stopping threads took: 0.0000647 seconds
2020-12-20T13:59:02.009+0000: 2355.149: Total time for which application threads were stopped: 0.0004383 seconds, Stopping threads took: 0.0000759 seconds
2020-12-20T13:59:05.010+0000: 2358.150: Total time for which application threads were stopped: 0.0004556 seconds, Stopping threads took: 0.0000881 seconds
2020-12-20T13:59:07.010+0000: 2360.151: Total time for which application threads were stopped: 0.0004750 seconds, Stopping threads took: 0.0000839 seconds
2020-12-20T13:59:08.011+0000: 2361.152: Total time for which application threads were stopped: 0.0004605 seconds, Stopping threads took: 0.0000834 seconds
2020-12-20T13:59:09.011+0000: 2362.152: Total time for which application threads were stopped: 0.0004097 seconds, Stopping threads took: 0.0000880 seconds
2020-12-20T13:59:14.012+0000: 2367.153: Total time for which application threads were stopped: 0.0003435 seconds, Stopping threads took: 0.0000641 seconds
2020-12-20T13:59:20.013+0000: 2373.154: Total time for which application threads were stopped: 0.0004266 seconds, Stopping threads took: 0.0000781 seconds
{Heap before GC invocations=310 (full 6):
 par new generation   total 38080K, used 35642K [0x0000000085c00000, 0x0000000088550000, 0x000000009a8c0000)
  eden space 33856K, 100% used [0x0000000085c00000, 0x0000000087d10000, 0x0000000087d10000)
  from space 4224K,  42% used [0x0000000087d10000, 0x0000000087eceac0, 0x0000000088130000)
  to   space 4224K,   0% used [0x0000000088130000, 0x0000000088130000, 0x0000000088550000)
 concurrent mark-sweep generation total 136188K, used 82886K [0x000000009a8c0000, 0x00000000a2dbf000, 0x0000000100000000)
 Metaspace       used 120743K, capacity 128511K, committed 129124K, reserved 1161216K
  class space    used 14690K, capacity 16154K, committed 16484K, reserved 1048576K
2020-12-20T13:59:21.094+0000: 2374.235: [GC (Allocation Failure) 2020-12-20T13:59:21.095+0000: 2374.235: [ParNew
Desired survivor size 2162688 bytes, new threshold 6 (max 6)
- age   1:     461848 bytes,     461848 total
- age   2:        760 bytes,     462608 total
- age   3:       3704 bytes,     466312 total
- age   4:     303400 bytes,     769712 total
- age   5:      50640 bytes,     820352 total
- age   6:     213088 bytes,    1033440 total
: 35642K->1950K(38080K), 0.0075468 secs] 118529K->85765K(174268K), 0.0078383 secs] [Times: user=0.02 sys=0.00, real=0.01 secs] 
Heap after GC invocations=311 (full 6):
 par new generation   total 38080K, used 1950K [0x0000000085c00000, 0x0000000088550000, 0x000000009a8c0000)
  eden space 33856K,   0% used [0x0000000085c00000, 0x0000000085c00000, 0x0000000087d10000)
  from space 4224K,  46% used [0x0000000088130000, 0x0000000088317a80, 0x0000000088550000)
  to   space 4224K,   0% used [0x0000000087d10000, 0x0000000087d10000, 0x0000000088130000)
 concurrent mark-sweep generation total 136188K, used 83815K [0x000000009a8c0000, 0x00000000a2dbf000, 0x0000000100000000)
 Metaspace       used 120743K, capacity 128511K, committed 129124K, reserved 1161216K
  class space    used 14690K, capacity 16154K, committed 16484K, reserved 1048576K
}
2020-12-20T13:59:21.102+0000: 2374.243: Total time for which application threads were stopped: 0.0084409 seconds, Stopping threads took: 0.0001248 seconds
2020-12-20T13:59:23.103+0000: 2376.244: Total time for which application threads were stopped: 0.0004677 seconds, Stopping threads took: 0.0000812 seconds
2020-12-20T13:59:26.104+0000: 2379.245: Total time for which application threads were stopped: 0.0004922 seconds, Stopping threads took: 0.0000872 seconds
2020-12-20T13:59:27.105+0000: 2380.246: Total time for which application threads were stopped: 0.0006012 seconds, Stopping threads took: 0.0000836 seconds
2020-12-20T13:59:29.106+0000: 2382.246: Total time for which application threads were stopped: 0.0005308 seconds, Stopping threads took: 0.0001440 seconds
2020-12-20T13:59:30.106+0000: 2383.247: Total time for which application threads were stopped: 0.0004630 seconds, Stopping threads took: 0.0000843 seconds
2020-12-20T13:59:31.107+0000: 2384.248: Total time for which application threads were stopped: 0.0005548 seconds, Stopping threads took: 0.0000833 seconds
2020-12-20T13:59:32.108+0000: 2385.248: Total time for which application threads were stopped: 0.0004546 seconds, Stopping threads took: 0.0000894 seconds
2020-12-20T13:59:37.109+0000: 2390.250: Total time for which application threads were stopped: 0.0005193 seconds, Stopping threads took: 0.0000759 seconds
2020-12-20T13:59:38.109+0000: 2391.250: Total time for which application threads were stopped: 0.0004890 seconds, Stopping threads took: 0.0000826 seconds
2020-12-20T13:59:39.110+0000: 2392.251: Total time for which application threads were stopped: 0.0004506 seconds, Stopping threads took: 0.0000790 seconds
2020-12-20T13:59:41.111+0000: 2394.252: Total time for which application threads were stopped: 0.0006370 seconds, Stopping threads took: 0.0000801 seconds
2020-12-20T13:59:42.112+0000: 2395.252: Total time for which application threads were stopped: 0.0004785 seconds, Stopping threads took: 0.0000919 seconds
2020-12-20T13:59:43.112+0000: 2396.253: Total time for which application threads were stopped: 0.0004327 seconds, Stopping threads took: 0.0000749 seconds
2020-12-20T13:59:50.113+0000: 2403.254: Total time for which application threads were stopped: 0.0004229 seconds, Stopping threads took: 0.0000719 seconds
2020-12-20T13:59:55.114+0000: 2408.255: Total time for which application threads were stopped: 0.0005285 seconds, Stopping threads took: 0.0000813 seconds
2020-12-20T14:00:01.115+0000: 2414.256: Total time for which application threads were stopped: 0.0003422 seconds, Stopping threads took: 0.0000628 seconds
2020-12-20T14:00:19.118+0000: 2432.258: Total time for which application threads were stopped: 0.0004474 seconds, Stopping threads took: 0.0000709 seconds
2020-12-20T14:00:25.119+0000: 2438.260: Total time for which application threads were stopped: 0.0005566 seconds, Stopping threads took: 0.0000815 seconds
2020-12-20T14:00:26.120+0000: 2439.260: Total time for which application threads were stopped: 0.0005134 seconds, Stopping threads took: 0.0000797 seconds
2020-12-20T14:00:28.120+0000: 2441.261: Total time for which application threads were stopped: 0.0005830 seconds, Stopping threads took: 0.0000850 seconds
2020-12-20T14:00:31.121+0000: 2444.262: Total time for which application threads were stopped: 0.0005204 seconds, Stopping threads took: 0.0000851 seconds
2020-12-20T14:00:32.122+0000: 2445.263: Total time for which application threads were stopped: 0.0004160 seconds, Stopping threads took: 0.0000751 seconds
2020-12-20T14:00:40.123+0000: 2453.264: Total time for which application threads were stopped: 0.0005148 seconds, Stopping threads took: 0.0000753 seconds
2020-12-20T14:00:41.124+0000: 2454.265: Total time for which application threads were stopped: 0.0003648 seconds, Stopping threads took: 0.0000645 seconds
2020-12-20T14:00:42.124+0000: 2455.265: Total time for which application threads were stopped: 0.0004256 seconds, Stopping threads took: 0.0000735 seconds
2020-12-20T14:00:46.125+0000: 2459.266: Total time for which application threads were stopped: 0.0005790 seconds, Stopping threads took: 0.0000927 seconds
{Heap before GC invocations=311 (full 6):
 par new generation   total 38080K, used 35806K [0x0000000085c00000, 0x0000000088550000, 0x000000009a8c0000)
  eden space 33856K, 100% used [0x0000000085c00000, 0x0000000087d10000, 0x0000000087d10000)
  from space 4224K,  46% used [0x0000000088130000, 0x0000000088317a80, 0x0000000088550000)
  to   space 4224K,   0% used [0x0000000087d10000, 0x0000000087d10000, 0x0000000088130000)
 concurrent mark-sweep generation total 136188K, used 83815K [0x000000009a8c0000, 0x00000000a2dbf000, 0x0000000100000000)
 Metaspace       used 120903K, capacity 128691K, committed 129380K, reserved 1163264K
  class space    used 14695K, capacity 16162K, committed 16484K, reserved 1048576K
2020-12-20T14:00:46.232+0000: 2459.373: [GC (Allocation Failure) 2020-12-20T14:00:46.232+0000: 2459.373: [ParNew
Desired survivor size 2162688 bytes, new threshold 6 (max 6)
- age   1:     934624 bytes,     934624 total
- age   2:     247352 bytes,    1181976 total
- age   3:        760 bytes,    1182736 total
- age   4:       3704 bytes,    1186440 total
- age   5:     303400 bytes,    1489840 total
- age   6:      50640 bytes,    1540480 total
: 35806K->1746K(38080K), 0.0127702 secs] 119621K->85771K(174268K), 0.0129875 secs] [Times: user=0.03 sys=0.00, real=0.01 secs] 
Heap after GC invocations=312 (full 6):
 par new generation   total 38080K, used 1746K [0x0000000085c00000, 0x0000000088550000, 0x000000009a8c0000)
  eden space 33856K,   0% used [0x0000000085c00000, 0x0000000085c00000, 0x0000000087d10000)
  from space 4224K,  41% used [0x0000000087d10000, 0x0000000087ec4ac8, 0x0000000088130000)
  to   space 4224K,   0% used [0x0000000088130000, 0x0000000088130000, 0x0000000088550000)
 concurrent mark-sweep generation total 136188K, used 84025K [0x000000009a8c0000, 0x00000000a2dbf000, 0x0000000100000000)
 Metaspace       used 120903K, capacity 128691K, committed 129380K, reserved 1163264K
  class space    used 14695K, capacity 16162K, committed 16484K, reserved 1048576K
}
2020-12-20T14:00:46.245+0000: 2459.386: Total time for which application threads were stopped: 0.0136847 seconds, Stopping threads took: 0.0001305 seconds
2020-12-20T14:00:49.252+0000: 2462.393: Total time for which application threads were stopped: 0.0005748 seconds, Stopping threads took: 0.0001771 seconds
2020-12-20T14:00:53.253+0000: 2466.394: Total time for which application threads were stopped: 0.0003434 seconds, Stopping threads took: 0.0000631 seconds
2020-12-20T14:01:45.259+0000: 2518.400: Total time for which application threads were stopped: 0.0004717 seconds, Stopping threads took: 0.0000879 seconds
2020-12-20T14:01:48.260+0000: 2521.401: Total time for which application threads were stopped: 0.0005802 seconds, Stopping threads took: 0.0001217 seconds
2020-12-20T14:01:49.261+0000: 2522.401: Total time for which application threads were stopped: 0.0004114 seconds, Stopping threads took: 0.0000836 seconds
2020-12-20T14:01:52.261+0000: 2525.402: Total time for which application threads were stopped: 0.0004855 seconds, Stopping threads took: 0.0000871 seconds
2020-12-20T14:01:53.262+0000: 2526.403: Total time for which application threads were stopped: 0.0003900 seconds, Stopping threads took: 0.0000705 seconds
2020-12-20T14:01:54.263+0000: 2527.403: Total time for which application threads were stopped: 0.0004682 seconds, Stopping threads took: 0.0000961 seconds
2020-12-20T14:01:56.263+0000: 2529.404: Total time for which application threads were stopped: 0.0003581 seconds, Stopping threads took: 0.0000664 seconds
2020-12-20T14:01:57.264+0000: 2530.404: Total time for which application threads were stopped: 0.0003641 seconds, Stopping threads took: 0.0000685 seconds
2020-12-20T14:01:58.264+0000: 2531.405: Total time for which application threads were stopped: 0.0003582 seconds, Stopping threads took: 0.0000656 seconds
2020-12-20T14:01:59.265+0000: 2532.405: Total time for which application threads were stopped: 0.0004389 seconds, Stopping threads took: 0.0000802 seconds
2020-12-20T14:02:00.265+0000: 2533.406: Total time for which application threads were stopped: 0.0004329 seconds, Stopping threads took: 0.0000797 seconds
2020-12-20T14:02:01.266+0000: 2534.406: Total time for which application threads were stopped: 0.0003747 seconds, Stopping threads took: 0.0000669 seconds
2020-12-20T14:02:04.267+0000: 2537.407: Total time for which application threads were stopped: 0.0004399 seconds, Stopping threads took: 0.0000698 seconds
2020-12-20T14:02:05.267+0000: 2538.408: Total time for which application threads were stopped: 0.0004366 seconds, Stopping threads took: 0.0000711 seconds
2020-12-20T14:02:07.268+0000: 2540.409: Total time for which application threads were stopped: 0.0004628 seconds, Stopping threads took: 0.0001021 seconds
{Heap before GC invocations=312 (full 6):
 par new generation   total 38080K, used 35602K [0x0000000085c00000, 0x0000000088550000, 0x000000009a8c0000)
  eden space 33856K, 100% used [0x0000000085c00000, 0x0000000087d10000, 0x0000000087d10000)
  from space 4224K,  41% used [0x0000000087d10000, 0x0000000087ec4ac8, 0x0000000088130000)
  to   space 4224K,   0% used [0x0000000088130000, 0x0000000088130000, 0x0000000088550000)
 concurrent mark-sweep generation total 136188K, used 84025K [0x000000009a8c0000, 0x00000000a2dbf000, 0x0000000100000000)
 Metaspace       used 121036K, capacity 128863K, committed 129380K, reserved 1163264K
  class space    used 14699K, capacity 16196K, committed 16484K, reserved 1048576K
2020-12-20T14:02:12.796+0000: 2545.937: [GC (Allocation Failure) 2020-12-20T14:02:12.796+0000: 2545.937: [ParNew
Desired survivor size 2162688 bytes, new threshold 6 (max 6)
- age   1:    1351816 bytes,    1351816 total
- age   2:     466168 bytes,    1817984 total
- age   3:     247224 bytes,    2065208 total
- age   4:        736 bytes,    2065944 total
- age   5:       3704 bytes,    2069648 total
- age   6:     293000 bytes,    2362648 total
: 35602K->2918K(38080K), 0.0102021 secs] 119627K->86959K(174268K), 0.0103940 secs] [Times: user=0.02 sys=0.00, real=0.00 secs] 
Heap after GC invocations=313 (full 6):
 par new generation   total 38080K, used 2918K [0x0000000085c00000, 0x0000000088550000, 0x000000009a8c0000)
  eden space 33856K,   0% used [0x0000000085c00000, 0x0000000085c00000, 0x0000000087d10000)
  from space 4224K,  69% used [0x0000000088130000, 0x0000000088409878, 0x0000000088550000)
  to   space 4224K,   0% used [0x0000000087d10000, 0x0000000087d10000, 0x0000000088130000)
 concurrent mark-sweep generation total 136188K, used 84041K [0x000000009a8c0000, 0x00000000a2dbf000, 0x0000000100000000)
 Metaspace       used 121036K, capacity 128863K, committed 129380K, reserved 1163264K
  class space    used 14699K, capacity 16196K, committed 16484K, reserved 1048576K
}
2020-12-20T14:02:12.807+0000: 2545.947: Total time for which application threads were stopped: 0.0111732 seconds, Stopping threads took: 0.0000782 seconds
2020-12-20T14:02:13.807+0000: 2546.948: Total time for which application threads were stopped: 0.0004350 seconds, Stopping threads took: 0.0000702 seconds
2020-12-20T14:02:14.808+0000: 2547.949: Total time for which application threads were stopped: 0.0005325 seconds, Stopping threads took: 0.0000822 seconds
2020-12-20T14:02:16.809+0000: 2549.949: Total time for which application threads were stopped: 0.0004801 seconds, Stopping threads took: 0.0001025 seconds
2020-12-20T14:02:20.810+0000: 2553.950: Total time for which application threads were stopped: 0.0005090 seconds, Stopping threads took: 0.0000898 seconds
2020-12-20T14:02:21.810+0000: 2554.951: Total time for which application threads were stopped: 0.0005047 seconds, Stopping threads took: 0.0001005 seconds
2020-12-20T14:02:25.811+0000: 2558.952: Total time for which application threads were stopped: 0.0003541 seconds, Stopping threads took: 0.0000657 seconds
2020-12-20T14:02:27.812+0000: 2560.953: Total time for which application threads were stopped: 0.0004392 seconds, Stopping threads took: 0.0000738 seconds
2020-12-20T14:02:29.813+0000: 2562.953: Total time for which application threads were stopped: 0.0003616 seconds, Stopping threads took: 0.0000690 seconds
2020-12-20T14:02:31.813+0000: 2564.954: Total time for which application threads were stopped: 0.0003633 seconds, Stopping threads took: 0.0000673 seconds
2020-12-20T14:02:36.624+0000: 2568.955: Total time for which application threads were stopped: 0.0004367 seconds, Stopping threads took: 0.0000745 seconds
2020-12-20T14:02:37.625+0000: 2569.955: Total time for which application threads were stopped: 0.0004155 seconds, Stopping threads took: 0.0000715 seconds
2020-12-20T14:02:40.626+0000: 2572.956: Total time for which application threads were stopped: 0.0005093 seconds, Stopping threads took: 0.0000917 seconds
2020-12-20T14:02:41.626+0000: 2573.957: Total time for which application threads were stopped: 0.0006101 seconds, Stopping threads took: 0.0000903 seconds
2020-12-20T14:02:42.627+0000: 2574.958: Total time for which application threads were stopped: 0.0005076 seconds, Stopping threads took: 0.0000925 seconds
2020-12-20T14:02:44.628+0000: 2576.958: Total time for which application threads were stopped: 0.0004089 seconds, Stopping threads took: 0.0000653 seconds
2020-12-20T14:02:46.629+0000: 2578.959: Total time for which application threads were stopped: 0.0006274 seconds, Stopping threads took: 0.0001239 seconds
2020-12-20T14:02:47.629+0000: 2579.960: Total time for which application threads were stopped: 0.0006686 seconds, Stopping threads took: 0.0000878 seconds
2020-12-20T14:02:48.630+0000: 2580.960: Total time for which application threads were stopped: 0.0004031 seconds, Stopping threads took: 0.0000863 seconds
2020-12-20T14:02:50.631+0000: 2582.961: Total time for which application threads were stopped: 0.0005499 seconds, Stopping threads took: 0.0000864 seconds
2020-12-20T14:02:52.632+0000: 2584.962: Total time for which application threads were stopped: 0.0007197 seconds, Stopping threads took: 0.0000897 seconds
2020-12-20T14:02:53.632+0000: 2585.963: Total time for which application threads were stopped: 0.0004156 seconds, Stopping threads took: 0.0000698 seconds
2020-12-20T14:02:54.633+0000: 2586.963: Total time for which application threads were stopped: 0.0005406 seconds, Stopping threads took: 0.0000844 seconds
2020-12-20T14:02:56.634+0000: 2588.964: Total time for which application threads were stopped: 0.0005259 seconds, Stopping threads took: 0.0000821 seconds
2020-12-20T14:03:00.635+0000: 2592.965: Total time for which application threads were stopped: 0.0004544 seconds, Stopping threads took: 0.0000793 seconds
2020-12-20T14:03:02.635+0000: 2594.966: Total time for which application threads were stopped: 0.0004638 seconds, Stopping threads took: 0.0000779 seconds
2020-12-20T14:03:04.636+0000: 2596.966: Total time for which application threads were stopped: 0.0003578 seconds, Stopping threads took: 0.0000666 seconds
2020-12-20T14:03:05.636+0000: 2597.967: Total time for which application threads were stopped: 0.0004965 seconds, Stopping threads took: 0.0000794 seconds
2020-12-20T14:03:09.637+0000: 2601.968: Total time for which application threads were stopped: 0.0004976 seconds, Stopping threads took: 0.0000930 seconds
2020-12-20T14:03:13.638+0000: 2605.969: Total time for which application threads were stopped: 0.0005492 seconds, Stopping threads took: 0.0000814 seconds
2020-12-20T14:03:15.639+0000: 2607.969: Total time for which application threads were stopped: 0.0003825 seconds, Stopping threads took: 0.0000750 seconds
2020-12-20T14:03:17.640+0000: 2609.970: Total time for which application threads were stopped: 0.0005727 seconds, Stopping threads took: 0.0000840 seconds
2020-12-20T14:03:19.640+0000: 2611.971: Total time for which application threads were stopped: 0.0005381 seconds, Stopping threads took: 0.0000772 seconds
2020-12-20T14:03:25.642+0000: 2617.972: Total time for which application threads were stopped: 0.0005633 seconds, Stopping threads took: 0.0000860 seconds
2020-12-20T14:03:27.642+0000: 2619.973: Total time for which application threads were stopped: 0.0005884 seconds, Stopping threads took: 0.0000895 seconds
{Heap before GC invocations=313 (full 6):
 par new generation   total 38080K, used 36774K [0x0000000085c00000, 0x0000000088550000, 0x000000009a8c0000)
  eden space 33856K, 100% used [0x0000000085c00000, 0x0000000087d10000, 0x0000000087d10000)
  from space 4224K,  69% used [0x0000000088130000, 0x0000000088409878, 0x0000000088550000)
  to   space 4224K,   0% used [0x0000000087d10000, 0x0000000087d10000, 0x0000000088130000)
 concurrent mark-sweep generation total 136188K, used 84041K [0x000000009a8c0000, 0x00000000a2dbf000, 0x0000000100000000)
 Metaspace       used 121354K, capacity 129257K, committed 129892K, reserved 1163264K
  class space    used 14705K, capacity 16207K, committed 16484K, reserved 1048576K
2020-12-20T14:03:28.222+0000: 2620.553: [GC (Allocation Failure) 2020-12-20T14:03:28.223+0000: 2620.553: [ParNew
Desired survivor size 2162688 bytes, new threshold 4 (max 6)
- age   1:     471928 bytes,     471928 total
- age   2:     999552 bytes,    1471480 total
- age   3:     465328 bytes,    1936808 total
- age   4:     247224 bytes,    2184032 total
- age   5:        736 bytes,    2184768 total
- age   6:       3704 bytes,    2188472 total
: 36774K->2848K(38080K), 0.0072123 secs] 120815K->87176K(174268K), 0.0074908 secs] [Times: user=0.03 sys=0.00, real=0.01 secs] 
Heap after GC invocations=314 (full 6):
 par new generation   total 38080K, used 2848K [0x0000000085c00000, 0x0000000088550000, 0x000000009a8c0000)
  eden space 33856K,   0% used [0x0000000085c00000, 0x0000000085c00000, 0x0000000087d10000)
  from space 4224K,  67% used [0x0000000087d10000, 0x0000000087fd8110, 0x0000000088130000)
  to   space 4224K,   0% used [0x0000000088130000, 0x0000000088130000, 0x0000000088550000)
 concurrent mark-sweep generation total 136188K, used 84327K [0x000000009a8c0000, 0x00000000a2dbf000, 0x0000000100000000)
 Metaspace       used 121354K, capacity 129257K, committed 129892K, reserved 1163264K
  class space    used 14705K, capacity 16207K, committed 16484K, reserved 1048576K
}
2020-12-20T14:03:28.230+0000: 2620.560: Total time for which application threads were stopped: 0.0081545 seconds, Stopping threads took: 0.0000860 seconds
2020-12-20T14:03:30.231+0000: 2622.561: Total time for which application threads were stopped: 0.0004193 seconds, Stopping threads took: 0.0000733 seconds
2020-12-20T14:03:36.232+0000: 2628.562: Total time for which application threads were stopped: 0.0004057 seconds, Stopping threads took: 0.0000667 seconds
2020-12-20T14:03:41.233+0000: 2633.564: Total time for which application threads were stopped: 0.0005009 seconds, Stopping threads took: 0.0000696 seconds
2020-12-20T14:03:50.235+0000: 2642.565: Total time for which application threads were stopped: 0.0004941 seconds, Stopping threads took: 0.0000856 seconds
2020-12-20T14:04:03.237+0000: 2655.567: Total time for which application threads were stopped: 0.0003790 seconds, Stopping threads took: 0.0000674 seconds
2020-12-20T14:04:08.238+0000: 2660.568: Total time for which application threads were stopped: 0.0005418 seconds, Stopping threads took: 0.0001317 seconds
2020-12-20T14:04:11.239+0000: 2663.569: Total time for which application threads were stopped: 0.0005108 seconds, Stopping threads took: 0.0000970 seconds
2020-12-20T14:04:17.240+0000: 2669.570: Total time for which application threads were stopped: 0.0004240 seconds, Stopping threads took: 0.0000697 seconds
2020-12-20T14:04:19.240+0000: 2671.571: Total time for which application threads were stopped: 0.0003788 seconds, Stopping threads took: 0.0000673 seconds
2020-12-20T14:04:23.241+0000: 2675.571: Total time for which application threads were stopped: 0.0004029 seconds, Stopping threads took: 0.0000663 seconds
2020-12-20T14:04:27.242+0000: 2679.572: Total time for which application threads were stopped: 0.0005278 seconds, Stopping threads took: 0.0000863 seconds
2020-12-20T14:04:32.243+0000: 2684.573: Total time for which application threads were stopped: 0.0003802 seconds, Stopping threads took: 0.0000661 seconds
2020-12-20T14:04:35.244+0000: 2687.574: Total time for which application threads were stopped: 0.0004123 seconds, Stopping threads took: 0.0000672 seconds
2020-12-20T14:04:36.244+0000: 2688.575: Total time for which application threads were stopped: 0.0004383 seconds, Stopping threads took: 0.0000721 seconds
2020-12-20T14:04:39.245+0000: 2691.576: Total time for which application threads were stopped: 0.0006421 seconds, Stopping threads took: 0.0000821 seconds
{Heap before GC invocations=314 (full 6):
 par new generation   total 38080K, used 36704K [0x0000000085c00000, 0x0000000088550000, 0x000000009a8c0000)
  eden space 33856K, 100% used [0x0000000085c00000, 0x0000000087d10000, 0x0000000087d10000)
  from space 4224K,  67% used [0x0000000087d10000, 0x0000000087fd8110, 0x0000000088130000)
  to   space 4224K,   0% used [0x0000000088130000, 0x0000000088130000, 0x0000000088550000)
 concurrent mark-sweep generation total 136188K, used 84327K [0x000000009a8c0000, 0x00000000a2dbf000, 0x0000000100000000)
 Metaspace       used 121486K, capacity 129393K, committed 129892K, reserved 1163264K
  class space    used 14712K, capacity 16209K, committed 16484K, reserved 1048576K
2020-12-20T14:04:42.495+0000: 2694.826: [GC (Allocation Failure) 2020-12-20T14:04:42.496+0000: 2694.826: [ParNew
Desired survivor size 2162688 bytes, new threshold 6 (max 6)
- age   1:     261312 bytes,     261312 total
- age   2:     358040 bytes,     619352 total
- age   3:     965504 bytes,    1584856 total
- age   4:     465208 bytes,    2050064 total
: 36704K->3117K(38080K), 0.0067780 secs] 121032K->87691K(174268K), 0.0069848 secs] [Times: user=0.02 sys=0.00, real=0.01 secs] 
Heap after GC invocations=315 (full 6):
 par new generation   total 38080K, used 3117K [0x0000000085c00000, 0x0000000088550000, 0x000000009a8c0000)
  eden space 33856K,   0% used [0x0000000085c00000, 0x0000000085c00000, 0x0000000087d10000)
  from space 4224K,  73% used [0x0000000088130000, 0x000000008843b728, 0x0000000088550000)
  to   space 4224K,   0% used [0x0000000087d10000, 0x0000000087d10000, 0x0000000088130000)
 concurrent mark-sweep generation total 136188K, used 84573K [0x000000009a8c0000, 0x00000000a2dbf000, 0x0000000100000000)
 Metaspace       used 121486K, capacity 129393K, committed 129892K, reserved 1163264K
  class space    used 14712K, capacity 16209K, committed 16484K, reserved 1048576K
}
2020-12-20T14:04:42.503+0000: 2694.833: Total time for which application threads were stopped: 0.0075181 seconds, Stopping threads took: 0.0000659 seconds
2020-12-20T14:04:44.503+0000: 2696.834: Total time for which application threads were stopped: 0.0005598 seconds, Stopping threads took: 0.0000853 seconds
2020-12-20T14:04:45.504+0000: 2697.834: Total time for which application threads were stopped: 0.0004964 seconds, Stopping threads took: 0.0001036 seconds
2020-12-20T14:04:47.505+0000: 2699.835: Total time for which application threads were stopped: 0.0004543 seconds, Stopping threads took: 0.0000782 seconds
2020-12-20T14:04:51.506+0000: 2703.836: Total time for which application threads were stopped: 0.0005362 seconds, Stopping threads took: 0.0000954 seconds
2020-12-20T14:04:54.507+0000: 2706.837: Total time for which application threads were stopped: 0.0004656 seconds, Stopping threads took: 0.0000825 seconds
2020-12-20T14:04:55.507+0000: 2707.837: Total time for which application threads were stopped: 0.0003880 seconds, Stopping threads took: 0.0000719 seconds
2020-12-20T14:04:56.508+0000: 2708.838: Total time for which application threads were stopped: 0.0003748 seconds, Stopping threads took: 0.0000690 seconds
2020-12-20T14:04:59.508+0000: 2711.839: Total time for which application threads were stopped: 0.0005397 seconds, Stopping threads took: 0.0000880 seconds
2020-12-20T14:05:03.509+0000: 2715.840: Total time for which application threads were stopped: 0.0004897 seconds, Stopping threads took: 0.0000857 seconds
2020-12-20T14:05:04.510+0000: 2716.840: Total time for which application threads were stopped: 0.0003799 seconds, Stopping threads took: 0.0000738 seconds
2020-12-20T14:05:07.511+0000: 2719.841: Total time for which application threads were stopped: 0.0004855 seconds, Stopping threads took: 0.0000819 seconds
2020-12-20T14:05:11.512+0000: 2723.842: Total time for which application threads were stopped: 0.0005142 seconds, Stopping threads took: 0.0000947 seconds
2020-12-20T14:05:15.513+0000: 2727.843: Total time for which application threads were stopped: 0.0004316 seconds, Stopping threads took: 0.0000742 seconds
2020-12-20T14:05:16.513+0000: 2728.844: Total time for which application threads were stopped: 0.0004448 seconds, Stopping threads took: 0.0000732 seconds
2020-12-20T14:05:20.514+0000: 2732.845: Total time for which application threads were stopped: 0.0004598 seconds, Stopping threads took: 0.0000987 seconds
2020-12-20T14:05:21.515+0000: 2733.845: Total time for which application threads were stopped: 0.0005261 seconds, Stopping threads took: 0.0000944 seconds
2020-12-20T14:05:22.515+0000: 2734.846: Total time for which application threads were stopped: 0.0005158 seconds, Stopping threads took: 0.0000917 seconds
2020-12-20T14:05:24.516+0000: 2736.847: Total time for which application threads were stopped: 0.0005522 seconds, Stopping threads took: 0.0001241 seconds
2020-12-20T14:05:25.517+0000: 2737.847: Total time for which application threads were stopped: 0.0004969 seconds, Stopping threads took: 0.0000822 seconds
2020-12-20T14:05:26.518+0000: 2738.848: Total time for which application threads were stopped: 0.0006228 seconds, Stopping threads took: 0.0000869 seconds
2020-12-20T14:05:32.519+0000: 2744.849: Total time for which application threads were stopped: 0.0005391 seconds, Stopping threads took: 0.0000906 seconds
{Heap before GC invocations=315 (full 6):
 par new generation   total 38080K, used 36973K [0x0000000085c00000, 0x0000000088550000, 0x000000009a8c0000)
  eden space 33856K, 100% used [0x0000000085c00000, 0x0000000087d10000, 0x0000000087d10000)
  from space 4224K,  73% used [0x0000000088130000, 0x000000008843b728, 0x0000000088550000)
  to   space 4224K,   0% used [0x0000000087d10000, 0x0000000087d10000, 0x0000000088130000)
 concurrent mark-sweep generation total 136188K, used 84573K [0x000000009a8c0000, 0x00000000a2dbf000, 0x0000000100000000)
 Metaspace       used 121865K, capacity 129747K, committed 130404K, reserved 1163264K
  class space    used 14721K, capacity 16214K, committed 16484K, reserved 1048576K
2020-12-20T14:05:33.613+0000: 2745.943: [GC (Allocation Failure) 2020-12-20T14:05:33.613+0000: 2745.943: [ParNew
Desired survivor size 2162688 bytes, new threshold 4 (max 6)
- age   1:     880312 bytes,     880312 total
- age   2:     111848 bytes,     992160 total
- age   3:     253208 bytes,    1245368 total
- age   4:     961184 bytes,    2206552 total
- age   5:     462984 bytes,    2669536 total
: 36973K->4042K(38080K), 0.0100140 secs] 121547K->88616K(174268K), 0.0102480 secs] [Times: user=0.01 sys=0.00, real=0.01 secs] 
Heap after GC invocations=316 (full 6):
 par new generation   total 38080K, used 4042K [0x0000000085c00000, 0x0000000088550000, 0x000000009a8c0000)
  eden space 33856K,   0% used [0x0000000085c00000, 0x0000000085c00000, 0x0000000087d10000)
  from space 4224K,  95% used [0x0000000087d10000, 0x00000000881029f8, 0x0000000088130000)
  to   space 4224K,   0% used [0x0000000088130000, 0x0000000088130000, 0x0000000088550000)
 concurrent mark-sweep generation total 136188K, used 84573K [0x000000009a8c0000, 0x00000000a2dbf000, 0x0000000100000000)
 Metaspace       used 121865K, capacity 129747K, committed 130404K, reserved 1163264K
  class space    used 14721K, capacity 16214K, committed 16484K, reserved 1048576K
}
2020-12-20T14:05:33.623+0000: 2745.954: Total time for which application threads were stopped: 0.0108427 seconds, Stopping threads took: 0.0000696 seconds
{Heap before GC invocations=316 (full 6):
 par new generation   total 38080K, used 37898K [0x0000000085c00000, 0x0000000088550000, 0x000000009a8c0000)
  eden space 33856K,  99% used [0x0000000085c00000, 0x0000000087d0ff00, 0x0000000087d10000)
  from space 4224K,  95% used [0x0000000087d10000, 0x00000000881029f8, 0x0000000088130000)
  to   space 4224K,   0% used [0x0000000088130000, 0x0000000088130000, 0x0000000088550000)
 concurrent mark-sweep generation total 136188K, used 84573K [0x000000009a8c0000, 0x00000000a2dbf000, 0x0000000100000000)
 Metaspace       used 122162K, capacity 130035K, committed 130660K, reserved 1163264K
  class space    used 14758K, capacity 16246K, committed 16484K, reserved 1048576K
2020-12-20T14:05:33.783+0000: 2746.113: [GC (Allocation Failure) 2020-12-20T14:05:33.783+0000: 2746.113: [ParNew
Desired survivor size 2162688 bytes, new threshold 6 (max 6)
- age   1:     458336 bytes,     458336 total
- age   2:     868440 bytes,    1326776 total
- age   3:     111848 bytes,    1438624 total
- age   4:     253208 bytes,    1691832 total
: 37898K->3268K(38080K), 0.0176282 secs] 122472K->89234K(174268K), 0.0178455 secs] [Times: user=0.02 sys=0.01, real=0.02 secs] 
Heap after GC invocations=317 (full 6):
 par new generation   total 38080K, used 3268K [0x0000000085c00000, 0x0000000088550000, 0x000000009a8c0000)
  eden space 33856K,   0% used [0x0000000085c00000, 0x0000000085c00000, 0x0000000087d10000)
  from space 4224K,  77% used [0x0000000088130000, 0x00000000884610d8, 0x0000000088550000)
  to   space 4224K,   0% used [0x0000000087d10000, 0x0000000087d10000, 0x0000000088130000)
 concurrent mark-sweep generation total 136188K, used 85966K [0x000000009a8c0000, 0x00000000a2dbf000, 0x0000000100000000)
 Metaspace       used 122162K, capacity 130035K, committed 130660K, reserved 1163264K
  class space    used 14758K, capacity 16246K, committed 16484K, reserved 1048576K
}
2020-12-20T14:05:33.801+0000: 2746.131: Total time for which application threads were stopped: 0.0184905 seconds, Stopping threads took: 0.0000790 seconds
2020-12-20T14:05:34.802+0000: 2747.132: Total time for which application threads were stopped: 0.0006639 seconds, Stopping threads took: 0.0000765 seconds
2020-12-20T14:05:35.802+0000: 2748.133: Total time for which application threads were stopped: 0.0006033 seconds, Stopping threads took: 0.0000917 seconds
2020-12-20T14:05:37.803+0000: 2750.133: Total time for which application threads were stopped: 0.0004859 seconds, Stopping threads took: 0.0000781 seconds
2020-12-20T14:05:38.804+0000: 2751.134: Total time for which application threads were stopped: 0.0004744 seconds, Stopping threads took: 0.0000816 seconds
2020-12-20T14:05:40.804+0000: 2753.135: Total time for which application threads were stopped: 0.0006017 seconds, Stopping threads took: 0.0001247 seconds
2020-12-20T14:05:45.806+0000: 2758.136: Total time for which application threads were stopped: 0.0006020 seconds, Stopping threads took: 0.0001545 seconds
2020-12-20T14:05:46.806+0000: 2759.137: Total time for which application threads were stopped: 0.0006261 seconds, Stopping threads took: 0.0000905 seconds
2020-12-20T14:05:48.807+0000: 2761.138: Total time for which application threads were stopped: 0.0005830 seconds, Stopping threads took: 0.0000917 seconds
2020-12-20T14:05:49.808+0000: 2762.138: Total time for which application threads were stopped: 0.0005549 seconds, Stopping threads took: 0.0000875 seconds
2020-12-20T14:05:50.809+0000: 2763.139: Total time for which application threads were stopped: 0.0005174 seconds, Stopping threads took: 0.0000846 seconds
2020-12-20T14:05:51.809+0000: 2764.140: Total time for which application threads were stopped: 0.0005251 seconds, Stopping threads took: 0.0000887 seconds
2020-12-20T14:05:52.810+0000: 2765.140: Total time for which application threads were stopped: 0.0004821 seconds, Stopping threads took: 0.0000845 seconds
2020-12-20T14:05:59.811+0000: 2772.142: Total time for which application threads were stopped: 0.0005636 seconds, Stopping threads took: 0.0001108 seconds
2020-12-20T14:06:00.812+0000: 2773.142: Total time for which application threads were stopped: 0.0004314 seconds, Stopping threads took: 0.0000698 seconds
2020-12-20T14:06:02.812+0000: 2775.143: Total time for which application threads were stopped: 0.0003837 seconds, Stopping threads took: 0.0000702 seconds
2020-12-20T14:06:06.814+0000: 2779.144: Total time for which application threads were stopped: 0.0005028 seconds, Stopping threads took: 0.0001348 seconds
2020-12-20T14:06:10.815+0000: 2783.145: Total time for which application threads were stopped: 0.0005524 seconds, Stopping threads took: 0.0000872 seconds
2020-12-20T14:06:17.816+0000: 2790.147: Total time for which application threads were stopped: 0.0004428 seconds, Stopping threads took: 0.0000734 seconds
{Heap before GC invocations=317 (full 6):
 par new generation   total 38080K, used 37124K [0x0000000085c00000, 0x0000000088550000, 0x000000009a8c0000)
  eden space 33856K, 100% used [0x0000000085c00000, 0x0000000087d10000, 0x0000000087d10000)
  from space 4224K,  77% used [0x0000000088130000, 0x00000000884610d8, 0x0000000088550000)
  to   space 4224K,   0% used [0x0000000087d10000, 0x0000000087d10000, 0x0000000088130000)
 concurrent mark-sweep generation total 136188K, used 85966K [0x000000009a8c0000, 0x00000000a2dbf000, 0x0000000100000000)
 Metaspace       used 122567K, capacity 130625K, committed 131044K, reserved 1163264K
  class space    used 14829K, capacity 16357K, committed 16612K, reserved 1048576K
2020-12-20T14:06:18.890+0000: 2791.221: [GC (Allocation Failure) 2020-12-20T14:06:18.890+0000: 2791.221: [ParNew
Desired survivor size 2162688 bytes, new threshold 5 (max 6)
- age   1:     967696 bytes,     967696 total
- age   2:     215288 bytes,    1182984 total
- age   3:     673056 bytes,    1856040 total
- age   4:      60024 bytes,    1916064 total
- age   5:     253192 bytes,    2169256 total
: 37124K->2718K(38080K), 0.0086087 secs] 123090K->88685K(174268K), 0.0088372 secs] [Times: user=0.03 sys=0.00, real=0.01 secs] 
Heap after GC invocations=318 (full 6):
 par new generation   total 38080K, used 2718K [0x0000000085c00000, 0x0000000088550000, 0x000000009a8c0000)
  eden space 33856K,   0% used [0x0000000085c00000, 0x0000000085c00000, 0x0000000087d10000)
  from space 4224K,  64% used [0x0000000087d10000, 0x0000000087fb7bd8, 0x0000000088130000)
  to   space 4224K,   0% used [0x0000000088130000, 0x0000000088130000, 0x0000000088550000)
 concurrent mark-sweep generation total 136188K, used 85966K [0x000000009a8c0000, 0x00000000a2dbf000, 0x0000000100000000)
 Metaspace       used 122567K, capacity 130625K, committed 131044K, reserved 1163264K
  class space    used 14829K, capacity 16357K, committed 16612K, reserved 1048576K
}
2020-12-20T14:06:18.899+0000: 2791.230: Total time for which application threads were stopped: 0.0098706 seconds, Stopping threads took: 0.0001601 seconds
2020-12-20T14:06:19.900+0000: 2792.230: Total time for which application threads were stopped: 0.0005839 seconds, Stopping threads took: 0.0000839 seconds
2020-12-20T14:06:27.901+0000: 2800.232: Total time for which application threads were stopped: 0.0005975 seconds, Stopping threads took: 0.0000853 seconds
2020-12-20T14:06:32.902+0000: 2805.233: Total time for which application threads were stopped: 0.0004656 seconds, Stopping threads took: 0.0000778 seconds
2020-12-20T14:06:34.903+0000: 2807.233: Total time for which application threads were stopped: 0.0004471 seconds, Stopping threads took: 0.0000737 seconds
2020-12-20T14:06:48.905+0000: 2821.236: Total time for which application threads were stopped: 0.0005444 seconds, Stopping threads took: 0.0000862 seconds
2020-12-20T14:06:50.906+0000: 2823.236: Total time for which application threads were stopped: 0.0005050 seconds, Stopping threads took: 0.0000909 seconds
2020-12-20T14:07:01.908+0000: 2834.238: Total time for which application threads were stopped: 0.0003888 seconds, Stopping threads took: 0.0000730 seconds
2020-12-20T14:07:04.909+0000: 2837.239: Total time for which application threads were stopped: 0.0004847 seconds, Stopping threads took: 0.0000851 seconds
2020-12-20T14:07:12.910+0000: 2845.241: Total time for which application threads were stopped: 0.0004389 seconds, Stopping threads took: 0.0000816 seconds
2020-12-20T14:07:13.911+0000: 2846.241: Total time for which application threads were stopped: 0.0004090 seconds, Stopping threads took: 0.0000749 seconds
2020-12-20T14:07:26.913+0000: 2859.243: Total time for which application threads were stopped: 0.0004478 seconds, Stopping threads took: 0.0000743 seconds
2020-12-20T14:07:31.914+0000: 2864.244: Total time for which application threads were stopped: 0.0004986 seconds, Stopping threads took: 0.0000871 seconds
{Heap before GC invocations=318 (full 6):
 par new generation   total 38080K, used 36574K [0x0000000085c00000, 0x0000000088550000, 0x000000009a8c0000)
  eden space 33856K, 100% used [0x0000000085c00000, 0x0000000087d10000, 0x0000000087d10000)
  from space 4224K,  64% used [0x0000000087d10000, 0x0000000087fb7bd8, 0x0000000088130000)
  to   space 4224K,   0% used [0x0000000088130000, 0x0000000088130000, 0x0000000088550000)
 concurrent mark-sweep generation total 136188K, used 85966K [0x000000009a8c0000, 0x00000000a2dbf000, 0x0000000100000000)
 Metaspace       used 122604K, capacity 130633K, committed 131044K, reserved 1163264K
  class space    used 14829K, capacity 16357K, committed 16612K, reserved 1048576K
2020-12-20T14:07:42.901+0000: 2875.232: [GC (Allocation Failure) 2020-12-20T14:07:42.901+0000: 2875.232: [ParNew
Desired survivor size 2162688 bytes, new threshold 6 (max 6)
- age   1:     237736 bytes,     237736 total
- age   2:     868184 bytes,    1105920 total
- age   3:     214040 bytes,    1319960 total
- age   4:     638376 bytes,    1958336 total
- age   5:      59608 bytes,    2017944 total
: 36574K->2698K(38080K), 0.0203964 secs] 122541K->88912K(174268K), 0.0206828 secs] [Times: user=0.03 sys=0.00, real=0.02 secs] 
Heap after GC invocations=319 (full 6):
 par new generation   total 38080K, used 2698K [0x0000000085c00000, 0x0000000088550000, 0x000000009a8c0000)
  eden space 33856K,   0% used [0x0000000085c00000, 0x0000000085c00000, 0x0000000087d10000)
  from space 4224K,  63% used [0x0000000088130000, 0x00000000883d2820, 0x0000000088550000)
  to   space 4224K,   0% used [0x0000000087d10000, 0x0000000087d10000, 0x0000000088130000)
 concurrent mark-sweep generation total 136188K, used 86214K [0x000000009a8c0000, 0x00000000a2dbf000, 0x0000000100000000)
 Metaspace       used 122604K, capacity 130633K, committed 131044K, reserved 1163264K
  class space    used 14829K, capacity 16357K, committed 16612K, reserved 1048576K
}
2020-12-20T14:07:42.922+0000: 2875.253: Total time for which application threads were stopped: 0.0213721 seconds, Stopping threads took: 0.0000805 seconds
2020-12-20T14:07:45.923+0000: 2878.253: Total time for which application threads were stopped: 0.0004993 seconds, Stopping threads took: 0.0000873 seconds
2020-12-20T14:07:52.924+0000: 2885.255: Total time for which application threads were stopped: 0.0004842 seconds, Stopping threads took: 0.0000839 seconds
2020-12-20T14:07:56.925+0000: 2889.255: Total time for which application threads were stopped: 0.0004950 seconds, Stopping threads took: 0.0000869 seconds
2020-12-20T14:08:00.926+0000: 2893.256: Total time for which application threads were stopped: 0.0004522 seconds, Stopping threads took: 0.0000757 seconds
2020-12-20T14:08:01.927+0000: 2894.257: Total time for which application threads were stopped: 0.0006190 seconds, Stopping threads took: 0.0000827 seconds
2020-12-20T14:08:13.929+0000: 2906.259: Total time for which application threads were stopped: 0.0005720 seconds, Stopping threads took: 0.0000960 seconds
2020-12-20T14:08:14.930+0000: 2907.260: Total time for which application threads were stopped: 0.0003834 seconds, Stopping threads took: 0.0000689 seconds
2020-12-20T14:08:15.930+0000: 2908.260: Total time for which application threads were stopped: 0.0004084 seconds, Stopping threads took: 0.0000721 seconds
2020-12-20T14:08:16.931+0000: 2909.261: Total time for which application threads were stopped: 0.0003886 seconds, Stopping threads took: 0.0000707 seconds
2020-12-20T14:08:20.932+0000: 2913.262: Total time for which application threads were stopped: 0.0004759 seconds, Stopping threads took: 0.0000772 seconds
2020-12-20T14:08:23.933+0000: 2916.263: Total time for which application threads were stopped: 0.0005609 seconds, Stopping threads took: 0.0000862 seconds
2020-12-20T14:08:24.933+0000: 2917.264: Total time for which application threads were stopped: 0.0006018 seconds, Stopping threads took: 0.0000882 seconds
2020-12-20T14:08:25.934+0000: 2918.264: Total time for which application threads were stopped: 0.0003936 seconds, Stopping threads took: 0.0000721 seconds
2020-12-20T14:08:32.935+0000: 2925.266: Total time for which application threads were stopped: 0.0005127 seconds, Stopping threads took: 0.0000873 seconds
2020-12-20T14:08:34.936+0000: 2927.267: Total time for which application threads were stopped: 0.0004502 seconds, Stopping threads took: 0.0000731 seconds
2020-12-20T14:08:37.937+0000: 2930.268: Total time for which application threads were stopped: 0.0006376 seconds, Stopping threads took: 0.0000893 seconds
2020-12-20T14:08:38.938+0000: 2931.268: Total time for which application threads were stopped: 0.0005597 seconds, Stopping threads took: 0.0000864 seconds
2020-12-20T14:08:43.939+0000: 2936.270: Total time for which application threads were stopped: 0.0004867 seconds, Stopping threads took: 0.0000804 seconds
2020-12-20T14:08:45.940+0000: 2938.270: Total time for which application threads were stopped: 0.0003931 seconds, Stopping threads took: 0.0000714 seconds
2020-12-20T14:08:46.941+0000: 2939.271: Total time for which application threads were stopped: 0.0004464 seconds, Stopping threads took: 0.0000749 seconds
2020-12-20T14:08:49.941+0000: 2942.272: Total time for which application threads were stopped: 0.0004762 seconds, Stopping threads took: 0.0000792 seconds
2020-12-20T14:09:00.943+0000: 2953.274: Total time for which application threads were stopped: 0.0005311 seconds, Stopping threads took: 0.0000844 seconds
2020-12-20T14:09:01.944+0000: 2954.274: Total time for which application threads were stopped: 0.0006631 seconds, Stopping threads took: 0.0001519 seconds
{Heap before GC invocations=319 (full 6):
 par new generation   total 38080K, used 36554K [0x0000000085c00000, 0x0000000088550000, 0x000000009a8c0000)
  eden space 33856K, 100% used [0x0000000085c00000, 0x0000000087d10000, 0x0000000087d10000)
  from space 4224K,  63% used [0x0000000088130000, 0x00000000883d2820, 0x0000000088550000)
  to   space 4224K,   0% used [0x0000000087d10000, 0x0000000087d10000, 0x0000000088130000)
 concurrent mark-sweep generation total 136188K, used 86214K [0x000000009a8c0000, 0x00000000a2dbf000, 0x0000000100000000)
 Metaspace       used 122634K, capacity 130701K, committed 131300K, reserved 1163264K
  class space    used 14829K, capacity 16357K, committed 16612K, reserved 1048576K
2020-12-20T14:09:03.584+0000: 2955.915: [GC (Allocation Failure) 2020-12-20T14:09:03.585+0000: 2955.915: [ParNew
Desired survivor size 2162688 bytes, new threshold 5 (max 6)
- age   1:     555032 bytes,     555032 total
- age   2:      87992 bytes,     643024 total
- age   3:     832760 bytes,    1475784 total
- age   4:     214064 bytes,    1689848 total
- age   5:     567008 bytes,    2256856 total
- age   6:      59560 bytes,    2316416 total
: 36554K->2891K(38080K), 0.0086544 secs] 122768K->89106K(174268K), 0.0089834 secs] [Times: user=0.03 sys=0.00, real=0.01 secs] 
Heap after GC invocations=320 (full 6):
 par new generation   total 38080K, used 2891K [0x0000000085c00000, 0x0000000088550000, 0x000000009a8c0000)
  eden space 33856K,   0% used [0x0000000085c00000, 0x0000000085c00000, 0x0000000087d10000)
  from space 4224K,  68% used [0x0000000087d10000, 0x0000000087fe2e20, 0x0000000088130000)
  to   space 4224K,   0% used [0x0000000088130000, 0x0000000088130000, 0x0000000088550000)
 concurrent mark-sweep generation total 136188K, used 86214K [0x000000009a8c0000, 0x00000000a2dbf000, 0x0000000100000000)
 Metaspace       used 122634K, capacity 130701K, committed 131300K, reserved 1163264K
  class space    used 14829K, capacity 16357K, committed 16612K, reserved 1048576K
}
2020-12-20T14:09:03.594+0000: 2955.924: Total time for which application threads were stopped: 0.0097242 seconds, Stopping threads took: 0.0000961 seconds
2020-12-20T14:09:04.594+0000: 2956.925: Total time for which application threads were stopped: 0.0005043 seconds, Stopping threads took: 0.0000979 seconds
2020-12-20T14:09:05.595+0000: 2957.925: Total time for which application threads were stopped: 0.0005334 seconds, Stopping threads took: 0.0000979 seconds
2020-12-20T14:09:06.595+0000: 2958.926: Total time for which application threads were stopped: 0.0004875 seconds, Stopping threads took: 0.0000858 seconds
2020-12-20T14:09:07.596+0000: 2959.927: Total time for which application threads were stopped: 0.0004808 seconds, Stopping threads took: 0.0000736 seconds
2020-12-20T14:09:13.597+0000: 2965.928: Total time for which application threads were stopped: 0.0004387 seconds, Stopping threads took: 0.0000743 seconds
2020-12-20T14:09:14.598+0000: 2966.928: Total time for which application threads were stopped: 0.0003886 seconds, Stopping threads took: 0.0000699 seconds
2020-12-20T14:09:16.599+0000: 2968.929: Total time for which application threads were stopped: 0.0005174 seconds, Stopping threads took: 0.0000888 seconds
2020-12-20T14:09:17.599+0000: 2969.930: Total time for which application threads were stopped: 0.0005032 seconds, Stopping threads took: 0.0000860 seconds
2020-12-20T14:09:23.600+0000: 2975.931: Total time for which application threads were stopped: 0.0004073 seconds, Stopping threads took: 0.0000696 seconds
2020-12-20T14:09:26.601+0000: 2978.932: Total time for which application threads were stopped: 0.0005204 seconds, Stopping threads took: 0.0000868 seconds
2020-12-20T14:09:27.602+0000: 2979.932: Total time for which application threads were stopped: 0.0003953 seconds, Stopping threads took: 0.0000733 seconds
2020-12-20T14:09:29.602+0000: 2981.933: Total time for which application threads were stopped: 0.0005227 seconds, Stopping threads took: 0.0000895 seconds
2020-12-20T14:09:35.604+0000: 2987.934: Total time for which application threads were stopped: 0.0004842 seconds, Stopping threads took: 0.0000812 seconds
2020-12-20T14:09:40.605+0000: 2992.935: Total time for which application threads were stopped: 0.0005078 seconds, Stopping threads took: 0.0000694 seconds
2020-12-20T14:09:43.606+0000: 2995.936: Total time for which application threads were stopped: 0.0005100 seconds, Stopping threads took: 0.0000917 seconds
2020-12-20T14:09:45.607+0000: 2997.937: Total time for which application threads were stopped: 0.0004695 seconds, Stopping threads took: 0.0000738 seconds
2020-12-20T14:09:47.607+0000: 2999.938: Total time for which application threads were stopped: 0.0004328 seconds, Stopping threads took: 0.0000721 seconds
2020-12-20T14:09:48.608+0000: 3000.938: Total time for which application threads were stopped: 0.0004996 seconds, Stopping threads took: 0.0000928 seconds
2020-12-20T14:09:49.608+0000: 3001.939: Total time for which application threads were stopped: 0.0004919 seconds, Stopping threads took: 0.0000916 seconds
2020-12-20T14:09:50.609+0000: 3002.939: Total time for which application threads were stopped: 0.0004512 seconds, Stopping threads took: 0.0000819 seconds
2020-12-20T14:09:51.610+0000: 3003.940: Total time for which application threads were stopped: 0.0004897 seconds, Stopping threads took: 0.0000906 seconds
2020-12-20T14:09:55.611+0000: 3007.941: Total time for which application threads were stopped: 0.0004837 seconds, Stopping threads took: 0.0000846 seconds
{Heap before GC invocations=320 (full 6):
 par new generation   total 38080K, used 36747K [0x0000000085c00000, 0x0000000088550000, 0x000000009a8c0000)
  eden space 33856K, 100% used [0x0000000085c00000, 0x0000000087d10000, 0x0000000087d10000)
  from space 4224K,  68% used [0x0000000087d10000, 0x0000000087fe2e20, 0x0000000088130000)
  to   space 4224K,   0% used [0x0000000088130000, 0x0000000088130000, 0x0000000088550000)
 concurrent mark-sweep generation total 136188K, used 86214K [0x000000009a8c0000, 0x00000000a2dbf000, 0x0000000100000000)
 Metaspace       used 122863K, capacity 131001K, committed 131556K, reserved 1165312K
  class space    used 14842K, capacity 16375K, committed 16612K, reserved 1048576K
2020-12-20T14:09:56.830+0000: 3009.160: [GC (Allocation Failure) 2020-12-20T14:09:56.830+0000: 3009.160: [ParNew
Desired survivor size 2162688 bytes, new threshold 6 (max 6)
- age   1:     625680 bytes,     625680 total
- age   2:     230808 bytes,     856488 total
- age   3:      79144 bytes,     935632 total
- age   4:     792024 bytes,    1727656 total
- age   5:     213936 bytes,    1941592 total
: 36747K->2724K(38080K), 0.0085182 secs] 122962K->89544K(174268K), 0.0087780 secs] [Times: user=0.03 sys=0.00, real=0.01 secs] 
Heap after GC invocations=321 (full 6):
 par new generation   total 38080K, used 2724K [0x0000000085c00000, 0x0000000088550000, 0x000000009a8c0000)
  eden space 33856K,   0% used [0x0000000085c00000, 0x0000000085c00000, 0x0000000087d10000)
  from space 4224K,  64% used [0x0000000088130000, 0x00000000883d9358, 0x0000000088550000)
  to   space 4224K,   0% used [0x0000000087d10000, 0x0000000087d10000, 0x0000000088130000)
 concurrent mark-sweep generation total 136188K, used 86819K [0x000000009a8c0000, 0x00000000a2dbf000, 0x0000000100000000)
 Metaspace       used 122863K, capacity 131001K, committed 131556K, reserved 1165312K
  class space    used 14842K, capacity 16375K, committed 16612K, reserved 1048576K
}
2020-12-20T14:09:56.839+0000: 3009.169: Total time for which application threads were stopped: 0.0095113 seconds, Stopping threads took: 0.0000823 seconds
2020-12-20T14:09:57.839+0000: 3010.170: Total time for which application threads were stopped: 0.0004531 seconds, Stopping threads took: 0.0000755 seconds
2020-12-20T14:09:59.840+0000: 3012.171: Total time for which application threads were stopped: 0.0005682 seconds, Stopping threads took: 0.0000972 seconds
2020-12-20T14:10:01.841+0000: 3014.171: Total time for which application threads were stopped: 0.0004907 seconds, Stopping threads took: 0.0000838 seconds
2020-12-20T14:10:02.842+0000: 3015.172: Total time for which application threads were stopped: 0.0005546 seconds, Stopping threads took: 0.0000835 seconds
2020-12-20T14:10:03.842+0000: 3016.173: Total time for which application threads were stopped: 0.0004917 seconds, Stopping threads took: 0.0000820 seconds
2020-12-20T14:10:04.029+0000: 3016.360: Total time for which application threads were stopped: 0.0037026 seconds, Stopping threads took: 0.0000758 seconds
2020-12-20T14:10:04.070+0000: 3016.401: Total time for which application threads were stopped: 0.0038410 seconds, Stopping threads took: 0.0001197 seconds
2020-12-20T14:10:05.071+0000: 3017.402: Total time for which application threads were stopped: 0.0005771 seconds, Stopping threads took: 0.0000901 seconds
{Heap before GC invocations=321 (full 6):
 par new generation   total 38080K, used 36580K [0x0000000085c00000, 0x0000000088550000, 0x000000009a8c0000)
  eden space 33856K, 100% used [0x0000000085c00000, 0x0000000087d10000, 0x0000000087d10000)
  from space 4224K,  64% used [0x0000000088130000, 0x00000000883d9358, 0x0000000088550000)
  to   space 4224K,   0% used [0x0000000087d10000, 0x0000000087d10000, 0x0000000088130000)
 concurrent mark-sweep generation total 136188K, used 86819K [0x000000009a8c0000, 0x00000000a2dbf000, 0x0000000100000000)
 Metaspace       used 123360K, capacity 131563K, committed 131812K, reserved 1165312K
  class space    used 14895K, capacity 16458K, committed 16612K, reserved 1048576K
2020-12-20T14:10:05.491+0000: 3017.821: [GC (Allocation Failure) 2020-12-20T14:10:05.491+0000: 3017.821: [ParNew
Desired survivor size 2162688 bytes, new threshold 5 (max 6)
- age   1:    1033360 bytes,    1033360 total
- age   2:     544864 bytes,    1578224 total
- age   3:     230280 bytes,    1808504 total
- age   4:      79008 bytes,    1887512 total
- age   5:     780768 bytes,    2668280 total
- age   6:     213896 bytes,    2882176 total
: 36580K->3482K(38080K), 0.0148317 secs] 123400K->90302K(174268K), 0.0150728 secs] [Times: user=0.03 sys=0.00, real=0.02 secs] 
Heap after GC invocations=322 (full 6):
 par new generation   total 38080K, used 3482K [0x0000000085c00000, 0x0000000088550000, 0x000000009a8c0000)
  eden space 33856K,   0% used [0x0000000085c00000, 0x0000000085c00000, 0x0000000087d10000)
  from space 4224K,  82% used [0x0000000087d10000, 0x0000000088076960, 0x0000000088130000)
  to   space 4224K,   0% used [0x0000000088130000, 0x0000000088130000, 0x0000000088550000)
 concurrent mark-sweep generation total 136188K, used 86819K [0x000000009a8c0000, 0x00000000a2dbf000, 0x0000000100000000)
 Metaspace       used 123360K, capacity 131563K, committed 131812K, reserved 1165312K
  class space    used 14895K, capacity 16458K, committed 16612K, reserved 1048576K
}
2020-12-20T14:10:05.506+0000: 3017.836: Total time for which application threads were stopped: 0.0157919 seconds, Stopping threads took: 0.0001408 seconds
2020-12-20T14:10:06.507+0000: 3018.838: Total time for which application threads were stopped: 0.0005598 seconds, Stopping threads took: 0.0000888 seconds
2020-12-20T14:10:09.508+0000: 3021.838: Total time for which application threads were stopped: 0.0004286 seconds, Stopping threads took: 0.0000896 seconds
2020-12-20T14:10:13.509+0000: 3025.839: Total time for which application threads were stopped: 0.0005075 seconds, Stopping threads took: 0.0000900 seconds
2020-12-20T14:10:14.509+0000: 3026.840: Total time for which application threads were stopped: 0.0004309 seconds, Stopping threads took: 0.0000772 seconds
2020-12-20T14:10:17.510+0000: 3029.841: Total time for which application threads were stopped: 0.0003988 seconds, Stopping threads took: 0.0000749 seconds
2020-12-20T14:10:19.511+0000: 3031.841: Total time for which application threads were stopped: 0.0003945 seconds, Stopping threads took: 0.0000738 seconds
2020-12-20T14:10:27.512+0000: 3039.843: Total time for which application threads were stopped: 0.0004516 seconds, Stopping threads took: 0.0000757 seconds
2020-12-20T14:10:28.513+0000: 3040.843: Total time for which application threads were stopped: 0.0004537 seconds, Stopping threads took: 0.0000749 seconds
2020-12-20T14:10:29.514+0000: 3041.844: Total time for which application threads were stopped: 0.0004670 seconds, Stopping threads took: 0.0000857 seconds
2020-12-20T14:10:32.514+0000: 3044.845: Total time for which application threads were stopped: 0.0005631 seconds, Stopping threads took: 0.0000862 seconds
2020-12-20T14:10:33.515+0000: 3045.845: Total time for which application threads were stopped: 0.0003930 seconds, Stopping threads took: 0.0000703 seconds
2020-12-20T14:10:35.516+0000: 3047.846: Total time for which application threads were stopped: 0.0004171 seconds, Stopping threads took: 0.0000854 seconds
2020-12-20T14:10:40.517+0000: 3052.847: Total time for which application threads were stopped: 0.0005170 seconds, Stopping threads took: 0.0000881 seconds
2020-12-20T14:10:42.518+0000: 3054.848: Total time for which application threads were stopped: 0.0005638 seconds, Stopping threads took: 0.0001353 seconds
2020-12-20T14:10:45.519+0000: 3057.849: Total time for which application threads were stopped: 0.0005434 seconds, Stopping threads took: 0.0000929 seconds
2020-12-20T14:10:51.520+0000: 3063.850: Total time for which application threads were stopped: 0.0005441 seconds, Stopping threads took: 0.0000950 seconds
2020-12-20T14:10:53.521+0000: 3065.851: Total time for which application threads were stopped: 0.0005074 seconds, Stopping threads took: 0.0001391 seconds
2020-12-20T14:10:55.521+0000: 3067.852: Total time for which application threads were stopped: 0.0006568 seconds, Stopping threads took: 0.0000899 seconds
2020-12-20T14:10:59.522+0000: 3071.853: Total time for which application threads were stopped: 0.0005519 seconds, Stopping threads took: 0.0000902 seconds
2020-12-20T14:11:02.523+0000: 3074.854: Total time for which application threads were stopped: 0.0005144 seconds, Stopping threads took: 0.0000945 seconds
2020-12-20T14:11:04.524+0000: 3076.854: Total time for which application threads were stopped: 0.0005031 seconds, Stopping threads took: 0.0000856 seconds
2020-12-20T14:11:05.525+0000: 3077.855: Total time for which application threads were stopped: 0.0004778 seconds, Stopping threads took: 0.0000778 seconds
2020-12-20T14:11:08.526+0000: 3080.856: Total time for which application threads were stopped: 0.0006498 seconds, Stopping threads took: 0.0001171 seconds
2020-12-20T14:11:10.526+0000: 3082.857: Total time for which application threads were stopped: 0.0005543 seconds, Stopping threads took: 0.0000945 seconds
{Heap before GC invocations=322 (full 6):
 par new generation   total 38080K, used 37338K [0x0000000085c00000, 0x0000000088550000, 0x000000009a8c0000)
  eden space 33856K, 100% used [0x0000000085c00000, 0x0000000087d10000, 0x0000000087d10000)
  from space 4224K,  82% used [0x0000000087d10000, 0x0000000088076960, 0x0000000088130000)
  to   space 4224K,   0% used [0x0000000088130000, 0x0000000088130000, 0x0000000088550000)
 concurrent mark-sweep generation total 136188K, used 86819K [0x000000009a8c0000, 0x00000000a2dbf000, 0x0000000100000000)
 Metaspace       used 123417K, capacity 131647K, committed 132068K, reserved 1165312K
  class space    used 14900K, capacity 16464K, committed 16612K, reserved 1048576K
2020-12-20T14:11:12.285+0000: 3084.616: [GC (Allocation Failure) 2020-12-20T14:11:12.286+0000: 3084.616: [ParNew
Desired survivor size 2162688 bytes, new threshold 6 (max 6)
- age   1:     135296 bytes,     135296 total
- age   2:     710016 bytes,     845312 total
- age   3:     541024 bytes,    1386336 total
- age   4:     230096 bytes,    1616432 total
- age   5:      79008 bytes,    1695440 total
: 37338K->2571K(38080K), 0.0158090 secs] 124158K->90293K(174268K), 0.0160228 secs] [Times: user=0.03 sys=0.00, real=0.01 secs] 
Heap after GC invocations=323 (full 6):
 par new generation   total 38080K, used 2571K [0x0000000085c00000, 0x0000000088550000, 0x000000009a8c0000)
  eden space 33856K,   0% used [0x0000000085c00000, 0x0000000085c00000, 0x0000000087d10000)
  from space 4224K,  60% used [0x0000000088130000, 0x00000000883b2dd0, 0x0000000088550000)
  to   space 4224K,   0% used [0x0000000087d10000, 0x0000000087d10000, 0x0000000088130000)
 concurrent mark-sweep generation total 136188K, used 87721K [0x000000009a8c0000, 0x00000000a2dbf000, 0x0000000100000000)
 Metaspace       used 123417K, capacity 131647K, committed 132068K, reserved 1165312K
  class space    used 14900K, capacity 16464K, committed 16612K, reserved 1048576K
}
2020-12-20T14:11:12.302+0000: 3084.632: Total time for which application threads were stopped: 0.0184155 seconds, Stopping threads took: 0.0017562 seconds
2020-12-20T14:11:13.302+0000: 3085.633: Total time for which application threads were stopped: 0.0005151 seconds, Stopping threads took: 0.0000849 seconds
2020-12-20T14:11:15.303+0000: 3087.633: Total time for which application threads were stopped: 0.0004316 seconds, Stopping threads took: 0.0000760 seconds
2020-12-20T14:11:16.303+0000: 3088.634: Total time for which application threads were stopped: 0.0004799 seconds, Stopping threads took: 0.0000853 seconds
2020-12-20T14:11:17.304+0000: 3089.635: Total time for which application threads were stopped: 0.0006454 seconds, Stopping threads took: 0.0000890 seconds
2020-12-20T14:11:20.305+0000: 3092.636: Total time for which application threads were stopped: 0.0005487 seconds, Stopping threads took: 0.0000823 seconds
2020-12-20T14:11:21.306+0000: 3093.636: Total time for which application threads were stopped: 0.0004922 seconds, Stopping threads took: 0.0000837 seconds
2020-12-20T14:11:23.307+0000: 3095.637: Total time for which application threads were stopped: 0.0004941 seconds, Stopping threads took: 0.0000817 seconds
2020-12-20T14:11:29.308+0000: 3101.638: Total time for which application threads were stopped: 0.0004651 seconds, Stopping threads took: 0.0000859 seconds
2020-12-20T14:11:32.309+0000: 3104.639: Total time for which application threads were stopped: 0.0004151 seconds, Stopping threads took: 0.0000718 seconds
2020-12-20T14:11:34.309+0000: 3106.640: Total time for which application threads were stopped: 0.0004263 seconds, Stopping threads took: 0.0000732 seconds
2020-12-20T14:11:40.310+0000: 3112.641: Total time for which application threads were stopped: 0.0004934 seconds, Stopping threads took: 0.0000899 seconds
2020-12-20T14:11:51.312+0000: 3123.642: Total time for which application threads were stopped: 0.0005067 seconds, Stopping threads took: 0.0000915 seconds
2020-12-20T14:11:59.314+0000: 3131.644: Total time for which application threads were stopped: 0.0004720 seconds, Stopping threads took: 0.0000901 seconds
2020-12-20T14:12:02.314+0000: 3134.645: Total time for which application threads were stopped: 0.0005254 seconds, Stopping threads took: 0.0000935 seconds
2020-12-20T14:12:09.316+0000: 3141.646: Total time for which application threads were stopped: 0.0005978 seconds, Stopping threads took: 0.0000956 seconds
2020-12-20T14:12:16.317+0000: 3148.648: Total time for which application threads were stopped: 0.0005109 seconds, Stopping threads took: 0.0000846 seconds
2020-12-20T14:12:20.318+0000: 3152.649: Total time for which application threads were stopped: 0.0005437 seconds, Stopping threads took: 0.0000833 seconds
2020-12-20T14:12:21.319+0000: 3153.649: Total time for which application threads were stopped: 0.0003861 seconds, Stopping threads took: 0.0000676 seconds
{Heap before GC invocations=323 (full 6):
 par new generation   total 38080K, used 36427K [0x0000000085c00000, 0x0000000088550000, 0x000000009a8c0000)
  eden space 33856K, 100% used [0x0000000085c00000, 0x0000000087d10000, 0x0000000087d10000)
  from space 4224K,  60% used [0x0000000088130000, 0x00000000883b2dd0, 0x0000000088550000)
  to   space 4224K,   0% used [0x0000000087d10000, 0x0000000087d10000, 0x0000000088130000)
 concurrent mark-sweep generation total 136188K, used 87721K [0x000000009a8c0000, 0x00000000a2dbf000, 0x0000000100000000)
 Metaspace       used 123477K, capacity 131723K, committed 132068K, reserved 1165312K
  class space    used 14900K, capacity 16464K, committed 16612K, reserved 1048576K
2020-12-20T14:12:23.613+0000: 3155.943: [GC (Allocation Failure) 2020-12-20T14:12:23.613+0000: 3155.943: [ParNew
Desired survivor size 2162688 bytes, new threshold 6 (max 6)
- age   1:     141424 bytes,     141424 total
- age   2:      73520 bytes,     214944 total
- age   3:     699016 bytes,     913960 total
- age   4:     538872 bytes,    1452832 total
- age   5:     230096 bytes,    1682928 total
- age   6:      79008 bytes,    1761936 total
: 36427K->2354K(38080K), 0.0156919 secs] 124149K->90075K(174268K), 0.0158952 secs] [Times: user=0.03 sys=0.00, real=0.02 secs] 
Heap after GC invocations=324 (full 6):
 par new generation   total 38080K, used 2354K [0x0000000085c00000, 0x0000000088550000, 0x000000009a8c0000)
  eden space 33856K,   0% used [0x0000000085c00000, 0x0000000085c00000, 0x0000000087d10000)
  from space 4224K,  55% used [0x0000000087d10000, 0x0000000087f5c868, 0x0000000088130000)
  to   space 4224K,   0% used [0x0000000088130000, 0x0000000088130000, 0x0000000088550000)
 concurrent mark-sweep generation total 136188K, used 87721K [0x000000009a8c0000, 0x00000000a2dbf000, 0x0000000100000000)
 Metaspace       used 123477K, capacity 131723K, committed 132068K, reserved 1165312K
  class space    used 14900K, capacity 16464K, committed 16612K, reserved 1048576K
}
2020-12-20T14:12:23.629+0000: 3155.959: Total time for which application threads were stopped: 0.0166425 seconds, Stopping threads took: 0.0000803 seconds
2020-12-20T14:12:25.629+0000: 3157.960: Total time for which application threads were stopped: 0.0004144 seconds, Stopping threads took: 0.0000738 seconds
2020-12-20T14:12:32.631+0000: 3164.961: Total time for which application threads were stopped: 0.0004017 seconds, Stopping threads took: 0.0000767 seconds
2020-12-20T14:12:44.633+0000: 3176.963: Total time for which application threads were stopped: 0.0007853 seconds, Stopping threads took: 0.0001090 seconds
2020-12-20T14:12:56.635+0000: 3188.965: Total time for which application threads were stopped: 0.0005639 seconds, Stopping threads took: 0.0000975 seconds
2020-12-20T14:12:59.636+0000: 3191.966: Total time for which application threads were stopped: 0.0004606 seconds, Stopping threads took: 0.0000745 seconds
2020-12-20T14:13:00.636+0000: 3192.967: Total time for which application threads were stopped: 0.0004714 seconds, Stopping threads took: 0.0000759 seconds
2020-12-20T14:13:02.637+0000: 3194.968: Total time for which application threads were stopped: 0.0005115 seconds, Stopping threads took: 0.0000738 seconds
2020-12-20T14:13:05.638+0000: 3197.968: Total time for which application threads were stopped: 0.0005628 seconds, Stopping threads took: 0.0000959 seconds
2020-12-20T14:13:18.640+0000: 3210.971: Total time for which application threads were stopped: 0.0004612 seconds, Stopping threads took: 0.0000748 seconds
2020-12-20T14:13:19.641+0000: 3211.971: Total time for which application threads were stopped: 0.0004525 seconds, Stopping threads took: 0.0000748 seconds
2020-12-20T14:13:36.644+0000: 3228.974: Total time for which application threads were stopped: 0.0006239 seconds, Stopping threads took: 0.0001240 seconds
2020-12-20T14:13:44.645+0000: 3236.975: Total time for which application threads were stopped: 0.0005125 seconds, Stopping threads took: 0.0000875 seconds
{Heap before GC invocations=324 (full 6):
 par new generation   total 38080K, used 36210K [0x0000000085c00000, 0x0000000088550000, 0x000000009a8c0000)
  eden space 33856K, 100% used [0x0000000085c00000, 0x0000000087d10000, 0x0000000087d10000)
  from space 4224K,  55% used [0x0000000087d10000, 0x0000000087f5c868, 0x0000000088130000)
  to   space 4224K,   0% used [0x0000000088130000, 0x0000000088130000, 0x0000000088550000)
 concurrent mark-sweep generation total 136188K, used 87721K [0x000000009a8c0000, 0x00000000a2dbf000, 0x0000000100000000)
 Metaspace       used 123494K, capacity 131791K, committed 132068K, reserved 1165312K
  class space    used 14900K, capacity 16464K, committed 16612K, reserved 1048576K
2020-12-20T14:13:50.154+0000: 3242.484: [GC (Allocation Failure) 2020-12-20T14:13:50.154+0000: 3242.485: [ParNew
Desired survivor size 2162688 bytes, new threshold 6 (max 6)
- age   1:     342208 bytes,     342208 total
- age   2:      50936 bytes,     393144 total
- age   3:      73312 bytes,     466456 total
- age   4:     699016 bytes,    1165472 total
- age   5:     471128 bytes,    1636600 total
- age   6:     122128 bytes,    1758728 total
: 36210K->2201K(38080K), 0.0264815 secs] 123931K->90000K(174268K), 0.0267847 secs] [Times: user=0.03 sys=0.01, real=0.03 secs] 
Heap after GC invocations=325 (full 6):
 par new generation   total 38080K, used 2201K [0x0000000085c00000, 0x0000000088550000, 0x000000009a8c0000)
  eden space 33856K,   0% used [0x0000000085c00000, 0x0000000085c00000, 0x0000000087d10000)
  from space 4224K,  52% used [0x0000000088130000, 0x0000000088356690, 0x0000000088550000)
  to   space 4224K,   0% used [0x0000000087d10000, 0x0000000087d10000, 0x0000000088130000)
 concurrent mark-sweep generation total 136188K, used 87798K [0x000000009a8c0000, 0x00000000a2dbf000, 0x0000000100000000)
 Metaspace       used 123494K, capacity 131791K, committed 132068K, reserved 1165312K
  class space    used 14900K, capacity 16464K, committed 16612K, reserved 1048576K
}
2020-12-20T14:13:50.181+0000: 3242.511: Total time for which application threads were stopped: 0.0274744 seconds, Stopping threads took: 0.0000795 seconds
2020-12-20T14:13:51.182+0000: 3243.512: Total time for which application threads were stopped: 0.0005622 seconds, Stopping threads took: 0.0001050 seconds
2020-12-20T14:14:02.183+0000: 3254.514: Total time for which application threads were stopped: 0.0004998 seconds, Stopping threads took: 0.0000871 seconds
2020-12-20T14:14:08.184+0000: 3260.515: Total time for which application threads were stopped: 0.0005147 seconds, Stopping threads took: 0.0000855 seconds
2020-12-20T14:14:30.187+0000: 3282.518: Total time for which application threads were stopped: 0.0004634 seconds, Stopping threads took: 0.0000752 seconds
2020-12-20T14:14:35.189+0000: 3287.519: Total time for which application threads were stopped: 0.0006234 seconds, Stopping threads took: 0.0000902 seconds
2020-12-20T14:14:47.191+0000: 3299.521: Total time for which application threads were stopped: 0.0004994 seconds, Stopping threads took: 0.0000802 seconds
2020-12-20T14:14:48.191+0000: 3300.522: Total time for which application threads were stopped: 0.0003968 seconds, Stopping threads took: 0.0000720 seconds
2020-12-20T14:14:59.193+0000: 3311.524: Total time for which application threads were stopped: 0.0007927 seconds, Stopping threads took: 0.0002676 seconds
2020-12-20T14:15:00.194+0000: 3312.524: Total time for which application threads were stopped: 0.0005016 seconds, Stopping threads took: 0.0000843 seconds
2020-12-20T14:15:02.195+0000: 3314.525: Total time for which application threads were stopped: 0.0005027 seconds, Stopping threads took: 0.0000841 seconds
2020-12-20T14:15:03.195+0000: 3315.526: Total time for which application threads were stopped: 0.0005052 seconds, Stopping threads took: 0.0000838 seconds
{Heap before GC invocations=325 (full 6):
 par new generation   total 38080K, used 36057K [0x0000000085c00000, 0x0000000088550000, 0x000000009a8c0000)
  eden space 33856K, 100% used [0x0000000085c00000, 0x0000000087d10000, 0x0000000087d10000)
  from space 4224K,  52% used [0x0000000088130000, 0x0000000088356690, 0x0000000088550000)
  to   space 4224K,   0% used [0x0000000087d10000, 0x0000000087d10000, 0x0000000088130000)
 concurrent mark-sweep generation total 136188K, used 87798K [0x000000009a8c0000, 0x00000000a2dbf000, 0x0000000100000000)
 Metaspace       used 123658K, capacity 131939K, committed 132324K, reserved 1165312K
  class space    used 14911K, capacity 16478K, committed 16612K, reserved 1048576K
2020-12-20T14:15:03.268+0000: 3315.598: [GC (Allocation Failure) 2020-12-20T14:15:03.268+0000: 3315.598: [ParNew
Desired survivor size 2162688 bytes, new threshold 6 (max 6)
- age   1:     728320 bytes,     728320 total
- age   2:     110520 bytes,     838840 total
- age   3:      44648 bytes,     883488 total
- age   4:      65712 bytes,     949200 total
- age   5:     698488 bytes,    1647688 total
- age   6:     469416 bytes,    2117104 total
: 36057K->3027K(38080K), 0.0140977 secs] 123856K->90912K(174268K), 0.0143744 secs] [Times: user=0.03 sys=0.00, real=0.01 secs] 
Heap after GC invocations=326 (full 6):
 par new generation   total 38080K, used 3027K [0x0000000085c00000, 0x0000000088550000, 0x000000009a8c0000)
  eden space 33856K,   0% used [0x0000000085c00000, 0x0000000085c00000, 0x0000000087d10000)
  from space 4224K,  71% used [0x0000000087d10000, 0x0000000088004e90, 0x0000000088130000)
  to   space 4224K,   0% used [0x0000000088130000, 0x0000000088130000, 0x0000000088550000)
 concurrent mark-sweep generation total 136188K, used 87885K [0x000000009a8c0000, 0x00000000a2dbf000, 0x0000000100000000)
 Metaspace       used 123658K, capacity 131939K, committed 132324K, reserved 1165312K
  class space    used 14911K, capacity 16478K, committed 16612K, reserved 1048576K
}
2020-12-20T14:15:03.282+0000: 3315.612: Total time for which application threads were stopped: 0.0151367 seconds, Stopping threads took: 0.0001374 seconds
2020-12-20T14:15:04.285+0000: 3316.615: Total time for which application threads were stopped: 0.0005287 seconds, Stopping threads took: 0.0000830 seconds
2020-12-20T14:15:10.286+0000: 3322.616: Total time for which application threads were stopped: 0.0004380 seconds, Stopping threads took: 0.0000727 seconds
2020-12-20T14:15:14.287+0000: 3326.617: Total time for which application threads were stopped: 0.0004863 seconds, Stopping threads took: 0.0000851 seconds
2020-12-20T14:15:33.289+0000: 3345.620: Total time for which application threads were stopped: 0.0005045 seconds, Stopping threads took: 0.0000819 seconds
2020-12-20T14:15:34.290+0000: 3346.620: Total time for which application threads were stopped: 0.0005022 seconds, Stopping threads took: 0.0000858 seconds
2020-12-20T14:15:47.292+0000: 3359.622: Total time for which application threads were stopped: 0.0004763 seconds, Stopping threads took: 0.0000774 seconds
2020-12-20T14:15:54.293+0000: 3366.624: Total time for which application threads were stopped: 0.0006197 seconds, Stopping threads took: 0.0000916 seconds
2020-12-20T14:15:56.294+0000: 3368.624: Total time for which application threads were stopped: 0.0004828 seconds, Stopping threads took: 0.0000787 seconds
2020-12-20T14:16:02.295+0000: 3374.626: Total time for which application threads were stopped: 0.0004106 seconds, Stopping threads took: 0.0000710 seconds
2020-12-20T14:16:06.296+0000: 3378.627: Total time for which application threads were stopped: 0.0004557 seconds, Stopping threads took: 0.0000726 seconds
2020-12-20T14:16:22.299+0000: 3394.629: Total time for which application threads were stopped: 0.0005581 seconds, Stopping threads took: 0.0000854 seconds
2020-12-20T14:16:23.299+0000: 3395.630: Total time for which application threads were stopped: 0.0004883 seconds, Stopping threads took: 0.0000854 seconds
{Heap before GC invocations=326 (full 6):
 par new generation   total 38080K, used 36883K [0x0000000085c00000, 0x0000000088550000, 0x000000009a8c0000)
  eden space 33856K, 100% used [0x0000000085c00000, 0x0000000087d10000, 0x0000000087d10000)
  from space 4224K,  71% used [0x0000000087d10000, 0x0000000088004e90, 0x0000000088130000)
  to   space 4224K,   0% used [0x0000000088130000, 0x0000000088130000, 0x0000000088550000)
 concurrent mark-sweep generation total 136188K, used 87885K [0x000000009a8c0000, 0x00000000a2dbf000, 0x0000000100000000)
 Metaspace       used 123773K, capacity 132091K, committed 132324K, reserved 1165312K
  class space    used 14914K, capacity 16482K, committed 16612K, reserved 1048576K
2020-12-20T14:16:30.051+0000: 3402.381: [GC (Allocation Failure) 2020-12-20T14:16:30.051+0000: 3402.381: [ParNew
Desired survivor size 2162688 bytes, new threshold 6 (max 6)
- age   1:     354072 bytes,     354072 total
- age   2:     197464 bytes,     551536 total
- age   3:     107096 bytes,     658632 total
- age   4:      42680 bytes,     701312 total
- age   5:      65648 bytes,     766960 total
- age   6:     698072 bytes,    1465032 total
: 36883K->1980K(38080K), 0.0101731 secs] 124768K->90336K(174268K), 0.0104635 secs] [Times: user=0.02 sys=0.01, real=0.01 secs] 
Heap after GC invocations=327 (full 6):
 par new generation   total 38080K, used 1980K [0x0000000085c00000, 0x0000000088550000, 0x000000009a8c0000)
  eden space 33856K,   0% used [0x0000000085c00000, 0x0000000085c00000, 0x0000000087d10000)
  from space 4224K,  46% used [0x0000000088130000, 0x000000008831f2c0, 0x0000000088550000)
  to   space 4224K,   0% used [0x0000000087d10000, 0x0000000087d10000, 0x0000000088130000)
 concurrent mark-sweep generation total 136188K, used 88355K [0x000000009a8c0000, 0x00000000a2dbf000, 0x0000000100000000)
 Metaspace       used 123773K, capacity 132091K, committed 132324K, reserved 1165312K
  class space    used 14914K, capacity 16482K, committed 16612K, reserved 1048576K
}
2020-12-20T14:16:30.061+0000: 3402.392: Total time for which application threads were stopped: 0.0117749 seconds, Stopping threads took: 0.0007005 seconds
2020-12-20T14:16:31.062+0000: 3403.392: Total time for which application threads were stopped: 0.0004155 seconds, Stopping threads took: 0.0000752 seconds
2020-12-20T14:16:32.062+0000: 3404.393: Total time for which application threads were stopped: 0.0003930 seconds, Stopping threads took: 0.0000736 seconds
2020-12-20T14:16:36.063+0000: 3408.394: Total time for which application threads were stopped: 0.0004339 seconds, Stopping threads took: 0.0000906 seconds
2020-12-20T14:16:52.069+0000: 3424.400: Total time for which application threads were stopped: 0.0005257 seconds, Stopping threads took: 0.0000862 seconds
2020-12-20T14:16:53.070+0000: 3425.401: Total time for which application threads were stopped: 0.0005647 seconds, Stopping threads took: 0.0000879 seconds
2020-12-20T14:17:01.071+0000: 3433.402: Total time for which application threads were stopped: 0.0005043 seconds, Stopping threads took: 0.0000884 seconds
2020-12-20T14:17:02.072+0000: 3434.402: Total time for which application threads were stopped: 0.0003969 seconds, Stopping threads took: 0.0000724 seconds
2020-12-20T14:17:24.075+0000: 3456.405: Total time for which application threads were stopped: 0.0004844 seconds, Stopping threads took: 0.0000781 seconds
2020-12-20T14:17:50.078+0000: 3482.409: Total time for which application threads were stopped: 0.0003992 seconds, Stopping threads took: 0.0000771 seconds
2020-12-20T14:17:56.080+0000: 3488.410: Total time for which application threads were stopped: 0.0004513 seconds, Stopping threads took: 0.0000768 seconds
{Heap before GC invocations=327 (full 6):
 par new generation   total 38080K, used 35836K [0x0000000085c00000, 0x0000000088550000, 0x000000009a8c0000)
  eden space 33856K, 100% used [0x0000000085c00000, 0x0000000087d10000, 0x0000000087d10000)
  from space 4224K,  46% used [0x0000000088130000, 0x000000008831f2c0, 0x0000000088550000)
  to   space 4224K,   0% used [0x0000000087d10000, 0x0000000087d10000, 0x0000000088130000)
 concurrent mark-sweep generation total 136188K, used 88355K [0x000000009a8c0000, 0x00000000a2dbf000, 0x0000000100000000)
 Metaspace       used 123888K, capacity 132191K, committed 132580K, reserved 1165312K
  class space    used 14917K, capacity 16488K, committed 16612K, reserved 1048576K
2020-12-20T14:17:58.303+0000: 3490.634: [GC (Allocation Failure) 2020-12-20T14:17:58.303+0000: 3490.634: [ParNew
Desired survivor size 2162688 bytes, new threshold 6 (max 6)
- age   1:     139736 bytes,     139736 total
- age   2:     268872 bytes,     408608 total
- age   3:     197304 bytes,     605912 total
- age   4:     107096 bytes,     713008 total
- age   5:      41928 bytes,     754936 total
- age   6:      65648 bytes,     820584 total
: 35836K->1568K(38080K), 0.0088515 secs] 124192K->90614K(174268K), 0.0091732 secs] [Times: user=0.04 sys=0.00, real=0.01 secs] 
Heap after GC invocations=328 (full 6):
 par new generation   total 38080K, used 1568K [0x0000000085c00000, 0x0000000088550000, 0x000000009a8c0000)
  eden space 33856K,   0% used [0x0000000085c00000, 0x0000000085c00000, 0x0000000087d10000)
  from space 4224K,  37% used [0x0000000087d10000, 0x0000000087e980e0, 0x0000000088130000)
  to   space 4224K,   0% used [0x0000000088130000, 0x0000000088130000, 0x0000000088550000)
 concurrent mark-sweep generation total 136188K, used 89046K [0x000000009a8c0000, 0x00000000a2dbf000, 0x0000000100000000)
 Metaspace       used 123888K, capacity 132191K, committed 132580K, reserved 1165312K
  class space    used 14917K, capacity 16488K, committed 16612K, reserved 1048576K
}
2020-12-20T14:17:58.313+0000: 3490.643: Total time for which application threads were stopped: 0.0102036 seconds, Stopping threads took: 0.0002741 seconds
2020-12-20T14:18:00.314+0000: 3492.644: Total time for which application threads were stopped: 0.0007773 seconds, Stopping threads took: 0.0000995 seconds
2020-12-20T14:18:01.314+0000: 3493.645: Total time for which application threads were stopped: 0.0005142 seconds, Stopping threads took: 0.0000889 seconds
2020-12-20T14:18:02.315+0000: 3494.645: Total time for which application threads were stopped: 0.0005254 seconds, Stopping threads took: 0.0000858 seconds
2020-12-20T14:18:07.316+0000: 3499.646: Total time for which application threads were stopped: 0.0005142 seconds, Stopping threads took: 0.0000979 seconds
2020-12-20T14:18:12.317+0000: 3504.647: Total time for which application threads were stopped: 0.0004683 seconds, Stopping threads took: 0.0000855 seconds
2020-12-20T14:18:24.319+0000: 3516.649: Total time for which application threads were stopped: 0.0003908 seconds, Stopping threads took: 0.0000685 seconds
2020-12-20T14:18:25.319+0000: 3517.650: Total time for which application threads were stopped: 0.0005290 seconds, Stopping threads took: 0.0000843 seconds
2020-12-20T14:18:30.320+0000: 3522.651: Total time for which application threads were stopped: 0.0005171 seconds, Stopping threads took: 0.0000939 seconds
2020-12-20T14:18:42.323+0000: 3534.653: Total time for which application threads were stopped: 0.0005698 seconds, Stopping threads took: 0.0000922 seconds
2020-12-20T14:18:44.323+0000: 3536.654: Total time for which application threads were stopped: 0.0004308 seconds, Stopping threads took: 0.0000771 seconds
2020-12-20T14:18:47.324+0000: 3539.654: Total time for which application threads were stopped: 0.0004031 seconds, Stopping threads took: 0.0000660 seconds
{Heap before GC invocations=328 (full 6):
 par new generation   total 38080K, used 35424K [0x0000000085c00000, 0x0000000088550000, 0x000000009a8c0000)
  eden space 33856K, 100% used [0x0000000085c00000, 0x0000000087d10000, 0x0000000087d10000)
  from space 4224K,  37% used [0x0000000087d10000, 0x0000000087e980e0, 0x0000000088130000)
  to   space 4224K,   0% used [0x0000000088130000, 0x0000000088130000, 0x0000000088550000)
 concurrent mark-sweep generation total 136188K, used 89046K [0x000000009a8c0000, 0x00000000a2dbf000, 0x0000000100000000)
 Metaspace       used 124052K, capacity 132409K, committed 132580K, reserved 1165312K
  class space    used 14927K, capacity 16503K, committed 16612K, reserved 1048576K
2020-12-20T14:18:53.378+0000: 3545.708: [GC (Allocation Failure) 2020-12-20T14:18:53.378+0000: 3545.708: [ParNew
Desired survivor size 2162688 bytes, new threshold 6 (max 6)
- age   1:     331912 bytes,     331912 total
- age   2:      64520 bytes,     396432 total
- age   3:     261920 bytes,     658352 total
- age   4:     197240 bytes,     855592 total
- age   5:      73256 bytes,     928848 total
- age   6:      41928 bytes,     970776 total
: 35424K->1135K(38080K), 0.0222512 secs] 124470K->90245K(174268K), 0.0225154 secs] [Times: user=0.02 sys=0.00, real=0.02 secs] 
Heap after GC invocations=329 (full 6):
 par new generation   total 38080K, used 1135K [0x0000000085c00000, 0x0000000088550000, 0x000000009a8c0000)
  eden space 33856K,   0% used [0x0000000085c00000, 0x0000000085c00000, 0x0000000087d10000)
  from space 4224K,  26% used [0x0000000088130000, 0x000000008824bc20, 0x0000000088550000)
  to   space 4224K,   0% used [0x0000000087d10000, 0x0000000087d10000, 0x0000000088130000)
 concurrent mark-sweep generation total 136188K, used 89110K [0x000000009a8c0000, 0x00000000a2dbf000, 0x0000000100000000)
 Metaspace       used 124052K, capacity 132409K, committed 132580K, reserved 1165312K
  class space    used 14927K, capacity 16503K, committed 16612K, reserved 1048576K
}
2020-12-20T14:18:53.400+0000: 3545.731: Total time for which application threads were stopped: 0.0232260 seconds, Stopping threads took: 0.0001152 seconds
2020-12-20T14:19:13.403+0000: 3565.734: Total time for which application threads were stopped: 0.0003990 seconds, Stopping threads took: 0.0000731 seconds
2020-12-20T14:19:20.414+0000: 3572.744: Total time for which application threads were stopped: 0.0060668 seconds, Stopping threads took: 0.0055978 seconds
2020-12-20T14:19:23.415+0000: 3575.745: Total time for which application threads were stopped: 0.0005177 seconds, Stopping threads took: 0.0000831 seconds
2020-12-20T14:19:25.415+0000: 3577.746: Total time for which application threads were stopped: 0.0005525 seconds, Stopping threads took: 0.0001016 seconds
2020-12-20T14:19:32.417+0000: 3584.747: Total time for which application threads were stopped: 0.0004358 seconds, Stopping threads took: 0.0000924 seconds
2020-12-20T14:19:38.418+0000: 3590.748: Total time for which application threads were stopped: 0.0004944 seconds, Stopping threads took: 0.0000841 seconds
2020-12-20T14:19:40.418+0000: 3592.749: Total time for which application threads were stopped: 0.0005681 seconds, Stopping threads took: 0.0000910 seconds
{Heap before GC invocations=329 (full 6):
 par new generation   total 38080K, used 34991K [0x0000000085c00000, 0x0000000088550000, 0x000000009a8c0000)
  eden space 33856K, 100% used [0x0000000085c00000, 0x0000000087d10000, 0x0000000087d10000)
  from space 4224K,  26% used [0x0000000088130000, 0x000000008824bc20, 0x0000000088550000)
  to   space 4224K,   0% used [0x0000000087d10000, 0x0000000087d10000, 0x0000000088130000)
 concurrent mark-sweep generation total 136188K, used 89110K [0x000000009a8c0000, 0x00000000a2dbf000, 0x0000000100000000)
 Metaspace       used 124097K, capacity 132409K, committed 132580K, reserved 1165312K
  class space    used 14927K, capacity 16503K, committed 16612K, reserved 1048576K
2020-12-20T14:19:59.126+0000: 3611.456: [GC (Allocation Failure) 2020-12-20T14:19:59.126+0000: 3611.456: [ParNew
Desired survivor size 2162688 bytes, new threshold 6 (max 6)
- age   1:     939184 bytes,     939184 total
- age   2:     253928 bytes,    1193112 total
- age   3:      63728 bytes,    1256840 total
- age   4:     261896 bytes,    1518736 total
- age   5:     197008 bytes,    1715744 total
- age   6:      73256 bytes,    1789000 total
: 34991K->2106K(38080K), 0.0074418 secs] 124101K->91258K(174268K), 0.0076594 secs] [Times: user=0.02 sys=0.00, real=0.00 secs] 
Heap after GC invocations=330 (full 6):
 par new generation   total 38080K, used 2106K [0x0000000085c00000, 0x0000000088550000, 0x000000009a8c0000)
  eden space 33856K,   0% used [0x0000000085c00000, 0x0000000085c00000, 0x0000000087d10000)
  from space 4224K,  49% used [0x0000000087d10000, 0x0000000087f1eb78, 0x0000000088130000)
  to   space 4224K,   0% used [0x0000000088130000, 0x0000000088130000, 0x0000000088550000)
 concurrent mark-sweep generation total 136188K, used 89151K [0x000000009a8c0000, 0x00000000a2dbf000, 0x0000000100000000)
 Metaspace       used 124097K, capacity 132409K, committed 132580K, reserved 1165312K
  class space    used 14927K, capacity 16503K, committed 16612K, reserved 1048576K
}
2020-12-20T14:19:59.134+0000: 3611.464: Total time for which application threads were stopped: 0.0082436 seconds, Stopping threads took: 0.0001215 seconds
2020-12-20T14:20:25.138+0000: 3637.469: Total time for which application threads were stopped: 0.0007871 seconds, Stopping threads took: 0.0001138 seconds
2020-12-20T14:20:33.139+0000: 3645.470: Total time for which application threads were stopped: 0.0005797 seconds, Stopping threads took: 0.0001007 seconds
2020-12-20T14:20:34.140+0000: 3646.471: Total time for which application threads were stopped: 0.0005907 seconds, Stopping threads took: 0.0000931 seconds
2020-12-20T14:20:35.141+0000: 3647.471: Total time for which application threads were stopped: 0.0006146 seconds, Stopping threads took: 0.0000919 seconds
2020-12-20T14:20:36.142+0000: 3648.472: Total time for which application threads were stopped: 0.0006675 seconds, Stopping threads took: 0.0001068 seconds
2020-12-20T14:20:47.143+0000: 3659.474: Total time for which application threads were stopped: 0.0004185 seconds, Stopping threads took: 0.0000761 seconds
2020-12-20T14:20:49.144+0000: 3661.475: Total time for which application threads were stopped: 0.0005686 seconds, Stopping threads took: 0.0000900 seconds
2020-12-20T14:20:51.145+0000: 3663.475: Total time for which application threads were stopped: 0.0004154 seconds, Stopping threads took: 0.0000832 seconds
2020-12-20T14:20:54.146+0000: 3666.476: Total time for which application threads were stopped: 0.0005824 seconds, Stopping threads took: 0.0000949 seconds
{Heap before GC invocations=330 (full 6):
 par new generation   total 38080K, used 35962K [0x0000000085c00000, 0x0000000088550000, 0x000000009a8c0000)
  eden space 33856K, 100% used [0x0000000085c00000, 0x0000000087d10000, 0x0000000087d10000)
  from space 4224K,  49% used [0x0000000087d10000, 0x0000000087f1eb78, 0x0000000088130000)
  to   space 4224K,   0% used [0x0000000088130000, 0x0000000088130000, 0x0000000088550000)
 concurrent mark-sweep generation total 136188K, used 89151K [0x000000009a8c0000, 0x00000000a2dbf000, 0x0000000100000000)
 Metaspace       used 124296K, capacity 132671K, committed 132836K, reserved 1165312K
  class space    used 14947K, capacity 16534K, committed 16612K, reserved 1048576K
2020-12-20T14:21:05.877+0000: 3678.207: [GC (Allocation Failure) 2020-12-20T14:21:05.877+0000: 3678.207: [ParNew
Desired survivor size 2162688 bytes, new threshold 6 (max 6)
- age   1:     579688 bytes,     579688 total
- age   2:     874616 bytes,    1454304 total
- age   3:     232896 bytes,    1687200 total
- age   4:      54584 bytes,    1741784 total
- age   5:     261368 bytes,    2003152 total
- age   6:     196472 bytes,    2199624 total
: 35962K->2916K(38080K), 0.0077984 secs] 125114K->92139K(174268K), 0.0080759 secs] [Times: user=0.03 sys=0.00, real=0.01 secs] 
Heap after GC invocations=331 (full 6):
 par new generation   total 38080K, used 2916K [0x0000000085c00000, 0x0000000088550000, 0x000000009a8c0000)
  eden space 33856K,   0% used [0x0000000085c00000, 0x0000000085c00000, 0x0000000087d10000)
  from space 4224K,  69% used [0x0000000088130000, 0x0000000088409278, 0x0000000088550000)
  to   space 4224K,   0% used [0x0000000087d10000, 0x0000000087d10000, 0x0000000088130000)
 concurrent mark-sweep generation total 136188K, used 89223K [0x000000009a8c0000, 0x00000000a2dbf000, 0x0000000100000000)
 Metaspace       used 124296K, capacity 132671K, committed 132836K, reserved 1165312K
  class space    used 14947K, capacity 16534K, committed 16612K, reserved 1048576K
}
2020-12-20T14:21:05.885+0000: 3678.215: Total time for which application threads were stopped: 0.0087584 seconds, Stopping threads took: 0.0001006 seconds
2020-12-20T14:21:38.889+0000: 3711.219: Total time for which application threads were stopped: 0.0004922 seconds, Stopping threads took: 0.0000888 seconds
2020-12-20T14:21:54.891+0000: 3727.221: Total time for which application threads were stopped: 0.0004833 seconds, Stopping threads took: 0.0000831 seconds
2020-12-20T14:22:01.892+0000: 3734.222: Total time for which application threads were stopped: 0.0005610 seconds, Stopping threads took: 0.0002375 seconds
2020-12-20T14:22:13.894+0000: 3746.224: Total time for which application threads were stopped: 0.0005679 seconds, Stopping threads took: 0.0001013 seconds
{Heap before GC invocations=331 (full 6):
 par new generation   total 38080K, used 36772K [0x0000000085c00000, 0x0000000088550000, 0x000000009a8c0000)
  eden space 33856K, 100% used [0x0000000085c00000, 0x0000000087d10000, 0x0000000087d10000)
  from space 4224K,  69% used [0x0000000088130000, 0x0000000088409278, 0x0000000088550000)
  to   space 4224K,   0% used [0x0000000087d10000, 0x0000000087d10000, 0x0000000088130000)
 concurrent mark-sweep generation total 136188K, used 89223K [0x000000009a8c0000, 0x00000000a2dbf000, 0x0000000100000000)
 Metaspace       used 124371K, capacity 132783K, committed 132836K, reserved 1165312K
  class space    used 14951K, capacity 16570K, committed 16612K, reserved 1048576K
2020-12-20T14:22:39.134+0000: 3771.464: [GC (Allocation Failure) 2020-12-20T14:22:39.134+0000: 3771.464: [ParNew
Desired survivor size 2162688 bytes, new threshold 6 (max 6)
- age   1:     443776 bytes,     443776 total
- age   2:     245592 bytes,     689368 total
- age   3:     873784 bytes,    1563152 total
- age   4:     221464 bytes,    1784616 total
- age   5:      53776 bytes,    1838392 total
- age   6:     259864 bytes,    2098256 total
: 36772K->2957K(38080K), 0.0094828 secs] 125995K->92374K(174268K), 0.0097700 secs] [Times: user=0.03 sys=0.00, real=0.01 secs] 
Heap after GC invocations=332 (full 6):
 par new generation   total 38080K, used 2957K [0x0000000085c00000, 0x0000000088550000, 0x000000009a8c0000)
  eden space 33856K,   0% used [0x0000000085c00000, 0x0000000085c00000, 0x0000000087d10000)
  from space 4224K,  70% used [0x0000000087d10000, 0x0000000087ff3558, 0x0000000088130000)
  to   space 4224K,   0% used [0x0000000088130000, 0x0000000088130000, 0x0000000088550000)
 concurrent mark-sweep generation total 136188K, used 89417K [0x000000009a8c0000, 0x00000000a2dbf000, 0x0000000100000000)
 Metaspace       used 124371K, capacity 132783K, committed 132836K, reserved 1165312K
  class space    used 14951K, capacity 16570K, committed 16612K, reserved 1048576K
}
2020-12-20T14:22:39.144+0000: 3771.474: Total time for which application threads were stopped: 0.0105011 seconds, Stopping threads took: 0.0001205 seconds
2020-12-20T14:22:44.145+0000: 3776.475: Total time for which application threads were stopped: 0.0005128 seconds, Stopping threads took: 0.0000869 seconds
2020-12-20T14:23:28.149+0000: 3820.480: Total time for which application threads were stopped: 0.0004648 seconds, Stopping threads took: 0.0000678 seconds
2020-12-20T14:23:40.151+0000: 3832.482: Total time for which application threads were stopped: 0.0006323 seconds, Stopping threads took: 0.0001067 seconds
2020-12-20T14:23:41.152+0000: 3833.483: Total time for which application threads were stopped: 0.0009166 seconds, Stopping threads took: 0.0001160 seconds
2020-12-20T14:23:44.153+0000: 3836.484: Total time for which application threads were stopped: 0.0005232 seconds, Stopping threads took: 0.0000891 seconds
2020-12-20T14:23:45.154+0000: 3837.484: Total time for which application threads were stopped: 0.0004902 seconds, Stopping threads took: 0.0000852 seconds
{Heap before GC invocations=332 (full 6):
 par new generation   total 38080K, used 36813K [0x0000000085c00000, 0x0000000088550000, 0x000000009a8c0000)
  eden space 33856K, 100% used [0x0000000085c00000, 0x0000000087d10000, 0x0000000087d10000)
  from space 4224K,  70% used [0x0000000087d10000, 0x0000000087ff3558, 0x0000000088130000)
  to   space 4224K,   0% used [0x0000000088130000, 0x0000000088130000, 0x0000000088550000)
 concurrent mark-sweep generation total 136188K, used 89417K [0x000000009a8c0000, 0x00000000a2dbf000, 0x0000000100000000)
 Metaspace       used 124436K, capacity 132983K, committed 133092K, reserved 1165312K
  class space    used 14958K, capacity 16582K, committed 16612K, reserved 1048576K
2020-12-20T14:24:11.916+0000: 3864.247: [GC (Allocation Failure) 2020-12-20T14:24:11.917+0000: 3864.247: [ParNew
Desired survivor size 2162688 bytes, new threshold 6 (max 6)
- age   1:     351720 bytes,     351720 total
- age   2:     118064 bytes,     469784 total
- age   3:     219664 bytes,     689448 total
- age   4:     873600 bytes,    1563048 total
- age   5:     221464 bytes,    1784512 total
- age   6:      53776 bytes,    1838288 total
: 36813K->2536K(38080K), 0.0206733 secs] 126230K->92209K(174268K), 0.0209225 secs] [Times: user=0.05 sys=0.00, real=0.03 secs] 
Heap after GC invocations=333 (full 6):
 par new generation   total 38080K, used 2536K [0x0000000085c00000, 0x0000000088550000, 0x000000009a8c0000)
  eden space 33856K,   0% used [0x0000000085c00000, 0x0000000085c00000, 0x0000000087d10000)
  from space 4224K,  60% used [0x0000000088130000, 0x00000000883aa230, 0x0000000088550000)
  to   space 4224K,   0% used [0x0000000087d10000, 0x0000000087d10000, 0x0000000088130000)
 concurrent mark-sweep generation total 136188K, used 89673K [0x000000009a8c0000, 0x00000000a2dbf000, 0x0000000100000000)
 Metaspace       used 124436K, capacity 132983K, committed 133092K, reserved 1165312K
  class space    used 14958K, capacity 16582K, committed 16612K, reserved 1048576K
}
2020-12-20T14:24:11.937+0000: 3864.268: Total time for which application threads were stopped: 0.0216839 seconds, Stopping threads took: 0.0001400 seconds
2020-12-20T14:24:39.942+0000: 3892.272: Total time for which application threads were stopped: 0.0005533 seconds, Stopping threads took: 0.0001238 seconds
2020-12-20T14:24:43.943+0000: 3896.273: Total time for which application threads were stopped: 0.0004131 seconds, Stopping threads took: 0.0000754 seconds
2020-12-20T14:24:53.945+0000: 3906.275: Total time for which application threads were stopped: 0.0005025 seconds, Stopping threads took: 0.0000833 seconds
2020-12-20T14:25:34.951+0000: 3947.282: Total time for which application threads were stopped: 0.0005323 seconds, Stopping threads took: 0.0001497 seconds
2020-12-20T14:25:40.952+0000: 3953.283: Total time for which application threads were stopped: 0.0004465 seconds, Stopping threads took: 0.0000705 seconds
2020-12-20T14:25:43.953+0000: 3956.284: Total time for which application threads were stopped: 0.0005312 seconds, Stopping threads took: 0.0000866 seconds
{Heap before GC invocations=333 (full 6):
 par new generation   total 38080K, used 36392K [0x0000000085c00000, 0x0000000088550000, 0x000000009a8c0000)
  eden space 33856K, 100% used [0x0000000085c00000, 0x0000000087d10000, 0x0000000087d10000)
  from space 4224K,  60% used [0x0000000088130000, 0x00000000883aa230, 0x0000000088550000)
  to   space 4224K,   0% used [0x0000000087d10000, 0x0000000087d10000, 0x0000000088130000)
 concurrent mark-sweep generation total 136188K, used 89673K [0x000000009a8c0000, 0x00000000a2dbf000, 0x0000000100000000)
 Metaspace       used 124458K, capacity 132995K, committed 133092K, reserved 1165312K
  class space    used 14959K, capacity 16584K, committed 16612K, reserved 1048576K
2020-12-20T14:25:49.760+0000: 3962.090: [GC (Allocation Failure) 2020-12-20T14:25:49.760+0000: 3962.090: [ParNew
Desired survivor size 2162688 bytes, new threshold 6 (max 6)
- age   1:     272328 bytes,     272328 total
- age   2:     175768 bytes,     448096 total
- age   3:     118032 bytes,     566128 total
- age   4:     219664 bytes,     785792 total
- age   5:     873600 bytes,    1659392 total
- age   6:     221464 bytes,    1880856 total
: 36392K->2317K(38080K), 0.0098824 secs] 126065K->92043K(174268K), 0.0101289 secs] [Times: user=0.01 sys=0.00, real=0.01 secs] 
Heap after GC invocations=334 (full 6):
 par new generation   total 38080K, used 2317K [0x0000000085c00000, 0x0000000088550000, 0x000000009a8c0000)
  eden space 33856K,   0% used [0x0000000085c00000, 0x0000000085c00000, 0x0000000087d10000)
  from space 4224K,  54% used [0x0000000087d10000, 0x0000000087f53420, 0x0000000088130000)
  to   space 4224K,   0% used [0x0000000088130000, 0x0000000088130000, 0x0000000088550000)
 concurrent mark-sweep generation total 136188K, used 89726K [0x000000009a8c0000, 0x00000000a2dbf000, 0x0000000100000000)
 Metaspace       used 124458K, capacity 132995K, committed 133092K, reserved 1165312K
  class space    used 14959K, capacity 16584K, committed 16612K, reserved 1048576K
}
2020-12-20T14:25:49.770+0000: 3962.100: Total time for which application threads were stopped: 0.0107806 seconds, Stopping threads took: 0.0000763 seconds
2020-12-20T14:25:50.771+0000: 3963.101: Total time for which application threads were stopped: 0.0003926 seconds, Stopping threads took: 0.0000687 seconds
2020-12-20T14:26:02.773+0000: 3975.103: Total time for which application threads were stopped: 0.0005826 seconds, Stopping threads took: 0.0000877 seconds
2020-12-20T14:26:35.778+0000: 4008.108: Total time for which application threads were stopped: 0.0005022 seconds, Stopping threads took: 0.0000817 seconds
2020-12-20T14:26:43.779+0000: 4016.110: Total time for which application threads were stopped: 0.0004667 seconds, Stopping threads took: 0.0000905 seconds
2020-12-20T14:26:55.782+0000: 4028.112: Total time for which application threads were stopped: 0.0004081 seconds, Stopping threads took: 0.0000912 seconds
2020-12-20T14:27:02.783+0000: 4035.113: Total time for which application threads were stopped: 0.0005792 seconds, Stopping threads took: 0.0000894 seconds
2020-12-20T14:27:08.784+0000: 4041.115: Total time for which application threads were stopped: 0.0005705 seconds, Stopping threads took: 0.0000886 seconds
{Heap before GC invocations=334 (full 6):
 par new generation   total 38080K, used 36173K [0x0000000085c00000, 0x0000000088550000, 0x000000009a8c0000)
  eden space 33856K, 100% used [0x0000000085c00000, 0x0000000087d10000, 0x0000000087d10000)
  from space 4224K,  54% used [0x0000000087d10000, 0x0000000087f53420, 0x0000000088130000)
  to   space 4224K,   0% used [0x0000000088130000, 0x0000000088130000, 0x0000000088550000)
 concurrent mark-sweep generation total 136188K, used 89726K [0x000000009a8c0000, 0x00000000a2dbf000, 0x0000000100000000)
 Metaspace       used 124465K, capacity 132995K, committed 133092K, reserved 1165312K
  class space    used 14959K, capacity 16584K, committed 16612K, reserved 1048576K
2020-12-20T14:27:30.183+0000: 4062.513: [GC (Allocation Failure) 2020-12-20T14:27:30.183+0000: 4062.513: [ParNew
Desired survivor size 2162688 bytes, new threshold 6 (max 6)
- age   1:      61320 bytes,      61320 total
- age   2:     113680 bytes,     175000 total
- age   3:     132912 bytes,     307912 total
- age   4:     118032 bytes,     425944 total
- age   5:     219664 bytes,     645608 total
- age   6:     873600 bytes,    1519208 total
: 36173K->1840K(38080K), 0.0068156 secs] 125899K->91787K(174268K), 0.0070428 secs] [Times: user=0.02 sys=0.00, real=0.01 secs] 
Heap after GC invocations=335 (full 6):
 par new generation   total 38080K, used 1840K [0x0000000085c00000, 0x0000000088550000, 0x000000009a8c0000)
  eden space 33856K,   0% used [0x0000000085c00000, 0x0000000085c00000, 0x0000000087d10000)
  from space 4224K,  43% used [0x0000000088130000, 0x00000000882fc3e0, 0x0000000088550000)
  to   space 4224K,   0% used [0x0000000087d10000, 0x0000000087d10000, 0x0000000088130000)
 concurrent mark-sweep generation total 136188K, used 89946K [0x000000009a8c0000, 0x00000000a2dbf000, 0x0000000100000000)
 Metaspace       used 124465K, capacity 132995K, committed 133092K, reserved 1165312K
  class space    used 14959K, capacity 16584K, committed 16612K, reserved 1048576K
}
2020-12-20T14:27:30.190+0000: 4062.520: Total time for which application threads were stopped: 0.0077105 seconds, Stopping threads took: 0.0001291 seconds
2020-12-20T14:27:32.191+0000: 4064.521: Total time for which application threads were stopped: 0.0003982 seconds, Stopping threads took: 0.0000718 seconds
2020-12-20T14:27:35.192+0000: 4067.522: Total time for which application threads were stopped: 0.0004035 seconds, Stopping threads took: 0.0000742 seconds
2020-12-20T14:28:02.196+0000: 4094.526: Total time for which application threads were stopped: 0.0003947 seconds, Stopping threads took: 0.0000704 seconds
2020-12-20T14:28:35.201+0000: 4127.531: Total time for which application threads were stopped: 0.0004162 seconds, Stopping threads took: 0.0000707 seconds
2020-12-20T14:28:50.203+0000: 4142.533: Total time for which application threads were stopped: 0.0005043 seconds, Stopping threads took: 0.0000893 seconds
2020-12-20T14:28:56.204+0000: 4148.535: Total time for which application threads were stopped: 0.0004481 seconds, Stopping threads took: 0.0000739 seconds
{Heap before GC invocations=335 (full 6):
 par new generation   total 38080K, used 35696K [0x0000000085c00000, 0x0000000088550000, 0x000000009a8c0000)
  eden space 33856K, 100% used [0x0000000085c00000, 0x0000000087d10000, 0x0000000087d10000)
  from space 4224K,  43% used [0x0000000088130000, 0x00000000882fc3e0, 0x0000000088550000)
  to   space 4224K,   0% used [0x0000000087d10000, 0x0000000087d10000, 0x0000000088130000)
 concurrent mark-sweep generation total 136188K, used 89946K [0x000000009a8c0000, 0x00000000a2dbf000, 0x0000000100000000)
 Metaspace       used 124473K, capacity 132999K, committed 133092K, reserved 1165312K
  class space    used 14959K, capacity 16584K, committed 16612K, reserved 1048576K
2020-12-20T14:29:06.309+0000: 4158.640: [GC (Allocation Failure) 2020-12-20T14:29:06.310+0000: 4158.640: [ParNew
Desired survivor size 2162688 bytes, new threshold 6 (max 6)
- age   1:     297888 bytes,     297888 total
- age   2:      38200 bytes,     336088 total
- age   3:      79536 bytes,     415624 total
- age   4:     132960 bytes,     548584 total
- age   5:     118032 bytes,     666616 total
- age   6:     219664 bytes,     886280 total
: 35696K->1966K(38080K), 0.0120908 secs] 125643K->92777K(174268K), 0.0123563 secs] [Times: user=0.03 sys=0.00, real=0.01 secs] 
Heap after GC invocations=336 (full 6):
 par new generation   total 38080K, used 1966K [0x0000000085c00000, 0x0000000088550000, 0x000000009a8c0000)
  eden space 33856K,   0% used [0x0000000085c00000, 0x0000000085c00000, 0x0000000087d10000)
  from space 4224K,  46% used [0x0000000087d10000, 0x0000000087efb940, 0x0000000088130000)
  to   space 4224K,   0% used [0x0000000088130000, 0x0000000088130000, 0x0000000088550000)
 concurrent mark-sweep generation total 136188K, used 90810K [0x000000009a8c0000, 0x00000000a2dbf000, 0x0000000100000000)
 Metaspace       used 124473K, capacity 132999K, committed 133092K, reserved 1165312K
  class space    used 14959K, capacity 16584K, committed 16612K, reserved 1048576K
}
2020-12-20T14:29:06.322+0000: 4158.652: Total time for which application threads were stopped: 0.0130687 seconds, Stopping threads took: 0.0000850 seconds
2020-12-20T14:30:35.334+0000: 4247.665: Total time for which application threads were stopped: 0.0004624 seconds, Stopping threads took: 0.0000720 seconds
{Heap before GC invocations=336 (full 6):
 par new generation   total 38080K, used 35822K [0x0000000085c00000, 0x0000000088550000, 0x000000009a8c0000)
  eden space 33856K, 100% used [0x0000000085c00000, 0x0000000087d10000, 0x0000000087d10000)
  from space 4224K,  46% used [0x0000000087d10000, 0x0000000087efb940, 0x0000000088130000)
  to   space 4224K,   0% used [0x0000000088130000, 0x0000000088130000, 0x0000000088550000)
 concurrent mark-sweep generation total 136188K, used 90810K [0x000000009a8c0000, 0x00000000a2dbf000, 0x0000000100000000)
 Metaspace       used 124477K, capacity 132999K, committed 133092K, reserved 1165312K
  class space    used 14959K, capacity 16584K, committed 16612K, reserved 1048576K
2020-12-20T14:30:45.150+0000: 4257.481: [GC (Allocation Failure) 2020-12-20T14:30:45.151+0000: 4257.481: [ParNew
Desired survivor size 2162688 bytes, new threshold 6 (max 6)
- age   1:     334776 bytes,     334776 total
- age   2:      71688 bytes,     406464 total
- age   3:      38072 bytes,     444536 total
- age   4:      79472 bytes,     524008 total
- age   5:     132880 bytes,     656888 total
- age   6:     118032 bytes,     774920 total
: 35822K->845K(38080K), 0.0067017 secs] 126633K->91874K(174268K), 0.0069365 secs] [Times: user=0.02 sys=0.00, real=0.01 secs] 
Heap after GC invocations=337 (full 6):
 par new generation   total 38080K, used 845K [0x0000000085c00000, 0x0000000088550000, 0x000000009a8c0000)
  eden space 33856K,   0% used [0x0000000085c00000, 0x0000000085c00000, 0x0000000087d10000)
  from space 4224K,  20% used [0x0000000088130000, 0x0000000088203720, 0x0000000088550000)
  to   space 4224K,   0% used [0x0000000087d10000, 0x0000000087d10000, 0x0000000088130000)
 concurrent mark-sweep generation total 136188K, used 91028K [0x000000009a8c0000, 0x00000000a2dbf000, 0x0000000100000000)
 Metaspace       used 124477K, capacity 132999K, committed 133092K, reserved 1165312K
  class space    used 14959K, capacity 16584K, committed 16612K, reserved 1048576K
}
2020-12-20T14:30:45.158+0000: 4257.488: Total time for which application threads were stopped: 0.0076845 seconds, Stopping threads took: 0.0001043 seconds
2020-12-20T14:32:10.168+0000: 4342.499: Total time for which application threads were stopped: 0.0004408 seconds, Stopping threads took: 0.0000803 seconds
2020-12-20T14:32:14.169+0000: 4346.499: Total time for which application threads were stopped: 0.0004264 seconds, Stopping threads took: 0.0000709 seconds
{Heap before GC invocations=337 (full 6):
 par new generation   total 38080K, used 34701K [0x0000000085c00000, 0x0000000088550000, 0x000000009a8c0000)
  eden space 33856K, 100% used [0x0000000085c00000, 0x0000000087d10000, 0x0000000087d10000)
  from space 4224K,  20% used [0x0000000088130000, 0x0000000088203720, 0x0000000088550000)
  to   space 4224K,   0% used [0x0000000087d10000, 0x0000000087d10000, 0x0000000088130000)
 concurrent mark-sweep generation total 136188K, used 91028K [0x000000009a8c0000, 0x00000000a2dbf000, 0x0000000100000000)
 Metaspace       used 124486K, capacity 133003K, committed 133092K, reserved 1165312K
  class space    used 14959K, capacity 16584K, committed 16612K, reserved 1048576K
2020-12-20T14:32:25.194+0000: 4357.525: [GC (Allocation Failure) 2020-12-20T14:32:25.194+0000: 4357.525: [ParNew
Desired survivor size 2162688 bytes, new threshold 6 (max 6)
- age   1:     133648 bytes,     133648 total
- age   2:      67488 bytes,     201136 total
- age   3:      37832 bytes,     238968 total
- age   4:      38072 bytes,     277040 total
- age   5:      79472 bytes,     356512 total
- age   6:     132880 bytes,     489392 total
: 34701K->779K(38080K), 0.0083160 secs] 125730K->91922K(174268K), 0.0086410 secs] [Times: user=0.01 sys=0.00, real=0.01 secs] 
Heap after GC invocations=338 (full 6):
 par new generation   total 38080K, used 779K [0x0000000085c00000, 0x0000000088550000, 0x000000009a8c0000)
  eden space 33856K,   0% used [0x0000000085c00000, 0x0000000085c00000, 0x0000000087d10000)
  from space 4224K,  18% used [0x0000000087d10000, 0x0000000087dd2c20, 0x0000000088130000)
  to   space 4224K,   0% used [0x0000000088130000, 0x0000000088130000, 0x0000000088550000)
 concurrent mark-sweep generation total 136188K, used 91143K [0x000000009a8c0000, 0x00000000a2dbf000, 0x0000000100000000)
 Metaspace       used 124486K, capacity 133003K, committed 133092K, reserved 1165312K
  class space    used 14959K, capacity 16584K, committed 16612K, reserved 1048576K
}
2020-12-20T14:32:25.203+0000: 4357.533: Total time for which application threads were stopped: 0.0093621 seconds, Stopping threads took: 0.0000801 seconds
2020-12-20T14:32:50.206+0000: 4382.537: Total time for which application threads were stopped: 0.0005613 seconds, Stopping threads took: 0.0000868 seconds
2020-12-20T14:33:44.213+0000: 4436.543: Total time for which application threads were stopped: 0.0004160 seconds, Stopping threads took: 0.0000769 seconds
2020-12-20T14:33:54.215+0000: 4446.545: Total time for which application threads were stopped: 0.0004912 seconds, Stopping threads took: 0.0000806 seconds
{Heap before GC invocations=338 (full 6):
 par new generation   total 38080K, used 34635K [0x0000000085c00000, 0x0000000088550000, 0x000000009a8c0000)
  eden space 33856K, 100% used [0x0000000085c00000, 0x0000000087d10000, 0x0000000087d10000)
  from space 4224K,  18% used [0x0000000087d10000, 0x0000000087dd2c20, 0x0000000088130000)
  to   space 4224K,   0% used [0x0000000088130000, 0x0000000088130000, 0x0000000088550000)
 concurrent mark-sweep generation total 136188K, used 91143K [0x000000009a8c0000, 0x00000000a2dbf000, 0x0000000100000000)
 Metaspace       used 124500K, capacity 133067K, committed 133348K, reserved 1165312K
  class space    used 14959K, capacity 16584K, committed 16612K, reserved 1048576K
2020-12-20T14:34:02.508+0000: 4454.838: [GC (Allocation Failure) 2020-12-20T14:34:02.508+0000: 4454.838: [ParNew
Desired survivor size 2162688 bytes, new threshold 6 (max 6)
- age   1:     285656 bytes,     285656 total
- age   2:     110496 bytes,     396152 total
- age   3:      33448 bytes,     429600 total
- age   4:      37768 bytes,     467368 total
- age   5:      38072 bytes,     505440 total
- age   6:      79472 bytes,     584912 total
: 34635K->678K(38080K), 0.0062347 secs] 125778K->91952K(174268K), 0.0064828 secs] [Times: user=0.03 sys=0.00, real=0.00 secs] 
Heap after GC invocations=339 (full 6):
 par new generation   total 38080K, used 678K [0x0000000085c00000, 0x0000000088550000, 0x000000009a8c0000)
  eden space 33856K,   0% used [0x0000000085c00000, 0x0000000085c00000, 0x0000000087d10000)
  from space 4224K,  16% used [0x0000000088130000, 0x00000000881d9880, 0x0000000088550000)
  to   space 4224K,   0% used [0x0000000087d10000, 0x0000000087d10000, 0x0000000088130000)
 concurrent mark-sweep generation total 136188K, used 91274K [0x000000009a8c0000, 0x00000000a2dbf000, 0x0000000100000000)
 Metaspace       used 124500K, capacity 133067K, committed 133348K, reserved 1165312K
  class space    used 14959K, capacity 16584K, committed 16612K, reserved 1048576K
}
2020-12-20T14:34:02.514+0000: 4454.845: Total time for which application threads were stopped: 0.0072435 seconds, Stopping threads took: 0.0000846 seconds
2020-12-20T14:34:39.520+0000: 4491.850: Total time for which application threads were stopped: 0.0004572 seconds, Stopping threads took: 0.0000759 seconds
2020-12-20T14:35:32.527+0000: 4544.857: Total time for which application threads were stopped: 0.0005834 seconds, Stopping threads took: 0.0000894 seconds
{Heap before GC invocations=339 (full 6):
 par new generation   total 38080K, used 34534K [0x0000000085c00000, 0x0000000088550000, 0x000000009a8c0000)
  eden space 33856K, 100% used [0x0000000085c00000, 0x0000000087d10000, 0x0000000087d10000)
  from space 4224K,  16% used [0x0000000088130000, 0x00000000881d9880, 0x0000000088550000)
  to   space 4224K,   0% used [0x0000000087d10000, 0x0000000087d10000, 0x0000000088130000)
 concurrent mark-sweep generation total 136188K, used 91274K [0x000000009a8c0000, 0x00000000a2dbf000, 0x0000000100000000)
 Metaspace       used 124521K, capacity 133067K, committed 133348K, reserved 1165312K
  class space    used 14960K, capacity 16584K, committed 16612K, reserved 1048576K
2020-12-20T14:35:41.780+0000: 4554.110: [GC (Allocation Failure) 2020-12-20T14:35:41.780+0000: 4554.111: [ParNew
Desired survivor size 2162688 bytes, new threshold 6 (max 6)
- age   1:     227688 bytes,     227688 total
- age   2:        696 bytes,     228384 total
- age   3:      67640 bytes,     296024 total
- age   4:      33384 bytes,     329408 total
- age   5:      37768 bytes,     367176 total
- age   6:      38072 bytes,     405248 total
: 34534K->502K(38080K), 0.0048178 secs] 125808K->91853K(174268K), 0.0050965 secs] [Times: user=0.02 sys=0.00, real=0.00 secs] 
Heap after GC invocations=340 (full 6):
 par new generation   total 38080K, used 502K [0x0000000085c00000, 0x0000000088550000, 0x000000009a8c0000)
  eden space 33856K,   0% used [0x0000000085c00000, 0x0000000085c00000, 0x0000000087d10000)
  from space 4224K,  11% used [0x0000000087d10000, 0x0000000087d8d840, 0x0000000088130000)
  to   space 4224K,   0% used [0x0000000088130000, 0x0000000088130000, 0x0000000088550000)
 concurrent mark-sweep generation total 136188K, used 91351K [0x000000009a8c0000, 0x00000000a2dbf000, 0x0000000100000000)
 Metaspace       used 124521K, capacity 133067K, committed 133348K, reserved 1165312K
  class space    used 14960K, capacity 16584K, committed 16612K, reserved 1048576K
}
2020-12-20T14:35:41.785+0000: 4554.116: Total time for which application threads were stopped: 0.0059467 seconds, Stopping threads took: 0.0001186 seconds
2020-12-20T14:36:02.789+0000: 4575.119: Total time for which application threads were stopped: 0.0007428 seconds, Stopping threads took: 0.0001107 seconds
2020-12-20T14:36:25.793+0000: 4598.123: Total time for which application threads were stopped: 0.0003786 seconds, Stopping threads took: 0.0000676 seconds
2020-12-20T14:36:44.795+0000: 4617.126: Total time for which application threads were stopped: 0.0004839 seconds, Stopping threads took: 0.0000748 seconds
{Heap before GC invocations=340 (full 6):
 par new generation   total 38080K, used 34358K [0x0000000085c00000, 0x0000000088550000, 0x000000009a8c0000)
  eden space 33856K, 100% used [0x0000000085c00000, 0x0000000087d10000, 0x0000000087d10000)
  from space 4224K,  11% used [0x0000000087d10000, 0x0000000087d8d840, 0x0000000088130000)
  to   space 4224K,   0% used [0x0000000088130000, 0x0000000088130000, 0x0000000088550000)
 concurrent mark-sweep generation total 136188K, used 91351K [0x000000009a8c0000, 0x00000000a2dbf000, 0x0000000100000000)
 Metaspace       used 124522K, capacity 133067K, committed 133348K, reserved 1165312K
  class space    used 14960K, capacity 16584K, committed 16612K, reserved 1048576K
2020-12-20T14:37:21.293+0000: 4653.623: [GC (Allocation Failure) 2020-12-20T14:37:21.293+0000: 4653.623: [ParNew
Desired survivor size 2162688 bytes, new threshold 6 (max 6)
- age   1:      80656 bytes,      80656 total
- age   2:      77552 bytes,     158208 total
- age   3:        464 bytes,     158672 total
- age   4:      67608 bytes,     226280 total
- age   5:      33384 bytes,     259664 total
- age   6:      37768 bytes,     297432 total
: 34358K->326K(38080K), 0.0056031 secs] 125709K->91715K(174268K), 0.0058558 secs] [Times: user=0.02 sys=0.00, real=0.01 secs] 
Heap after GC invocations=341 (full 6):
 par new generation   total 38080K, used 326K [0x0000000085c00000, 0x0000000088550000, 0x000000009a8c0000)
  eden space 33856K,   0% used [0x0000000085c00000, 0x0000000085c00000, 0x0000000087d10000)
  from space 4224K,   7% used [0x0000000088130000, 0x00000000881819c0, 0x0000000088550000)
  to   space 4224K,   0% used [0x0000000087d10000, 0x0000000087d10000, 0x0000000088130000)
 concurrent mark-sweep generation total 136188K, used 91389K [0x000000009a8c0000, 0x00000000a2dbf000, 0x0000000100000000)
 Metaspace       used 124522K, capacity 133067K, committed 133348K, reserved 1165312K
  class space    used 14960K, capacity 16584K, committed 16612K, reserved 1048576K
}
2020-12-20T14:37:21.299+0000: 4653.629: Total time for which application threads were stopped: 0.0065765 seconds, Stopping threads took: 0.0001321 seconds
2020-12-20T14:37:26.300+0000: 4658.630: Total time for which application threads were stopped: 0.0005732 seconds, Stopping threads took: 0.0000927 seconds
2020-12-20T14:37:44.303+0000: 4676.633: Total time for which application threads were stopped: 0.0004576 seconds, Stopping threads took: 0.0000759 seconds
2020-12-20T14:38:56.313+0000: 4748.644: Total time for which application threads were stopped: 0.0005266 seconds, Stopping threads took: 0.0000777 seconds
{Heap before GC invocations=341 (full 6):
 par new generation   total 38080K, used 34182K [0x0000000085c00000, 0x0000000088550000, 0x000000009a8c0000)
  eden space 33856K, 100% used [0x0000000085c00000, 0x0000000087d10000, 0x0000000087d10000)
  from space 4224K,   7% used [0x0000000088130000, 0x00000000881819c0, 0x0000000088550000)
  to   space 4224K,   0% used [0x0000000087d10000, 0x0000000087d10000, 0x0000000088130000)
 concurrent mark-sweep generation total 136188K, used 91389K [0x000000009a8c0000, 0x00000000a2dbf000, 0x0000000100000000)
 Metaspace       used 124530K, capacity 133067K, committed 133348K, reserved 1165312K
  class space    used 14960K, capacity 16584K, committed 16612K, reserved 1048576K
2020-12-20T14:38:59.477+0000: 4751.808: [GC (Allocation Failure) 2020-12-20T14:38:59.477+0000: 4751.808: [ParNew
Desired survivor size 2162688 bytes, new threshold 6 (max 6)
- age   1:     125360 bytes,     125360 total
- age   2:      67072 bytes,     192432 total
- age   3:      34568 bytes,     227000 total
- age   4:        400 bytes,     227400 total
- age   5:      67608 bytes,     295008 total
- age   6:      33384 bytes,     328392 total
: 34182K->340K(38080K), 0.0041761 secs] 125571K->91766K(174268K), 0.0044083 secs] [Times: user=0.02 sys=0.00, real=0.00 secs] 
Heap after GC invocations=342 (full 6):
 par new generation   total 38080K, used 340K [0x0000000085c00000, 0x0000000088550000, 0x000000009a8c0000)
  eden space 33856K,   0% used [0x0000000085c00000, 0x0000000085c00000, 0x0000000087d10000)
  from space 4224K,   8% used [0x0000000087d10000, 0x0000000087d65130, 0x0000000088130000)
  to   space 4224K,   0% used [0x0000000088130000, 0x0000000088130000, 0x0000000088550000)
 concurrent mark-sweep generation total 136188K, used 91426K [0x000000009a8c0000, 0x00000000a2dbf000, 0x0000000100000000)
 Metaspace       used 124530K, capacity 133067K, committed 133348K, reserved 1165312K
  class space    used 14960K, capacity 16584K, committed 16612K, reserved 1048576K
}
2020-12-20T14:38:59.482+0000: 4751.812: Total time for which application threads were stopped: 0.0051303 seconds, Stopping threads took: 0.0000876 seconds
2020-12-20T14:39:32.486+0000: 4784.816: Total time for which application threads were stopped: 0.0003956 seconds, Stopping threads took: 0.0000726 seconds
2020-12-20T14:39:50.488+0000: 4802.819: Total time for which application threads were stopped: 0.0006236 seconds, Stopping threads took: 0.0000910 seconds
2020-12-20T14:40:02.490+0000: 4814.821: Total time for which application threads were stopped: 0.0006031 seconds, Stopping threads took: 0.0000861 seconds
2020-12-20T14:40:13.492+0000: 4825.823: Total time for which application threads were stopped: 0.0004463 seconds, Stopping threads took: 0.0000728 seconds
2020-12-20T14:40:32.496+0000: 4844.826: Total time for which application threads were stopped: 0.0005750 seconds, Stopping threads took: 0.0000901 seconds
2020-12-20T14:40:35.497+0000: 4847.827: Total time for which application threads were stopped: 0.0005971 seconds, Stopping threads took: 0.0000943 seconds
{Heap before GC invocations=342 (full 6):
 par new generation   total 38080K, used 34196K [0x0000000085c00000, 0x0000000088550000, 0x000000009a8c0000)
  eden space 33856K, 100% used [0x0000000085c00000, 0x0000000087d10000, 0x0000000087d10000)
  from space 4224K,   8% used [0x0000000087d10000, 0x0000000087d65130, 0x0000000088130000)
  to   space 4224K,   0% used [0x0000000088130000, 0x0000000088130000, 0x0000000088550000)
 concurrent mark-sweep generation total 136188K, used 91426K [0x000000009a8c0000, 0x00000000a2dbf000, 0x0000000100000000)
 Metaspace       used 124544K, capacity 133075K, committed 133348K, reserved 1165312K
  class space    used 14960K, capacity 16584K, committed 16612K, reserved 1048576K
2020-12-20T14:40:38.091+0000: 4850.421: [GC (Allocation Failure) 2020-12-20T14:40:38.091+0000: 4850.421: [ParNew
Desired survivor size 2162688 bytes, new threshold 6 (max 6)
- age   1:     294496 bytes,     294496 total
- age   2:      34440 bytes,     328936 total
- age   3:      33144 bytes,     362080 total
- age   4:      34568 bytes,     396648 total
- age   5:        400 bytes,     397048 total
- age   6:      67608 bytes,     464656 total
: 34196K->458K(38080K), 0.0042141 secs] 125622K->91917K(174268K), 0.0044303 secs] [Times: user=0.01 sys=0.00, real=0.00 secs] 
Heap after GC invocations=343 (full 6):
 par new generation   total 38080K, used 458K [0x0000000085c00000, 0x0000000088550000, 0x000000009a8c0000)
  eden space 33856K,   0% used [0x0000000085c00000, 0x0000000085c00000, 0x0000000087d10000)
  from space 4224K,  10% used [0x0000000088130000, 0x00000000881a2b98, 0x0000000088550000)
  to   space 4224K,   0% used [0x0000000087d10000, 0x0000000087d10000, 0x0000000088130000)
 concurrent mark-sweep generation total 136188K, used 91458K [0x000000009a8c0000, 0x00000000a2dbf000, 0x0000000100000000)
 Metaspace       used 124544K, capacity 133075K, committed 133348K, reserved 1165312K
  class space    used 14960K, capacity 16584K, committed 16612K, reserved 1048576K
}
2020-12-20T14:40:38.095+0000: 4850.426: Total time for which application threads were stopped: 0.0049828 seconds, Stopping threads took: 0.0000721 seconds
2020-12-20T14:40:46.097+0000: 4858.427: Total time for which application threads were stopped: 0.0004408 seconds, Stopping threads took: 0.0000687 seconds
2020-12-20T14:40:51.098+0000: 4863.429: Total time for which application threads were stopped: 0.0005612 seconds, Stopping threads took: 0.0000846 seconds
2020-12-20T14:41:02.100+0000: 4874.430: Total time for which application threads were stopped: 0.0004592 seconds, Stopping threads took: 0.0000741 seconds
2020-12-20T14:41:32.105+0000: 4904.435: Total time for which application threads were stopped: 0.0004535 seconds, Stopping threads took: 0.0000726 seconds
{Heap before GC invocations=343 (full 6):
 par new generation   total 38080K, used 34314K [0x0000000085c00000, 0x0000000088550000, 0x000000009a8c0000)
  eden space 33856K, 100% used [0x0000000085c00000, 0x0000000087d10000, 0x0000000087d10000)
  from space 4224K,  10% used [0x0000000088130000, 0x00000000881a2b98, 0x0000000088550000)
  to   space 4224K,   0% used [0x0000000087d10000, 0x0000000087d10000, 0x0000000088130000)
 concurrent mark-sweep generation total 136188K, used 91458K [0x000000009a8c0000, 0x00000000a2dbf000, 0x0000000100000000)
 Metaspace       used 124554K, capacity 133075K, committed 133348K, reserved 1165312K
  class space    used 14960K, capacity 16584K, committed 16612K, reserved 1048576K
2020-12-20T14:42:16.852+0000: 4949.183: [GC (Allocation Failure) 2020-12-20T14:42:16.852+0000: 4949.183: [ParNew
Desired survivor size 2162688 bytes, new threshold 6 (max 6)
- age   1:     200784 bytes,     200784 total
- age   2:      33952 bytes,     234736 total
- age   3:      34216 bytes,     268952 total
- age   4:      33112 bytes,     302064 total
- age   5:      34568 bytes,     336632 total
- age   6:        400 bytes,     337032 total
: 34314K->336K(38080K), 0.0048959 secs] 125773K->91861K(174268K), 0.0051502 secs] [Times: user=0.01 sys=0.00, real=0.01 secs] 
Heap after GC invocations=344 (full 6):
 par new generation   total 38080K, used 336K [0x0000000085c00000, 0x0000000088550000, 0x000000009a8c0000)
  eden space 33856K,   0% used [0x0000000085c00000, 0x0000000085c00000, 0x0000000087d10000)
  from space 4224K,   7% used [0x0000000087d10000, 0x0000000087d643e0, 0x0000000088130000)
  to   space 4224K,   0% used [0x0000000088130000, 0x0000000088130000, 0x0000000088550000)
 concurrent mark-sweep generation total 136188K, used 91524K [0x000000009a8c0000, 0x00000000a2dbf000, 0x0000000100000000)
 Metaspace       used 124554K, capacity 133075K, committed 133348K, reserved 1165312K
  class space    used 14960K, capacity 16584K, committed 16612K, reserved 1048576K
}
2020-12-20T14:42:16.858+0000: 4949.188: Total time for which application threads were stopped: 0.0057979 seconds, Stopping threads took: 0.0000704 seconds
2020-12-20T14:42:35.861+0000: 4968.191: Total time for which application threads were stopped: 0.0006249 seconds, Stopping threads took: 0.0000955 seconds
2020-12-20T14:42:44.862+0000: 4977.193: Total time for which application threads were stopped: 0.0005124 seconds, Stopping threads took: 0.0000888 seconds
2020-12-20T14:43:38.869+0000: 5031.199: Total time for which application threads were stopped: 0.0005165 seconds, Stopping threads took: 0.0000946 seconds
{Heap before GC invocations=344 (full 6):
 par new generation   total 38080K, used 34186K [0x0000000085c00000, 0x0000000088550000, 0x000000009a8c0000)
  eden space 33856K,  99% used [0x0000000085c00000, 0x0000000087d0e518, 0x0000000087d10000)
  from space 4224K,   7% used [0x0000000087d10000, 0x0000000087d643e0, 0x0000000088130000)
  to   space 4224K,   0% used [0x0000000088130000, 0x0000000088130000, 0x0000000088550000)
 concurrent mark-sweep generation total 136188K, used 91524K [0x000000009a8c0000, 0x00000000a2dbf000, 0x0000000100000000)
 Metaspace       used 124580K, capacity 133093K, committed 133348K, reserved 1165312K
  class space    used 14961K, capacity 16587K, committed 16612K, reserved 1048576K
2020-12-20T14:43:53.497+0000: 5045.828: [GC (Allocation Failure) 2020-12-20T14:43:53.498+0000: 5045.828: [ParNew
Desired survivor size 2162688 bytes, new threshold 6 (max 6)
- age   1:     201768 bytes,     201768 total
- age   2:      76392 bytes,     278160 total
- age   3:      33792 bytes,     311952 total
- age   4:      34152 bytes,     346104 total
- age   5:      33112 bytes,     379216 total
- age   6:      34568 bytes,     413784 total
: 34186K->414K(38080K), 0.0043875 secs] 125710K->91939K(174268K), 0.0046022 secs] [Times: user=0.01 sys=0.00, real=0.00 secs] 
Heap after GC invocations=345 (full 6):
 par new generation   total 38080K, used 414K [0x0000000085c00000, 0x0000000088550000, 0x000000009a8c0000)
  eden space 33856K,   0% used [0x0000000085c00000, 0x0000000085c00000, 0x0000000087d10000)
  from space 4224K,   9% used [0x0000000088130000, 0x0000000088197ab8, 0x0000000088550000)
  to   space 4224K,   0% used [0x0000000087d10000, 0x0000000087d10000, 0x0000000088130000)
 concurrent mark-sweep generation total 136188K, used 91525K [0x000000009a8c0000, 0x00000000a2dbf000, 0x0000000100000000)
 Metaspace       used 124580K, capacity 133093K, committed 133348K, reserved 1165312K
  class space    used 14961K, capacity 16587K, committed 16612K, reserved 1048576K
}
2020-12-20T14:43:53.502+0000: 5045.833: Total time for which application threads were stopped: 0.0052793 seconds, Stopping threads took: 0.0000846 seconds
2020-12-20T14:43:54.503+0000: 5046.833: Total time for which application threads were stopped: 0.0005204 seconds, Stopping threads took: 0.0001134 seconds
2020-12-20T14:44:02.504+0000: 5054.835: Total time for which application threads were stopped: 0.0004781 seconds, Stopping threads took: 0.0000764 seconds
2020-12-20T14:44:08.506+0000: 5060.836: Total time for which application threads were stopped: 0.0005244 seconds, Stopping threads took: 0.0000822 seconds
2020-12-20T14:44:36.510+0000: 5088.840: Total time for which application threads were stopped: 0.0004202 seconds, Stopping threads took: 0.0000838 seconds
2020-12-20T14:44:51.512+0000: 5103.842: Total time for which application threads were stopped: 0.0004856 seconds, Stopping threads took: 0.0000842 seconds
{Heap before GC invocations=345 (full 6):
 par new generation   total 38080K, used 34270K [0x0000000085c00000, 0x0000000088550000, 0x000000009a8c0000)
  eden space 33856K, 100% used [0x0000000085c00000, 0x0000000087d10000, 0x0000000087d10000)
  from space 4224K,   9% used [0x0000000088130000, 0x0000000088197ab8, 0x0000000088550000)
  to   space 4224K,   0% used [0x0000000087d10000, 0x0000000087d10000, 0x0000000088130000)
 concurrent mark-sweep generation total 136188K, used 91525K [0x000000009a8c0000, 0x00000000a2dbf000, 0x0000000100000000)
 Metaspace       used 124588K, capacity 133157K, committed 133348K, reserved 1165312K
  class space    used 14961K, capacity 16587K, committed 16612K, reserved 1048576K
2020-12-20T14:45:32.870+0000: 5145.201: [GC (Allocation Failure) 2020-12-20T14:45:32.870+0000: 5145.201: [ParNew
Desired survivor size 2162688 bytes, new threshold 6 (max 6)
- age   1:     299656 bytes,     299656 total
- age   2:      86280 bytes,     385936 total
- age   3:      33480 bytes,     419416 total
- age   4:      33792 bytes,     453208 total
- age   5:      34152 bytes,     487360 total
- age   6:      33112 bytes,     520472 total
: 34270K->516K(38080K), 0.0065187 secs] 125795K->92074K(174268K), 0.0068028 secs] [Times: user=0.01 sys=0.00, real=0.00 secs] 
Heap after GC invocations=346 (full 6):
 par new generation   total 38080K, used 516K [0x0000000085c00000, 0x0000000088550000, 0x000000009a8c0000)
  eden space 33856K,   0% used [0x0000000085c00000, 0x0000000085c00000, 0x0000000087d10000)
  from space 4224K,  12% used [0x0000000087d10000, 0x0000000087d91008, 0x0000000088130000)
  to   space 4224K,   0% used [0x0000000088130000, 0x0000000088130000, 0x0000000088550000)
 concurrent mark-sweep generation total 136188K, used 91558K [0x000000009a8c0000, 0x00000000a2dbf000, 0x0000000100000000)
 Metaspace       used 124588K, capacity 133157K, committed 133348K, reserved 1165312K
  class space    used 14961K, capacity 16587K, committed 16612K, reserved 1048576K
}
2020-12-20T14:45:32.877+0000: 5145.208: Total time for which application threads were stopped: 0.0075204 seconds, Stopping threads took: 0.0000810 seconds
2020-12-20T14:45:59.881+0000: 5172.211: Total time for which application threads were stopped: 0.0007792 seconds, Stopping threads took: 0.0001088 seconds
2020-12-20T14:46:17.883+0000: 5190.214: Total time for which application threads were stopped: 0.0004773 seconds, Stopping threads took: 0.0000788 seconds
{Heap before GC invocations=346 (full 6):
 par new generation   total 38080K, used 34372K [0x0000000085c00000, 0x0000000088550000, 0x000000009a8c0000)
  eden space 33856K, 100% used [0x0000000085c00000, 0x0000000087d10000, 0x0000000087d10000)
  from space 4224K,  12% used [0x0000000087d10000, 0x0000000087d91008, 0x0000000088130000)
  to   space 4224K,   0% used [0x0000000088130000, 0x0000000088130000, 0x0000000088550000)
 concurrent mark-sweep generation total 136188K, used 91558K [0x000000009a8c0000, 0x00000000a2dbf000, 0x0000000100000000)
 Metaspace       used 124594K, capacity 133165K, committed 133348K, reserved 1165312K
  class space    used 14961K, capacity 16587K, committed 16612K, reserved 1048576K
2020-12-20T14:47:10.962+0000: 5243.292: [GC (Allocation Failure) 2020-12-20T14:47:10.962+0000: 5243.292: [ParNew
Desired survivor size 2162688 bytes, new threshold 6 (max 6)
- age   1:     190928 bytes,     190928 total
- age   2:      40104 bytes,     231032 total
- age   3:      52208 bytes,     283240 total
- age   4:      33480 bytes,     316720 total
- age   5:      33792 bytes,     350512 total
- age   6:      34152 bytes,     384664 total
: 34372K->385K(38080K), 0.0050690 secs] 125930K->91976K(174268K), 0.0053126 secs] [Times: user=0.01 sys=0.00, real=0.01 secs] 
Heap after GC invocations=347 (full 6):
 par new generation   total 38080K, used 385K [0x0000000085c00000, 0x0000000088550000, 0x000000009a8c0000)
  eden space 33856K,   0% used [0x0000000085c00000, 0x0000000085c00000, 0x0000000087d10000)
  from space 4224K,   9% used [0x0000000088130000, 0x0000000088190608, 0x0000000088550000)
  to   space 4224K,   0% used [0x0000000087d10000, 0x0000000087d10000, 0x0000000088130000)
 concurrent mark-sweep generation total 136188K, used 91591K [0x000000009a8c0000, 0x00000000a2dbf000, 0x0000000100000000)
 Metaspace       used 124594K, capacity 133165K, committed 133348K, reserved 1165312K
  class space    used 14961K, capacity 16587K, committed 16612K, reserved 1048576K
}
2020-12-20T14:47:10.967+0000: 5243.298: Total time for which application threads were stopped: 0.0061031 seconds, Stopping threads took: 0.0001449 seconds
2020-12-20T14:48:09.975+0000: 5302.306: Total time for which application threads were stopped: 0.0004734 seconds, Stopping threads took: 0.0000812 seconds
{Heap before GC invocations=347 (full 6):
 par new generation   total 38080K, used 34241K [0x0000000085c00000, 0x0000000088550000, 0x000000009a8c0000)
  eden space 33856K, 100% used [0x0000000085c00000, 0x0000000087d10000, 0x0000000087d10000)
  from space 4224K,   9% used [0x0000000088130000, 0x0000000088190608, 0x0000000088550000)
  to   space 4224K,   0% used [0x0000000087d10000, 0x0000000087d10000, 0x0000000088130000)
 concurrent mark-sweep generation total 136188K, used 91591K [0x000000009a8c0000, 0x00000000a2dbf000, 0x0000000100000000)
 Metaspace       used 124618K, capacity 133165K, committed 133348K, reserved 1165312K
  class space    used 14961K, capacity 16587K, committed 16612K, reserved 1048576K
2020-12-20T14:48:48.223+0000: 5340.553: [GC (Allocation Failure) 2020-12-20T14:48:48.223+0000: 5340.553: [ParNew
Desired survivor size 2162688 bytes, new threshold 6 (max 6)
- age   1:     500304 bytes,     500304 total
- age   2:      33296 bytes,     533600 total
- age   3:      39888 bytes,     573488 total
- age   4:      52208 bytes,     625696 total
- age   5:      33480 bytes,     659176 total
- age   6:      33792 bytes,     692968 total
: 34241K->694K(38080K), 0.0051682 secs] 125832K->92318K(174268K), 0.0054096 secs] [Times: user=0.02 sys=0.00, real=0.01 secs] 
Heap after GC invocations=348 (full 6):
 par new generation   total 38080K, used 694K [0x0000000085c00000, 0x0000000088550000, 0x000000009a8c0000)
  eden space 33856K,   0% used [0x0000000085c00000, 0x0000000085c00000, 0x0000000087d10000)
  from space 4224K,  16% used [0x0000000087d10000, 0x0000000087dbd8d0, 0x0000000088130000)
  to   space 4224K,   0% used [0x0000000088130000, 0x0000000088130000, 0x0000000088550000)
 concurrent mark-sweep generation total 136188K, used 91624K [0x000000009a8c0000, 0x00000000a2dbf000, 0x0000000100000000)
 Metaspace       used 124618K, capacity 133165K, committed 133348K, reserved 1165312K
  class space    used 14961K, capacity 16587K, committed 16612K, reserved 1048576K
}
2020-12-20T14:48:48.229+0000: 5340.559: Total time for which application threads were stopped: 0.0061300 seconds, Stopping threads took: 0.0000757 seconds
2020-12-20T14:48:51.230+0000: 5343.560: Total time for which application threads were stopped: 0.0006379 seconds, Stopping threads took: 0.0000960 seconds
2020-12-20T14:48:55.231+0000: 5347.561: Total time for which application threads were stopped: 0.0005894 seconds, Stopping threads took: 0.0000916 seconds
2020-12-20T14:49:03.232+0000: 5355.563: Total time for which application threads were stopped: 0.0006216 seconds, Stopping threads took: 0.0002196 seconds
2020-12-20T14:49:32.236+0000: 5384.567: Total time for which application threads were stopped: 0.0005068 seconds, Stopping threads took: 0.0000862 seconds
2020-12-20T14:50:16.242+0000: 5428.572: Total time for which application threads were stopped: 0.0004004 seconds, Stopping threads took: 0.0000721 seconds
{Heap before GC invocations=348 (full 6):
 par new generation   total 38080K, used 34550K [0x0000000085c00000, 0x0000000088550000, 0x000000009a8c0000)
  eden space 33856K, 100% used [0x0000000085c00000, 0x0000000087d10000, 0x0000000087d10000)
  from space 4224K,  16% used [0x0000000087d10000, 0x0000000087dbd8d0, 0x0000000088130000)
  to   space 4224K,   0% used [0x0000000088130000, 0x0000000088130000, 0x0000000088550000)
 concurrent mark-sweep generation total 136188K, used 91624K [0x000000009a8c0000, 0x00000000a2dbf000, 0x0000000100000000)
 Metaspace       used 124638K, capacity 133165K, committed 133348K, reserved 1165312K
  class space    used 14961K, capacity 16587K, committed 16612K, reserved 1048576K
2020-12-20T14:50:24.475+0000: 5436.805: [GC (Allocation Failure) 2020-12-20T14:50:24.475+0000: 5436.806: [ParNew
Desired survivor size 2162688 bytes, new threshold 6 (max 6)
- age   1:     709992 bytes,     709992 total
- age   2:     237944 bytes,     947936 total
- age   3:      33176 bytes,     981112 total
- age   4:      39888 bytes,    1021000 total
- age   5:      52208 bytes,    1073208 total
- age   6:      33480 bytes,    1106688 total
: 34550K->1154K(38080K), 0.0055042 secs] 126174K->92812K(174268K), 0.0057433 secs] [Times: user=0.01 sys=0.00, real=0.01 secs] 
Heap after GC invocations=349 (full 6):
 par new generation   total 38080K, used 1154K [0x0000000085c00000, 0x0000000088550000, 0x000000009a8c0000)
  eden space 33856K,   0% used [0x0000000085c00000, 0x0000000085c00000, 0x0000000087d10000)
  from space 4224K,  27% used [0x0000000088130000, 0x0000000088250b08, 0x0000000088550000)
  to   space 4224K,   0% used [0x0000000087d10000, 0x0000000087d10000, 0x0000000088130000)
 concurrent mark-sweep generation total 136188K, used 91657K [0x000000009a8c0000, 0x00000000a2dbf000, 0x0000000100000000)
 Metaspace       used 124638K, capacity 133165K, committed 133348K, reserved 1165312K
  class space    used 14961K, capacity 16587K, committed 16612K, reserved 1048576K
}
2020-12-20T14:50:24.481+0000: 5436.811: Total time for which application threads were stopped: 0.0062890 seconds, Stopping threads took: 0.0000667 seconds
2020-12-20T14:50:32.482+0000: 5444.813: Total time for which application threads were stopped: 0.0005745 seconds, Stopping threads took: 0.0000875 seconds
2020-12-20T14:50:36.483+0000: 5448.814: Total time for which application threads were stopped: 0.0003956 seconds, Stopping threads took: 0.0000691 seconds
2020-12-20T14:51:44.493+0000: 5516.823: Total time for which application threads were stopped: 0.0004742 seconds, Stopping threads took: 0.0000777 seconds
{Heap before GC invocations=349 (full 6):
 par new generation   total 38080K, used 35010K [0x0000000085c00000, 0x0000000088550000, 0x000000009a8c0000)
  eden space 33856K, 100% used [0x0000000085c00000, 0x0000000087d10000, 0x0000000087d10000)
  from space 4224K,  27% used [0x0000000088130000, 0x0000000088250b08, 0x0000000088550000)
  to   space 4224K,   0% used [0x0000000087d10000, 0x0000000087d10000, 0x0000000088130000)
 concurrent mark-sweep generation total 136188K, used 91657K [0x000000009a8c0000, 0x00000000a2dbf000, 0x0000000100000000)
 Metaspace       used 124642K, capacity 133165K, committed 133348K, reserved 1165312K
  class space    used 14961K, capacity 16587K, committed 16612K, reserved 1048576K
2020-12-20T14:52:02.074+0000: 5534.404: [GC (Allocation Failure) 2020-12-20T14:52:02.074+0000: 5534.404: [ParNew
Desired survivor size 2162688 bytes, new threshold 6 (max 6)
- age   1:     326976 bytes,     326976 total
- age   2:     660888 bytes,     987864 total
- age   3:     237816 bytes,    1225680 total
- age   4:      33112 bytes,    1258792 total
- age   5:      39888 bytes,    1298680 total
- age   6:      52208 bytes,    1350888 total
: 35010K->1550K(38080K), 0.0060165 secs] 126668K->93240K(174268K), 0.0062873 secs] [Times: user=0.02 sys=0.00, real=0.01 secs] 
Heap after GC invocations=350 (full 6):
 par new generation   total 38080K, used 1550K [0x0000000085c00000, 0x0000000088550000, 0x000000009a8c0000)
  eden space 33856K,   0% used [0x0000000085c00000, 0x0000000085c00000, 0x0000000087d10000)
  from space 4224K,  36% used [0x0000000087d10000, 0x0000000087e93ac0, 0x0000000088130000)
  to   space 4224K,   0% used [0x0000000088130000, 0x0000000088130000, 0x0000000088550000)
 concurrent mark-sweep generation total 136188K, used 91690K [0x000000009a8c0000, 0x00000000a2dbf000, 0x0000000100000000)
 Metaspace       used 124642K, capacity 133165K, committed 133348K, reserved 1165312K
  class space    used 14961K, capacity 16587K, committed 16612K, reserved 1048576K
}
2020-12-20T14:52:02.080+0000: 5534.411: Total time for which application threads were stopped: 0.0070011 seconds, Stopping threads took: 0.0000913 seconds
2020-12-20T14:52:40.086+0000: 5572.416: Total time for which application threads were stopped: 0.0004699 seconds, Stopping threads took: 0.0000769 seconds
{Heap before GC invocations=350 (full 6):
 par new generation   total 38080K, used 35406K [0x0000000085c00000, 0x0000000088550000, 0x000000009a8c0000)
  eden space 33856K, 100% used [0x0000000085c00000, 0x0000000087d10000, 0x0000000087d10000)
  from space 4224K,  36% used [0x0000000087d10000, 0x0000000087e93ac0, 0x0000000088130000)
  to   space 4224K,   0% used [0x0000000088130000, 0x0000000088130000, 0x0000000088550000)
 concurrent mark-sweep generation total 136188K, used 91690K [0x000000009a8c0000, 0x00000000a2dbf000, 0x0000000100000000)
 Metaspace       used 124652K, capacity 133177K, committed 133348K, reserved 1165312K
  class space    used 14961K, capacity 16587K, committed 16612K, reserved 1048576K
2020-12-20T14:53:41.654+0000: 5633.984: [GC (Allocation Failure) 2020-12-20T14:53:41.654+0000: 5633.984: [ParNew
Desired survivor size 2162688 bytes, new threshold 6 (max 6)
- age   1:     327352 bytes,     327352 total
- age   2:      33840 bytes,     361192 total
- age   3:     627056 bytes,     988248 total
- age   4:     237752 bytes,    1226000 total
- age   5:      33112 bytes,    1259112 total
- age   6:      39888 bytes,    1299000 total
: 35406K->1697K(38080K), 0.0059126 secs] 127096K->93438K(174268K), 0.0061397 secs] [Times: user=0.02 sys=0.00, real=0.01 secs] 
Heap after GC invocations=351 (full 6):
 par new generation   total 38080K, used 1697K [0x0000000085c00000, 0x0000000088550000, 0x000000009a8c0000)
  eden space 33856K,   0% used [0x0000000085c00000, 0x0000000085c00000, 0x0000000087d10000)
  from space 4224K,  40% used [0x0000000088130000, 0x00000000882d8568, 0x0000000088550000)
  to   space 4224K,   0% used [0x0000000087d10000, 0x0000000087d10000, 0x0000000088130000)
 concurrent mark-sweep generation total 136188K, used 91741K [0x000000009a8c0000, 0x00000000a2dbf000, 0x0000000100000000)
 Metaspace       used 124652K, capacity 133177K, committed 133348K, reserved 1165312K
  class space    used 14961K, capacity 16587K, committed 16612K, reserved 1048576K
}
2020-12-20T14:53:41.660+0000: 5633.990: Total time for which application threads were stopped: 0.0068369 seconds, Stopping threads took: 0.0001329 seconds
2020-12-20T14:54:32.667+0000: 5684.998: Total time for which application threads were stopped: 0.0005748 seconds, Stopping threads took: 0.0000869 seconds
2020-12-20T14:54:36.668+0000: 5688.999: Total time for which application threads were stopped: 0.0004299 seconds, Stopping threads took: 0.0001003 seconds
{Heap before GC invocations=351 (full 6):
 par new generation   total 38080K, used 35553K [0x0000000085c00000, 0x0000000088550000, 0x000000009a8c0000)
  eden space 33856K, 100% used [0x0000000085c00000, 0x0000000087d10000, 0x0000000087d10000)
  from space 4224K,  40% used [0x0000000088130000, 0x00000000882d8568, 0x0000000088550000)
  to   space 4224K,   0% used [0x0000000087d10000, 0x0000000087d10000, 0x0000000088130000)
 concurrent mark-sweep generation total 136188K, used 91741K [0x000000009a8c0000, 0x00000000a2dbf000, 0x0000000100000000)
 Metaspace       used 124671K, capacity 133249K, committed 133348K, reserved 1165312K
  class space    used 14961K, capacity 16587K, committed 16612K, reserved 1048576K
2020-12-20T14:55:21.339+0000: 5733.670: [GC (Allocation Failure) 2020-12-20T14:55:21.339+0000: 5733.670: [ParNew
Desired survivor size 2162688 bytes, new threshold 6 (max 6)
- age   1:     124848 bytes,     124848 total
- age   2:     109904 bytes,     234752 total
- age   3:      33640 bytes,     268392 total
- age   4:     626992 bytes,     895384 total
- age   5:     237752 bytes,    1133136 total
- age   6:      33112 bytes,    1166248 total
: 35553K->1662K(38080K), 0.0064566 secs] 127294K->93442K(174268K), 0.0067181 secs] [Times: user=0.03 sys=0.00, real=0.01 secs] 
Heap after GC invocations=352 (full 6):
 par new generation   total 38080K, used 1662K [0x0000000085c00000, 0x0000000088550000, 0x000000009a8c0000)
  eden space 33856K,   0% used [0x0000000085c00000, 0x0000000085c00000, 0x0000000087d10000)
  from space 4224K,  39% used [0x0000000087d10000, 0x0000000087eaf8f0, 0x0000000088130000)
  to   space 4224K,   0% used [0x0000000088130000, 0x0000000088130000, 0x0000000088550000)
 concurrent mark-sweep generation total 136188K, used 91780K [0x000000009a8c0000, 0x00000000a2dbf000, 0x0000000100000000)
 Metaspace       used 124671K, capacity 133249K, committed 133348K, reserved 1165312K
  class space    used 14961K, capacity 16587K, committed 16612K, reserved 1048576K
}
2020-12-20T14:55:21.346+0000: 5733.676: Total time for which application threads were stopped: 0.0073966 seconds, Stopping threads took: 0.0000677 seconds
2020-12-20T14:55:32.348+0000: 5744.678: Total time for which application threads were stopped: 0.0004574 seconds, Stopping threads took: 0.0000741 seconds
2020-12-20T14:55:36.349+0000: 5748.679: Total time for which application threads were stopped: 0.0004632 seconds, Stopping threads took: 0.0000762 seconds
2020-12-20T14:55:45.351+0000: 5757.681: Total time for which application threads were stopped: 0.0005873 seconds, Stopping threads took: 0.0000898 seconds
2020-12-20T14:56:02.353+0000: 5774.684: Total time for which application threads were stopped: 0.0004240 seconds, Stopping threads took: 0.0000909 seconds
2020-12-20T14:56:29.358+0000: 5801.688: Total time for which application threads were stopped: 0.0004452 seconds, Stopping threads took: 0.0000719 seconds
2020-12-20T14:56:32.359+0000: 5804.689: Total time for which application threads were stopped: 0.0005436 seconds, Stopping threads took: 0.0000834 seconds
2020-12-20T14:56:36.360+0000: 5808.690: Total time for which application threads were stopped: 0.0004621 seconds, Stopping threads took: 0.0000748 seconds
2020-12-20T14:56:45.362+0000: 5817.692: Total time for which application threads were stopped: 0.0004834 seconds, Stopping threads took: 0.0000943 seconds
{Heap before GC invocations=352 (full 6):
 par new generation   total 38080K, used 35504K [0x0000000085c00000, 0x0000000088550000, 0x000000009a8c0000)
  eden space 33856K,  99% used [0x0000000085c00000, 0x0000000087d0caf0, 0x0000000087d10000)
  from space 4224K,  39% used [0x0000000087d10000, 0x0000000087eaf8f0, 0x0000000088130000)
  to   space 4224K,   0% used [0x0000000088130000, 0x0000000088130000, 0x0000000088550000)
 concurrent mark-sweep generation total 136188K, used 91780K [0x000000009a8c0000, 0x00000000a2dbf000, 0x0000000100000000)
 Metaspace       used 124680K, capacity 133249K, committed 133348K, reserved 1165312K
  class space    used 14961K, capacity 16587K, committed 16612K, reserved 1048576K
2020-12-20T14:56:59.693+0000: 5832.023: [GC (Allocation Failure) 2020-12-20T14:56:59.693+0000: 5832.023: [ParNew
Desired survivor size 2162688 bytes, new threshold 6 (max 6)
- age   1:     237104 bytes,     237104 total
- age   2:        584 bytes,     237688 total
- age   3:      66944 bytes,     304632 total
- age   4:      33576 bytes,     338208 total
- age   5:     626992 bytes,     965200 total
- age   6:     237752 bytes,    1202952 total
: 35504K->1696K(38080K), 0.0047862 secs] 127285K->93509K(174268K), 0.0050351 secs] [Times: user=0.02 sys=0.00, real=0.01 secs] 
Heap after GC invocations=353 (full 6):
 par new generation   total 38080K, used 1696K [0x0000000085c00000, 0x0000000088550000, 0x000000009a8c0000)
  eden space 33856K,   0% used [0x0000000085c00000, 0x0000000085c00000, 0x0000000087d10000)
  from space 4224K,  40% used [0x0000000088130000, 0x00000000882d8380, 0x0000000088550000)
  to   space 4224K,   0% used [0x0000000087d10000, 0x0000000087d10000, 0x0000000088130000)
 concurrent mark-sweep generation total 136188K, used 91812K [0x000000009a8c0000, 0x00000000a2dbf000, 0x0000000100000000)
 Metaspace       used 124680K, capacity 133249K, committed 133348K, reserved 1165312K
  class space    used 14961K, capacity 16587K, committed 16612K, reserved 1048576K
}
2020-12-20T14:56:59.698+0000: 5832.028: Total time for which application threads were stopped: 0.0056671 seconds, Stopping threads took: 0.0000728 seconds
2020-12-20T14:57:32.702+0000: 5865.033: Total time for which application threads were stopped: 0.0004149 seconds, Stopping threads took: 0.0000759 seconds
2020-12-20T14:58:02.706+0000: 5895.037: Total time for which application threads were stopped: 0.0004922 seconds, Stopping threads took: 0.0000850 seconds
2020-12-20T14:58:32.710+0000: 5925.041: Total time for which application threads were stopped: 0.0005016 seconds, Stopping threads took: 0.0000850 seconds
{Heap before GC invocations=353 (full 6):
 par new generation   total 38080K, used 35552K [0x0000000085c00000, 0x0000000088550000, 0x000000009a8c0000)
  eden space 33856K, 100% used [0x0000000085c00000, 0x0000000087d10000, 0x0000000087d10000)
  from space 4224K,  40% used [0x0000000088130000, 0x00000000882d8380, 0x0000000088550000)
  to   space 4224K,   0% used [0x0000000087d10000, 0x0000000087d10000, 0x0000000088130000)
 concurrent mark-sweep generation total 136188K, used 91812K [0x000000009a8c0000, 0x00000000a2dbf000, 0x0000000100000000)
 Metaspace       used 124702K, capacity 133249K, committed 133348K, reserved 1165312K
  class space    used 14961K, capacity 16587K, committed 16612K, reserved 1048576K
2020-12-20T14:58:38.550+0000: 5930.880: [GC (Allocation Failure) 2020-12-20T14:58:38.550+0000: 5930.880: [ParNew
Desired survivor size 2162688 bytes, new threshold 6 (max 6)
- age   1:     227624 bytes,     227624 total
- age   2:     104296 bytes,     331920 total
- age   3:        424 bytes,     332344 total
- age   4:      66944 bytes,     399288 total
- age   5:      33576 bytes,     432864 total
- age   6:     626992 bytes,    1059856 total
: 35552K->1454K(38080K), 0.0064894 secs] 127365K->93502K(174268K), 0.0067348 secs] [Times: user=0.02 sys=0.00, real=0.00 secs] 
Heap after GC invocations=354 (full 6):
 par new generation   total 38080K, used 1454K [0x0000000085c00000, 0x0000000088550000, 0x000000009a8c0000)
  eden space 33856K,   0% used [0x0000000085c00000, 0x0000000085c00000, 0x0000000087d10000)
  from space 4224K,  34% used [0x0000000087d10000, 0x0000000087e7bb88, 0x0000000088130000)
  to   space 4224K,   0% used [0x0000000088130000, 0x0000000088130000, 0x0000000088550000)
 concurrent mark-sweep generation total 136188K, used 92047K [0x000000009a8c0000, 0x00000000a2dbf000, 0x0000000100000000)
 Metaspace       used 124702K, capacity 133249K, committed 133348K, reserved 1165312K
  class space    used 14961K, capacity 16587K, committed 16612K, reserved 1048576K
}
2020-12-20T14:58:38.557+0000: 5930.887: Total time for which application threads were stopped: 0.0074620 seconds, Stopping threads took: 0.0001157 seconds
2020-12-20T14:59:32.565+0000: 5984.895: Total time for which application threads were stopped: 0.0008588 seconds, Stopping threads took: 0.0000896 seconds
{Heap before GC invocations=354 (full 6):
 par new generation   total 38080K, used 35310K [0x0000000085c00000, 0x0000000088550000, 0x000000009a8c0000)
  eden space 33856K, 100% used [0x0000000085c00000, 0x0000000087d10000, 0x0000000087d10000)
  from space 4224K,  34% used [0x0000000087d10000, 0x0000000087e7bb88, 0x0000000088130000)
  to   space 4224K,   0% used [0x0000000088130000, 0x0000000088130000, 0x0000000088550000)
 concurrent mark-sweep generation total 136188K, used 92047K [0x000000009a8c0000, 0x00000000a2dbf000, 0x0000000100000000)
 Metaspace       used 124709K, capacity 133253K, committed 133348K, reserved 1165312K
  class space    used 14961K, capacity 16587K, committed 16612K, reserved 1048576K
2020-12-20T15:00:17.407+0000: 6029.737: [GC (Allocation Failure) 2020-12-20T15:00:17.407+0000: 6029.737: [ParNew
Desired survivor size 2162688 bytes, new threshold 6 (max 6)
- age   1:     190944 bytes,     190944 total
- age   2:      10432 bytes,     201376 total
- age   3:     104120 bytes,     305496 total
- age   4:        392 bytes,     305888 total
- age   5:      66944 bytes,     372832 total
- age   6:      33576 bytes,     406408 total
: 35310K->1067K(38080K), 0.0066699 secs] 127358K->93735K(174268K), 0.0069350 secs] [Times: user=0.02 sys=0.00, real=0.00 secs] 
Heap after GC invocations=355 (full 6):
 par new generation   total 38080K, used 1067K [0x0000000085c00000, 0x0000000088550000, 0x000000009a8c0000)
  eden space 33856K,   0% used [0x0000000085c00000, 0x0000000085c00000, 0x0000000087d10000)
  from space 4224K,  25% used [0x0000000088130000, 0x000000008823ad00, 0x0000000088550000)
  to   space 4224K,   0% used [0x0000000087d10000, 0x0000000087d10000, 0x0000000088130000)
 concurrent mark-sweep generation total 136188K, used 92668K [0x000000009a8c0000, 0x00000000a2dbf000, 0x0000000100000000)
 Metaspace       used 124709K, capacity 133253K, committed 133348K, reserved 1165312K
  class space    used 14961K, capacity 16587K, committed 16612K, reserved 1048576K
}
2020-12-20T15:00:17.414+0000: 6029.744: Total time for which application threads were stopped: 0.0077679 seconds, Stopping threads took: 0.0001944 seconds
2020-12-20T15:01:00.420+0000: 6072.751: Total time for which application threads were stopped: 0.0005390 seconds, Stopping threads took: 0.0000896 seconds
2020-12-20T15:01:11.422+0000: 6083.752: Total time for which application threads were stopped: 0.0004753 seconds, Stopping threads took: 0.0000762 seconds
2020-12-20T15:01:32.426+0000: 6104.756: Total time for which application threads were stopped: 0.0007576 seconds, Stopping threads took: 0.0001728 seconds
{Heap before GC invocations=355 (full 6):
 par new generation   total 38080K, used 34923K [0x0000000085c00000, 0x0000000088550000, 0x000000009a8c0000)
  eden space 33856K, 100% used [0x0000000085c00000, 0x0000000087d10000, 0x0000000087d10000)
  from space 4224K,  25% used [0x0000000088130000, 0x000000008823ad00, 0x0000000088550000)
  to   space 4224K,   0% used [0x0000000087d10000, 0x0000000087d10000, 0x0000000088130000)
 concurrent mark-sweep generation total 136188K, used 92668K [0x000000009a8c0000, 0x00000000a2dbf000, 0x0000000100000000)
 Metaspace       used 124720K, capacity 133253K, committed 133348K, reserved 1165312K
  class space    used 14961K, capacity 16587K, committed 16612K, reserved 1048576K
2020-12-20T15:01:56.241+0000: 6128.571: [GC (Allocation Failure) 2020-12-20T15:01:56.241+0000: 6128.571: [ParNew
Desired survivor size 2162688 bytes, new threshold 6 (max 6)
- age   1:     148952 bytes,     148952 total
- age   2:      75520 bytes,     224472 total
- age   3:       1280 bytes,     225752 total
- age   4:      70320 bytes,     296072 total
- age   5:        392 bytes,     296464 total
- age   6:      66944 bytes,     363408 total
: 34923K->494K(38080K), 0.0051847 secs] 127591K->93195K(174268K), 0.0053818 secs] [Times: user=0.01 sys=0.00, real=0.01 secs] 
Heap after GC invocations=356 (full 6):
 par new generation   total 38080K, used 494K [0x0000000085c00000, 0x0000000088550000, 0x000000009a8c0000)
  eden space 33856K,   0% used [0x0000000085c00000, 0x0000000085c00000, 0x0000000087d10000)
  from space 4224K,  11% used [0x0000000087d10000, 0x0000000087d8b860, 0x0000000088130000)
  to   space 4224K,   0% used [0x0000000088130000, 0x0000000088130000, 0x0000000088550000)
 concurrent mark-sweep generation total 136188K, used 92700K [0x000000009a8c0000, 0x00000000a2dbf000, 0x0000000100000000)
 Metaspace       used 124720K, capacity 133253K, committed 133348K, reserved 1165312K
  class space    used 14961K, capacity 16587K, committed 16612K, reserved 1048576K
}
2020-12-20T15:01:56.246+0000: 6128.576: Total time for which application threads were stopped: 0.0059781 seconds, Stopping threads took: 0.0001041 seconds
2020-12-20T15:02:36.251+0000: 6168.582: Total time for which application threads were stopped: 0.0004845 seconds, Stopping threads took: 0.0000828 seconds
2020-12-20T15:02:45.253+0000: 6177.584: Total time for which application threads were stopped: 0.0004370 seconds, Stopping threads took: 0.0000788 seconds
2020-12-20T15:03:32.259+0000: 6224.590: Total time for which application threads were stopped: 0.0006240 seconds, Stopping threads took: 0.0000971 seconds
{Heap before GC invocations=356 (full 6):
 par new generation   total 38080K, used 34350K [0x0000000085c00000, 0x0000000088550000, 0x000000009a8c0000)
  eden space 33856K, 100% used [0x0000000085c00000, 0x0000000087d10000, 0x0000000087d10000)
  from space 4224K,  11% used [0x0000000087d10000, 0x0000000087d8b860, 0x0000000088130000)
  to   space 4224K,   0% used [0x0000000088130000, 0x0000000088130000, 0x0000000088550000)
 concurrent mark-sweep generation total 136188K, used 92700K [0x000000009a8c0000, 0x00000000a2dbf000, 0x0000000100000000)
 Metaspace       used 124736K, capacity 133325K, committed 133604K, reserved 1167360K
  class space    used 14961K, capacity 16587K, committed 16612K, reserved 1048576K
2020-12-20T15:03:35.976+0000: 6228.306: [GC (Allocation Failure) 2020-12-20T15:03:35.976+0000: 6228.307: [ParNew
Desired survivor size 2162688 bytes, new threshold 6 (max 6)
- age   1:     191240 bytes,     191240 total
- age   2:      67040 bytes,     258280 total
- age   3:      33312 bytes,     291592 total
- age   4:       1280 bytes,     292872 total
- age   5:      70320 bytes,     363192 total
- age   6:        392 bytes,     363584 total
: 34350K->484K(38080K), 0.0093364 secs] 127051K->93250K(174268K), 0.0098501 secs] [Times: user=0.01 sys=0.00, real=0.02 secs] 
Heap after GC invocations=357 (full 6):
 par new generation   total 38080K, used 484K [0x0000000085c00000, 0x0000000088550000, 0x000000009a8c0000)
  eden space 33856K,   0% used [0x0000000085c00000, 0x0000000085c00000, 0x0000000087d10000)
  from space 4224K,  11% used [0x0000000088130000, 0x00000000881a9188, 0x0000000088550000)
  to   space 4224K,   0% used [0x0000000087d10000, 0x0000000087d10000, 0x0000000088130000)
 concurrent mark-sweep generation total 136188K, used 92766K [0x000000009a8c0000, 0x00000000a2dbf000, 0x0000000100000000)
 Metaspace       used 124736K, capacity 133325K, committed 133604K, reserved 1167360K
  class space    used 14961K, capacity 16587K, committed 16612K, reserved 1048576K
}
2020-12-20T15:03:35.986+0000: 6228.316: Total time for which application threads were stopped: 0.0104843 seconds, Stopping threads took: 0.0000926 seconds
2020-12-20T15:04:12.991+0000: 6265.322: Total time for which application threads were stopped: 0.0004940 seconds, Stopping threads took: 0.0000816 seconds
2020-12-20T15:05:01.998+0000: 6314.329: Total time for which application threads were stopped: 0.0005051 seconds, Stopping threads took: 0.0001221 seconds
{Heap before GC invocations=357 (full 6):
 par new generation   total 38080K, used 34340K [0x0000000085c00000, 0x0000000088550000, 0x000000009a8c0000)
  eden space 33856K, 100% used [0x0000000085c00000, 0x0000000087d10000, 0x0000000087d10000)
  from space 4224K,  11% used [0x0000000088130000, 0x00000000881a9188, 0x0000000088550000)
  to   space 4224K,   0% used [0x0000000087d10000, 0x0000000087d10000, 0x0000000088130000)
 concurrent mark-sweep generation total 136188K, used 92766K [0x000000009a8c0000, 0x00000000a2dbf000, 0x0000000100000000)
 Metaspace       used 124777K, capacity 133325K, committed 133604K, reserved 1167360K
  class space    used 14961K, capacity 16587K, committed 16612K, reserved 1048576K
2020-12-20T15:05:14.949+0000: 6327.279: [GC (Allocation Failure) 2020-12-20T15:05:14.949+0000: 6327.280: [ParNew
Desired survivor size 2162688 bytes, new threshold 6 (max 6)
- age   1:     159136 bytes,     159136 total
- age   2:      33272 bytes,     192408 total
- age   3:      33176 bytes,     225584 total
- age   4:      33248 bytes,     258832 total
- age   5:       1280 bytes,     260112 total
- age   6:      70320 bytes,     330432 total
: 34340K->349K(38080K), 0.0041076 secs] 127106K->93116K(174268K), 0.0046349 secs] [Times: user=0.02 sys=0.00, real=0.00 secs] 
Heap after GC invocations=358 (full 6):
 par new generation   total 38080K, used 349K [0x0000000085c00000, 0x0000000088550000, 0x000000009a8c0000)
  eden space 33856K,   0% used [0x0000000085c00000, 0x0000000085c00000, 0x0000000087d10000)
  from space 4224K,   8% used [0x0000000087d10000, 0x0000000087d676f0, 0x0000000088130000)
  to   space 4224K,   0% used [0x0000000088130000, 0x0000000088130000, 0x0000000088550000)
 concurrent mark-sweep generation total 136188K, used 92766K [0x000000009a8c0000, 0x00000000a2dbf000, 0x0000000100000000)
 Metaspace       used 124777K, capacity 133325K, committed 133604K, reserved 1167360K
  class space    used 14961K, capacity 16587K, committed 16612K, reserved 1048576K
}
2020-12-20T15:05:14.954+0000: 6327.284: Total time for which application threads were stopped: 0.0053752 seconds, Stopping threads took: 0.0001916 seconds
2020-12-20T15:05:31.957+0000: 6344.287: Total time for which application threads were stopped: 0.0005056 seconds, Stopping threads took: 0.0000881 seconds
2020-12-20T15:05:36.958+0000: 6349.288: Total time for which application threads were stopped: 0.0004721 seconds, Stopping threads took: 0.0000796 seconds
2020-12-20T15:06:31.966+0000: 6404.296: Total time for which application threads were stopped: 0.0004035 seconds, Stopping threads took: 0.0000754 seconds
2020-12-20T15:06:36.967+0000: 6409.297: Total time for which application threads were stopped: 0.0004071 seconds, Stopping threads took: 0.0000765 seconds
2020-12-20T15:06:50.969+0000: 6423.299: Total time for which application threads were stopped: 0.0003897 seconds, Stopping threads took: 0.0000680 seconds
{Heap before GC invocations=358 (full 6):
 par new generation   total 38080K, used 34205K [0x0000000085c00000, 0x0000000088550000, 0x000000009a8c0000)
  eden space 33856K, 100% used [0x0000000085c00000, 0x0000000087d10000, 0x0000000087d10000)
  from space 4224K,   8% used [0x0000000087d10000, 0x0000000087d676f0, 0x0000000088130000)
  to   space 4224K,   0% used [0x0000000088130000, 0x0000000088130000, 0x0000000088550000)
 concurrent mark-sweep generation total 136188K, used 92766K [0x000000009a8c0000, 0x00000000a2dbf000, 0x0000000100000000)
 Metaspace       used 124782K, capacity 133325K, committed 133604K, reserved 1167360K
  class space    used 14961K, capacity 16587K, committed 16612K, reserved 1048576K
2020-12-20T15:06:53.729+0000: 6426.060: [GC (Allocation Failure) 2020-12-20T15:06:53.730+0000: 6426.060: [ParNew
Desired survivor size 2162688 bytes, new threshold 6 (max 6)
- age   1:     268456 bytes,     268456 total
- age   2:      35016 bytes,     303472 total
- age   3:      33144 bytes,     336616 total
- age   4:      33112 bytes,     369728 total
- age   5:      33248 bytes,     402976 total
- age   6:       1280 bytes,     404256 total
: 34205K->418K(38080K), 0.0051947 secs] 126972K->93253K(174268K), 0.0054207 secs] [Times: user=0.01 sys=0.00, real=0.00 secs] 
Heap after GC invocations=359 (full 6):
 par new generation   total 38080K, used 418K [0x0000000085c00000, 0x0000000088550000, 0x000000009a8c0000)
  eden space 33856K,   0% used [0x0000000085c00000, 0x0000000085c00000, 0x0000000087d10000)
  from space 4224K,   9% used [0x0000000088130000, 0x00000000881988e0, 0x0000000088550000)
  to   space 4224K,   0% used [0x0000000087d10000, 0x0000000087d10000, 0x0000000088130000)
 concurrent mark-sweep generation total 136188K, used 92835K [0x000000009a8c0000, 0x00000000a2dbf000, 0x0000000100000000)
 Metaspace       used 124782K, capacity 133325K, committed 133604K, reserved 1167360K
  class space    used 14961K, capacity 16587K, committed 16612K, reserved 1048576K
}
2020-12-20T15:06:53.735+0000: 6426.065: Total time for which application threads were stopped: 0.0061124 seconds, Stopping threads took: 0.0000873 seconds
2020-12-20T15:07:02.737+0000: 6435.067: Total time for which application threads were stopped: 0.0005253 seconds, Stopping threads took: 0.0000991 seconds
{Heap before GC invocations=359 (full 6):
 par new generation   total 38080K, used 34274K [0x0000000085c00000, 0x0000000088550000, 0x000000009a8c0000)
  eden space 33856K, 100% used [0x0000000085c00000, 0x0000000087d10000, 0x0000000087d10000)
  from space 4224K,   9% used [0x0000000088130000, 0x00000000881988e0, 0x0000000088550000)
  to   space 4224K,   0% used [0x0000000087d10000, 0x0000000087d10000, 0x0000000088130000)
 concurrent mark-sweep generation total 136188K, used 92835K [0x000000009a8c0000, 0x00000000a2dbf000, 0x0000000100000000)
 Metaspace       used 124787K, capacity 133325K, committed 133604K, reserved 1167360K
  class space    used 14961K, capacity 16587K, committed 16612K, reserved 1048576K
2020-12-20T15:08:33.916+0000: 6526.247: [GC (Allocation Failure) 2020-12-20T15:08:33.916+0000: 6526.247: [ParNew
Desired survivor size 2162688 bytes, new threshold 6 (max 6)
- age   1:     217280 bytes,     217280 total
- age   2:      76200 bytes,     293480 total
- age   3:      34888 bytes,     328368 total
- age   4:      33144 bytes,     361512 total
- age   5:      33112 bytes,     394624 total
- age   6:      33248 bytes,     427872 total
: 34274K->423K(38080K), 0.0046794 secs] 127109K->93260K(174268K), 0.0049222 secs] [Times: user=0.02 sys=0.00, real=0.01 secs] 
Heap after GC invocations=360 (full 6):
 par new generation   total 38080K, used 423K [0x0000000085c00000, 0x0000000088550000, 0x000000009a8c0000)
  eden space 33856K,   0% used [0x0000000085c00000, 0x0000000085c00000, 0x0000000087d10000)
  from space 4224K,  10% used [0x0000000087d10000, 0x0000000087d79ed0, 0x0000000088130000)
  to   space 4224K,   0% used [0x0000000088130000, 0x0000000088130000, 0x0000000088550000)
 concurrent mark-sweep generation total 136188K, used 92836K [0x000000009a8c0000, 0x00000000a2dbf000, 0x0000000100000000)
 Metaspace       used 124787K, capacity 133325K, committed 133604K, reserved 1167360K
  class space    used 14961K, capacity 16587K, committed 16612K, reserved 1048576K
}
2020-12-20T15:08:33.921+0000: 6526.252: Total time for which application threads were stopped: 0.0056188 seconds, Stopping threads took: 0.0000721 seconds
{Heap before GC invocations=360 (full 6):
 par new generation   total 38080K, used 34279K [0x0000000085c00000, 0x0000000088550000, 0x000000009a8c0000)
  eden space 33856K, 100% used [0x0000000085c00000, 0x0000000087d10000, 0x0000000087d10000)
  from space 4224K,  10% used [0x0000000087d10000, 0x0000000087d79ed0, 0x0000000088130000)
  to   space 4224K,   0% used [0x0000000088130000, 0x0000000088130000, 0x0000000088550000)
 concurrent mark-sweep generation total 136188K, used 92836K [0x000000009a8c0000, 0x00000000a2dbf000, 0x0000000100000000)
 Metaspace       used 124787K, capacity 133325K, committed 133604K, reserved 1167360K
  class space    used 14961K, capacity 16587K, committed 16612K, reserved 1048576K
2020-12-20T15:10:11.429+0000: 6623.759: [GC (Allocation Failure) 2020-12-20T15:10:11.429+0000: 6623.759: [ParNew
Desired survivor size 2162688 bytes, new threshold 6 (max 6)
- age   1:     190168 bytes,     190168 total
- age   2:      34728 bytes,     224896 total
- age   3:      76048 bytes,     300944 total
- age   4:      34856 bytes,     335800 total
- age   5:      33112 bytes,     368912 total
- age   6:      33112 bytes,     402024 total
: 34279K->407K(38080K), 0.0053303 secs] 127116K->93276K(174268K), 0.0056334 secs] [Times: user=0.02 sys=0.00, real=0.00 secs] 
Heap after GC invocations=361 (full 6):
 par new generation   total 38080K, used 407K [0x0000000085c00000, 0x0000000088550000, 0x000000009a8c0000)
  eden space 33856K,   0% used [0x0000000085c00000, 0x0000000085c00000, 0x0000000087d10000)
  from space 4224K,   9% used [0x0000000088130000, 0x0000000088195c50, 0x0000000088550000)
  to   space 4224K,   0% used [0x0000000087d10000, 0x0000000087d10000, 0x0000000088130000)
 concurrent mark-sweep generation total 136188K, used 92869K [0x000000009a8c0000, 0x00000000a2dbf000, 0x0000000100000000)
 Metaspace       used 124787K, capacity 133325K, committed 133604K, reserved 1167360K
  class space    used 14961K, capacity 16587K, committed 16612K, reserved 1048576K
}
2020-12-20T15:10:11.434+0000: 6623.765: Total time for which application threads were stopped: 0.0064552 seconds, Stopping threads took: 0.0000952 seconds
2020-12-20T15:11:02.442+0000: 6674.772: Total time for which application threads were stopped: 0.0005099 seconds, Stopping threads took: 0.0000819 seconds
2020-12-20T15:11:32.446+0000: 6704.777: Total time for which application threads were stopped: 0.0005407 seconds, Stopping threads took: 0.0000892 seconds
{Heap before GC invocations=361 (full 6):
 par new generation   total 38080K, used 34263K [0x0000000085c00000, 0x0000000088550000, 0x000000009a8c0000)
  eden space 33856K, 100% used [0x0000000085c00000, 0x0000000087d10000, 0x0000000087d10000)
  from space 4224K,   9% used [0x0000000088130000, 0x0000000088195c50, 0x0000000088550000)
  to   space 4224K,   0% used [0x0000000087d10000, 0x0000000087d10000, 0x0000000088130000)
 concurrent mark-sweep generation total 136188K, used 92869K [0x000000009a8c0000, 0x00000000a2dbf000, 0x0000000100000000)
 Metaspace       used 124789K, capacity 133325K, committed 133604K, reserved 1167360K
  class space    used 14961K, capacity 16587K, committed 16612K, reserved 1048576K
2020-12-20T15:11:50.469+0000: 6722.800: [GC (Allocation Failure) 2020-12-20T15:11:50.470+0000: 6722.800: [ParNew
Desired survivor size 2162688 bytes, new threshold 6 (max 6)
- age   1:     225992 bytes,     225992 total
- age   2:      66384 bytes,     292376 total
- age   3:      33896 bytes,     326272 total
- age   4:      33904 bytes,     360176 total
- age   5:      34856 bytes,     395032 total
- age   6:      33112 bytes,     428144 total
: 34263K->425K(38080K), 0.0049907 secs] 127132K->93327K(174268K), 0.0052297 secs] [Times: user=0.02 sys=0.00, real=0.00 secs] 
Heap after GC invocations=362 (full 6):
 par new generation   total 38080K, used 425K [0x0000000085c00000, 0x0000000088550000, 0x000000009a8c0000)
  eden space 33856K,   0% used [0x0000000085c00000, 0x0000000085c00000, 0x0000000087d10000)
  from space 4224K,  10% used [0x0000000087d10000, 0x0000000087d7a7e8, 0x0000000088130000)
  to   space 4224K,   0% used [0x0000000088130000, 0x0000000088130000, 0x0000000088550000)
 concurrent mark-sweep generation total 136188K, used 92901K [0x000000009a8c0000, 0x00000000a2dbf000, 0x0000000100000000)
 Metaspace       used 124789K, capacity 133325K, committed 133604K, reserved 1167360K
  class space    used 14961K, capacity 16587K, committed 16612K, reserved 1048576K
}
2020-12-20T15:11:50.475+0000: 6722.805: Total time for which application threads were stopped: 0.0059587 seconds, Stopping threads took: 0.0000711 seconds
2020-12-20T15:12:02.477+0000: 6734.808: Total time for which application threads were stopped: 0.0006168 seconds, Stopping threads took: 0.0000893 seconds
{Heap before GC invocations=362 (full 6):
 par new generation   total 38080K, used 34281K [0x0000000085c00000, 0x0000000088550000, 0x000000009a8c0000)
  eden space 33856K, 100% used [0x0000000085c00000, 0x0000000087d10000, 0x0000000087d10000)
  from space 4224K,  10% used [0x0000000087d10000, 0x0000000087d7a7e8, 0x0000000088130000)
  to   space 4224K,   0% used [0x0000000088130000, 0x0000000088130000, 0x0000000088550000)
 concurrent mark-sweep generation total 136188K, used 92901K [0x000000009a8c0000, 0x00000000a2dbf000, 0x0000000100000000)
 Metaspace       used 124790K, capacity 133325K, committed 133604K, reserved 1167360K
  class space    used 14961K, capacity 16587K, committed 16612K, reserved 1048576K
2020-12-20T15:13:31.046+0000: 6823.376: [GC (Allocation Failure) 2020-12-20T15:13:31.046+0000: 6823.376: [ParNew
Desired survivor size 2162688 bytes, new threshold 6 (max 6)
- age   1:      80856 bytes,      80856 total
- age   2:        192 bytes,      81048 total
- age   3:      66288 bytes,     147336 total
- age   4:      33896 bytes,     181232 total
- age   5:      33904 bytes,     215136 total
- age   6:      34856 bytes,     249992 total
: 34281K->251K(38080K), 0.0044955 secs] 127183K->93185K(174268K), 0.0047227 secs] [Times: user=0.02 sys=0.00, real=0.00 secs] 
Heap after GC invocations=363 (full 6):
 par new generation   total 38080K, used 251K [0x0000000085c00000, 0x0000000088550000, 0x000000009a8c0000)
  eden space 33856K,   0% used [0x0000000085c00000, 0x0000000085c00000, 0x0000000087d10000)
  from space 4224K,   5% used [0x0000000088130000, 0x000000008816efe8, 0x0000000088550000)
  to   space 4224K,   0% used [0x0000000087d10000, 0x0000000087d10000, 0x0000000088130000)
 concurrent mark-sweep generation total 136188K, used 92933K [0x000000009a8c0000, 0x00000000a2dbf000, 0x0000000100000000)
 Metaspace       used 124790K, capacity 133325K, committed 133604K, reserved 1167360K
  class space    used 14961K, capacity 16587K, committed 16612K, reserved 1048576K
}
2020-12-20T15:13:31.051+0000: 6823.381: Total time for which application threads were stopped: 0.0053564 seconds, Stopping threads took: 0.0001141 seconds
2020-12-20T15:13:51.054+0000: 6843.384: Total time for which application threads were stopped: 0.0004637 seconds, Stopping threads took: 0.0000789 seconds
2020-12-20T15:14:01.055+0000: 6853.386: Total time for which application threads were stopped: 0.0004419 seconds, Stopping threads took: 0.0000941 seconds
2020-12-20T15:14:32.059+0000: 6884.390: Total time for which application threads were stopped: 0.0004309 seconds, Stopping threads took: 0.0000755 seconds
{Heap before GC invocations=363 (full 6):
 par new generation   total 38080K, used 34107K [0x0000000085c00000, 0x0000000088550000, 0x000000009a8c0000)
  eden space 33856K, 100% used [0x0000000085c00000, 0x0000000087d10000, 0x0000000087d10000)
  from space 4224K,   5% used [0x0000000088130000, 0x000000008816efe8, 0x0000000088550000)
  to   space 4224K,   0% used [0x0000000087d10000, 0x0000000087d10000, 0x0000000088130000)
 concurrent mark-sweep generation total 136188K, used 92933K [0x000000009a8c0000, 0x00000000a2dbf000, 0x0000000100000000)
 Metaspace       used 124805K, capacity 133341K, committed 133604K, reserved 1167360K
  class space    used 14961K, capacity 16587K, committed 16612K, reserved 1048576K
2020-12-20T15:15:08.806+0000: 6921.136: [GC (Allocation Failure) 2020-12-20T15:15:08.806+0000: 6921.137: [ParNew
Desired survivor size 2162688 bytes, new threshold 6 (max 6)
- age   1:     233968 bytes,     233968 total
- age   2:      66976 bytes,     300944 total
- age   3:         32 bytes,     300976 total
- age   4:      66224 bytes,     367200 total
- age   5:      33896 bytes,     401096 total
- age   6:      33904 bytes,     435000 total
: 34107K->428K(38080K), 0.0053366 secs] 127041K->93395K(174268K), 0.0056065 secs] [Times: user=0.02 sys=0.00, real=0.00 secs] 
Heap after GC invocations=364 (full 6):
 par new generation   total 38080K, used 428K [0x0000000085c00000, 0x0000000088550000, 0x000000009a8c0000)
  eden space 33856K,   0% used [0x0000000085c00000, 0x0000000085c00000, 0x0000000087d10000)
  from space 4224K,  10% used [0x0000000087d10000, 0x0000000087d7b010, 0x0000000088130000)
  to   space 4224K,   0% used [0x0000000088130000, 0x0000000088130000, 0x0000000088550000)
 concurrent mark-sweep generation total 136188K, used 92967K [0x000000009a8c0000, 0x00000000a2dbf000, 0x0000000100000000)
 Metaspace       used 124805K, capacity 133341K, committed 133604K, reserved 1167360K
  class space    used 14961K, capacity 16587K, committed 16612K, reserved 1048576K
}
2020-12-20T15:15:08.812+0000: 6921.142: Total time for which application threads were stopped: 0.0064177 seconds, Stopping threads took: 0.0000880 seconds
2020-12-20T15:15:26.815+0000: 6939.145: Total time for which application threads were stopped: 0.0005724 seconds, Stopping threads took: 0.0000879 seconds
2020-12-20T15:15:32.816+0000: 6945.146: Total time for which application threads were stopped: 0.0004682 seconds, Stopping threads took: 0.0000778 seconds
{Heap before GC invocations=364 (full 6):
 par new generation   total 38080K, used 34284K [0x0000000085c00000, 0x0000000088550000, 0x000000009a8c0000)
  eden space 33856K, 100% used [0x0000000085c00000, 0x0000000087d10000, 0x0000000087d10000)
  from space 4224K,  10% used [0x0000000087d10000, 0x0000000087d7b010, 0x0000000088130000)
  to   space 4224K,   0% used [0x0000000088130000, 0x0000000088130000, 0x0000000088550000)
 concurrent mark-sweep generation total 136188K, used 92967K [0x000000009a8c0000, 0x00000000a2dbf000, 0x0000000100000000)
 Metaspace       used 124805K, capacity 133341K, committed 133604K, reserved 1167360K
  class space    used 14961K, capacity 16587K, committed 16612K, reserved 1048576K
2020-12-20T15:16:47.772+0000: 7020.103: [GC (Allocation Failure) 2020-12-20T15:16:47.773+0000: 7020.103: [ParNew
Desired survivor size 2162688 bytes, new threshold 6 (max 6)
- age   1:     260440 bytes,     260440 total
- age   2:      42320 bytes,     302760 total
- age   3:      66848 bytes,     369608 total
- age   5:      66224 bytes,     435832 total
- age   6:      33896 bytes,     469728 total
: 34284K->461K(38080K), 0.0042345 secs] 127251K->93461K(174268K), 0.0044648 secs] [Times: user=0.02 sys=0.00, real=0.00 secs] 
Heap after GC invocations=365 (full 6):
 par new generation   total 38080K, used 461K [0x0000000085c00000, 0x0000000088550000, 0x000000009a8c0000)
  eden space 33856K,   0% used [0x0000000085c00000, 0x0000000085c00000, 0x0000000087d10000)
  from space 4224K,  10% used [0x0000000088130000, 0x00000000881a3420, 0x0000000088550000)
  to   space 4224K,   0% used [0x0000000087d10000, 0x0000000087d10000, 0x0000000088130000)
 concurrent mark-sweep generation total 136188K, used 93000K [0x000000009a8c0000, 0x00000000a2dbf000, 0x0000000100000000)
 Metaspace       used 124805K, capacity 133341K, committed 133604K, reserved 1167360K
  class space    used 14961K, capacity 16587K, committed 16612K, reserved 1048576K
}
2020-12-20T15:16:47.777+0000: 7020.107: Total time for which application threads were stopped: 0.0050443 seconds, Stopping threads took: 0.0000710 seconds
2020-12-20T15:18:02.787+0000: 7095.118: Total time for which application threads were stopped: 0.0005165 seconds, Stopping threads took: 0.0000978 seconds
2020-12-20T15:18:09.789+0000: 7102.120: Total time for which application threads were stopped: 0.0004963 seconds, Stopping threads took: 0.0000823 seconds
2020-12-20T15:18:25.792+0000: 7118.122: Total time for which application threads were stopped: 0.0003994 seconds, Stopping threads took: 0.0000743 seconds
{Heap before GC invocations=365 (full 6):
 par new generation   total 38080K, used 34317K [0x0000000085c00000, 0x0000000088550000, 0x000000009a8c0000)
  eden space 33856K, 100% used [0x0000000085c00000, 0x0000000087d10000, 0x0000000087d10000)
  from space 4224K,  10% used [0x0000000088130000, 0x00000000881a3420, 0x0000000088550000)
  to   space 4224K,   0% used [0x0000000087d10000, 0x0000000087d10000, 0x0000000088130000)
 concurrent mark-sweep generation total 136188K, used 93000K [0x000000009a8c0000, 0x00000000a2dbf000, 0x0000000100000000)
 Metaspace       used 124808K, capacity 133341K, committed 133604K, reserved 1167360K
  class space    used 14961K, capacity 16587K, committed 16612K, reserved 1048576K
2020-12-20T15:18:26.933+0000: 7119.264: [GC (Allocation Failure) 2020-12-20T15:18:26.933+0000: 7119.264: [ParNew
Desired survivor size 2162688 bytes, new threshold 6 (max 6)
- age   1:     356208 bytes,     356208 total
- age   2:      43008 bytes,     399216 total
- age   3:      33176 bytes,     432392 total
- age   4:      33112 bytes,     465504 total
- age   6:      66224 bytes,     531728 total
: 34317K->526K(38080K), 0.0048013 secs] 127317K->93560K(174268K), 0.0050538 secs] [Times: user=0.02 sys=0.00, real=0.01 secs] 
Heap after GC invocations=366 (full 6):
 par new generation   total 38080K, used 526K [0x0000000085c00000, 0x0000000088550000, 0x000000009a8c0000)
  eden space 33856K,   0% used [0x0000000085c00000, 0x0000000085c00000, 0x0000000087d10000)
  from space 4224K,  12% used [0x0000000087d10000, 0x0000000087d93ad8, 0x0000000088130000)
  to   space 4224K,   0% used [0x0000000088130000, 0x0000000088130000, 0x0000000088550000)
 concurrent mark-sweep generation total 136188K, used 93033K [0x000000009a8c0000, 0x00000000a2dbf000, 0x0000000100000000)
 Metaspace       used 124808K, capacity 133341K, committed 133604K, reserved 1167360K
  class space    used 14961K, capacity 16587K, committed 16612K, reserved 1048576K
}
2020-12-20T15:18:26.939+0000: 7119.269: Total time for which application threads were stopped: 0.0057241 seconds, Stopping threads took: 0.0000730 seconds
2020-12-20T15:19:31.948+0000: 7184.279: Total time for which application threads were stopped: 0.0005656 seconds, Stopping threads took: 0.0000833 seconds
{Heap before GC invocations=366 (full 6):
 par new generation   total 38080K, used 34382K [0x0000000085c00000, 0x0000000088550000, 0x000000009a8c0000)
  eden space 33856K, 100% used [0x0000000085c00000, 0x0000000087d10000, 0x0000000087d10000)
  from space 4224K,  12% used [0x0000000087d10000, 0x0000000087d93ad8, 0x0000000088130000)
  to   space 4224K,   0% used [0x0000000088130000, 0x0000000088130000, 0x0000000088550000)
 concurrent mark-sweep generation total 136188K, used 93033K [0x000000009a8c0000, 0x00000000a2dbf000, 0x0000000100000000)
 Metaspace       used 124812K, capacity 133341K, committed 133604K, reserved 1167360K
  class space    used 14961K, capacity 16587K, committed 16612K, reserved 1048576K
2020-12-20T15:20:01.867+0000: 7214.198: [GC (Allocation Failure) 2020-12-20T15:20:01.867+0000: 7214.198: [ParNew
Desired survivor size 2162688 bytes, new threshold 6 (max 6)
- age   1:     737856 bytes,     737856 total
- age   2:     340592 bytes,    1078448 total
- age   3:         64 bytes,    1078512 total
- age   4:      33112 bytes,    1111624 total
- age   5:      33112 bytes,    1144736 total
: 34382K->1205K(38080K), 0.0069733 secs] 127416K->94303K(174268K), 0.0072204 secs] [Times: user=0.02 sys=0.00, real=0.00 secs] 
Heap after GC invocations=367 (full 6):
 par new generation   total 38080K, used 1205K [0x0000000085c00000, 0x0000000088550000, 0x000000009a8c0000)
  eden space 33856K,   0% used [0x0000000085c00000, 0x0000000085c00000, 0x0000000087d10000)
  from space 4224K,  28% used [0x0000000088130000, 0x000000008825d4c8, 0x0000000088550000)
  to   space 4224K,   0% used [0x0000000087d10000, 0x0000000087d10000, 0x0000000088130000)
 concurrent mark-sweep generation total 136188K, used 93098K [0x000000009a8c0000, 0x00000000a2dbf000, 0x0000000100000000)
 Metaspace       used 124812K, capacity 133341K, committed 133604K, reserved 1167360K
  class space    used 14961K, capacity 16587K, committed 16612K, reserved 1048576K
}
2020-12-20T15:20:01.875+0000: 7214.205: Total time for which application threads were stopped: 0.0080472 seconds, Stopping threads took: 0.0001720 seconds
2020-12-20T15:20:51.882+0000: 7264.212: Total time for which application threads were stopped: 0.0004096 seconds, Stopping threads took: 0.0000833 seconds
2020-12-20T15:21:31.887+0000: 7304.217: Total time for which application threads were stopped: 0.0004099 seconds, Stopping threads took: 0.0000780 seconds
{Heap before GC invocations=367 (full 6):
 par new generation   total 38080K, used 35061K [0x0000000085c00000, 0x0000000088550000, 0x000000009a8c0000)
  eden space 33856K, 100% used [0x0000000085c00000, 0x0000000087d10000, 0x0000000087d10000)
  from space 4224K,  28% used [0x0000000088130000, 0x000000008825d4c8, 0x0000000088550000)
  to   space 4224K,   0% used [0x0000000087d10000, 0x0000000087d10000, 0x0000000088130000)
 concurrent mark-sweep generation total 136188K, used 93098K [0x000000009a8c0000, 0x00000000a2dbf000, 0x0000000100000000)
 Metaspace       used 124822K, capacity 133405K, committed 133604K, reserved 1167360K
  class space    used 14961K, capacity 16587K, committed 16612K, reserved 1048576K
2020-12-20T15:21:39.179+0000: 7311.509: [GC (Allocation Failure) 2020-12-20T15:21:39.179+0000: 7311.509: [ParNew
Desired survivor size 2162688 bytes, new threshold 6 (max 6)
- age   1:     254432 bytes,     254432 total
- age   2:     573712 bytes,     828144 total
- age   3:     340496 bytes,    1168640 total
- age   5:      33112 bytes,    1201752 total
- age   6:      33112 bytes,    1234864 total
: 35061K->1515K(38080K), 0.0076780 secs] 128159K->94614K(174268K), 0.0079561 secs] [Times: user=0.03 sys=0.00, real=0.01 secs] 
Heap after GC invocations=368 (full 6):
 par new generation   total 38080K, used 1515K [0x0000000085c00000, 0x0000000088550000, 0x000000009a8c0000)
  eden space 33856K,   0% used [0x0000000085c00000, 0x0000000085c00000, 0x0000000087d10000)
  from space 4224K,  35% used [0x0000000087d10000, 0x0000000087e8afd0, 0x0000000088130000)
  to   space 4224K,   0% used [0x0000000088130000, 0x0000000088130000, 0x0000000088550000)
 concurrent mark-sweep generation total 136188K, used 93098K [0x000000009a8c0000, 0x00000000a2dbf000, 0x0000000100000000)
 Metaspace       used 124822K, capacity 133405K, committed 133604K, reserved 1167360K
  class space    used 14961K, capacity 16587K, committed 16612K, reserved 1048576K
}
2020-12-20T15:21:39.187+0000: 7311.517: Total time for which application threads were stopped: 0.0087244 seconds, Stopping threads took: 0.0001346 seconds
2020-12-20T15:21:55.190+0000: 7327.520: Total time for which application threads were stopped: 0.0007029 seconds, Stopping threads took: 0.0001028 seconds
{Heap before GC invocations=368 (full 6):
 par new generation   total 38080K, used 35371K [0x0000000085c00000, 0x0000000088550000, 0x000000009a8c0000)
  eden space 33856K, 100% used [0x0000000085c00000, 0x0000000087d10000, 0x0000000087d10000)
  from space 4224K,  35% used [0x0000000087d10000, 0x0000000087e8afd0, 0x0000000088130000)
  to   space 4224K,   0% used [0x0000000088130000, 0x0000000088130000, 0x0000000088550000)
 concurrent mark-sweep generation total 136188K, used 93098K [0x000000009a8c0000, 0x00000000a2dbf000, 0x0000000100000000)
 Metaspace       used 124836K, capacity 133405K, committed 133604K, reserved 1167360K
  class space    used 14961K, capacity 16587K, committed 16612K, reserved 1048576K
2020-12-20T15:23:18.457+0000: 7410.787: [GC (Allocation Failure) 2020-12-20T15:23:18.457+0000: 7410.787: [ParNew
Desired survivor size 2162688 bytes, new threshold 6 (max 6)
- age   1:     168432 bytes,     168432 total
- age   2:      36992 bytes,     205424 total
- age   3:     564680 bytes,     770104 total
- age   4:     306728 bytes,    1076832 total
- age   6:      33112 bytes,    1109944 total
: 35371K->1216K(38080K), 0.0054250 secs] 128470K->94347K(174268K), 0.0056486 secs] [Times: user=0.02 sys=0.00, real=0.01 secs] 
Heap after GC invocations=369 (full 6):
 par new generation   total 38080K, used 1216K [0x0000000085c00000, 0x0000000088550000, 0x000000009a8c0000)
  eden space 33856K,   0% used [0x0000000085c00000, 0x0000000085c00000, 0x0000000087d10000)
  from space 4224K,  28% used [0x0000000088130000, 0x0000000088260028, 0x0000000088550000)
  to   space 4224K,   0% used [0x0000000087d10000, 0x0000000087d10000, 0x0000000088130000)
 concurrent mark-sweep generation total 136188K, used 93131K [0x000000009a8c0000, 0x00000000a2dbf000, 0x0000000100000000)
 Metaspace       used 124836K, capacity 133405K, committed 133604K, reserved 1167360K
  class space    used 14961K, capacity 16587K, committed 16612K, reserved 1048576K
}
2020-12-20T15:23:18.463+0000: 7410.793: Total time for which application threads were stopped: 0.0062926 seconds, Stopping threads took: 0.0000711 seconds
2020-12-20T15:23:19.463+0000: 7411.794: Total time for which application threads were stopped: 0.0005293 seconds, Stopping threads took: 0.0000855 seconds
2020-12-20T15:24:02.469+0000: 7454.800: Total time for which application threads were stopped: 0.0005374 seconds, Stopping threads took: 0.0000850 seconds
{Heap before GC invocations=369 (full 6):
 par new generation   total 38080K, used 35072K [0x0000000085c00000, 0x0000000088550000, 0x000000009a8c0000)
  eden space 33856K, 100% used [0x0000000085c00000, 0x0000000087d10000, 0x0000000087d10000)
  from space 4224K,  28% used [0x0000000088130000, 0x0000000088260028, 0x0000000088550000)
  to   space 4224K,   0% used [0x0000000087d10000, 0x0000000087d10000, 0x0000000088130000)
 concurrent mark-sweep generation total 136188K, used 93131K [0x000000009a8c0000, 0x00000000a2dbf000, 0x0000000100000000)
 Metaspace       used 124846K, capacity 133405K, committed 133604K, reserved 1167360K
  class space    used 14961K, capacity 16587K, committed 16612K, reserved 1048576K
2020-12-20T15:24:56.733+0000: 7509.064: [GC (Allocation Failure) 2020-12-20T15:24:56.733+0000: 7509.064: [ParNew
Desired survivor size 2162688 bytes, new threshold 6 (max 6)
- age   1:     157328 bytes,     157328 total
- age   2:      77456 bytes,     234784 total
- age   3:      36864 bytes,     271648 total
- age   4:     564472 bytes,     836120 total
- age   5:     306728 bytes,    1142848 total
: 35072K->1538K(38080K), 0.0055367 secs] 128203K->94701K(174268K), 0.0058171 secs] [Times: user=0.03 sys=0.00, real=0.01 secs] 
Heap after GC invocations=370 (full 6):
 par new generation   total 38080K, used 1538K [0x0000000085c00000, 0x0000000088550000, 0x000000009a8c0000)
  eden space 33856K,   0% used [0x0000000085c00000, 0x0000000085c00000, 0x0000000087d10000)
  from space 4224K,  36% used [0x0000000087d10000, 0x0000000087e909f0, 0x0000000088130000)
  to   space 4224K,   0% used [0x0000000088130000, 0x0000000088130000, 0x0000000088550000)
 concurrent mark-sweep generation total 136188K, used 93163K [0x000000009a8c0000, 0x00000000a2dbf000, 0x0000000100000000)
 Metaspace       used 124846K, capacity 133405K, committed 133604K, reserved 1167360K
  class space    used 14961K, capacity 16587K, committed 16612K, reserved 1048576K
}
2020-12-20T15:24:56.739+0000: 7509.069: Total time for which application threads were stopped: 0.0065205 seconds, Stopping threads took: 0.0001266 seconds
2020-12-20T15:25:47.746+0000: 7560.077: Total time for which application threads were stopped: 0.0005058 seconds, Stopping threads took: 0.0000762 seconds
2020-12-20T15:26:02.749+0000: 7575.079: Total time for which application threads were stopped: 0.0004511 seconds, Stopping threads took: 0.0000786 seconds
2020-12-20T15:26:32.753+0000: 7605.083: Total time for which application threads were stopped: 0.0004500 seconds, Stopping threads took: 0.0000864 seconds
{Heap before GC invocations=370 (full 6):
 par new generation   total 38080K, used 35394K [0x0000000085c00000, 0x0000000088550000, 0x000000009a8c0000)
  eden space 33856K, 100% used [0x0000000085c00000, 0x0000000087d10000, 0x0000000087d10000)
  from space 4224K,  36% used [0x0000000087d10000, 0x0000000087e909f0, 0x0000000088130000)
  to   space 4224K,   0% used [0x0000000088130000, 0x0000000088130000, 0x0000000088550000)
 concurrent mark-sweep generation total 136188K, used 93163K [0x000000009a8c0000, 0x00000000a2dbf000, 0x0000000100000000)
 Metaspace       used 124847K, capacity 133405K, committed 133604K, reserved 1167360K
  class space    used 14961K, capacity 16587K, committed 16612K, reserved 1048576K
2020-12-20T15:26:36.509+0000: 7608.839: [GC (Allocation Failure) 2020-12-20T15:26:36.509+0000: 7608.839: [ParNew
Desired survivor size 2162688 bytes, new threshold 6 (max 6)
- age   1:     225432 bytes,     225432 total
- age   2:      76224 bytes,     301656 total
- age   3:      34600 bytes,     336256 total
- age   4:      36864 bytes,     373120 total
- age   5:     564472 bytes,     937592 total
- age   6:     306728 bytes,    1244320 total
: 35394K->1398K(38080K), 0.0057054 secs] 128557K->94562K(174268K), 0.0059865 secs] [Times: user=0.01 sys=0.00, real=0.00 secs] 
Heap after GC invocations=371 (full 6):
 par new generation   total 38080K, used 1398K [0x0000000085c00000, 0x0000000088550000, 0x000000009a8c0000)
  eden space 33856K,   0% used [0x0000000085c00000, 0x0000000085c00000, 0x0000000087d10000)
  from space 4224K,  33% used [0x0000000088130000, 0x000000008828db90, 0x0000000088550000)
  to   space 4224K,   0% used [0x0000000087d10000, 0x0000000087d10000, 0x0000000088130000)
 concurrent mark-sweep generation total 136188K, used 93163K [0x000000009a8c0000, 0x00000000a2dbf000, 0x0000000100000000)
 Metaspace       used 124847K, capacity 133405K, committed 133604K, reserved 1167360K
  class space    used 14961K, capacity 16587K, committed 16612K, reserved 1048576K
}
2020-12-20T15:26:36.515+0000: 7608.845: Total time for which application threads were stopped: 0.0066900 seconds, Stopping threads took: 0.0000825 seconds
2020-12-20T15:26:38.516+0000: 7610.846: Total time for which application threads were stopped: 0.0005213 seconds, Stopping threads took: 0.0000884 seconds
2020-12-20T15:27:25.522+0000: 7657.852: Total time for which application threads were stopped: 0.0005116 seconds, Stopping threads took: 0.0000838 seconds
2020-12-20T15:27:32.523+0000: 7664.854: Total time for which application threads were stopped: 0.0005167 seconds, Stopping threads took: 0.0000881 seconds
2020-12-20T15:27:33.524+0000: 7665.854: Total time for which application threads were stopped: 0.0004821 seconds, Stopping threads took: 0.0000892 seconds
2020-12-20T15:27:34.524+0000: 7666.855: Total time for which application threads were stopped: 0.0004092 seconds, Stopping threads took: 0.0000751 seconds
2020-12-20T15:27:37.525+0000: 7669.856: Total time for which application threads were stopped: 0.0005432 seconds, Stopping threads took: 0.0001452 seconds
{Heap before GC invocations=371 (full 6):
 par new generation   total 38080K, used 35254K [0x0000000085c00000, 0x0000000088550000, 0x000000009a8c0000)
  eden space 33856K, 100% used [0x0000000085c00000, 0x0000000087d10000, 0x0000000087d10000)
  from space 4224K,  33% used [0x0000000088130000, 0x000000008828db90, 0x0000000088550000)
  to   space 4224K,   0% used [0x0000000087d10000, 0x0000000087d10000, 0x0000000088130000)
 concurrent mark-sweep generation total 136188K, used 93163K [0x000000009a8c0000, 0x00000000a2dbf000, 0x0000000100000000)
 Metaspace       used 124918K, capacity 133503K, committed 133604K, reserved 1167360K
  class space    used 14963K, capacity 16590K, committed 16612K, reserved 1048576K
2020-12-20T15:28:11.062+0000: 7703.392: [GC (Allocation Failure) 2020-12-20T15:28:11.062+0000: 7703.392: [ParNew
Desired survivor size 2162688 bytes, new threshold 6 (max 6)
- age   1:     299200 bytes,     299200 total
- age   2:      33176 bytes,     332376 total
- age   3:      76008 bytes,     408384 total
- age   4:      34536 bytes,     442920 total
- age   5:      36864 bytes,     479784 total
- age   6:     564472 bytes,    1044256 total
: 35254K->1741K(38080K), 0.0070881 secs] 128418K->95208K(174268K), 0.0073865 secs] [Times: user=0.02 sys=0.00, real=0.01 secs] 
Heap after GC invocations=372 (full 6):
 par new generation   total 38080K, used 1741K [0x0000000085c00000, 0x0000000088550000, 0x000000009a8c0000)
  eden space 33856K,   0% used [0x0000000085c00000, 0x0000000085c00000, 0x0000000087d10000)
  from space 4224K,  41% used [0x0000000087d10000, 0x0000000087ec3480, 0x0000000088130000)
  to   space 4224K,   0% used [0x0000000088130000, 0x0000000088130000, 0x0000000088550000)
 concurrent mark-sweep generation total 136188K, used 93466K [0x000000009a8c0000, 0x00000000a2dbf000, 0x0000000100000000)
 Metaspace       used 124918K, capacity 133503K, committed 133604K, reserved 1167360K
  class space    used 14963K, capacity 16590K, committed 16612K, reserved 1048576K
}
2020-12-20T15:28:11.069+0000: 7703.400: Total time for which application threads were stopped: 0.0082108 seconds, Stopping threads took: 0.0000987 seconds
2020-12-20T15:28:26.071+0000: 7718.402: Total time for which application threads were stopped: 0.0006263 seconds, Stopping threads took: 0.0001314 seconds
2020-12-20T15:28:32.073+0000: 7724.403: Total time for which application threads were stopped: 0.0004933 seconds, Stopping threads took: 0.0000982 seconds
2020-12-20T15:28:51.075+0000: 7743.406: Total time for which application threads were stopped: 0.0005266 seconds, Stopping threads took: 0.0000861 seconds
2020-12-20T15:29:22.079+0000: 7774.409: Total time for which application threads were stopped: 0.0005164 seconds, Stopping threads took: 0.0000884 seconds
2020-12-20T15:29:37.081+0000: 7789.411: Total time for which application threads were stopped: 0.0004659 seconds, Stopping threads took: 0.0000814 seconds
{Heap before GC invocations=372 (full 6):
 par new generation   total 38080K, used 35597K [0x0000000085c00000, 0x0000000088550000, 0x000000009a8c0000)
  eden space 33856K, 100% used [0x0000000085c00000, 0x0000000087d10000, 0x0000000087d10000)
  from space 4224K,  41% used [0x0000000087d10000, 0x0000000087ec3480, 0x0000000088130000)
  to   space 4224K,   0% used [0x0000000088130000, 0x0000000088130000, 0x0000000088550000)
 concurrent mark-sweep generation total 136188K, used 93466K [0x000000009a8c0000, 0x00000000a2dbf000, 0x0000000100000000)
 Metaspace       used 124958K, capacity 133503K, committed 133604K, reserved 1167360K
  class space    used 14963K, capacity 16590K, committed 16612K, reserved 1048576K
2020-12-20T15:29:44.855+0000: 7797.186: [GC (Allocation Failure) 2020-12-20T15:29:44.856+0000: 7797.186: [ParNew
Desired survivor size 2162688 bytes, new threshold 6 (max 6)
- age   1:     429752 bytes,     429752 total
- age   2:     154696 bytes,     584448 total
- age   3:      33112 bytes,     617560 total
- age   4:      33248 bytes,     650808 total
- age   5:      34536 bytes,     685344 total
- age   6:      36864 bytes,     722208 total
: 35597K->1040K(38080K), 0.0069927 secs] 129064K->95065K(174268K), 0.0073168 secs] [Times: user=0.02 sys=0.00, real=0.01 secs] 
Heap after GC invocations=373 (full 6):
 par new generation   total 38080K, used 1040K [0x0000000085c00000, 0x0000000088550000, 0x000000009a8c0000)
  eden space 33856K,   0% used [0x0000000085c00000, 0x0000000085c00000, 0x0000000087d10000)
  from space 4224K,  24% used [0x0000000088130000, 0x00000000882343a0, 0x0000000088550000)
  to   space 4224K,   0% used [0x0000000087d10000, 0x0000000087d10000, 0x0000000088130000)
 concurrent mark-sweep generation total 136188K, used 94025K [0x000000009a8c0000, 0x00000000a2dbf000, 0x0000000100000000)
 Metaspace       used 124958K, capacity 133503K, committed 133604K, reserved 1167360K
  class space    used 14963K, capacity 16590K, committed 16612K, reserved 1048576K
}
2020-12-20T15:29:44.863+0000: 7797.193: Total time for which application threads were stopped: 0.0082468 seconds, Stopping threads took: 0.0002162 seconds
2020-12-20T15:30:02.865+0000: 7815.196: Total time for which application threads were stopped: 0.0004864 seconds, Stopping threads took: 0.0000904 seconds
2020-12-20T15:30:05.866+0000: 7818.196: Total time for which application threads were stopped: 0.0005249 seconds, Stopping threads took: 0.0001058 seconds
2020-12-20T15:30:09.867+0000: 7822.198: Total time for which application threads were stopped: 0.0006348 seconds, Stopping threads took: 0.0000903 seconds
2020-12-20T15:30:59.873+0000: 7872.204: Total time for which application threads were stopped: 0.0006260 seconds, Stopping threads took: 0.0000899 seconds
2020-12-20T15:31:09.875+0000: 7882.205: Total time for which application threads were stopped: 0.0004510 seconds, Stopping threads took: 0.0000737 seconds
{Heap before GC invocations=373 (full 6):
 par new generation   total 38080K, used 34896K [0x0000000085c00000, 0x0000000088550000, 0x000000009a8c0000)
  eden space 33856K, 100% used [0x0000000085c00000, 0x0000000087d10000, 0x0000000087d10000)
  from space 4224K,  24% used [0x0000000088130000, 0x00000000882343a0, 0x0000000088550000)
  to   space 4224K,   0% used [0x0000000087d10000, 0x0000000087d10000, 0x0000000088130000)
 concurrent mark-sweep generation total 136188K, used 94025K [0x000000009a8c0000, 0x00000000a2dbf000, 0x0000000100000000)
 Metaspace       used 125031K, capacity 133631K, committed 133860K, reserved 1167360K
  class space    used 14963K, capacity 16590K, committed 16612K, reserved 1048576K
2020-12-20T15:31:17.144+0000: 7889.474: [GC (Allocation Failure) 2020-12-20T15:31:17.144+0000: 7889.474: [ParNew
Desired survivor size 2162688 bytes, new threshold 6 (max 6)
- age   1:     131328 bytes,     131328 total
- age   2:     166432 bytes,     297760 total
- age   3:     153616 bytes,     451376 total
- age   4:      33112 bytes,     484488 total
- age   5:      33248 bytes,     517736 total
- age   6:      34536 bytes,     552272 total
: 34896K->833K(38080K), 0.0048450 secs] 128921K->94894K(174268K), 0.0050929 secs] [Times: user=0.02 sys=0.00, real=0.01 secs] 
Heap after GC invocations=374 (full 6):
 par new generation   total 38080K, used 833K [0x0000000085c00000, 0x0000000088550000, 0x000000009a8c0000)
  eden space 33856K,   0% used [0x0000000085c00000, 0x0000000085c00000, 0x0000000087d10000)
  from space 4224K,  19% used [0x0000000087d10000, 0x0000000087de04d0, 0x0000000088130000)
  to   space 4224K,   0% used [0x0000000088130000, 0x0000000088130000, 0x0000000088550000)
 concurrent mark-sweep generation total 136188K, used 94061K [0x000000009a8c0000, 0x00000000a2dbf000, 0x0000000100000000)
 Metaspace       used 125031K, capacity 133631K, committed 133860K, reserved 1167360K
  class space    used 14963K, capacity 16590K, committed 16612K, reserved 1048576K
}
2020-12-20T15:31:17.149+0000: 7889.479: Total time for which application threads were stopped: 0.0057621 seconds, Stopping threads took: 0.0000822 seconds
2020-12-20T15:31:21.150+0000: 7893.480: Total time for which application threads were stopped: 0.0004079 seconds, Stopping threads took: 0.0000754 seconds
2020-12-20T15:31:32.151+0000: 7904.482: Total time for which application threads were stopped: 0.0005114 seconds, Stopping threads took: 0.0000856 seconds
2020-12-20T15:32:01.155+0000: 7933.486: Total time for which application threads were stopped: 0.0005607 seconds, Stopping threads took: 0.0000953 seconds
2020-12-20T15:32:21.158+0000: 7953.488: Total time for which application threads were stopped: 0.0005085 seconds, Stopping threads took: 0.0000860 seconds
2020-12-20T15:32:26.159+0000: 7958.489: Total time for which application threads were stopped: 0.0004937 seconds, Stopping threads took: 0.0000877 seconds
{Heap before GC invocations=374 (full 6):
 par new generation   total 38080K, used 34660K [0x0000000085c00000, 0x0000000088550000, 0x000000009a8c0000)
  eden space 33856K,  99% used [0x0000000085c00000, 0x0000000087d08b50, 0x0000000087d10000)
  from space 4224K,  19% used [0x0000000087d10000, 0x0000000087de04d0, 0x0000000088130000)
  to   space 4224K,   0% used [0x0000000088130000, 0x0000000088130000, 0x0000000088550000)
 concurrent mark-sweep generation total 136188K, used 94061K [0x000000009a8c0000, 0x00000000a2dbf000, 0x0000000100000000)
 Metaspace       used 125042K, capacity 133631K, committed 133860K, reserved 1167360K
  class space    used 14963K, capacity 16590K, committed 16612K, reserved 1048576K
2020-12-20T15:32:49.824+0000: 7982.154: [GC (Allocation Failure) 2020-12-20T15:32:49.824+0000: 7982.154: [ParNew
Desired survivor size 2162688 bytes, new threshold 6 (max 6)
- age   1:     256728 bytes,     256728 total
- age   2:      14808 bytes,     271536 total
- age   3:     166432 bytes,     437968 total
- age   4:     153616 bytes,     591584 total
- age   5:      33112 bytes,     624696 total
- age   6:      33248 bytes,     657944 total
: 34660K->775K(38080K), 0.0044002 secs] 128721K->94870K(174268K), 0.0048013 secs] [Times: user=0.01 sys=0.00, real=0.01 secs] 
Heap after GC invocations=375 (full 6):
 par new generation   total 38080K, used 775K [0x0000000085c00000, 0x0000000088550000, 0x000000009a8c0000)
  eden space 33856K,   0% used [0x0000000085c00000, 0x0000000085c00000, 0x0000000087d10000)
  from space 4224K,  18% used [0x0000000088130000, 0x00000000881f1d40, 0x0000000088550000)
  to   space 4224K,   0% used [0x0000000087d10000, 0x0000000087d10000, 0x0000000088130000)
 concurrent mark-sweep generation total 136188K, used 94094K [0x000000009a8c0000, 0x00000000a2dbf000, 0x0000000100000000)
 Metaspace       used 125042K, capacity 133631K, committed 133860K, reserved 1167360K
  class space    used 14963K, capacity 16590K, committed 16612K, reserved 1048576K
}
2020-12-20T15:32:49.829+0000: 7982.159: Total time for which application threads were stopped: 0.0055732 seconds, Stopping threads took: 0.0001271 seconds
2020-12-20T15:32:50.830+0000: 7983.160: Total time for which application threads were stopped: 0.0006475 seconds, Stopping threads took: 0.0001159 seconds
2020-12-20T15:32:51.830+0000: 7984.161: Total time for which application threads were stopped: 0.0005609 seconds, Stopping threads took: 0.0000951 seconds
2020-12-20T15:33:01.832+0000: 7994.162: Total time for which application threads were stopped: 0.0004152 seconds, Stopping threads took: 0.0000721 seconds
2020-12-20T15:33:10.833+0000: 8003.164: Total time for which application threads were stopped: 0.0005639 seconds, Stopping threads took: 0.0000990 seconds
2020-12-20T15:33:11.834+0000: 8004.165: Total time for which application threads were stopped: 0.0006635 seconds, Stopping threads took: 0.0000972 seconds
2020-12-20T15:33:15.835+0000: 8008.166: Total time for which application threads were stopped: 0.0006941 seconds, Stopping threads took: 0.0001052 seconds
2020-12-20T15:33:41.839+0000: 8034.170: Total time for which application threads were stopped: 0.0005867 seconds, Stopping threads took: 0.0000915 seconds
2020-12-20T15:34:05.842+0000: 8058.173: Total time for which application threads were stopped: 0.0004959 seconds, Stopping threads took: 0.0000808 seconds
2020-12-20T15:34:20.844+0000: 8073.175: Total time for which application threads were stopped: 0.0004863 seconds, Stopping threads took: 0.0000840 seconds
{Heap before GC invocations=375 (full 6):
 par new generation   total 38080K, used 34631K [0x0000000085c00000, 0x0000000088550000, 0x000000009a8c0000)
  eden space 33856K, 100% used [0x0000000085c00000, 0x0000000087d10000, 0x0000000087d10000)
  from space 4224K,  18% used [0x0000000088130000, 0x00000000881f1d40, 0x0000000088550000)
  to   space 4224K,   0% used [0x0000000087d10000, 0x0000000087d10000, 0x0000000088130000)
 concurrent mark-sweep generation total 136188K, used 94094K [0x000000009a8c0000, 0x00000000a2dbf000, 0x0000000100000000)
 Metaspace       used 125060K, capacity 133635K, committed 133860K, reserved 1167360K
  class space    used 14963K, capacity 16590K, committed 16612K, reserved 1048576K
2020-12-20T15:34:22.211+0000: 8074.541: [GC (Allocation Failure) 2020-12-20T15:34:22.211+0000: 8074.541: [ParNew
Desired survivor size 2162688 bytes, new threshold 6 (max 6)
- age   1:     220472 bytes,     220472 total
- age   2:       1384 bytes,     221856 total
- age   3:      14776 bytes,     236632 total
- age   4:     132720 bytes,     369352 total
- age   5:     153488 bytes,     522840 total
- age   6:      33112 bytes,     555952 total
: 34631K->674K(38080K), 0.0051842 secs] 128726K->94801K(174268K), 0.0054758 secs] [Times: user=0.01 sys=0.00, real=0.00 secs] 
Heap after GC invocations=376 (full 6):
 par new generation   total 38080K, used 674K [0x0000000085c00000, 0x0000000088550000, 0x000000009a8c0000)
  eden space 33856K,   0% used [0x0000000085c00000, 0x0000000085c00000, 0x0000000087d10000)
  from space 4224K,  15% used [0x0000000087d10000, 0x0000000087db8858, 0x0000000088130000)
  to   space 4224K,   0% used [0x0000000088130000, 0x0000000088130000, 0x0000000088550000)
 concurrent mark-sweep generation total 136188K, used 94127K [0x000000009a8c0000, 0x00000000a2dbf000, 0x0000000100000000)
 Metaspace       used 125060K, capacity 133635K, committed 133860K, reserved 1167360K
  class space    used 14963K, capacity 16590K, committed 16612K, reserved 1048576K
}
2020-12-20T15:34:22.216+0000: 8074.547: Total time for which application threads were stopped: 0.0062789 seconds, Stopping threads took: 0.0001205 seconds
2020-12-20T15:34:30.218+0000: 8082.548: Total time for which application threads were stopped: 0.0004571 seconds, Stopping threads took: 0.0000746 seconds
2020-12-20T15:34:32.219+0000: 8084.549: Total time for which application threads were stopped: 0.0006701 seconds, Stopping threads took: 0.0001002 seconds
2020-12-20T15:35:32.225+0000: 8144.556: Total time for which application threads were stopped: 0.0005321 seconds, Stopping threads took: 0.0000874 seconds
2020-12-20T15:35:51.228+0000: 8163.558: Total time for which application threads were stopped: 0.0005038 seconds, Stopping threads took: 0.0000861 seconds
2020-12-20T15:35:55.229+0000: 8167.559: Total time for which application threads were stopped: 0.0005018 seconds, Stopping threads took: 0.0000864 seconds
{Heap before GC invocations=376 (full 6):
 par new generation   total 38080K, used 34530K [0x0000000085c00000, 0x0000000088550000, 0x000000009a8c0000)
  eden space 33856K, 100% used [0x0000000085c00000, 0x0000000087d10000, 0x0000000087d10000)
  from space 4224K,  15% used [0x0000000087d10000, 0x0000000087db8858, 0x0000000088130000)
  to   space 4224K,   0% used [0x0000000088130000, 0x0000000088130000, 0x0000000088550000)
 concurrent mark-sweep generation total 136188K, used 94127K [0x000000009a8c0000, 0x00000000a2dbf000, 0x0000000100000000)
 Metaspace       used 125060K, capacity 133635K, committed 133860K, reserved 1167360K
  class space    used 14963K, capacity 16590K, committed 16612K, reserved 1048576K
2020-12-20T15:35:55.666+0000: 8167.997: [GC (Allocation Failure) 2020-12-20T15:35:55.667+0000: 8167.997: [ParNew
Desired survivor size 2162688 bytes, new threshold 6 (max 6)
- age   1:     152392 bytes,     152392 total
- age   2:       2856 bytes,     155248 total
- age   3:       1384 bytes,     156632 total
- age   4:      14776 bytes,     171408 total
- age   5:     132584 bytes,     303992 total
- age   6:     153488 bytes,     457480 total
: 34530K->641K(38080K), 0.0048748 secs] 128657K->94801K(174268K), 0.0051414 secs] [Times: user=0.01 sys=0.00, real=0.00 secs] 
Heap after GC invocations=377 (full 6):
 par new generation   total 38080K, used 641K [0x0000000085c00000, 0x0000000088550000, 0x000000009a8c0000)
  eden space 33856K,   0% used [0x0000000085c00000, 0x0000000085c00000, 0x0000000087d10000)
  from space 4224K,  15% used [0x0000000088130000, 0x00000000881d0608, 0x0000000088550000)
  to   space 4224K,   0% used [0x0000000087d10000, 0x0000000087d10000, 0x0000000088130000)
 concurrent mark-sweep generation total 136188K, used 94159K [0x000000009a8c0000, 0x00000000a2dbf000, 0x0000000100000000)
 Metaspace       used 125060K, capacity 133635K, committed 133860K, reserved 1167360K
  class space    used 14963K, capacity 16590K, committed 16612K, reserved 1048576K
}
2020-12-20T15:35:55.672+0000: 8168.002: Total time for which application threads were stopped: 0.0058118 seconds, Stopping threads took: 0.0000822 seconds
2020-12-20T15:36:25.676+0000: 8198.006: Total time for which application threads were stopped: 0.0004291 seconds, Stopping threads took: 0.0000721 seconds
2020-12-20T15:36:45.679+0000: 8218.010: Total time for which application threads were stopped: 0.0007639 seconds, Stopping threads took: 0.0001167 seconds
{Heap before GC invocations=377 (full 6):
 par new generation   total 38080K, used 34497K [0x0000000085c00000, 0x0000000088550000, 0x000000009a8c0000)
  eden space 33856K, 100% used [0x0000000085c00000, 0x0000000087d10000, 0x0000000087d10000)
  from space 4224K,  15% used [0x0000000088130000, 0x00000000881d0608, 0x0000000088550000)
  to   space 4224K,   0% used [0x0000000087d10000, 0x0000000087d10000, 0x0000000088130000)
 concurrent mark-sweep generation total 136188K, used 94159K [0x000000009a8c0000, 0x00000000a2dbf000, 0x0000000100000000)
 Metaspace       used 125085K, capacity 133713K, committed 133860K, reserved 1167360K
  class space    used 14964K, capacity 16591K, committed 16612K, reserved 1048576K
2020-12-20T15:37:21.728+0000: 8254.059: [GC (Allocation Failure) 2020-12-20T15:37:21.728+0000: 8254.059: [ParNew
Desired survivor size 2162688 bytes, new threshold 6 (max 6)
- age   1:     317240 bytes,     317240 total
- age   2:       1808 bytes,     319048 total
- age   3:       2824 bytes,     321872 total
- age   4:       1384 bytes,     323256 total
- age   5:      13816 bytes,     337072 total
- age   6:     132584 bytes,     469656 total
: 34497K->481K(38080K), 0.0050553 secs] 128657K->94787K(174268K), 0.0052589 secs] [Times: user=0.01 sys=0.00, real=0.00 secs] 
Heap after GC invocations=378 (full 6):
 par new generation   total 38080K, used 481K [0x0000000085c00000, 0x0000000088550000, 0x000000009a8c0000)
  eden space 33856K,   0% used [0x0000000085c00000, 0x0000000085c00000, 0x0000000087d10000)
  from space 4224K,  11% used [0x0000000087d10000, 0x0000000087d88560, 0x0000000088130000)
  to   space 4224K,   0% used [0x0000000088130000, 0x0000000088130000, 0x0000000088550000)
 concurrent mark-sweep generation total 136188K, used 94306K [0x000000009a8c0000, 0x00000000a2dbf000, 0x0000000100000000)
 Metaspace       used 125085K, capacity 133713K, committed 133860K, reserved 1167360K
  class space    used 14964K, capacity 16591K, committed 16612K, reserved 1048576K
}
2020-12-20T15:37:21.734+0000: 8254.064: Total time for which application threads were stopped: 0.0059733 seconds, Stopping threads took: 0.0000728 seconds
2020-12-20T15:37:32.735+0000: 8265.066: Total time for which application threads were stopped: 0.0005837 seconds, Stopping threads took: 0.0000870 seconds
2020-12-20T15:37:36.736+0000: 8269.067: Total time for which application threads were stopped: 0.0004193 seconds, Stopping threads took: 0.0000744 seconds
2020-12-20T15:37:43.738+0000: 8276.068: Total time for which application threads were stopped: 0.0004433 seconds, Stopping threads took: 0.0000829 seconds
2020-12-20T15:37:58.740+0000: 8291.070: Total time for which application threads were stopped: 0.0005071 seconds, Stopping threads took: 0.0000868 seconds
2020-12-20T15:38:15.742+0000: 8308.072: Total time for which application threads were stopped: 0.0004008 seconds, Stopping threads took: 0.0000758 seconds
2020-12-20T15:38:26.744+0000: 8319.074: Total time for which application threads were stopped: 0.0007463 seconds, Stopping threads took: 0.0001429 seconds
2020-12-20T15:38:32.745+0000: 8325.075: Total time for which application threads were stopped: 0.0004022 seconds, Stopping threads took: 0.0000736 seconds
2020-12-20T15:38:41.746+0000: 8334.077: Total time for which application threads were stopped: 0.0005037 seconds, Stopping threads took: 0.0000829 seconds
{Heap before GC invocations=378 (full 6):
 par new generation   total 38080K, used 34337K [0x0000000085c00000, 0x0000000088550000, 0x000000009a8c0000)
  eden space 33856K, 100% used [0x0000000085c00000, 0x0000000087d10000, 0x0000000087d10000)
  from space 4224K,  11% used [0x0000000087d10000, 0x0000000087d88560, 0x0000000088130000)
  to   space 4224K,   0% used [0x0000000088130000, 0x0000000088130000, 0x0000000088550000)
 concurrent mark-sweep generation total 136188K, used 94306K [0x000000009a8c0000, 0x00000000a2dbf000, 0x0000000100000000)
 Metaspace       used 125135K, capacity 133723K, committed 133860K, reserved 1167360K
  class space    used 14964K, capacity 16592K, committed 16612K, reserved 1048576K
2020-12-20T15:38:42.184+0000: 8334.515: [GC (Allocation Failure) 2020-12-20T15:38:42.184+0000: 8334.515: [ParNew
Desired survivor size 2162688 bytes, new threshold 6 (max 6)
- age   1:     312352 bytes,     312352 total
- age   2:      37400 bytes,     349752 total
- age   3:       1808 bytes,     351560 total
- age   4:       2824 bytes,     354384 total
- age   5:       1384 bytes,     355768 total
- age   6:      13784 bytes,     369552 total
: 34337K->458K(38080K), 0.0051654 secs] 128643K->94894K(174268K), 0.0054123 secs] [Times: user=0.01 sys=0.00, real=0.01 secs] 
Heap after GC invocations=379 (full 6):
 par new generation   total 38080K, used 458K [0x0000000085c00000, 0x0000000088550000, 0x000000009a8c0000)
  eden space 33856K,   0% used [0x0000000085c00000, 0x0000000085c00000, 0x0000000087d10000)
  from space 4224K,  10% used [0x0000000088130000, 0x00000000881a2820, 0x0000000088550000)
  to   space 4224K,   0% used [0x0000000087d10000, 0x0000000087d10000, 0x0000000088130000)
 concurrent mark-sweep generation total 136188K, used 94436K [0x000000009a8c0000, 0x00000000a2dbf000, 0x0000000100000000)
 Metaspace       used 125135K, capacity 133723K, committed 133860K, reserved 1167360K
  class space    used 14964K, capacity 16592K, committed 16612K, reserved 1048576K
}
2020-12-20T15:38:42.190+0000: 8334.520: Total time for which application threads were stopped: 0.0061754 seconds, Stopping threads took: 0.0001262 seconds
2020-12-20T15:38:50.191+0000: 8342.522: Total time for which application threads were stopped: 0.0005446 seconds, Stopping threads took: 0.0000769 seconds
2020-12-20T15:38:51.192+0000: 8343.522: Total time for which application threads were stopped: 0.0003919 seconds, Stopping threads took: 0.0000701 seconds
2020-12-20T15:38:57.193+0000: 8349.523: Total time for which application threads were stopped: 0.0005904 seconds, Stopping threads took: 0.0000980 seconds
2020-12-20T15:38:58.194+0000: 8350.524: Total time for which application threads were stopped: 0.0005162 seconds, Stopping threads took: 0.0000978 seconds
2020-12-20T15:39:01.194+0000: 8353.525: Total time for which application threads were stopped: 0.0004504 seconds, Stopping threads took: 0.0000803 seconds
2020-12-20T15:39:02.195+0000: 8354.525: Total time for which application threads were stopped: 0.0004081 seconds, Stopping threads took: 0.0000727 seconds
2020-12-20T15:39:03.195+0000: 8355.526: Total time for which application threads were stopped: 0.0005271 seconds, Stopping threads took: 0.0000859 seconds
2020-12-20T15:39:11.197+0000: 8363.527: Total time for which application threads were stopped: 0.0005107 seconds, Stopping threads took: 0.0000864 seconds
2020-12-20T15:39:13.198+0000: 8365.528: Total time for which application threads were stopped: 0.0004307 seconds, Stopping threads took: 0.0000771 seconds
2020-12-20T15:39:14.198+0000: 8366.529: Total time for which application threads were stopped: 0.0004106 seconds, Stopping threads took: 0.0000769 seconds
2020-12-20T15:39:21.199+0000: 8373.530: Total time for which application threads were stopped: 0.0005143 seconds, Stopping threads took: 0.0000854 seconds
2020-12-20T15:39:26.200+0000: 8378.531: Total time for which application threads were stopped: 0.0004288 seconds, Stopping threads took: 0.0000754 seconds
2020-12-20T15:39:27.201+0000: 8379.531: Total time for which application threads were stopped: 0.0005368 seconds, Stopping threads took: 0.0000902 seconds
2020-12-20T15:39:28.202+0000: 8380.532: Total time for which application threads were stopped: 0.0005880 seconds, Stopping threads took: 0.0001396 seconds
2020-12-20T15:39:31.203+0000: 8383.533: Total time for which application threads were stopped: 0.0005121 seconds, Stopping threads took: 0.0000858 seconds
2020-12-20T15:39:32.203+0000: 8384.533: Total time for which application threads were stopped: 0.0004558 seconds, Stopping threads took: 0.0000777 seconds
{Heap before GC invocations=379 (full 6):
 par new generation   total 38080K, used 34314K [0x0000000085c00000, 0x0000000088550000, 0x000000009a8c0000)
  eden space 33856K, 100% used [0x0000000085c00000, 0x0000000087d10000, 0x0000000087d10000)
  from space 4224K,  10% used [0x0000000088130000, 0x00000000881a2820, 0x0000000088550000)
  to   space 4224K,   0% used [0x0000000087d10000, 0x0000000087d10000, 0x0000000088130000)
 concurrent mark-sweep generation total 136188K, used 94436K [0x000000009a8c0000, 0x00000000a2dbf000, 0x0000000100000000)
 Metaspace       used 125417K, capacity 134007K, committed 134116K, reserved 1167360K
  class space    used 15001K, capacity 16612K, committed 16612K, reserved 1048576K
2020-12-20T15:39:39.891+0000: 8392.221: [GC (Allocation Failure) 2020-12-20T15:39:39.891+0000: 8392.222: [ParNew
Desired survivor size 2162688 bytes, new threshold 6 (max 6)
- age   1:     545672 bytes,     545672 total
- age   2:      74296 bytes,     619968 total
- age   3:      37336 bytes,     657304 total
- age   4:       1808 bytes,     659112 total
- age   5:       2824 bytes,     661936 total
- age   6:       1384 bytes,     663320 total
: 34314K->703K(38080K), 0.0053008 secs] 128750K->95153K(174268K), 0.0055957 secs] [Times: user=0.02 sys=0.00, real=0.00 secs] 
Heap after GC invocations=380 (full 6):
 par new generation   total 38080K, used 703K [0x0000000085c00000, 0x0000000088550000, 0x000000009a8c0000)
  eden space 33856K,   0% used [0x0000000085c00000, 0x0000000085c00000, 0x0000000087d10000)
  from space 4224K,  16% used [0x0000000087d10000, 0x0000000087dbfeb0, 0x0000000088130000)
  to   space 4224K,   0% used [0x0000000088130000, 0x0000000088130000, 0x0000000088550000)
 concurrent mark-sweep generation total 136188K, used 94449K [0x000000009a8c0000, 0x00000000a2dbf000, 0x0000000100000000)
 Metaspace       used 125417K, capacity 134007K, committed 134116K, reserved 1167360K
  class space    used 15001K, capacity 16612K, committed 16612K, reserved 1048576K
}
2020-12-20T15:39:39.897+0000: 8392.227: Total time for which application threads were stopped: 0.0063997 seconds, Stopping threads took: 0.0001846 seconds
2020-12-20T15:40:24.902+0000: 8437.232: Total time for which application threads were stopped: 0.0006330 seconds, Stopping threads took: 0.0001437 seconds
2020-12-20T15:40:51.905+0000: 8464.236: Total time for which application threads were stopped: 0.0004244 seconds, Stopping threads took: 0.0000748 seconds
2020-12-20T15:40:52.906+0000: 8465.236: Total time for which application threads were stopped: 0.0004284 seconds, Stopping threads took: 0.0000743 seconds
{Heap before GC invocations=380 (full 6):
 par new generation   total 38080K, used 34559K [0x0000000085c00000, 0x0000000088550000, 0x000000009a8c0000)
  eden space 33856K, 100% used [0x0000000085c00000, 0x0000000087d10000, 0x0000000087d10000)
  from space 4224K,  16% used [0x0000000087d10000, 0x0000000087dbfeb0, 0x0000000088130000)
  to   space 4224K,   0% used [0x0000000088130000, 0x0000000088130000, 0x0000000088550000)
 concurrent mark-sweep generation total 136188K, used 94449K [0x000000009a8c0000, 0x00000000a2dbf000, 0x0000000100000000)
 Metaspace       used 125467K, capacity 134089K, committed 134244K, reserved 1167360K
  class space    used 15003K, capacity 16615K, committed 16740K, reserved 1048576K
2020-12-20T15:41:03.081+0000: 8475.411: [GC (Allocation Failure) 2020-12-20T15:41:03.081+0000: 8475.411: [ParNew
Desired survivor size 2162688 bytes, new threshold 6 (max 6)
- age   1:     455544 bytes,     455544 total
- age   2:     314032 bytes,     769576 total
- age   3:      39200 bytes,     808776 total
- age   4:      37336 bytes,     846112 total
- age   5:       1808 bytes,     847920 total
- age   6:       2824 bytes,     850744 total
: 34559K->873K(38080K), 0.0072301 secs] 129009K->95325K(174268K), 0.0074448 secs] [Times: user=0.02 sys=0.00, real=0.01 secs] 
Heap after GC invocations=381 (full 6):
 par new generation   total 38080K, used 873K [0x0000000085c00000, 0x0000000088550000, 0x000000009a8c0000)
  eden space 33856K,   0% used [0x0000000085c00000, 0x0000000085c00000, 0x0000000087d10000)
  from space 4224K,  20% used [0x0000000088130000, 0x000000008820a740, 0x0000000088550000)
  to   space 4224K,   0% used [0x0000000087d10000, 0x0000000087d10000, 0x0000000088130000)
 concurrent mark-sweep generation total 136188K, used 94451K [0x000000009a8c0000, 0x00000000a2dbf000, 0x0000000100000000)
 Metaspace       used 125467K, capacity 134089K, committed 134244K, reserved 1167360K
  class space    used 15003K, capacity 16615K, committed 16740K, reserved 1048576K
}
2020-12-20T15:41:03.088+0000: 8475.419: Total time for which application threads were stopped: 0.0080920 seconds, Stopping threads took: 0.0000836 seconds
2020-12-20T15:41:10.090+0000: 8482.420: Total time for which application threads were stopped: 0.0005752 seconds, Stopping threads took: 0.0000972 seconds
2020-12-20T15:41:11.090+0000: 8483.421: Total time for which application threads were stopped: 0.0004279 seconds, Stopping threads took: 0.0000903 seconds
2020-12-20T15:41:53.096+0000: 8525.426: Total time for which application threads were stopped: 0.0005371 seconds, Stopping threads took: 0.0000911 seconds
2020-12-20T15:41:56.097+0000: 8528.427: Total time for which application threads were stopped: 0.0004632 seconds, Stopping threads took: 0.0000739 seconds
2020-12-20T15:42:12.099+0000: 8544.430: Total time for which application threads were stopped: 0.0005967 seconds, Stopping threads took: 0.0001079 seconds
{Heap before GC invocations=381 (full 6):
 par new generation   total 38080K, used 34719K [0x0000000085c00000, 0x0000000088550000, 0x000000009a8c0000)
  eden space 33856K,  99% used [0x0000000085c00000, 0x0000000087d0d520, 0x0000000087d10000)
  from space 4224K,  20% used [0x0000000088130000, 0x000000008820a740, 0x0000000088550000)
  to   space 4224K,   0% used [0x0000000087d10000, 0x0000000087d10000, 0x0000000088130000)
 concurrent mark-sweep generation total 136188K, used 94451K [0x000000009a8c0000, 0x00000000a2dbf000, 0x0000000100000000)
 Metaspace       used 125493K, capacity 134119K, committed 134244K, reserved 1167360K
  class space    used 15005K, capacity 16620K, committed 16740K, reserved 1048576K
2020-12-20T15:42:31.405+0000: 8563.735: [GC (Allocation Failure) 2020-12-20T15:42:31.405+0000: 8563.735: [ParNew
Desired survivor size 2162688 bytes, new threshold 6 (max 6)
- age   1:     183520 bytes,     183520 total
- age   2:      34120 bytes,     217640 total
- age   3:     313768 bytes,     531408 total
- age   4:      39168 bytes,     570576 total
- age   5:      37336 bytes,     607912 total
- age   6:       1672 bytes,     609584 total
: 34719K->635K(38080K), 0.0069311 secs] 129170K->95089K(174268K), 0.0071955 secs] [Times: user=0.02 sys=0.00, real=0.01 secs] 
Heap after GC invocations=382 (full 6):
 par new generation   total 38080K, used 635K [0x0000000085c00000, 0x0000000088550000, 0x000000009a8c0000)
  eden space 33856K,   0% used [0x0000000085c00000, 0x0000000085c00000, 0x0000000087d10000)
  from space 4224K,  15% used [0x0000000087d10000, 0x0000000087daef90, 0x0000000088130000)
  to   space 4224K,   0% used [0x0000000088130000, 0x0000000088130000, 0x0000000088550000)
 concurrent mark-sweep generation total 136188K, used 94453K [0x000000009a8c0000, 0x00000000a2dbf000, 0x0000000100000000)
 Metaspace       used 125493K, capacity 134119K, committed 134244K, reserved 1167360K
  class space    used 15005K, capacity 16620K, committed 16740K, reserved 1048576K
}
2020-12-20T15:42:31.412+0000: 8563.742: Total time for which application threads were stopped: 0.0086077 seconds, Stopping threads took: 0.0007335 seconds
2020-12-20T15:42:32.413+0000: 8564.743: Total time for which application threads were stopped: 0.0004166 seconds, Stopping threads took: 0.0000762 seconds
2020-12-20T15:42:34.413+0000: 8566.744: Total time for which application threads were stopped: 0.0005841 seconds, Stopping threads took: 0.0000874 seconds
2020-12-20T15:42:41.415+0000: 8573.745: Total time for which application threads were stopped: 0.0004607 seconds, Stopping threads took: 0.0000812 seconds
2020-12-20T15:43:12.419+0000: 8604.749: Total time for which application threads were stopped: 0.0006252 seconds, Stopping threads took: 0.0000974 seconds
2020-12-20T15:43:19.423+0000: 8611.753: Total time for which application threads were stopped: 0.0007397 seconds, Stopping threads took: 0.0001433 seconds
2020-12-20T15:43:20.424+0000: 8612.754: Total time for which application threads were stopped: 0.0005596 seconds, Stopping threads took: 0.0000860 seconds
{Heap before GC invocations=382 (full 6):
 par new generation   total 38080K, used 34491K [0x0000000085c00000, 0x0000000088550000, 0x000000009a8c0000)
  eden space 33856K, 100% used [0x0000000085c00000, 0x0000000087d10000, 0x0000000087d10000)
  from space 4224K,  15% used [0x0000000087d10000, 0x0000000087daef90, 0x0000000088130000)
  to   space 4224K,   0% used [0x0000000088130000, 0x0000000088130000, 0x0000000088550000)
 concurrent mark-sweep generation total 136188K, used 94453K [0x000000009a8c0000, 0x00000000a2dbf000, 0x0000000100000000)
 Metaspace       used 125572K, capacity 134199K, committed 134500K, reserved 1167360K
  class space    used 15005K, capacity 16620K, committed 16740K, reserved 1048576K
2020-12-20T15:43:31.368+0000: 8623.699: [GC (Allocation Failure) 2020-12-20T15:43:31.368+0000: 8623.699: [ParNew
Desired survivor size 2162688 bytes, new threshold 6 (max 6)
- age   1:     573728 bytes,     573728 total
- age   2:      52552 bytes,     626280 total
- age   3:      32936 bytes,     659216 total
- age   4:     309512 bytes,     968728 total
- age   5:       9696 bytes,     978424 total
- age   6:      18768 bytes,     997192 total
: 34491K->1238K(38080K), 0.0162887 secs] 128945K->95694K(174268K), 0.0165255 secs] [Times: user=0.03 sys=0.00, real=0.01 secs] 
Heap after GC invocations=383 (full 6):
 par new generation   total 38080K, used 1238K [0x0000000085c00000, 0x0000000088550000, 0x000000009a8c0000)
  eden space 33856K,   0% used [0x0000000085c00000, 0x0000000085c00000, 0x0000000087d10000)
  from space 4224K,  29% used [0x0000000088130000, 0x0000000088265990, 0x0000000088550000)
  to   space 4224K,   0% used [0x0000000087d10000, 0x0000000087d10000, 0x0000000088130000)
 concurrent mark-sweep generation total 136188K, used 94455K [0x000000009a8c0000, 0x00000000a2dbf000, 0x0000000100000000)
 Metaspace       used 125572K, capacity 134199K, committed 134500K, reserved 1167360K
  class space    used 15005K, capacity 16620K, committed 16740K, reserved 1048576K
}
2020-12-20T15:43:31.385+0000: 8623.715: Total time for which application threads were stopped: 0.0207382 seconds, Stopping threads took: 0.0035735 seconds
2020-12-20T15:43:32.386+0000: 8624.716: Total time for which application threads were stopped: 0.0006640 seconds, Stopping threads took: 0.0000959 seconds
2020-12-20T15:43:43.387+0000: 8635.718: Total time for which application threads were stopped: 0.0004197 seconds, Stopping threads took: 0.0000786 seconds
2020-12-20T15:43:53.389+0000: 8645.720: Total time for which application threads were stopped: 0.0007365 seconds, Stopping threads took: 0.0001047 seconds
2020-12-20T15:43:55.390+0000: 8647.720: Total time for which application threads were stopped: 0.0005934 seconds, Stopping threads took: 0.0000900 seconds
{Heap before GC invocations=383 (full 6):
 par new generation   total 38080K, used 35094K [0x0000000085c00000, 0x0000000088550000, 0x000000009a8c0000)
  eden space 33856K, 100% used [0x0000000085c00000, 0x0000000087d10000, 0x0000000087d10000)
  from space 4224K,  29% used [0x0000000088130000, 0x0000000088265990, 0x0000000088550000)
  to   space 4224K,   0% used [0x0000000087d10000, 0x0000000087d10000, 0x0000000088130000)
 concurrent mark-sweep generation total 136188K, used 94455K [0x000000009a8c0000, 0x00000000a2dbf000, 0x0000000100000000)
 Metaspace       used 125584K, capacity 134199K, committed 134500K, reserved 1167360K
  class space    used 15005K, capacity 16620K, committed 16740K, reserved 1048576K
2020-12-20T15:44:21.705+0000: 8674.035: [GC (Allocation Failure) 2020-12-20T15:44:21.705+0000: 8674.036: [ParNew
Desired survivor size 2162688 bytes, new threshold 6 (max 6)
- age   1:     206968 bytes,     206968 total
- age   2:     170224 bytes,     377192 total
- age   3:      52456 bytes,     429648 total
- age   4:      32936 bytes,     462584 total
- age   5:     309376 bytes,     771960 total
- age   6:       9696 bytes,     781656 total
: 35094K->1040K(38080K), 0.0055127 secs] 129550K->95514K(174268K), 0.0057142 secs] [Times: user=0.01 sys=0.00, real=0.01 secs] 
Heap after GC invocations=384 (full 6):
 par new generation   total 38080K, used 1040K [0x0000000085c00000, 0x0000000088550000, 0x000000009a8c0000)
  eden space 33856K,   0% used [0x0000000085c00000, 0x0000000085c00000, 0x0000000087d10000)
  from space 4224K,  24% used [0x0000000087d10000, 0x0000000087e142e0, 0x0000000088130000)
  to   space 4224K,   0% used [0x0000000088130000, 0x0000000088130000, 0x0000000088550000)
 concurrent mark-sweep generation total 136188K, used 94474K [0x000000009a8c0000, 0x00000000a2dbf000, 0x0000000100000000)
 Metaspace       used 125584K, capacity 134199K, committed 134500K, reserved 1167360K
  class space    used 15005K, capacity 16620K, committed 16740K, reserved 1048576K
}
2020-12-20T15:44:21.711+0000: 8674.041: Total time for which application threads were stopped: 0.0063103 seconds, Stopping threads took: 0.0000742 seconds
2020-12-20T15:44:26.712+0000: 8679.042: Total time for which application threads were stopped: 0.0004235 seconds, Stopping threads took: 0.0000759 seconds
2020-12-20T15:44:32.713+0000: 8685.044: Total time for which application threads were stopped: 0.0007419 seconds, Stopping threads took: 0.0000950 seconds
2020-12-20T15:45:26.720+0000: 8739.051: Total time for which application threads were stopped: 0.0004338 seconds, Stopping threads took: 0.0000735 seconds
2020-12-20T15:45:35.722+0000: 8748.053: Total time for which application threads were stopped: 0.0005467 seconds, Stopping threads took: 0.0000886 seconds
2020-12-20T15:45:39.723+0000: 8752.054: Total time for which application threads were stopped: 0.0005724 seconds, Stopping threads took: 0.0000988 seconds
{Heap before GC invocations=384 (full 6):
 par new generation   total 38080K, used 34896K [0x0000000085c00000, 0x0000000088550000, 0x000000009a8c0000)
  eden space 33856K, 100% used [0x0000000085c00000, 0x0000000087d10000, 0x0000000087d10000)
  from space 4224K,  24% used [0x0000000087d10000, 0x0000000087e142e0, 0x0000000088130000)
  to   space 4224K,   0% used [0x0000000088130000, 0x0000000088130000, 0x0000000088550000)
 concurrent mark-sweep generation total 136188K, used 94474K [0x000000009a8c0000, 0x00000000a2dbf000, 0x0000000100000000)
 Metaspace       used 125659K, capacity 134347K, committed 134500K, reserved 1167360K
  class space    used 15018K, capacity 16644K, committed 16740K, reserved 1048576K
2020-12-20T15:45:49.664+0000: 8761.994: [GC (Allocation Failure) 2020-12-20T15:45:49.664+0000: 8761.995: [ParNew
Desired survivor size 2162688 bytes, new threshold 6 (max 6)
- age   1:     196304 bytes,     196304 total
- age   2:      88488 bytes,     284792 total
- age   3:     133512 bytes,     418304 total
- age   4:      51960 bytes,     470264 total
- age   5:      32904 bytes,     503168 total
- age   6:     266616 bytes,     769784 total
: 34896K->1158K(38080K), 0.0059430 secs] 129370K->95642K(174268K), 0.0062191 secs] [Times: user=0.02 sys=0.00, real=0.01 secs] 
Heap after GC invocations=385 (full 6):
 par new generation   total 38080K, used 1158K [0x0000000085c00000, 0x0000000088550000, 0x000000009a8c0000)
  eden space 33856K,   0% used [0x0000000085c00000, 0x0000000085c00000, 0x0000000087d10000)
  from space 4224K,  27% used [0x0000000088130000, 0x0000000088251a18, 0x0000000088550000)
  to   space 4224K,   0% used [0x0000000087d10000, 0x0000000087d10000, 0x0000000088130000)
 concurrent mark-sweep generation total 136188K, used 94483K [0x000000009a8c0000, 0x00000000a2dbf000, 0x0000000100000000)
 Metaspace       used 125659K, capacity 134347K, committed 134500K, reserved 1167360K
  class space    used 15018K, capacity 16644K, committed 16740K, reserved 1048576K
}
2020-12-20T15:45:49.670+0000: 8762.001: Total time for which application threads were stopped: 0.0069473 seconds, Stopping threads took: 0.0000753 seconds
2020-12-20T15:45:51.671+0000: 8764.002: Total time for which application threads were stopped: 0.0005733 seconds, Stopping threads took: 0.0000983 seconds
2020-12-20T15:46:17.675+0000: 8790.005: Total time for which application threads were stopped: 0.0006250 seconds, Stopping threads took: 0.0000961 seconds
2020-12-20T15:46:32.677+0000: 8805.008: Total time for which application threads were stopped: 0.0005493 seconds, Stopping threads took: 0.0000846 seconds
{Heap before GC invocations=385 (full 6):
 par new generation   total 38080K, used 35014K [0x0000000085c00000, 0x0000000088550000, 0x000000009a8c0000)
  eden space 33856K, 100% used [0x0000000085c00000, 0x0000000087d10000, 0x0000000087d10000)
  from space 4224K,  27% used [0x0000000088130000, 0x0000000088251a18, 0x0000000088550000)
  to   space 4224K,   0% used [0x0000000087d10000, 0x0000000087d10000, 0x0000000088130000)
 concurrent mark-sweep generation total 136188K, used 94483K [0x000000009a8c0000, 0x00000000a2dbf000, 0x0000000100000000)
 Metaspace       used 125797K, capacity 134633K, committed 134756K, reserved 1167360K
  class space    used 15038K, capacity 16681K, committed 16740K, reserved 1048576K
2020-12-20T15:47:15.223+0000: 8847.553: [GC (Allocation Failure) 2020-12-20T15:47:15.223+0000: 8847.554: [ParNew
Desired survivor size 2162688 bytes, new threshold 6 (max 6)
- age   1:     336552 bytes,     336552 total
- age   2:      78560 bytes,     415112 total
- age   3:      54720 bytes,     469832 total
- age   4:     131544 bytes,     601376 total
- age   5:       9168 bytes,     610544 total
- age   6:      32872 bytes,     643416 total
: 35014K->776K(38080K), 0.0102212 secs] 129498K->95521K(174268K), 0.0104771 secs] [Times: user=0.02 sys=0.00, real=0.01 secs] 
Heap after GC invocations=386 (full 6):
 par new generation   total 38080K, used 776K [0x0000000085c00000, 0x0000000088550000, 0x000000009a8c0000)
  eden space 33856K,   0% used [0x0000000085c00000, 0x0000000085c00000, 0x0000000087d10000)
  from space 4224K,  18% used [0x0000000087d10000, 0x0000000087dd2198, 0x0000000088130000)
  to   space 4224K,   0% used [0x0000000088130000, 0x0000000088130000, 0x0000000088550000)
 concurrent mark-sweep generation total 136188K, used 94745K [0x000000009a8c0000, 0x00000000a2dbf000, 0x0000000100000000)
 Metaspace       used 125797K, capacity 134633K, committed 134756K, reserved 1167360K
  class space    used 15038K, capacity 16681K, committed 16740K, reserved 1048576K
}
2020-12-20T15:47:15.234+0000: 8847.564: Total time for which application threads were stopped: 0.0111240 seconds, Stopping threads took: 0.0000849 seconds
2020-12-20T15:47:37.237+0000: 8869.567: Total time for which application threads were stopped: 0.0004674 seconds, Stopping threads took: 0.0000764 seconds
2020-12-20T15:47:59.240+0000: 8891.570: Total time for which application threads were stopped: 0.0004623 seconds, Stopping threads took: 0.0000724 seconds
2020-12-20T15:48:08.242+0000: 8900.572: Total time for which application threads were stopped: 0.0005265 seconds, Stopping threads took: 0.0000810 seconds
2020-12-20T15:48:27.244+0000: 8919.575: Total time for which application threads were stopped: 0.0004471 seconds, Stopping threads took: 0.0000719 seconds
2020-12-20T15:48:28.245+0000: 8920.575: Total time for which application threads were stopped: 0.0005269 seconds, Stopping threads took: 0.0000917 seconds
2020-12-20T15:48:40.247+0000: 8932.577: Total time for which application threads were stopped: 0.0004100 seconds, Stopping threads took: 0.0000706 seconds
2020-12-20T15:48:41.247+0000: 8933.578: Total time for which application threads were stopped: 0.0004428 seconds, Stopping threads took: 0.0000843 seconds
{Heap before GC invocations=386 (full 6):
 par new generation   total 38080K, used 34632K [0x0000000085c00000, 0x0000000088550000, 0x000000009a8c0000)
  eden space 33856K, 100% used [0x0000000085c00000, 0x0000000087d10000, 0x0000000087d10000)
  from space 4224K,  18% used [0x0000000087d10000, 0x0000000087dd2198, 0x0000000088130000)
  to   space 4224K,   0% used [0x0000000088130000, 0x0000000088130000, 0x0000000088550000)
 concurrent mark-sweep generation total 136188K, used 94745K [0x000000009a8c0000, 0x00000000a2dbf000, 0x0000000100000000)
 Metaspace       used 125837K, capacity 134697K, committed 134756K, reserved 1167360K
  class space    used 15038K, capacity 16681K, committed 16740K, reserved 1048576K
2020-12-20T15:48:42.267+0000: 8934.598: [GC (Allocation Failure) 2020-12-20T15:48:42.267+0000: 8934.598: [ParNew
Desired survivor size 2162688 bytes, new threshold 6 (max 6)
- age   1:     903880 bytes,     903880 total
- age   2:      90296 bytes,     994176 total
- age   3:      78376 bytes,    1072552 total
- age   4:      54720 bytes,    1127272 total
- age   5:     131544 bytes,    1258816 total
- age   6:       9168 bytes,    1267984 total
: 34632K->1344K(38080K), 0.0145459 secs] 129377K->96120K(174268K), 0.0147929 secs] [Times: user=0.02 sys=0.00, real=0.01 secs] 
Heap after GC invocations=387 (full 6):
 par new generation   total 38080K, used 1344K [0x0000000085c00000, 0x0000000088550000, 0x000000009a8c0000)
  eden space 33856K,   0% used [0x0000000085c00000, 0x0000000085c00000, 0x0000000087d10000)
  from space 4224K,  31% used [0x0000000088130000, 0x0000000088280250, 0x0000000088550000)
  to   space 4224K,   0% used [0x0000000087d10000, 0x0000000087d10000, 0x0000000088130000)
 concurrent mark-sweep generation total 136188K, used 94775K [0x000000009a8c0000, 0x00000000a2dbf000, 0x0000000100000000)
 Metaspace       used 125837K, capacity 134697K, committed 134756K, reserved 1167360K
  class space    used 15038K, capacity 16681K, committed 16740K, reserved 1048576K
}
2020-12-20T15:48:42.282+0000: 8934.613: Total time for which application threads were stopped: 0.0154129 seconds, Stopping threads took: 0.0000782 seconds
2020-12-20T15:48:44.283+0000: 8936.613: Total time for which application threads were stopped: 0.0004106 seconds, Stopping threads took: 0.0000773 seconds
2020-12-20T15:48:47.284+0000: 8939.614: Total time for which application threads were stopped: 0.0006199 seconds, Stopping threads took: 0.0000937 seconds
2020-12-20T15:48:48.285+0000: 8940.615: Total time for which application threads were stopped: 0.0005204 seconds, Stopping threads took: 0.0000894 seconds
2020-12-20T15:48:50.286+0000: 8942.616: Total time for which application threads were stopped: 0.0005866 seconds, Stopping threads took: 0.0001016 seconds
2020-12-20T15:48:52.286+0000: 8944.617: Total time for which application threads were stopped: 0.0006194 seconds, Stopping threads took: 0.0000966 seconds
2020-12-20T15:48:55.287+0000: 8947.618: Total time for which application threads were stopped: 0.0005171 seconds, Stopping threads took: 0.0000874 seconds
2020-12-20T15:48:56.288+0000: 8948.618: Total time for which application threads were stopped: 0.0005169 seconds, Stopping threads took: 0.0000960 seconds
2020-12-20T15:49:03.289+0000: 8955.620: Total time for which application threads were stopped: 0.0004542 seconds, Stopping threads took: 0.0000793 seconds
2020-12-20T15:49:20.292+0000: 8972.622: Total time for which application threads were stopped: 0.0005121 seconds, Stopping threads took: 0.0000925 seconds
2020-12-20T15:49:29.293+0000: 8981.624: Total time for which application threads were stopped: 0.0004328 seconds, Stopping threads took: 0.0000734 seconds
2020-12-20T15:49:30.294+0000: 8982.624: Total time for which application threads were stopped: 0.0005575 seconds, Stopping threads took: 0.0000941 seconds
2020-12-20T15:49:39.296+0000: 8991.626: Total time for which application threads were stopped: 0.0004141 seconds, Stopping threads took: 0.0000735 seconds
{Heap before GC invocations=387 (full 6):
 par new generation   total 38080K, used 35200K [0x0000000085c00000, 0x0000000088550000, 0x000000009a8c0000)
  eden space 33856K, 100% used [0x0000000085c00000, 0x0000000087d10000, 0x0000000087d10000)
  from space 4224K,  31% used [0x0000000088130000, 0x0000000088280250, 0x0000000088550000)
  to   space 4224K,   0% used [0x0000000087d10000, 0x0000000087d10000, 0x0000000088130000)
 concurrent mark-sweep generation total 136188K, used 94775K [0x000000009a8c0000, 0x00000000a2dbf000, 0x0000000100000000)
 Metaspace       used 125874K, capacity 134697K, committed 134756K, reserved 1167360K
  class space    used 15038K, capacity 16681K, committed 16740K, reserved 1048576K
2020-12-20T15:50:04.778+0000: 9017.108: [GC (Allocation Failure) 2020-12-20T15:50:04.778+0000: 9017.108: [ParNew
Desired survivor size 2162688 bytes, new threshold 6 (max 6)
- age   1:     667200 bytes,     667200 total
- age   2:     721280 bytes,    1388480 total
- age   3:      88848 bytes,    1477328 total
- age   4:      69984 bytes,    1547312 total
- age   5:      54664 bytes,    1601976 total
- age   6:     131512 bytes,    1733488 total
: 35200K->2175K(38080K), 0.0113887 secs] 129976K->96960K(174268K), 0.0116657 secs] [Times: user=0.03 sys=0.00, real=0.01 secs] 
Heap after GC invocations=388 (full 6):
 par new generation   total 38080K, used 2175K [0x0000000085c00000, 0x0000000088550000, 0x000000009a8c0000)
  eden space 33856K,   0% used [0x0000000085c00000, 0x0000000085c00000, 0x0000000087d10000)
  from space 4224K,  51% used [0x0000000087d10000, 0x0000000087f2fdf0, 0x0000000088130000)
  to   space 4224K,   0% used [0x0000000088130000, 0x0000000088130000, 0x0000000088550000)
 concurrent mark-sweep generation total 136188K, used 94785K [0x000000009a8c0000, 0x00000000a2dbf000, 0x0000000100000000)
 Metaspace       used 125874K, capacity 134697K, committed 134756K, reserved 1167360K
  class space    used 15038K, capacity 16681K, committed 16740K, reserved 1048576K
}
2020-12-20T15:50:04.789+0000: 9017.120: Total time for which application threads were stopped: 0.0124820 seconds, Stopping threads took: 0.0000925 seconds
2020-12-20T15:50:16.791+0000: 9029.122: Total time for which application threads were stopped: 0.0004951 seconds, Stopping threads took: 0.0000853 seconds
2020-12-20T15:50:20.792+0000: 9033.123: Total time for which application threads were stopped: 0.0004238 seconds, Stopping threads took: 0.0000675 seconds
2020-12-20T15:50:27.794+0000: 9040.124: Total time for which application threads were stopped: 0.0005236 seconds, Stopping threads took: 0.0001025 seconds
2020-12-20T15:50:38.795+0000: 9051.126: Total time for which application threads were stopped: 0.0003992 seconds, Stopping threads took: 0.0000714 seconds
2020-12-20T15:50:39.796+0000: 9052.126: Total time for which application threads were stopped: 0.0006622 seconds, Stopping threads took: 0.0001684 seconds
2020-12-20T15:50:40.797+0000: 9053.127: Total time for which application threads were stopped: 0.0005090 seconds, Stopping threads took: 0.0001064 seconds
2020-12-20T15:50:41.797+0000: 9054.128: Total time for which application threads were stopped: 0.0004912 seconds, Stopping threads took: 0.0000946 seconds
2020-12-20T15:50:42.798+0000: 9055.128: Total time for which application threads were stopped: 0.0006753 seconds, Stopping threads took: 0.0000976 seconds
2020-12-20T15:50:45.799+0000: 9058.129: Total time for which application threads were stopped: 0.0004469 seconds, Stopping threads took: 0.0000988 seconds
{Heap before GC invocations=388 (full 6):
 par new generation   total 38080K, used 36031K [0x0000000085c00000, 0x0000000088550000, 0x000000009a8c0000)
  eden space 33856K, 100% used [0x0000000085c00000, 0x0000000087d10000, 0x0000000087d10000)
  from space 4224K,  51% used [0x0000000087d10000, 0x0000000087f2fdf0, 0x0000000088130000)
  to   space 4224K,   0% used [0x0000000088130000, 0x0000000088130000, 0x0000000088550000)
 concurrent mark-sweep generation total 136188K, used 94785K [0x000000009a8c0000, 0x00000000a2dbf000, 0x0000000100000000)
 Metaspace       used 126062K, capacity 134963K, committed 135012K, reserved 1167360K
  class space    used 15047K, capacity 16694K, committed 16740K, reserved 1048576K
2020-12-20T15:51:09.317+0000: 9081.648: [GC (Allocation Failure) 2020-12-20T15:51:09.317+0000: 9081.648: [ParNew
Desired survivor size 2162688 bytes, new threshold 5 (max 6)
- age   1:    1106296 bytes,    1106296 total
- age   2:     250048 bytes,    1356344 total
- age   3:     719824 bytes,    2076168 total
- age   4:      75208 bytes,    2151376 total
- age   5:      69872 bytes,    2221248 total
- age   6:      54440 bytes,    2275688 total
: 36031K->3028K(38080K), 0.0111560 secs] 130816K->97941K(174268K), 0.0114193 secs] [Times: user=0.02 sys=0.00, real=0.01 secs] 
Heap after GC invocations=389 (full 6):
 par new generation   total 38080K, used 3028K [0x0000000085c00000, 0x0000000088550000, 0x000000009a8c0000)
  eden space 33856K,   0% used [0x0000000085c00000, 0x0000000085c00000, 0x0000000087d10000)
  from space 4224K,  71% used [0x0000000088130000, 0x0000000088425048, 0x0000000088550000)
  to   space 4224K,   0% used [0x0000000087d10000, 0x0000000087d10000, 0x0000000088130000)
 concurrent mark-sweep generation total 136188K, used 94913K [0x000000009a8c0000, 0x00000000a2dbf000, 0x0000000100000000)
 Metaspace       used 126062K, capacity 134963K, committed 135012K, reserved 1167360K
  class space    used 15047K, capacity 16694K, committed 16740K, reserved 1048576K
}
2020-12-20T15:51:09.329+0000: 9081.659: Total time for which application threads were stopped: 0.0121185 seconds, Stopping threads took: 0.0000733 seconds
2020-12-20T15:51:10.329+0000: 9082.660: Total time for which application threads were stopped: 0.0004741 seconds, Stopping threads took: 0.0000789 seconds
2020-12-20T15:51:21.331+0000: 9093.661: Total time for which application threads were stopped: 0.0004135 seconds, Stopping threads took: 0.0000704 seconds
2020-12-20T15:51:24.332+0000: 9096.662: Total time for which application threads were stopped: 0.0004399 seconds, Stopping threads took: 0.0000789 seconds
2020-12-20T15:51:47.335+0000: 9119.665: Total time for which application threads were stopped: 0.0004842 seconds, Stopping threads took: 0.0000785 seconds
2020-12-20T15:51:49.335+0000: 9121.666: Total time for which application threads were stopped: 0.0004672 seconds, Stopping threads took: 0.0000928 seconds
2020-12-20T15:51:51.336+0000: 9123.666: Total time for which application threads were stopped: 0.0004130 seconds, Stopping threads took: 0.0000723 seconds
2020-12-20T15:51:54.337+0000: 9126.667: Total time for which application threads were stopped: 0.0005277 seconds, Stopping threads took: 0.0000977 seconds
2020-12-20T15:51:55.338+0000: 9127.668: Total time for which application threads were stopped: 0.0005268 seconds, Stopping threads took: 0.0001406 seconds
2020-12-20T15:52:05.339+0000: 9137.670: Total time for which application threads were stopped: 0.0006733 seconds, Stopping threads took: 0.0001086 seconds
2020-12-20T15:52:10.341+0000: 9142.671: Total time for which application threads were stopped: 0.0004234 seconds, Stopping threads took: 0.0000713 seconds
2020-12-20T15:52:23.343+0000: 9155.673: Total time for which application threads were stopped: 0.0006555 seconds, Stopping threads took: 0.0000979 seconds
2020-12-20T15:52:24.344+0000: 9156.674: Total time for which application threads were stopped: 0.0005211 seconds, Stopping threads took: 0.0000872 seconds
{Heap before GC invocations=389 (full 6):
 par new generation   total 38080K, used 36884K [0x0000000085c00000, 0x0000000088550000, 0x000000009a8c0000)
  eden space 33856K, 100% used [0x0000000085c00000, 0x0000000087d10000, 0x0000000087d10000)
  from space 4224K,  71% used [0x0000000088130000, 0x0000000088425048, 0x0000000088550000)
  to   space 4224K,   0% used [0x0000000087d10000, 0x0000000087d10000, 0x0000000088130000)
 concurrent mark-sweep generation total 136188K, used 94913K [0x000000009a8c0000, 0x00000000a2dbf000, 0x0000000100000000)
 Metaspace       used 126144K, capacity 135105K, committed 135268K, reserved 1167360K
  class space    used 15059K, capacity 16717K, committed 16740K, reserved 1048576K
2020-12-20T15:52:27.891+0000: 9160.222: [GC (Allocation Failure) 2020-12-20T15:52:27.891+0000: 9160.222: [ParNew
Desired survivor size 2162688 bytes, new threshold 4 (max 6)
- age   1:     482560 bytes,     482560 total
- age   2:     764872 bytes,    1247432 total
- age   3:     243240 bytes,    1490672 total
- age   4:     719600 bytes,    2210272 total
- age   5:      75176 bytes,    2285448 total
: 36884K->3503K(38080K), 0.0143460 secs] 131797K->98540K(174268K), 0.0146065 secs] [Times: user=0.02 sys=0.01, real=0.02 secs] 
Heap after GC invocations=390 (full 6):
 par new generation   total 38080K, used 3503K [0x0000000085c00000, 0x0000000088550000, 0x000000009a8c0000)
  eden space 33856K,   0% used [0x0000000085c00000, 0x0000000085c00000, 0x0000000087d10000)
  from space 4224K,  82% used [0x0000000087d10000, 0x000000008807bfc0, 0x0000000088130000)
  to   space 4224K,   0% used [0x0000000088130000, 0x0000000088130000, 0x0000000088550000)
 concurrent mark-sweep generation total 136188K, used 95036K [0x000000009a8c0000, 0x00000000a2dbf000, 0x0000000100000000)
 Metaspace       used 126144K, capacity 135105K, committed 135268K, reserved 1167360K
  class space    used 15059K, capacity 16717K, committed 16740K, reserved 1048576K
}
2020-12-20T15:52:27.906+0000: 9160.236: Total time for which application threads were stopped: 0.0153400 seconds, Stopping threads took: 0.0001226 seconds
2020-12-20T15:52:28.907+0000: 9161.237: Total time for which application threads were stopped: 0.0004593 seconds, Stopping threads took: 0.0000774 seconds
2020-12-20T15:52:29.907+0000: 9162.238: Total time for which application threads were stopped: 0.0004991 seconds, Stopping threads took: 0.0000915 seconds
2020-12-20T15:52:31.908+0000: 9164.238: Total time for which application threads were stopped: 0.0004314 seconds, Stopping threads took: 0.0000801 seconds
2020-12-20T15:52:37.909+0000: 9170.239: Total time for which application threads were stopped: 0.0007178 seconds, Stopping threads took: 0.0001008 seconds
2020-12-20T15:52:42.910+0000: 9175.241: Total time for which application threads were stopped: 0.0005324 seconds, Stopping threads took: 0.0000865 seconds
2020-12-20T15:52:43.911+0000: 9176.241: Total time for which application threads were stopped: 0.0006545 seconds, Stopping threads took: 0.0000871 seconds
2020-12-20T15:53:02.914+0000: 9195.244: Total time for which application threads were stopped: 0.0005228 seconds, Stopping threads took: 0.0000878 seconds
2020-12-20T15:53:05.915+0000: 9198.245: Total time for which application threads were stopped: 0.0005725 seconds, Stopping threads took: 0.0000989 seconds
2020-12-20T15:53:09.916+0000: 9202.246: Total time for which application threads were stopped: 0.0006446 seconds, Stopping threads took: 0.0000977 seconds
2020-12-20T15:53:14.917+0000: 9207.247: Total time for which application threads were stopped: 0.0004990 seconds, Stopping threads took: 0.0000807 seconds
2020-12-20T15:53:16.918+0000: 9209.248: Total time for which application threads were stopped: 0.0005545 seconds, Stopping threads took: 0.0000897 seconds
2020-12-20T15:53:23.919+0000: 9216.249: Total time for which application threads were stopped: 0.0005486 seconds, Stopping threads took: 0.0000987 seconds
2020-12-20T15:53:29.920+0000: 9222.251: Total time for which application threads were stopped: 0.0005306 seconds, Stopping threads took: 0.0000693 seconds
{Heap before GC invocations=390 (full 6):
 par new generation   total 38080K, used 37359K [0x0000000085c00000, 0x0000000088550000, 0x000000009a8c0000)
  eden space 33856K, 100% used [0x0000000085c00000, 0x0000000087d10000, 0x0000000087d10000)
  from space 4224K,  82% used [0x0000000087d10000, 0x000000008807bfc0, 0x0000000088130000)
  to   space 4224K,   0% used [0x0000000088130000, 0x0000000088130000, 0x0000000088550000)
 concurrent mark-sweep generation total 136188K, used 95036K [0x000000009a8c0000, 0x00000000a2dbf000, 0x0000000100000000)
 Metaspace       used 126271K, capacity 135305K, committed 135524K, reserved 1167360K
  class space    used 15068K, capacity 16729K, committed 16740K, reserved 1048576K
2020-12-20T15:53:31.955+0000: 9224.286: [GC (Allocation Failure) 2020-12-20T15:53:31.955+0000: 9224.286: [ParNew
Desired survivor size 2162688 bytes, new threshold 6 (max 6)
- age   1:     509320 bytes,     509320 total
- age   2:     253952 bytes,     763272 total
- age   3:     677624 bytes,    1440896 total
- age   4:     242400 bytes,    1683296 total
: 37359K->2721K(38080K), 0.0128788 secs] 132396K->98544K(174268K), 0.0131186 secs] [Times: user=0.03 sys=0.00, real=0.02 secs] 
Heap after GC invocations=391 (full 6):
 par new generation   total 38080K, used 2721K [0x0000000085c00000, 0x0000000088550000, 0x000000009a8c0000)
  eden space 33856K,   0% used [0x0000000085c00000, 0x0000000085c00000, 0x0000000087d10000)
  from space 4224K,  64% used [0x0000000088130000, 0x00000000883d85d0, 0x0000000088550000)
  to   space 4224K,   0% used [0x0000000087d10000, 0x0000000087d10000, 0x0000000088130000)
 concurrent mark-sweep generation total 136188K, used 95822K [0x000000009a8c0000, 0x00000000a2dbf000, 0x0000000100000000)
 Metaspace       used 126271K, capacity 135305K, committed 135524K, reserved 1167360K
  class space    used 15068K, capacity 16729K, committed 16740K, reserved 1048576K
}
2020-12-20T15:53:31.968+0000: 9224.299: Total time for which application threads were stopped: 0.0136826 seconds, Stopping threads took: 0.0000710 seconds
2020-12-20T15:53:52.971+0000: 9245.301: Total time for which application threads were stopped: 0.0004171 seconds, Stopping threads took: 0.0000693 seconds
2020-12-20T15:53:54.972+0000: 9247.302: Total time for which application threads were stopped: 0.0004145 seconds, Stopping threads took: 0.0000734 seconds
2020-12-20T15:54:02.973+0000: 9255.303: Total time for which application threads were stopped: 0.0005901 seconds, Stopping threads took: 0.0000978 seconds
2020-12-20T15:54:31.977+0000: 9284.308: Total time for which application threads were stopped: 0.0004679 seconds, Stopping threads took: 0.0000754 seconds
2020-12-20T15:54:33.978+0000: 9286.308: Total time for which application threads were stopped: 0.0004926 seconds, Stopping threads took: 0.0000921 seconds
2020-12-20T15:54:34.978+0000: 9287.309: Total time for which application threads were stopped: 0.0004164 seconds, Stopping threads took: 0.0000736 seconds
2020-12-20T15:54:43.980+0000: 9296.310: Total time for which application threads were stopped: 0.0005875 seconds, Stopping threads took: 0.0001057 seconds
{Heap before GC invocations=391 (full 6):
 par new generation   total 38080K, used 36577K [0x0000000085c00000, 0x0000000088550000, 0x000000009a8c0000)
  eden space 33856K, 100% used [0x0000000085c00000, 0x0000000087d10000, 0x0000000087d10000)
  from space 4224K,  64% used [0x0000000088130000, 0x00000000883d85d0, 0x0000000088550000)
  to   space 4224K,   0% used [0x0000000087d10000, 0x0000000087d10000, 0x0000000088130000)
 concurrent mark-sweep generation total 136188K, used 95822K [0x000000009a8c0000, 0x00000000a2dbf000, 0x0000000100000000)
 Metaspace       used 126362K, capacity 135405K, committed 135524K, reserved 1167360K
  class space    used 15072K, capacity 16735K, committed 16740K, reserved 1048576K
2020-12-20T15:54:51.345+0000: 9303.676: [GC (Allocation Failure) 2020-12-20T15:54:51.345+0000: 9303.676: [ParNew
Desired survivor size 2162688 bytes, new threshold 6 (max 6)
- age   1:     109832 bytes,     109832 total
- age   2:     162608 bytes,     272440 total
- age   3:     253864 bytes,     526304 total
- age   4:     601160 bytes,    1127464 total
- age   5:     242400 bytes,    1369864 total
: 36577K->1777K(38080K), 0.0061964 secs] 132400K->97599K(174268K), 0.0064065 secs] [Times: user=0.02 sys=0.00, real=0.00 secs] 
Heap after GC invocations=392 (full 6):
 par new generation   total 38080K, used 1777K [0x0000000085c00000, 0x0000000088550000, 0x000000009a8c0000)
  eden space 33856K,   0% used [0x0000000085c00000, 0x0000000085c00000, 0x0000000087d10000)
  from space 4224K,  42% used [0x0000000087d10000, 0x0000000087ecc528, 0x0000000088130000)
  to   space 4224K,   0% used [0x0000000088130000, 0x0000000088130000, 0x0000000088550000)
 concurrent mark-sweep generation total 136188K, used 95822K [0x000000009a8c0000, 0x00000000a2dbf000, 0x0000000100000000)
 Metaspace       used 126362K, capacity 135405K, committed 135524K, reserved 1167360K
  class space    used 15072K, capacity 16735K, committed 16740K, reserved 1048576K
}
2020-12-20T15:54:51.352+0000: 9303.682: Total time for which application threads were stopped: 0.0069894 seconds, Stopping threads took: 0.0000951 seconds
2020-12-20T15:54:52.352+0000: 9304.683: Total time for which application threads were stopped: 0.0003946 seconds, Stopping threads took: 0.0000695 seconds
2020-12-20T15:55:02.354+0000: 9314.684: Total time for which application threads were stopped: 0.0004479 seconds, Stopping threads took: 0.0000746 seconds
2020-12-20T15:55:10.355+0000: 9322.686: Total time for which application threads were stopped: 0.0005109 seconds, Stopping threads took: 0.0000866 seconds
2020-12-20T15:55:14.356+0000: 9326.687: Total time for which application threads were stopped: 0.0005109 seconds, Stopping threads took: 0.0001374 seconds
2020-12-20T15:55:15.357+0000: 9327.687: Total time for which application threads were stopped: 0.0005193 seconds, Stopping threads took: 0.0000844 seconds
2020-12-20T15:55:16.357+0000: 9328.688: Total time for which application threads were stopped: 0.0005082 seconds, Stopping threads took: 0.0000831 seconds
2020-12-20T15:55:25.359+0000: 9337.689: Total time for which application threads were stopped: 0.0006020 seconds, Stopping threads took: 0.0000925 seconds
2020-12-20T15:55:32.361+0000: 9344.691: Total time for which application threads were stopped: 0.0006030 seconds, Stopping threads took: 0.0001213 seconds
2020-12-20T15:55:35.362+0000: 9347.692: Total time for which application threads were stopped: 0.0005798 seconds, Stopping threads took: 0.0001063 seconds
2020-12-20T15:56:02.365+0000: 9374.696: Total time for which application threads were stopped: 0.0005730 seconds, Stopping threads took: 0.0000839 seconds
2020-12-20T15:56:10.367+0000: 9382.697: Total time for which application threads were stopped: 0.0006232 seconds, Stopping threads took: 0.0001073 seconds
{Heap before GC invocations=392 (full 6):
 par new generation   total 38080K, used 35633K [0x0000000085c00000, 0x0000000088550000, 0x000000009a8c0000)
  eden space 33856K, 100% used [0x0000000085c00000, 0x0000000087d10000, 0x0000000087d10000)
  from space 4224K,  42% used [0x0000000087d10000, 0x0000000087ecc528, 0x0000000088130000)
  to   space 4224K,   0% used [0x0000000088130000, 0x0000000088130000, 0x0000000088550000)
 concurrent mark-sweep generation total 136188K, used 95822K [0x000000009a8c0000, 0x00000000a2dbf000, 0x0000000100000000)
 Metaspace       used 126395K, capacity 135457K, committed 135652K, reserved 1167360K
  class space    used 15076K, capacity 16743K, committed 16868K, reserved 1048576K
2020-12-20T15:56:16.015+0000: 9388.345: [GC (Allocation Failure) 2020-12-20T15:56:16.015+0000: 9388.345: [ParNew
Desired survivor size 2162688 bytes, new threshold 6 (max 6)
- age   1:     395920 bytes,     395920 total
- age   2:      27352 bytes,     423272 total
- age   3:     160808 bytes,     584080 total
- age   4:     240736 bytes,     824816 total
- age   5:     523608 bytes,    1348424 total
- age   6:     242432 bytes,    1590856 total
: 35633K->2165K(38080K), 0.0080695 secs] 131455K->97987K(174268K), 0.0083544 secs] [Times: user=0.02 sys=0.00, real=0.01 secs] 
Heap after GC invocations=393 (full 6):
 par new generation   total 38080K, used 2165K [0x0000000085c00000, 0x0000000088550000, 0x000000009a8c0000)
  eden space 33856K,   0% used [0x0000000085c00000, 0x0000000085c00000, 0x0000000087d10000)
  from space 4224K,  51% used [0x0000000088130000, 0x000000008834d500, 0x0000000088550000)
  to   space 4224K,   0% used [0x0000000087d10000, 0x0000000087d10000, 0x0000000088130000)
 concurrent mark-sweep generation total 136188K, used 95822K [0x000000009a8c0000, 0x00000000a2dbf000, 0x0000000100000000)
 Metaspace       used 126395K, capacity 135457K, committed 135652K, reserved 1167360K
  class space    used 15076K, capacity 16743K, committed 16868K, reserved 1048576K
}
2020-12-20T15:56:16.023+0000: 9388.354: Total time for which application threads were stopped: 0.0091724 seconds, Stopping threads took: 0.0001291 seconds
2020-12-20T15:56:17.024+0000: 9389.354: Total time for which application threads were stopped: 0.0005591 seconds, Stopping threads took: 0.0000815 seconds
2020-12-20T15:56:24.026+0000: 9396.356: Total time for which application threads were stopped: 0.0005288 seconds, Stopping threads took: 0.0000858 seconds
2020-12-20T15:56:54.029+0000: 9426.360: Total time for which application threads were stopped: 0.0005734 seconds, Stopping threads took: 0.0000934 seconds
2020-12-20T15:57:02.031+0000: 9434.361: Total time for which application threads were stopped: 0.0004708 seconds, Stopping threads took: 0.0000760 seconds
2020-12-20T15:57:04.032+0000: 9436.362: Total time for which application threads were stopped: 0.0006254 seconds, Stopping threads took: 0.0000899 seconds
2020-12-20T15:57:08.033+0000: 9440.363: Total time for which application threads were stopped: 0.0004028 seconds, Stopping threads took: 0.0000708 seconds
2020-12-20T15:57:09.036+0000: 9441.366: Total time for which application threads were stopped: 0.0030031 seconds, Stopping threads took: 0.0023987 seconds
2020-12-20T15:57:10.037+0000: 9442.367: Total time for which application threads were stopped: 0.0005513 seconds, Stopping threads took: 0.0000862 seconds
{Heap before GC invocations=393 (full 6):
 par new generation   total 38080K, used 36021K [0x0000000085c00000, 0x0000000088550000, 0x000000009a8c0000)
  eden space 33856K, 100% used [0x0000000085c00000, 0x0000000087d10000, 0x0000000087d10000)
  from space 4224K,  51% used [0x0000000088130000, 0x000000008834d500, 0x0000000088550000)
  to   space 4224K,   0% used [0x0000000087d10000, 0x0000000087d10000, 0x0000000088130000)
 concurrent mark-sweep generation total 136188K, used 95822K [0x000000009a8c0000, 0x00000000a2dbf000, 0x0000000100000000)
 Metaspace       used 126447K, capacity 135539K, committed 135908K, reserved 1169408K
  class space    used 15079K, capacity 16746K, committed 16868K, reserved 1048576K
2020-12-20T15:57:12.202+0000: 9444.532: [GC (Allocation Failure) 2020-12-20T15:57:12.202+0000: 9444.532: [ParNew
Desired survivor size 2162688 bytes, new threshold 6 (max 6)
- age   1:     394048 bytes,     394048 total
- age   2:     125048 bytes,     519096 total
- age   3:      18448 bytes,     537544 total
- age   4:     152136 bytes,     689680 total
- age   5:     234296 bytes,     923976 total
- age   6:     522256 bytes,    1446232 total
: 36021K->2288K(38080K), 0.0078311 secs] 131843K->98350K(174268K), 0.0080805 secs] [Times: user=0.01 sys=0.01, real=0.01 secs] 
Heap after GC invocations=394 (full 6):
 par new generation   total 38080K, used 2288K [0x0000000085c00000, 0x0000000088550000, 0x000000009a8c0000)
  eden space 33856K,   0% used [0x0000000085c00000, 0x0000000085c00000, 0x0000000087d10000)
  from space 4224K,  54% used [0x0000000087d10000, 0x0000000087f4c3d0, 0x0000000088130000)
  to   space 4224K,   0% used [0x0000000088130000, 0x0000000088130000, 0x0000000088550000)
 concurrent mark-sweep generation total 136188K, used 96061K [0x000000009a8c0000, 0x00000000a2dbf000, 0x0000000100000000)
 Metaspace       used 126447K, capacity 135539K, committed 135908K, reserved 1169408K
  class space    used 15079K, capacity 16746K, committed 16868K, reserved 1048576K
}
2020-12-20T15:57:12.210+0000: 9444.540: Total time for which application threads were stopped: 0.0086711 seconds, Stopping threads took: 0.0000709 seconds
2020-12-20T15:57:14.211+0000: 9446.541: Total time for which application threads were stopped: 0.0004111 seconds, Stopping threads took: 0.0000750 seconds
2020-12-20T15:57:15.211+0000: 9447.542: Total time for which application threads were stopped: 0.0004168 seconds, Stopping threads took: 0.0000720 seconds
2020-12-20T15:57:26.213+0000: 9458.543: Total time for which application threads were stopped: 0.0005597 seconds, Stopping threads took: 0.0000998 seconds
2020-12-20T15:57:36.214+0000: 9468.545: Total time for which application threads were stopped: 0.0005324 seconds, Stopping threads took: 0.0000884 seconds
2020-12-20T15:57:56.217+0000: 9488.547: Total time for which application threads were stopped: 0.0004334 seconds, Stopping threads took: 0.0000721 seconds
{Heap before GC invocations=394 (full 6):
 par new generation   total 38080K, used 36144K [0x0000000085c00000, 0x0000000088550000, 0x000000009a8c0000)
  eden space 33856K, 100% used [0x0000000085c00000, 0x0000000087d10000, 0x0000000087d10000)
  from space 4224K,  54% used [0x0000000087d10000, 0x0000000087f4c3d0, 0x0000000088130000)
  to   space 4224K,   0% used [0x0000000088130000, 0x0000000088130000, 0x0000000088550000)
 concurrent mark-sweep generation total 136188K, used 96061K [0x000000009a8c0000, 0x00000000a2dbf000, 0x0000000100000000)
 Metaspace       used 126452K, capacity 135539K, committed 135908K, reserved 1169408K
  class space    used 15079K, capacity 16746K, committed 16868K, reserved 1048576K
2020-12-20T15:57:58.830+0000: 9491.160: [GC (Allocation Failure) 2020-12-20T15:57:58.830+0000: 9491.160: [ParNew
Desired survivor size 2162688 bytes, new threshold 2 (max 6)
- age   1:    2078120 bytes,    2078120 total
- age   2:     309432 bytes,    2387552 total
- age   3:      91048 bytes,    2478600 total
- age   4:      18408 bytes,    2497008 total
- age   5:     152136 bytes,    2649144 total
- age   6:     234272 bytes,    2883416 total
: 36144K->3602K(38080K), 0.0131258 secs] 132206K->100178K(174268K), 0.0134642 secs] [Times: user=0.04 sys=0.00, real=0.01 secs] 
Heap after GC invocations=395 (full 6):
 par new generation   total 38080K, used 3602K [0x0000000085c00000, 0x0000000088550000, 0x000000009a8c0000)
  eden space 33856K,   0% used [0x0000000085c00000, 0x0000000085c00000, 0x0000000087d10000)
  from space 4224K,  85% used [0x0000000088130000, 0x00000000884b4b48, 0x0000000088550000)
  to   space 4224K,   0% used [0x0000000087d10000, 0x0000000087d10000, 0x0000000088130000)
 concurrent mark-sweep generation total 136188K, used 96575K [0x000000009a8c0000, 0x00000000a2dbf000, 0x0000000100000000)
 Metaspace       used 126452K, capacity 135539K, committed 135908K, reserved 1169408K
  class space    used 15079K, capacity 16746K, committed 16868K, reserved 1048576K
}
2020-12-20T15:57:58.843+0000: 9491.174: Total time for which application threads were stopped: 0.0142925 seconds, Stopping threads took: 0.0001416 seconds
2020-12-20T15:57:59.845+0000: 9492.175: Total time for which application threads were stopped: 0.0006253 seconds, Stopping threads took: 0.0001011 seconds
2020-12-20T15:58:10.847+0000: 9503.177: Total time for which application threads were stopped: 0.0006982 seconds, Stopping threads took: 0.0000951 seconds
{Heap before GC invocations=395 (full 6):
 par new generation   total 38080K, used 37458K [0x0000000085c00000, 0x0000000088550000, 0x000000009a8c0000)
  eden space 33856K, 100% used [0x0000000085c00000, 0x0000000087d10000, 0x0000000087d10000)
  from space 4224K,  85% used [0x0000000088130000, 0x00000000884b4b48, 0x0000000088550000)
  to   space 4224K,   0% used [0x0000000087d10000, 0x0000000087d10000, 0x0000000088130000)
 concurrent mark-sweep generation total 136188K, used 96575K [0x000000009a8c0000, 0x00000000a2dbf000, 0x0000000100000000)
 Metaspace       used 126471K, capacity 135555K, committed 135908K, reserved 1169408K
  class space    used 15083K, capacity 16750K, committed 16868K, reserved 1048576K
2020-12-20T15:58:22.053+0000: 9514.383: [GC (Allocation Failure) 2020-12-20T15:58:22.053+0000: 9514.383: [ParNew
Desired survivor size 2162688 bytes, new threshold 1 (max 6)
- age   1:    2194256 bytes,    2194256 total
- age   2:     286184 bytes,    2480440 total
: 37458K->3709K(38080K), 0.0155133 secs] 134034K->101080K(174268K), 0.0157706 secs] [Times: user=0.04 sys=0.00, real=0.02 secs] 
Heap after GC invocations=396 (full 6):
 par new generation   total 38080K, used 3709K [0x0000000085c00000, 0x0000000088550000, 0x000000009a8c0000)
  eden space 33856K,   0% used [0x0000000085c00000, 0x0000000085c00000, 0x0000000087d10000)
  from space 4224K,  87% used [0x0000000087d10000, 0x00000000880af400, 0x0000000088130000)
  to   space 4224K,   0% used [0x0000000088130000, 0x0000000088130000, 0x0000000088550000)
 concurrent mark-sweep generation total 136188K, used 97371K [0x000000009a8c0000, 0x00000000a2dbf000, 0x0000000100000000)
 Metaspace       used 126471K, capacity 135555K, committed 135908K, reserved 1169408K
  class space    used 15083K, capacity 16750K, committed 16868K, reserved 1048576K
}
2020-12-20T15:58:22.068+0000: 9514.399: Total time for which application threads were stopped: 0.0165065 seconds, Stopping threads took: 0.0000928 seconds
2020-12-20T15:58:23.069+0000: 9515.399: Total time for which application threads were stopped: 0.0004949 seconds, Stopping threads took: 0.0000767 seconds
2020-12-20T15:58:26.070+0000: 9518.400: Total time for which application threads were stopped: 0.0005129 seconds, Stopping threads took: 0.0000865 seconds
2020-12-20T15:58:32.071+0000: 9524.402: Total time for which application threads were stopped: 0.0004971 seconds, Stopping threads took: 0.0000800 seconds
2020-12-20T15:58:39.073+0000: 9531.403: Total time for which application threads were stopped: 0.0004259 seconds, Stopping threads took: 0.0000729 seconds
2020-12-20T15:58:41.075+0000: 9533.405: Total time for which application threads were stopped: 0.0005169 seconds, Stopping threads took: 0.0000892 seconds
2020-12-20T15:58:42.076+0000: 9534.406: Total time for which application threads were stopped: 0.0004722 seconds, Stopping threads took: 0.0000777 seconds
{Heap before GC invocations=396 (full 6):
 par new generation   total 38080K, used 37565K [0x0000000085c00000, 0x0000000088550000, 0x000000009a8c0000)
  eden space 33856K, 100% used [0x0000000085c00000, 0x0000000087d10000, 0x0000000087d10000)
  from space 4224K,  87% used [0x0000000087d10000, 0x00000000880af400, 0x0000000088130000)
  to   space 4224K,   0% used [0x0000000088130000, 0x0000000088130000, 0x0000000088550000)
 concurrent mark-sweep generation total 136188K, used 97371K [0x000000009a8c0000, 0x00000000a2dbf000, 0x0000000100000000)
 Metaspace       used 126554K, capacity 135619K, committed 135908K, reserved 1169408K
  class space    used 15083K, capacity 16750K, committed 16868K, reserved 1048576K
2020-12-20T15:58:45.711+0000: 9538.041: [GC (Allocation Failure) 2020-12-20T15:58:45.711+0000: 9538.041: [ParNew
Desired survivor size 2162688 bytes, new threshold 6 (max 6)
- age   1:    2084256 bytes,    2084256 total
: 37565K->2430K(38080K), 0.0073142 secs] 134936K->100083K(174268K), 0.0075608 secs] [Times: user=0.02 sys=0.00, real=0.01 secs] 
Heap after GC invocations=397 (full 6):
 par new generation   total 38080K, used 2430K [0x0000000085c00000, 0x0000000088550000, 0x000000009a8c0000)
  eden space 33856K,   0% used [0x0000000085c00000, 0x0000000085c00000, 0x0000000087d10000)
  from space 4224K,  57% used [0x0000000088130000, 0x000000008838fb58, 0x0000000088550000)
  to   space 4224K,   0% used [0x0000000087d10000, 0x0000000087d10000, 0x0000000088130000)
 concurrent mark-sweep generation total 136188K, used 97652K [0x000000009a8c0000, 0x00000000a2dbf000, 0x0000000100000000)
 Metaspace       used 126554K, capacity 135619K, committed 135908K, reserved 1169408K
  class space    used 15083K, capacity 16750K, committed 16868K, reserved 1048576K
}
2020-12-20T15:58:45.718+0000: 9538.049: Total time for which application threads were stopped: 0.0083111 seconds, Stopping threads took: 0.0000895 seconds
2020-12-20T15:58:59.721+0000: 9552.052: Total time for which application threads were stopped: 0.0006414 seconds, Stopping threads took: 0.0001366 seconds
2020-12-20T15:59:07.722+0000: 9560.053: Total time for which application threads were stopped: 0.0004539 seconds, Stopping threads took: 0.0001009 seconds
2020-12-20T15:59:15.724+0000: 9568.054: Total time for which application threads were stopped: 0.0005558 seconds, Stopping threads took: 0.0001067 seconds
2020-12-20T15:59:16.724+0000: 9569.055: Total time for which application threads were stopped: 0.0004427 seconds, Stopping threads took: 0.0000850 seconds
2020-12-20T15:59:22.726+0000: 9575.056: Total time for which application threads were stopped: 0.0005817 seconds, Stopping threads took: 0.0000868 seconds
{Heap before GC invocations=397 (full 6):
 par new generation   total 38080K, used 36286K [0x0000000085c00000, 0x0000000088550000, 0x000000009a8c0000)
  eden space 33856K, 100% used [0x0000000085c00000, 0x0000000087d10000, 0x0000000087d10000)
  from space 4224K,  57% used [0x0000000088130000, 0x000000008838fb58, 0x0000000088550000)
  to   space 4224K,   0% used [0x0000000087d10000, 0x0000000087d10000, 0x0000000088130000)
 concurrent mark-sweep generation total 136188K, used 97652K [0x000000009a8c0000, 0x00000000a2dbf000, 0x0000000100000000)
 Metaspace       used 126578K, capacity 135637K, committed 135908K, reserved 1169408K
  class space    used 15085K, capacity 16753K, committed 16868K, reserved 1048576K
2020-12-20T15:59:28.897+0000: 9581.228: [GC (Allocation Failure) 2020-12-20T15:59:28.897+0000: 9581.228: [ParNew
Desired survivor size 2162688 bytes, new threshold 6 (max 6)
- age   1:     229736 bytes,     229736 total
- age   2:     160192 bytes,     389928 total
: 36286K->2134K(38080K), 0.0070086 secs] 133939K->99787K(174268K), 0.0072599 secs] [Times: user=0.02 sys=0.00, real=0.00 secs] 
Heap after GC invocations=398 (full 6):
 par new generation   total 38080K, used 2134K [0x0000000085c00000, 0x0000000088550000, 0x000000009a8c0000)
  eden space 33856K,   0% used [0x0000000085c00000, 0x0000000085c00000, 0x0000000087d10000)
  from space 4224K,  50% used [0x0000000087d10000, 0x0000000087f25a18, 0x0000000088130000)
  to   space 4224K,   0% used [0x0000000088130000, 0x0000000088130000, 0x0000000088550000)
 concurrent mark-sweep generation total 136188K, used 97652K [0x000000009a8c0000, 0x00000000a2dbf000, 0x0000000100000000)
 Metaspace       used 126578K, capacity 135637K, committed 135908K, reserved 1169408K
  class space    used 15085K, capacity 16753K, committed 16868K, reserved 1048576K
}
2020-12-20T15:59:28.905+0000: 9581.235: Total time for which application threads were stopped: 0.0081010 seconds, Stopping threads took: 0.0000928 seconds
2020-12-20T15:59:29.905+0000: 9582.236: Total time for which application threads were stopped: 0.0004777 seconds, Stopping threads took: 0.0000756 seconds
{Heap before GC invocations=398 (full 6):
 par new generation   total 38080K, used 35990K [0x0000000085c00000, 0x0000000088550000, 0x000000009a8c0000)
  eden space 33856K, 100% used [0x0000000085c00000, 0x0000000087d10000, 0x0000000087d10000)
  from space 4224K,  50% used [0x0000000087d10000, 0x0000000087f25a18, 0x0000000088130000)
  to   space 4224K,   0% used [0x0000000088130000, 0x0000000088130000, 0x0000000088550000)
 concurrent mark-sweep generation total 136188K, used 97652K [0x000000009a8c0000, 0x00000000a2dbf000, 0x0000000100000000)
 Metaspace       used 126578K, capacity 135637K, committed 135908K, reserved 1169408K
  class space    used 15085K, capacity 16753K, committed 16868K, reserved 1048576K
2020-12-20T15:59:58.118+0000: 9610.449: [GC (Allocation Failure) 2020-12-20T15:59:58.118+0000: 9610.449: [ParNew
Desired survivor size 2162688 bytes, new threshold 6 (max 6)
- age   1:    1719224 bytes,    1719224 total
- age   2:      78336 bytes,    1797560 total
- age   3:     159992 bytes,    1957552 total
: 35990K->2181K(38080K), 0.0075549 secs] 133643K->99834K(174268K), 0.0077840 secs] [Times: user=0.02 sys=0.00, real=0.01 secs] 
Heap after GC invocations=399 (full 6):
 par new generation   total 38080K, used 2181K [0x0000000085c00000, 0x0000000088550000, 0x000000009a8c0000)
  eden space 33856K,   0% used [0x0000000085c00000, 0x0000000085c00000, 0x0000000087d10000)
  from space 4224K,  51% used [0x0000000088130000, 0x00000000883516b8, 0x0000000088550000)
  to   space 4224K,   0% used [0x0000000087d10000, 0x0000000087d10000, 0x0000000088130000)
 concurrent mark-sweep generation total 136188K, used 97652K [0x000000009a8c0000, 0x00000000a2dbf000, 0x0000000100000000)
 Metaspace       used 126578K, capacity 135637K, committed 135908K, reserved 1169408K
  class space    used 15085K, capacity 16753K, committed 16868K, reserved 1048576K
}
2020-12-20T15:59:58.126+0000: 9610.456: Total time for which application threads were stopped: 0.0085633 seconds, Stopping threads took: 0.0001271 seconds
2020-12-20T15:59:59.127+0000: 9611.458: Total time for which application threads were stopped: 0.0004748 seconds, Stopping threads took: 0.0000787 seconds
2020-12-20T16:00:04.129+0000: 9616.459: Total time for which application threads were stopped: 0.0005720 seconds, Stopping threads took: 0.0000963 seconds
2020-12-20T16:00:06.129+0000: 9618.460: Total time for which application threads were stopped: 0.0005484 seconds, Stopping threads took: 0.0000894 seconds
2020-12-20T16:00:07.130+0000: 9619.460: Total time for which application threads were stopped: 0.0004471 seconds, Stopping threads took: 0.0000806 seconds
2020-12-20T16:00:16.132+0000: 9628.462: Total time for which application threads were stopped: 0.0005323 seconds, Stopping threads took: 0.0001015 seconds
2020-12-20T16:00:26.134+0000: 9638.464: Total time for which application threads were stopped: 0.0006382 seconds, Stopping threads took: 0.0001207 seconds
2020-12-20T16:00:32.135+0000: 9644.465: Total time for which application threads were stopped: 0.0006101 seconds, Stopping threads took: 0.0000948 seconds
{Heap before GC invocations=399 (full 6):
 par new generation   total 38080K, used 36037K [0x0000000085c00000, 0x0000000088550000, 0x000000009a8c0000)
  eden space 33856K, 100% used [0x0000000085c00000, 0x0000000087d10000, 0x0000000087d10000)
  from space 4224K,  51% used [0x0000000088130000, 0x00000000883516b8, 0x0000000088550000)
  to   space 4224K,   0% used [0x0000000087d10000, 0x0000000087d10000, 0x0000000088130000)
 concurrent mark-sweep generation total 136188K, used 97652K [0x000000009a8c0000, 0x00000000a2dbf000, 0x0000000100000000)
 Metaspace       used 126624K, capacity 135671K, committed 135908K, reserved 1169408K
  class space    used 15088K, capacity 16758K, committed 16868K, reserved 1048576K
2020-12-20T16:00:55.789+0000: 9668.119: [GC (Allocation Failure) 2020-12-20T16:00:55.789+0000: 9668.119: [ParNew
Desired survivor size 2162688 bytes, new threshold 6 (max 6)
- age   1:     629296 bytes,     629296 total
- age   2:        800 bytes,     630096 total
- age   3:      73760 bytes,     703856 total
- age   4:     159032 bytes,     862888 total
: 36037K->1912K(38080K), 0.0058450 secs] 133690K->99564K(174268K), 0.0061491 secs] [Times: user=0.02 sys=0.00, real=0.00 secs] 
Heap after GC invocations=400 (full 6):
 par new generation   total 38080K, used 1912K [0x0000000085c00000, 0x0000000088550000, 0x000000009a8c0000)
  eden space 33856K,   0% used [0x0000000085c00000, 0x0000000085c00000, 0x0000000087d10000)
  from space 4224K,  45% used [0x0000000087d10000, 0x0000000087eee068, 0x0000000088130000)
  to   space 4224K,   0% used [0x0000000088130000, 0x0000000088130000, 0x0000000088550000)
 concurrent mark-sweep generation total 136188K, used 97652K [0x000000009a8c0000, 0x00000000a2dbf000, 0x0000000100000000)
 Metaspace       used 126624K, capacity 135671K, committed 135908K, reserved 1169408K
  class space    used 15088K, capacity 16758K, committed 16868K, reserved 1048576K
}
2020-12-20T16:00:55.795+0000: 9668.125: Total time for which application threads were stopped: 0.0073025 seconds, Stopping threads took: 0.0003517 seconds
2020-12-20T16:02:02.804+0000: 9735.134: Total time for which application threads were stopped: 0.0004781 seconds, Stopping threads took: 0.0000775 seconds
{Heap before GC invocations=400 (full 6):
 par new generation   total 38080K, used 35768K [0x0000000085c00000, 0x0000000088550000, 0x000000009a8c0000)
  eden space 33856K, 100% used [0x0000000085c00000, 0x0000000087d10000, 0x0000000087d10000)
  from space 4224K,  45% used [0x0000000087d10000, 0x0000000087eee068, 0x0000000088130000)
  to   space 4224K,   0% used [0x0000000088130000, 0x0000000088130000, 0x0000000088550000)
 concurrent mark-sweep generation total 136188K, used 97652K [0x000000009a8c0000, 0x00000000a2dbf000, 0x0000000100000000)
 Metaspace       used 126624K, capacity 135671K, committed 135908K, reserved 1169408K
  class space    used 15088K, capacity 16758K, committed 16868K, reserved 1048576K
2020-12-20T16:02:26.321+0000: 9758.651: [GC (Allocation Failure) 2020-12-20T16:02:26.321+0000: 9758.651: [ParNew
Desired survivor size 2162688 bytes, new threshold 6 (max 6)
- age   1:     295424 bytes,     295424 total
- age   2:     405872 bytes,     701296 total
- age   3:        600 bytes,     701896 total
- age   4:      73728 bytes,     775624 total
- age   5:     159032 bytes,     934656 total
: 35768K->1175K(38080K), 0.0094290 secs] 133420K->98828K(174268K), 0.0096448 secs] [Times: user=0.02 sys=0.00, real=0.01 secs] 
Heap after GC invocations=401 (full 6):
 par new generation   total 38080K, used 1175K [0x0000000085c00000, 0x0000000088550000, 0x000000009a8c0000)
  eden space 33856K,   0% used [0x0000000085c00000, 0x0000000085c00000, 0x0000000087d10000)
  from space 4224K,  27% used [0x0000000088130000, 0x0000000088255f10, 0x0000000088550000)
  to   space 4224K,   0% used [0x0000000087d10000, 0x0000000087d10000, 0x0000000088130000)
 concurrent mark-sweep generation total 136188K, used 97652K [0x000000009a8c0000, 0x00000000a2dbf000, 0x0000000100000000)
 Metaspace       used 126624K, capacity 135671K, committed 135908K, reserved 1169408K
  class space    used 15088K, capacity 16758K, committed 16868K, reserved 1048576K
}
2020-12-20T16:02:26.330+0000: 9758.661: Total time for which application threads were stopped: 0.0102644 seconds, Stopping threads took: 0.0000906 seconds
{Heap before GC invocations=401 (full 6):
 par new generation   total 38080K, used 35031K [0x0000000085c00000, 0x0000000088550000, 0x000000009a8c0000)
  eden space 33856K, 100% used [0x0000000085c00000, 0x0000000087d10000, 0x0000000087d10000)
  from space 4224K,  27% used [0x0000000088130000, 0x0000000088255f10, 0x0000000088550000)
  to   space 4224K,   0% used [0x0000000087d10000, 0x0000000087d10000, 0x0000000088130000)
 concurrent mark-sweep generation total 136188K, used 97652K [0x000000009a8c0000, 0x00000000a2dbf000, 0x0000000100000000)
 Metaspace       used 126628K, capacity 135671K, committed 135908K, reserved 1169408K
  class space    used 15088K, capacity 16758K, committed 16868K, reserved 1048576K
2020-12-20T16:03:58.355+0000: 9850.685: [GC (Allocation Failure) 2020-12-20T16:03:58.355+0000: 9850.686: [ParNew
Desired survivor size 2162688 bytes, new threshold 6 (max 6)
- age   1:     152080 bytes,     152080 total
- age   2:      43304 bytes,     195384 total
- age   3:     405192 bytes,     600576 total
- age   4:        600 bytes,     601176 total
- age   5:      73728 bytes,     674904 total
- age   6:     159032 bytes,     833936 total
: 35031K->1081K(38080K), 0.0061053 secs] 132684K->98734K(174268K), 0.0064051 secs] [Times: user=0.01 sys=0.00, real=0.01 secs] 
Heap after GC invocations=402 (full 6):
 par new generation   total 38080K, used 1081K [0x0000000085c00000, 0x0000000088550000, 0x000000009a8c0000)
  eden space 33856K,   0% used [0x0000000085c00000, 0x0000000085c00000, 0x0000000087d10000)
  from space 4224K,  25% used [0x0000000087d10000, 0x0000000087e1e768, 0x0000000088130000)
  to   space 4224K,   0% used [0x0000000088130000, 0x0000000088130000, 0x0000000088550000)
 concurrent mark-sweep generation total 136188K, used 97652K [0x000000009a8c0000, 0x00000000a2dbf000, 0x0000000100000000)
 Metaspace       used 126628K, capacity 135671K, committed 135908K, reserved 1169408K
  class space    used 15088K, capacity 16758K, committed 16868K, reserved 1048576K
}
2020-12-20T16:03:58.362+0000: 9850.692: Total time for which application threads were stopped: 0.0071929 seconds, Stopping threads took: 0.0001450 seconds
2020-12-20T16:05:06.370+0000: 9918.700: Total time for which application threads were stopped: 0.0006272 seconds, Stopping threads took: 0.0000902 seconds
{Heap before GC invocations=402 (full 6):
 par new generation   total 38080K, used 34937K [0x0000000085c00000, 0x0000000088550000, 0x000000009a8c0000)
  eden space 33856K, 100% used [0x0000000085c00000, 0x0000000087d10000, 0x0000000087d10000)
  from space 4224K,  25% used [0x0000000087d10000, 0x0000000087e1e768, 0x0000000088130000)
  to   space 4224K,   0% used [0x0000000088130000, 0x0000000088130000, 0x0000000088550000)
 concurrent mark-sweep generation total 136188K, used 97652K [0x000000009a8c0000, 0x00000000a2dbf000, 0x0000000100000000)
 Metaspace       used 126632K, capacity 135671K, committed 135908K, reserved 1169408K
  class space    used 15088K, capacity 16758K, committed 16868K, reserved 1048576K
2020-12-20T16:05:31.364+0000: 9943.695: [GC (Allocation Failure) 2020-12-20T16:05:31.365+0000: 9943.695: [ParNew
Desired survivor size 2162688 bytes, new threshold 6 (max 6)
- age   1:     150208 bytes,     150208 total
- age   2:       1816 bytes,     152024 total
- age   3:      43136 bytes,     195160 total
- age   4:     405192 bytes,     600352 total
- age   5:        600 bytes,     600952 total
- age   6:      73728 bytes,     674680 total
: 34937K->945K(38080K), 0.0069109 secs] 132590K->98756K(174268K), 0.0071618 secs] [Times: user=0.02 sys=0.00, real=0.01 secs] 
Heap after GC invocations=403 (full 6):
 par new generation   total 38080K, used 945K [0x0000000085c00000, 0x0000000088550000, 0x000000009a8c0000)
  eden space 33856K,   0% used [0x0000000085c00000, 0x0000000085c00000, 0x0000000087d10000)
  from space 4224K,  22% used [0x0000000088130000, 0x000000008821c7c8, 0x0000000088550000)
  to   space 4224K,   0% used [0x0000000087d10000, 0x0000000087d10000, 0x0000000088130000)
 concurrent mark-sweep generation total 136188K, used 97810K [0x000000009a8c0000, 0x00000000a2dbf000, 0x0000000100000000)
 Metaspace       used 126632K, capacity 135671K, committed 135908K, reserved 1169408K
  class space    used 15088K, capacity 16758K, committed 16868K, reserved 1048576K
}
2020-12-20T16:05:31.372+0000: 9943.702: Total time for which application threads were stopped: 0.0078930 seconds, Stopping threads took: 0.0001126 seconds
2020-12-20T16:05:45.374+0000: 9957.704: Total time for which application threads were stopped: 0.0005213 seconds, Stopping threads took: 0.0000905 seconds
2020-12-20T16:06:15.378+0000: 9987.708: Total time for which application threads were stopped: 0.0005861 seconds, Stopping threads took: 0.0000903 seconds
{Heap before GC invocations=403 (full 6):
 par new generation   total 38080K, used 34801K [0x0000000085c00000, 0x0000000088550000, 0x000000009a8c0000)
  eden space 33856K, 100% used [0x0000000085c00000, 0x0000000087d10000, 0x0000000087d10000)
  from space 4224K,  22% used [0x0000000088130000, 0x000000008821c7c8, 0x0000000088550000)
  to   space 4224K,   0% used [0x0000000087d10000, 0x0000000087d10000, 0x0000000088130000)
 concurrent mark-sweep generation total 136188K, used 97810K [0x000000009a8c0000, 0x00000000a2dbf000, 0x0000000100000000)
 Metaspace       used 126632K, capacity 135671K, committed 135908K, reserved 1169408K
  class space    used 15088K, capacity 16758K, committed 16868K, reserved 1048576K
2020-12-20T16:07:03.067+0000: 10035.398: [GC (Allocation Failure) 2020-12-20T16:07:03.068+0000: 10035.398: [ParNew
Desired survivor size 2162688 bytes, new threshold 6 (max 6)
- age   1:     285080 bytes,     285080 total
- age   2:        232 bytes,     285312 total
- age   3:       1792 bytes,     287104 total
- age   4:      43136 bytes,     330240 total
- age   5:     405192 bytes,     735432 total
- age   6:        600 bytes,     736032 total
: 34801K->842K(38080K), 0.0201742 secs] 132612K->98725K(174268K), 0.0204256 secs] [Times: user=0.03 sys=0.00, real=0.02 secs] 
Heap after GC invocations=404 (full 6):
 par new generation   total 38080K, used 842K [0x0000000085c00000, 0x0000000088550000, 0x000000009a8c0000)
  eden space 33856K,   0% used [0x0000000085c00000, 0x0000000085c00000, 0x0000000087d10000)
  from space 4224K,  19% used [0x0000000087d10000, 0x0000000087de28c8, 0x0000000088130000)
  to   space 4224K,   0% used [0x0000000088130000, 0x0000000088130000, 0x0000000088550000)
 concurrent mark-sweep generation total 136188K, used 97883K [0x000000009a8c0000, 0x00000000a2dbf000, 0x0000000100000000)
 Metaspace       used 126632K, capacity 135671K, committed 135908K, reserved 1169408K
  class space    used 15088K, capacity 16758K, committed 16868K, reserved 1048576K
}
2020-12-20T16:07:03.088+0000: 10035.418: Total time for which application threads were stopped: 0.0211425 seconds, Stopping threads took: 0.0000891 seconds
2020-12-20T16:07:07.089+0000: 10039.420: Total time for which application threads were stopped: 0.0005056 seconds, Stopping threads took: 0.0000808 seconds
2020-12-20T16:07:16.091+0000: 10048.421: Total time for which application threads were stopped: 0.0004852 seconds, Stopping threads took: 0.0000826 seconds
2020-12-20T16:08:32.101+0000: 10124.431: Total time for which application threads were stopped: 0.0004826 seconds, Stopping threads took: 0.0000779 seconds
{Heap before GC invocations=404 (full 6):
 par new generation   total 38080K, used 34698K [0x0000000085c00000, 0x0000000088550000, 0x000000009a8c0000)
  eden space 33856K, 100% used [0x0000000085c00000, 0x0000000087d10000, 0x0000000087d10000)
  from space 4224K,  19% used [0x0000000087d10000, 0x0000000087de28c8, 0x0000000088130000)
  to   space 4224K,   0% used [0x0000000088130000, 0x0000000088130000, 0x0000000088550000)
 concurrent mark-sweep generation total 136188K, used 97883K [0x000000009a8c0000, 0x00000000a2dbf000, 0x0000000100000000)
 Metaspace       used 126632K, capacity 135671K, committed 135908K, reserved 1169408K
  class space    used 15088K, capacity 16758K, committed 16868K, reserved 1048576K
2020-12-20T16:08:35.302+0000: 10127.632: [GC (Allocation Failure) 2020-12-20T16:08:35.302+0000: 10127.633: [ParNew
Desired survivor size 2162688 bytes, new threshold 6 (max 6)
- age   1:     251840 bytes,     251840 total
- age   3:        200 bytes,     252040 total
- age   4:       1792 bytes,     253832 total
- age   5:      43136 bytes,     296968 total
- age   6:     405192 bytes,     702160 total
: 34698K->1098K(38080K), 0.0049732 secs] 132581K->98981K(174268K), 0.0052466 secs] [Times: user=0.02 sys=0.00, real=0.01 secs] 
Heap after GC invocations=405 (full 6):
 par new generation   total 38080K, used 1098K [0x0000000085c00000, 0x0000000088550000, 0x000000009a8c0000)
  eden space 33856K,   0% used [0x0000000085c00000, 0x0000000085c00000, 0x0000000087d10000)
  from space 4224K,  25% used [0x0000000088130000, 0x0000000088242890, 0x0000000088550000)
  to   space 4224K,   0% used [0x0000000087d10000, 0x0000000087d10000, 0x0000000088130000)
 concurrent mark-sweep generation total 136188K, used 97883K [0x000000009a8c0000, 0x00000000a2dbf000, 0x0000000100000000)
 Metaspace       used 126632K, capacity 135671K, committed 135908K, reserved 1169408K
  class space    used 15088K, capacity 16758K, committed 16868K, reserved 1048576K
}
2020-12-20T16:08:35.307+0000: 10127.638: Total time for which application threads were stopped: 0.0060881 seconds, Stopping threads took: 0.0001317 seconds
2020-12-20T16:09:13.312+0000: 10165.643: Total time for which application threads were stopped: 0.0004480 seconds, Stopping threads took: 0.0000734 seconds
{Heap before GC invocations=405 (full 6):
 par new generation   total 38080K, used 34954K [0x0000000085c00000, 0x0000000088550000, 0x000000009a8c0000)
  eden space 33856K, 100% used [0x0000000085c00000, 0x0000000087d10000, 0x0000000087d10000)
  from space 4224K,  25% used [0x0000000088130000, 0x0000000088242890, 0x0000000088550000)
  to   space 4224K,   0% used [0x0000000087d10000, 0x0000000087d10000, 0x0000000088130000)
 concurrent mark-sweep generation total 136188K, used 97883K [0x000000009a8c0000, 0x00000000a2dbf000, 0x0000000100000000)
 Metaspace       used 126653K, capacity 135741K, committed 135908K, reserved 1169408K
  class space    used 15089K, capacity 16759K, committed 16868K, reserved 1048576K
2020-12-20T16:09:17.299+0000: 10169.629: [GC (Allocation Failure) 2020-12-20T16:09:17.299+0000: 10169.630: [ParNew
Desired survivor size 2162688 bytes, new threshold 6 (max 6)
- age   1:     584232 bytes,     584232 total
- age   2:        208 bytes,     584440 total
- age   4:        200 bytes,     584640 total
- age   5:       1792 bytes,     586432 total
- age   6:      43136 bytes,     629568 total
: 34954K->746K(38080K), 0.0201044 secs] 132837K->98866K(174268K), 0.0203447 secs] [Times: user=0.02 sys=0.00, real=0.02 secs] 
Heap after GC invocations=406 (full 6):
 par new generation   total 38080K, used 746K [0x0000000085c00000, 0x0000000088550000, 0x000000009a8c0000)
  eden space 33856K,   0% used [0x0000000085c00000, 0x0000000085c00000, 0x0000000087d10000)
  from space 4224K,  17% used [0x0000000087d10000, 0x0000000087dcaa98, 0x0000000088130000)
  to   space 4224K,   0% used [0x0000000088130000, 0x0000000088130000, 0x0000000088550000)
 concurrent mark-sweep generation total 136188K, used 98120K [0x000000009a8c0000, 0x00000000a2dbf000, 0x0000000100000000)
 Metaspace       used 126653K, capacity 135741K, committed 135908K, reserved 1169408K
  class space    used 15089K, capacity 16759K, committed 16868K, reserved 1048576K
}
2020-12-20T16:09:17.320+0000: 10169.650: Total time for which application threads were stopped: 0.0210925 seconds, Stopping threads took: 0.0000865 seconds
2020-12-20T16:09:18.320+0000: 10170.651: Total time for which application threads were stopped: 0.0005571 seconds, Stopping threads took: 0.0001001 seconds
2020-12-20T16:09:20.321+0000: 10172.651: Total time for which application threads were stopped: 0.0005588 seconds, Stopping threads took: 0.0001265 seconds
2020-12-20T16:09:23.322+0000: 10175.652: Total time for which application threads were stopped: 0.0005524 seconds, Stopping threads took: 0.0000881 seconds
2020-12-20T16:09:33.323+0000: 10185.654: Total time for which application threads were stopped: 0.0004479 seconds, Stopping threads took: 0.0000836 seconds
2020-12-20T16:09:34.324+0000: 10186.654: Total time for which application threads were stopped: 0.0004249 seconds, Stopping threads took: 0.0000789 seconds
2020-12-20T16:09:40.325+0000: 10192.656: Total time for which application threads were stopped: 0.0004931 seconds, Stopping threads took: 0.0000786 seconds
{Heap before GC invocations=406 (full 6):
 par new generation   total 38080K, used 34602K [0x0000000085c00000, 0x0000000088550000, 0x000000009a8c0000)
  eden space 33856K, 100% used [0x0000000085c00000, 0x0000000087d10000, 0x0000000087d10000)
  from space 4224K,  17% used [0x0000000087d10000, 0x0000000087dcaa98, 0x0000000088130000)
  to   space 4224K,   0% used [0x0000000088130000, 0x0000000088130000, 0x0000000088550000)
 concurrent mark-sweep generation total 136188K, used 98120K [0x000000009a8c0000, 0x00000000a2dbf000, 0x0000000100000000)
 Metaspace       used 126690K, capacity 135747K, committed 135908K, reserved 1169408K
  class space    used 15089K, capacity 16760K, committed 16868K, reserved 1048576K
2020-12-20T16:09:57.165+0000: 10209.495: [GC (Allocation Failure) 2020-12-20T16:09:57.165+0000: 10209.496: [ParNew
Desired survivor size 2162688 bytes, new threshold 6 (max 6)
- age   1:     473232 bytes,     473232 total
- age   2:      65592 bytes,     538824 total
- age   3:         32 bytes,     538856 total
- age   5:        200 bytes,     539056 total
- age   6:       1792 bytes,     540848 total
: 34602K->788K(38080K), 0.0049458 secs] 132722K->98950K(174268K), 0.0052439 secs] [Times: user=0.01 sys=0.01, real=0.01 secs] 
Heap after GC invocations=407 (full 6):
 par new generation   total 38080K, used 788K [0x0000000085c00000, 0x0000000088550000, 0x000000009a8c0000)
  eden space 33856K,   0% used [0x0000000085c00000, 0x0000000085c00000, 0x0000000087d10000)
  from space 4224K,  18% used [0x0000000088130000, 0x00000000881f5108, 0x0000000088550000)
  to   space 4224K,   0% used [0x0000000087d10000, 0x0000000087d10000, 0x0000000088130000)
 concurrent mark-sweep generation total 136188K, used 98162K [0x000000009a8c0000, 0x00000000a2dbf000, 0x0000000100000000)
 Metaspace       used 126690K, capacity 135747K, committed 135908K, reserved 1169408K
  class space    used 15089K, capacity 16760K, committed 16868K, reserved 1048576K
}
2020-12-20T16:09:57.170+0000: 10209.501: Total time for which application threads were stopped: 0.0061082 seconds, Stopping threads took: 0.0001462 seconds
2020-12-20T16:10:20.174+0000: 10232.504: Total time for which application threads were stopped: 0.0004900 seconds, Stopping threads took: 0.0000760 seconds
2020-12-20T16:11:02.179+0000: 10274.509: Total time for which application threads were stopped: 0.0006459 seconds, Stopping threads took: 0.0000934 seconds
2020-12-20T16:11:16.181+0000: 10288.511: Total time for which application threads were stopped: 0.0005233 seconds, Stopping threads took: 0.0000911 seconds
2020-12-20T16:11:18.181+0000: 10290.512: Total time for which application threads were stopped: 0.0004378 seconds, Stopping threads took: 0.0000744 seconds
{Heap before GC invocations=407 (full 6):
 par new generation   total 38080K, used 34644K [0x0000000085c00000, 0x0000000088550000, 0x000000009a8c0000)
  eden space 33856K, 100% used [0x0000000085c00000, 0x0000000087d10000, 0x0000000087d10000)
  from space 4224K,  18% used [0x0000000088130000, 0x00000000881f5108, 0x0000000088550000)
  to   space 4224K,   0% used [0x0000000087d10000, 0x0000000087d10000, 0x0000000088130000)
 concurrent mark-sweep generation total 136188K, used 98162K [0x000000009a8c0000, 0x00000000a2dbf000, 0x0000000100000000)
 Metaspace       used 126693K, capacity 135751K, committed 135908K, reserved 1169408K
  class space    used 15089K, capacity 16760K, committed 16868K, reserved 1048576K
2020-12-20T16:11:27.383+0000: 10299.713: [GC (Allocation Failure) 2020-12-20T16:11:27.383+0000: 10299.713: [ParNew
Desired survivor size 2162688 bytes, new threshold 6 (max 6)
- age   1:     230968 bytes,     230968 total
- age   2:     177896 bytes,     408864 total
- age   3:       4016 bytes,     412880 total
- age   6:        200 bytes,     413080 total
: 34644K->477K(38080K), 0.0096869 secs] 132806K->98641K(174268K), 0.0099360 secs] [Times: user=0.01 sys=0.00, real=0.01 secs] 
Heap after GC invocations=408 (full 6):
 par new generation   total 38080K, used 477K [0x0000000085c00000, 0x0000000088550000, 0x000000009a8c0000)
  eden space 33856K,   0% used [0x0000000085c00000, 0x0000000085c00000, 0x0000000087d10000)
  from space 4224K,  11% used [0x0000000087d10000, 0x0000000087d87550, 0x0000000088130000)
  to   space 4224K,   0% used [0x0000000088130000, 0x0000000088130000, 0x0000000088550000)
 concurrent mark-sweep generation total 136188K, used 98164K [0x000000009a8c0000, 0x00000000a2dbf000, 0x0000000100000000)
 Metaspace       used 126693K, capacity 135751K, committed 135908K, reserved 1169408K
  class space    used 15089K, capacity 16760K, committed 16868K, reserved 1048576K
}
2020-12-20T16:11:27.393+0000: 10299.723: Total time for which application threads were stopped: 0.0106405 seconds, Stopping threads took: 0.0000869 seconds
2020-12-20T16:11:54.396+0000: 10326.727: Total time for which application threads were stopped: 0.0004537 seconds, Stopping threads took: 0.0000854 seconds
2020-12-20T16:12:06.398+0000: 10338.729: Total time for which application threads were stopped: 0.0005185 seconds, Stopping threads took: 0.0000844 seconds
2020-12-20T16:12:28.402+0000: 10360.732: Total time for which application threads were stopped: 0.0004354 seconds, Stopping threads took: 0.0000746 seconds
2020-12-20T16:12:56.406+0000: 10388.737: Total time for which application threads were stopped: 0.0004158 seconds, Stopping threads took: 0.0000742 seconds
{Heap before GC invocations=408 (full 6):
 par new generation   total 38080K, used 34333K [0x0000000085c00000, 0x0000000088550000, 0x000000009a8c0000)
  eden space 33856K, 100% used [0x0000000085c00000, 0x0000000087d10000, 0x0000000087d10000)
  from space 4224K,  11% used [0x0000000087d10000, 0x0000000087d87550, 0x0000000088130000)
  to   space 4224K,   0% used [0x0000000088130000, 0x0000000088130000, 0x0000000088550000)
 concurrent mark-sweep generation total 136188K, used 98164K [0x000000009a8c0000, 0x00000000a2dbf000, 0x0000000100000000)
 Metaspace       used 126693K, capacity 135751K, committed 135908K, reserved 1169408K
  class space    used 15089K, capacity 16760K, committed 16868K, reserved 1048576K
2020-12-20T16:12:59.203+0000: 10391.533: [GC (Allocation Failure) 2020-12-20T16:12:59.203+0000: 10391.533: [ParNew
Desired survivor size 2162688 bytes, new threshold 6 (max 6)
- age   1:     290784 bytes,     290784 total
- age   2:      12968 bytes,     303752 total
- age   3:     176064 bytes,     479816 total
- age   4:       4016 bytes,     483832 total
: 34333K->563K(38080K), 0.0048602 secs] 132497K->98728K(174268K), 0.0051140 secs] [Times: user=0.02 sys=0.00, real=0.01 secs] 
Heap after GC invocations=409 (full 6):
 par new generation   total 38080K, used 563K [0x0000000085c00000, 0x0000000088550000, 0x000000009a8c0000)
  eden space 33856K,   0% used [0x0000000085c00000, 0x0000000085c00000, 0x0000000087d10000)
  from space 4224K,  13% used [0x0000000088130000, 0x00000000881bced8, 0x0000000088550000)
  to   space 4224K,   0% used [0x0000000087d10000, 0x0000000087d10000, 0x0000000088130000)
 concurrent mark-sweep generation total 136188K, used 98164K [0x000000009a8c0000, 0x00000000a2dbf000, 0x0000000100000000)
 Metaspace       used 126693K, capacity 135751K, committed 135908K, reserved 1169408K
  class space    used 15089K, capacity 16760K, committed 16868K, reserved 1048576K
}
2020-12-20T16:12:59.208+0000: 10391.539: Total time for which application threads were stopped: 0.0058370 seconds, Stopping threads took: 0.0000774 seconds
2020-12-20T16:13:13.210+0000: 10405.541: Total time for which application threads were stopped: 0.0005125 seconds, Stopping threads took: 0.0000837 seconds
2020-12-20T16:13:49.215+0000: 10441.546: Total time for which application threads were stopped: 0.0006172 seconds, Stopping threads took: 0.0001096 seconds
2020-12-20T16:14:06.218+0000: 10458.549: Total time for which application threads were stopped: 0.0005173 seconds, Stopping threads took: 0.0000876 seconds
2020-12-20T16:14:10.219+0000: 10462.550: Total time for which application threads were stopped: 0.0004134 seconds, Stopping threads took: 0.0000717 seconds
2020-12-20T16:14:11.220+0000: 10463.550: Total time for which application threads were stopped: 0.0005245 seconds, Stopping threads took: 0.0000839 seconds
{Heap before GC invocations=409 (full 6):
 par new generation   total 38080K, used 34419K [0x0000000085c00000, 0x0000000088550000, 0x000000009a8c0000)
  eden space 33856K, 100% used [0x0000000085c00000, 0x0000000087d10000, 0x0000000087d10000)
  from space 4224K,  13% used [0x0000000088130000, 0x00000000881bced8, 0x0000000088550000)
  to   space 4224K,   0% used [0x0000000087d10000, 0x0000000087d10000, 0x0000000088130000)
 concurrent mark-sweep generation total 136188K, used 98164K [0x000000009a8c0000, 0x00000000a2dbf000, 0x0000000100000000)
 Metaspace       used 126697K, capacity 135751K, committed 135908K, reserved 1169408K
  class space    used 15089K, capacity 16760K, committed 16868K, reserved 1048576K
2020-12-20T16:14:29.950+0000: 10482.281: [GC (Allocation Failure) 2020-12-20T16:14:29.951+0000: 10482.281: [ParNew
Desired survivor size 2162688 bytes, new threshold 6 (max 6)
- age   1:     125976 bytes,     125976 total
- age   2:      38376 bytes,     164352 total
- age   3:       9616 bytes,     173968 total
- age   4:     173832 bytes,     347800 total
- age   5:       4016 bytes,     351816 total
: 34419K->513K(38080K), 0.0083214 secs] 132584K->98678K(174268K), 0.0085669 secs] [Times: user=0.01 sys=0.00, real=0.01 secs] 
Heap after GC invocations=410 (full 6):
 par new generation   total 38080K, used 513K [0x0000000085c00000, 0x0000000088550000, 0x000000009a8c0000)
  eden space 33856K,   0% used [0x0000000085c00000, 0x0000000085c00000, 0x0000000087d10000)
  from space 4224K,  12% used [0x0000000087d10000, 0x0000000087d907b0, 0x0000000088130000)
  to   space 4224K,   0% used [0x0000000088130000, 0x0000000088130000, 0x0000000088550000)
 concurrent mark-sweep generation total 136188K, used 98164K [0x000000009a8c0000, 0x00000000a2dbf000, 0x0000000100000000)
 Metaspace       used 126697K, capacity 135751K, committed 135908K, reserved 1169408K
  class space    used 15089K, capacity 16760K, committed 16868K, reserved 1048576K
}
2020-12-20T16:14:29.959+0000: 10482.290: Total time for which application threads were stopped: 0.0092879 seconds, Stopping threads took: 0.0001156 seconds
{Heap before GC invocations=410 (full 6):
 par new generation   total 38080K, used 34342K [0x0000000085c00000, 0x0000000088550000, 0x000000009a8c0000)
  eden space 33856K,  99% used [0x0000000085c00000, 0x0000000087d09440, 0x0000000087d10000)
  from space 4224K,  12% used [0x0000000087d10000, 0x0000000087d907b0, 0x0000000088130000)
  to   space 4224K,   0% used [0x0000000088130000, 0x0000000088130000, 0x0000000088550000)
 concurrent mark-sweep generation total 136188K, used 98164K [0x000000009a8c0000, 0x00000000a2dbf000, 0x0000000100000000)
 Metaspace       used 126697K, capacity 135751K, committed 135908K, reserved 1169408K
  class space    used 15089K, capacity 16760K, committed 16868K, reserved 1048576K
2020-12-20T16:16:03.971+0000: 10576.302: [GC (Allocation Failure) 2020-12-20T16:16:03.971+0000: 10576.302: [ParNew
Desired survivor size 2162688 bytes, new threshold 6 (max 6)
- age   1:     276648 bytes,     276648 total
- age   2:      18632 bytes,     295280 total
- age   3:       4504 bytes,     299784 total
- age   4:       9616 bytes,     309400 total
- age   5:     173832 bytes,     483232 total
- age   6:       4016 bytes,     487248 total
: 34342K->539K(38080K), 0.0050719 secs] 132507K->98703K(174268K), 0.0053365 secs] [Times: user=0.02 sys=0.00, real=0.00 secs] 
Heap after GC invocations=411 (full 6):
 par new generation   total 38080K, used 539K [0x0000000085c00000, 0x0000000088550000, 0x000000009a8c0000)
  eden space 33856K,   0% used [0x0000000085c00000, 0x0000000085c00000, 0x0000000087d10000)
  from space 4224K,  12% used [0x0000000088130000, 0x00000000881b6d80, 0x0000000088550000)
  to   space 4224K,   0% used [0x0000000087d10000, 0x0000000087d10000, 0x0000000088130000)
 concurrent mark-sweep generation total 136188K, used 98164K [0x000000009a8c0000, 0x00000000a2dbf000, 0x0000000100000000)
 Metaspace       used 126697K, capacity 135751K, committed 135908K, reserved 1169408K
  class space    used 15089K, capacity 16760K, committed 16868K, reserved 1048576K
}
2020-12-20T16:16:03.977+0000: 10576.307: Total time for which application threads were stopped: 0.0062799 seconds, Stopping threads took: 0.0002209 seconds
2020-12-20T16:16:48.983+0000: 10621.313: Total time for which application threads were stopped: 0.0004078 seconds, Stopping threads took: 0.0000741 seconds
2020-12-20T16:16:56.985+0000: 10629.315: Total time for which application threads were stopped: 0.0006117 seconds, Stopping threads took: 0.0001038 seconds
2020-12-20T16:16:59.986+0000: 10632.316: Total time for which application threads were stopped: 0.0006142 seconds, Stopping threads took: 0.0001168 seconds
2020-12-20T16:17:00.986+0000: 10633.317: Total time for which application threads were stopped: 0.0005614 seconds, Stopping threads took: 0.0000918 seconds
{Heap before GC invocations=411 (full 6):
 par new generation   total 38080K, used 34395K [0x0000000085c00000, 0x0000000088550000, 0x000000009a8c0000)
  eden space 33856K, 100% used [0x0000000085c00000, 0x0000000087d10000, 0x0000000087d10000)
  from space 4224K,  12% used [0x0000000088130000, 0x00000000881b6d80, 0x0000000088550000)
  to   space 4224K,   0% used [0x0000000087d10000, 0x0000000087d10000, 0x0000000088130000)
 concurrent mark-sweep generation total 136188K, used 98164K [0x000000009a8c0000, 0x00000000a2dbf000, 0x0000000100000000)
 Metaspace       used 126698K, capacity 135751K, committed 135908K, reserved 1169408K
  class space    used 15089K, capacity 16760K, committed 16868K, reserved 1048576K
2020-12-20T16:17:36.776+0000: 10669.106: [GC (Allocation Failure) 2020-12-20T16:17:36.776+0000: 10669.106: [ParNew
Desired survivor size 2162688 bytes, new threshold 6 (max 6)
- age   1:     510680 bytes,     510680 total
- age   2:        608 bytes,     511288 total
- age   3:      18600 bytes,     529888 total
- age   4:       4504 bytes,     534392 total
- age   5:       9616 bytes,     544008 total
- age   6:     173680 bytes,     717688 total
: 34395K->784K(38080K), 0.0061262 secs] 132559K->98952K(174268K), 0.0063643 secs] [Times: user=0.02 sys=0.00, real=0.01 secs] 
Heap after GC invocations=412 (full 6):
 par new generation   total 38080K, used 784K [0x0000000085c00000, 0x0000000088550000, 0x000000009a8c0000)
  eden space 33856K,   0% used [0x0000000085c00000, 0x0000000085c00000, 0x0000000087d10000)
  from space 4224K,  18% used [0x0000000087d10000, 0x0000000087dd4088, 0x0000000088130000)
  to   space 4224K,   0% used [0x0000000088130000, 0x0000000088130000, 0x0000000088550000)
 concurrent mark-sweep generation total 136188K, used 98168K [0x000000009a8c0000, 0x00000000a2dbf000, 0x0000000100000000)
 Metaspace       used 126698K, capacity 135751K, committed 135908K, reserved 1169408K
  class space    used 15089K, capacity 16760K, committed 16868K, reserved 1048576K
}
2020-12-20T16:17:36.782+0000: 10669.113: Total time for which application threads were stopped: 0.0071478 seconds, Stopping threads took: 0.0001529 seconds
2020-12-20T16:17:51.785+0000: 10684.115: Total time for which application threads were stopped: 0.0004157 seconds, Stopping threads took: 0.0000760 seconds
2020-12-20T16:18:58.794+0000: 10751.125: Total time for which application threads were stopped: 0.0005701 seconds, Stopping threads took: 0.0000901 seconds
2020-12-20T16:19:02.795+0000: 10755.126: Total time for which application threads were stopped: 0.0005957 seconds, Stopping threads took: 0.0000900 seconds
{Heap before GC invocations=412 (full 6):
 par new generation   total 38080K, used 34640K [0x0000000085c00000, 0x0000000088550000, 0x000000009a8c0000)
  eden space 33856K, 100% used [0x0000000085c00000, 0x0000000087d10000, 0x0000000087d10000)
  from space 4224K,  18% used [0x0000000087d10000, 0x0000000087dd4088, 0x0000000088130000)
  to   space 4224K,   0% used [0x0000000088130000, 0x0000000088130000, 0x0000000088550000)
 concurrent mark-sweep generation total 136188K, used 98168K [0x000000009a8c0000, 0x00000000a2dbf000, 0x0000000100000000)
 Metaspace       used 126702K, capacity 135751K, committed 135908K, reserved 1169408K
  class space    used 15089K, capacity 16760K, committed 16868K, reserved 1048576K
2020-12-20T16:19:07.171+0000: 10759.501: [GC (Allocation Failure) 2020-12-20T16:19:07.171+0000: 10759.501: [ParNew
Desired survivor size 2162688 bytes, new threshold 6 (max 6)
- age   1:     801792 bytes,     801792 total
- age   2:     266184 bytes,    1067976 total
- age   3:        584 bytes,    1068560 total
- age   4:      18600 bytes,    1087160 total
- age   5:       4504 bytes,    1091664 total
- age   6:       9616 bytes,    1101280 total
: 34640K->1216K(38080K), 0.0069657 secs] 132808K->99555K(174268K), 0.0073007 secs] [Times: user=0.02 sys=0.00, real=0.01 secs] 
Heap after GC invocations=413 (full 6):
 par new generation   total 38080K, used 1216K [0x0000000085c00000, 0x0000000088550000, 0x000000009a8c0000)
  eden space 33856K,   0% used [0x0000000085c00000, 0x0000000085c00000, 0x0000000087d10000)
  from space 4224K,  28% used [0x0000000088130000, 0x0000000088260288, 0x0000000088550000)
  to   space 4224K,   0% used [0x0000000087d10000, 0x0000000087d10000, 0x0000000088130000)
 concurrent mark-sweep generation total 136188K, used 98338K [0x000000009a8c0000, 0x00000000a2dbf000, 0x0000000100000000)
 Metaspace       used 126702K, capacity 135751K, committed 135908K, reserved 1169408K
  class space    used 15089K, capacity 16760K, committed 16868K, reserved 1048576K
}
2020-12-20T16:19:07.178+0000: 10759.509: Total time for which application threads were stopped: 0.0083230 seconds, Stopping threads took: 0.0003085 seconds
2020-12-20T16:19:45.184+0000: 10797.514: Total time for which application threads were stopped: 0.0005281 seconds, Stopping threads took: 0.0000854 seconds
2020-12-20T16:19:47.184+0000: 10799.515: Total time for which application threads were stopped: 0.0005402 seconds, Stopping threads took: 0.0000941 seconds
2020-12-20T16:19:53.186+0000: 10805.516: Total time for which application threads were stopped: 0.0006039 seconds, Stopping threads took: 0.0001182 seconds
2020-12-20T16:19:55.186+0000: 10807.517: Total time for which application threads were stopped: 0.0005551 seconds, Stopping threads took: 0.0000945 seconds
2020-12-20T16:19:58.187+0000: 10810.518: Total time for which application threads were stopped: 0.0005005 seconds, Stopping threads took: 0.0000902 seconds
2020-12-20T16:20:00.188+0000: 10812.518: Total time for which application threads were stopped: 0.0005166 seconds, Stopping threads took: 0.0000841 seconds
2020-12-20T16:20:04.189+0000: 10816.519: Total time for which application threads were stopped: 0.0004190 seconds, Stopping threads took: 0.0000723 seconds
2020-12-20T16:20:08.190+0000: 10820.520: Total time for which application threads were stopped: 0.0004238 seconds, Stopping threads took: 0.0000747 seconds
2020-12-20T16:20:16.191+0000: 10828.522: Total time for which application threads were stopped: 0.0004894 seconds, Stopping threads took: 0.0000761 seconds
2020-12-20T16:20:17.192+0000: 10829.522: Total time for which application threads were stopped: 0.0005792 seconds, Stopping threads took: 0.0000951 seconds
2020-12-20T16:20:25.193+0000: 10837.524: Total time for which application threads were stopped: 0.0005272 seconds, Stopping threads took: 0.0000826 seconds
{Heap before GC invocations=413 (full 6):
 par new generation   total 38080K, used 35072K [0x0000000085c00000, 0x0000000088550000, 0x000000009a8c0000)
  eden space 33856K, 100% used [0x0000000085c00000, 0x0000000087d10000, 0x0000000087d10000)
  from space 4224K,  28% used [0x0000000088130000, 0x0000000088260288, 0x0000000088550000)
  to   space 4224K,   0% used [0x0000000087d10000, 0x0000000087d10000, 0x0000000088130000)
 concurrent mark-sweep generation total 136188K, used 98338K [0x000000009a8c0000, 0x00000000a2dbf000, 0x0000000100000000)
 Metaspace       used 126746K, capacity 135821K, committed 136164K, reserved 1169408K
  class space    used 15090K, capacity 16761K, committed 16868K, reserved 1048576K
2020-12-20T16:20:27.854+0000: 10840.185: [GC (Allocation Failure) 2020-12-20T16:20:27.854+0000: 10840.185: [ParNew
Desired survivor size 2162688 bytes, new threshold 6 (max 6)
- age   1:     512000 bytes,     512000 total
- age   2:     591464 bytes,    1103464 total
- age   3:     266152 bytes,    1369616 total
- age   5:       6976 bytes,    1376592 total
- age   6:       4416 bytes,    1381008 total
: 35072K->1828K(38080K), 0.0097840 secs] 133411K->100175K(174268K), 0.0100415 secs] [Times: user=0.02 sys=0.00, real=0.01 secs] 
Heap after GC invocations=414 (full 6):
 par new generation   total 38080K, used 1828K [0x0000000085c00000, 0x0000000088550000, 0x000000009a8c0000)
  eden space 33856K,   0% used [0x0000000085c00000, 0x0000000085c00000, 0x0000000087d10000)
  from space 4224K,  43% used [0x0000000087d10000, 0x0000000087ed90f8, 0x0000000088130000)
  to   space 4224K,   0% used [0x0000000088130000, 0x0000000088130000, 0x0000000088550000)
 concurrent mark-sweep generation total 136188K, used 98347K [0x000000009a8c0000, 0x00000000a2dbf000, 0x0000000100000000)
 Metaspace       used 126746K, capacity 135821K, committed 136164K, reserved 1169408K
  class space    used 15090K, capacity 16761K, committed 16868K, reserved 1048576K
}
2020-12-20T16:20:27.864+0000: 10840.195: Total time for which application threads were stopped: 0.0107838 seconds, Stopping threads took: 0.0001105 seconds
2020-12-20T16:20:33.866+0000: 10846.196: Total time for which application threads were stopped: 0.0005336 seconds, Stopping threads took: 0.0001081 seconds
2020-12-20T16:20:50.868+0000: 10863.199: Total time for which application threads were stopped: 0.0007995 seconds, Stopping threads took: 0.0001206 seconds
2020-12-20T16:21:33.875+0000: 10906.205: Total time for which application threads were stopped: 0.0005345 seconds, Stopping threads took: 0.0000922 seconds
2020-12-20T16:21:39.876+0000: 10912.206: Total time for which application threads were stopped: 0.0004134 seconds, Stopping threads took: 0.0000701 seconds
2020-12-20T16:21:48.878+0000: 10921.208: Total time for which application threads were stopped: 0.0005606 seconds, Stopping threads took: 0.0000890 seconds
{Heap before GC invocations=414 (full 6):
 par new generation   total 38080K, used 35684K [0x0000000085c00000, 0x0000000088550000, 0x000000009a8c0000)
  eden space 33856K, 100% used [0x0000000085c00000, 0x0000000087d10000, 0x0000000087d10000)
  from space 4224K,  43% used [0x0000000087d10000, 0x0000000087ed90f8, 0x0000000088130000)
  to   space 4224K,   0% used [0x0000000088130000, 0x0000000088130000, 0x0000000088550000)
 concurrent mark-sweep generation total 136188K, used 98347K [0x000000009a8c0000, 0x00000000a2dbf000, 0x0000000100000000)
 Metaspace       used 126813K, capacity 135887K, committed 136164K, reserved 1169408K
  class space    used 15096K, capacity 16772K, committed 16868K, reserved 1048576K
2020-12-20T16:21:52.033+0000: 10924.363: [GC (Allocation Failure) 2020-12-20T16:21:52.033+0000: 10924.364: [ParNew
Desired survivor size 2162688 bytes, new threshold 6 (max 6)
- age   1:     288304 bytes,     288304 total
- age   2:     144608 bytes,     432912 total
- age   3:     591464 bytes,    1024376 total
- age   4:     266152 bytes,    1290528 total
- age   6:       6976 bytes,    1297504 total
: 35684K->1835K(38080K), 0.0058621 secs] 134031K->100186K(174268K), 0.0061650 secs] [Times: user=0.01 sys=0.00, real=0.01 secs] 
Heap after GC invocations=415 (full 6):
 par new generation   total 38080K, used 1835K [0x0000000085c00000, 0x0000000088550000, 0x000000009a8c0000)
  eden space 33856K,   0% used [0x0000000085c00000, 0x0000000085c00000, 0x0000000087d10000)
  from space 4224K,  43% used [0x0000000088130000, 0x00000000882faca0, 0x0000000088550000)
  to   space 4224K,   0% used [0x0000000087d10000, 0x0000000087d10000, 0x0000000088130000)
 concurrent mark-sweep generation total 136188K, used 98351K [0x000000009a8c0000, 0x00000000a2dbf000, 0x0000000100000000)
 Metaspace       used 126813K, capacity 135887K, committed 136164K, reserved 1169408K
  class space    used 15096K, capacity 16772K, committed 16868K, reserved 1048576K
}
2020-12-20T16:21:52.039+0000: 10924.370: Total time for which application threads were stopped: 0.0068663 seconds, Stopping threads took: 0.0001015 seconds
2020-12-20T16:21:56.040+0000: 10928.371: Total time for which application threads were stopped: 0.0004931 seconds, Stopping threads took: 0.0000795 seconds
2020-12-20T16:22:02.042+0000: 10934.372: Total time for which application threads were stopped: 0.0006201 seconds, Stopping threads took: 0.0000952 seconds
2020-12-20T16:22:08.043+0000: 10940.373: Total time for which application threads were stopped: 0.0004865 seconds, Stopping threads took: 0.0000808 seconds
2020-12-20T16:22:13.044+0000: 10945.374: Total time for which application threads were stopped: 0.0005256 seconds, Stopping threads took: 0.0000913 seconds
2020-12-20T16:22:25.045+0000: 10957.376: Total time for which application threads were stopped: 0.0004264 seconds, Stopping threads took: 0.0000720 seconds
2020-12-20T16:22:27.046+0000: 10959.377: Total time for which application threads were stopped: 0.0005133 seconds, Stopping threads took: 0.0000820 seconds
2020-12-20T16:22:28.047+0000: 10960.377: Total time for which application threads were stopped: 0.0005087 seconds, Stopping threads took: 0.0000864 seconds
2020-12-20T16:22:31.048+0000: 10963.378: Total time for which application threads were stopped: 0.0005251 seconds, Stopping threads took: 0.0000870 seconds
2020-12-20T16:22:41.049+0000: 10973.380: Total time for which application threads were stopped: 0.0004761 seconds, Stopping threads took: 0.0000728 seconds
{Heap before GC invocations=415 (full 6):
 par new generation   total 38080K, used 35691K [0x0000000085c00000, 0x0000000088550000, 0x000000009a8c0000)
  eden space 33856K, 100% used [0x0000000085c00000, 0x0000000087d10000, 0x0000000087d10000)
  from space 4224K,  43% used [0x0000000088130000, 0x00000000882faca0, 0x0000000088550000)
  to   space 4224K,   0% used [0x0000000087d10000, 0x0000000087d10000, 0x0000000088130000)
 concurrent mark-sweep generation total 136188K, used 98351K [0x000000009a8c0000, 0x00000000a2dbf000, 0x0000000100000000)
 Metaspace       used 126878K, capacity 135973K, committed 136164K, reserved 1169408K
  class space    used 15098K, capacity 16775K, committed 16868K, reserved 1048576K
2020-12-20T16:23:08.855+0000: 11001.186: [GC (Allocation Failure) 2020-12-20T16:23:08.855+0000: 11001.186: [ParNew
Desired survivor size 2162688 bytes, new threshold 6 (max 6)
- age   1:     610968 bytes,     610968 total
- age   2:     128880 bytes,     739848 total
- age   3:     141360 bytes,     881208 total
- age   4:     591352 bytes,    1472560 total
- age   5:     266152 bytes,    1738712 total
: 35691K->2528K(38080K), 0.0075071 secs] 134042K->100886K(174268K), 0.0078136 secs] [Times: user=0.03 sys=0.00, real=0.01 secs] 
Heap after GC invocations=416 (full 6):
 par new generation   total 38080K, used 2528K [0x0000000085c00000, 0x0000000088550000, 0x000000009a8c0000)
  eden space 33856K,   0% used [0x0000000085c00000, 0x0000000085c00000, 0x0000000087d10000)
  from space 4224K,  59% used [0x0000000087d10000, 0x0000000087f881a0, 0x0000000088130000)
  to   space 4224K,   0% used [0x0000000088130000, 0x0000000088130000, 0x0000000088550000)
 concurrent mark-sweep generation total 136188K, used 98357K [0x000000009a8c0000, 0x00000000a2dbf000, 0x0000000100000000)
 Metaspace       used 126878K, capacity 135973K, committed 136164K, reserved 1169408K
  class space    used 15098K, capacity 16775K, committed 16868K, reserved 1048576K
}
2020-12-20T16:23:08.863+0000: 11001.194: Total time for which application threads were stopped: 0.0086493 seconds, Stopping threads took: 0.0000910 seconds
2020-12-20T16:23:28.866+0000: 11021.197: Total time for which application threads were stopped: 0.0006516 seconds, Stopping threads took: 0.0000952 seconds
{Heap before GC invocations=416 (full 6):
 par new generation   total 38080K, used 36384K [0x0000000085c00000, 0x0000000088550000, 0x000000009a8c0000)
  eden space 33856K, 100% used [0x0000000085c00000, 0x0000000087d10000, 0x0000000087d10000)
  from space 4224K,  59% used [0x0000000087d10000, 0x0000000087f881a0, 0x0000000088130000)
  to   space 4224K,   0% used [0x0000000088130000, 0x0000000088130000, 0x0000000088550000)
 concurrent mark-sweep generation total 136188K, used 98357K [0x000000009a8c0000, 0x00000000a2dbf000, 0x0000000100000000)
 Metaspace       used 126878K, capacity 135973K, committed 136164K, reserved 1169408K
  class space    used 15098K, capacity 16775K, committed 16868K, reserved 1048576K
2020-12-20T16:24:41.080+0000: 11093.410: [GC (Allocation Failure) 2020-12-20T16:24:41.080+0000: 11093.410: [ParNew
Desired survivor size 2162688 bytes, new threshold 6 (max 6)
- age   1:     377944 bytes,     377944 total
- age   2:     325704 bytes,     703648 total
- age   3:      32744 bytes,     736392 total
- age   4:     141192 bytes,     877584 total
- age   5:     591352 bytes,    1468936 total
- age   6:     266152 bytes,    1735088 total
: 36384K->2132K(38080K), 0.0088667 secs] 134742K->100490K(174268K), 0.0090918 secs] [Times: user=0.01 sys=0.01, real=0.01 secs] 
Heap after GC invocations=417 (full 6):
 par new generation   total 38080K, used 2132K [0x0000000085c00000, 0x0000000088550000, 0x000000009a8c0000)
  eden space 33856K,   0% used [0x0000000085c00000, 0x0000000085c00000, 0x0000000087d10000)
  from space 4224K,  50% used [0x0000000088130000, 0x00000000883450d0, 0x0000000088550000)
  to   space 4224K,   0% used [0x0000000087d10000, 0x0000000087d10000, 0x0000000088130000)
 concurrent mark-sweep generation total 136188K, used 98357K [0x000000009a8c0000, 0x00000000a2dbf000, 0x0000000100000000)
 Metaspace       used 126878K, capacity 135973K, committed 136164K, reserved 1169408K
  class space    used 15098K, capacity 16775K, committed 16868K, reserved 1048576K
}
2020-12-20T16:24:41.089+0000: 11093.420: Total time for which application threads were stopped: 0.0097933 seconds, Stopping threads took: 0.0001314 seconds
2020-12-20T16:24:59.092+0000: 11111.423: Total time for which application threads were stopped: 0.0004156 seconds, Stopping threads took: 0.0000754 seconds
2020-12-20T16:25:02.093+0000: 11114.424: Total time for which application threads were stopped: 0.0005623 seconds, Stopping threads took: 0.0001103 seconds
2020-12-20T16:25:19.096+0000: 11131.426: Total time for which application threads were stopped: 0.0006208 seconds, Stopping threads took: 0.0000933 seconds
2020-12-20T16:25:41.099+0000: 11153.430: Total time for which application threads were stopped: 0.0007291 seconds, Stopping threads took: 0.0000946 seconds
2020-12-20T16:25:48.100+0000: 11160.431: Total time for which application threads were stopped: 0.0004793 seconds, Stopping threads took: 0.0000779 seconds
{Heap before GC invocations=417 (full 6):
 par new generation   total 38080K, used 35982K [0x0000000085c00000, 0x0000000088550000, 0x000000009a8c0000)
  eden space 33856K,  99% used [0x0000000085c00000, 0x0000000087d0e790, 0x0000000087d10000)
  from space 4224K,  50% used [0x0000000088130000, 0x00000000883450d0, 0x0000000088550000)
  to   space 4224K,   0% used [0x0000000087d10000, 0x0000000087d10000, 0x0000000088130000)
 concurrent mark-sweep generation total 136188K, used 98357K [0x000000009a8c0000, 0x00000000a2dbf000, 0x0000000100000000)
 Metaspace       used 126896K, capacity 135973K, committed 136164K, reserved 1169408K
  class space    used 15098K, capacity 16775K, committed 16868K, reserved 1048576K
2020-12-20T16:26:10.831+0000: 11183.162: [GC (Allocation Failure) 2020-12-20T16:26:10.831+0000: 11183.162: [ParNew
Desired survivor size 2162688 bytes, new threshold 6 (max 6)
- age   1:     306256 bytes,     306256 total
- age   2:     124832 bytes,     431088 total
- age   3:     323144 bytes,     754232 total
- age   4:      32672 bytes,     786904 total
- age   5:     141192 bytes,     928096 total
- age   6:     591352 bytes,    1519448 total
: 35982K->2439K(38080K), 0.0095648 secs] 134340K->101060K(174268K), 0.0098140 secs] [Times: user=0.02 sys=0.00, real=0.01 secs] 
Heap after GC invocations=418 (full 6):
 par new generation   total 38080K, used 2439K [0x0000000085c00000, 0x0000000088550000, 0x000000009a8c0000)
  eden space 33856K,   0% used [0x0000000085c00000, 0x0000000085c00000, 0x0000000087d10000)
  from space 4224K,  57% used [0x0000000087d10000, 0x0000000087f71d20, 0x0000000088130000)
  to   space 4224K,   0% used [0x0000000088130000, 0x0000000088130000, 0x0000000088550000)
 concurrent mark-sweep generation total 136188K, used 98621K [0x000000009a8c0000, 0x00000000a2dbf000, 0x0000000100000000)
 Metaspace       used 126896K, capacity 135973K, committed 136164K, reserved 1169408K
  class space    used 15098K, capacity 16775K, committed 16868K, reserved 1048576K
}
2020-12-20T16:26:10.841+0000: 11183.171: Total time for which application threads were stopped: 0.0105296 seconds, Stopping threads took: 0.0000754 seconds
{Heap before GC invocations=418 (full 6):
 par new generation   total 38080K, used 36295K [0x0000000085c00000, 0x0000000088550000, 0x000000009a8c0000)
  eden space 33856K, 100% used [0x0000000085c00000, 0x0000000087d10000, 0x0000000087d10000)
  from space 4224K,  57% used [0x0000000087d10000, 0x0000000087f71d20, 0x0000000088130000)
  to   space 4224K,   0% used [0x0000000088130000, 0x0000000088130000, 0x0000000088550000)
 concurrent mark-sweep generation total 136188K, used 98621K [0x000000009a8c0000, 0x00000000a2dbf000, 0x0000000100000000)
 Metaspace       used 126913K, capacity 135997K, committed 136164K, reserved 1169408K
  class space    used 15100K, capacity 16779K, committed 16868K, reserved 1048576K
2020-12-20T16:27:41.559+0000: 11273.889: [GC (Allocation Failure) 2020-12-20T16:27:41.559+0000: 11273.889: [ParNew
Desired survivor size 2162688 bytes, new threshold 6 (max 6)
- age   1:     328032 bytes,     328032 total
- age   2:      44336 bytes,     372368 total
- age   3:      90928 bytes,     463296 total
- age   4:     323144 bytes,     786440 total
- age   5:      32640 bytes,     819080 total
- age   6:     141192 bytes,     960272 total
: 36295K->1519K(38080K), 0.0083074 secs] 134916K->100725K(174268K), 0.0085245 secs] [Times: user=0.02 sys=0.00, real=0.01 secs] 
Heap after GC invocations=419 (full 6):
 par new generation   total 38080K, used 1519K [0x0000000085c00000, 0x0000000088550000, 0x000000009a8c0000)
  eden space 33856K,   0% used [0x0000000085c00000, 0x0000000085c00000, 0x0000000087d10000)
  from space 4224K,  35% used [0x0000000088130000, 0x00000000882abdc0, 0x0000000088550000)
  to   space 4224K,   0% used [0x0000000087d10000, 0x0000000087d10000, 0x0000000088130000)
 concurrent mark-sweep generation total 136188K, used 99206K [0x000000009a8c0000, 0x00000000a2dbf000, 0x0000000100000000)
 Metaspace       used 126913K, capacity 135997K, committed 136164K, reserved 1169408K
  class space    used 15100K, capacity 16779K, committed 16868K, reserved 1048576K
}
2020-12-20T16:27:41.567+0000: 11273.898: Total time for which application threads were stopped: 0.0092650 seconds, Stopping threads took: 0.0000939 seconds
2020-12-20T16:27:50.569+0000: 11282.899: Total time for which application threads were stopped: 0.0006176 seconds, Stopping threads took: 0.0000924 seconds
2020-12-20T16:28:34.575+0000: 11326.905: Total time for which application threads were stopped: 0.0004511 seconds, Stopping threads took: 0.0000776 seconds
2020-12-20T16:29:02.578+0000: 11354.909: Total time for which application threads were stopped: 0.0004226 seconds, Stopping threads took: 0.0000740 seconds
{Heap before GC invocations=419 (full 6):
 par new generation   total 38080K, used 35375K [0x0000000085c00000, 0x0000000088550000, 0x000000009a8c0000)
  eden space 33856K, 100% used [0x0000000085c00000, 0x0000000087d10000, 0x0000000087d10000)
  from space 4224K,  35% used [0x0000000088130000, 0x00000000882abdc0, 0x0000000088550000)
  to   space 4224K,   0% used [0x0000000087d10000, 0x0000000087d10000, 0x0000000088130000)
 concurrent mark-sweep generation total 136188K, used 99206K [0x000000009a8c0000, 0x00000000a2dbf000, 0x0000000100000000)
 Metaspace       used 126917K, capacity 135997K, committed 136164K, reserved 1169408K
  class space    used 15100K, capacity 16779K, committed 16868K, reserved 1048576K
2020-12-20T16:29:13.224+0000: 11365.555: [GC (Allocation Failure) 2020-12-20T16:29:13.224+0000: 11365.555: [ParNew
Desired survivor size 2162688 bytes, new threshold 6 (max 6)
- age   1:     255704 bytes,     255704 total
- age   2:       6352 bytes,     262056 total
- age   3:      44336 bytes,     306392 total
- age   4:      90928 bytes,     397320 total
- age   5:     322672 bytes,     719992 total
- age   6:      32640 bytes,     752632 total
: 35375K->908K(38080K), 0.0074321 secs] 134581K->100253K(174268K), 0.0076675 secs] [Times: user=0.02 sys=0.00, real=0.01 secs] 
Heap after GC invocations=420 (full 6):
 par new generation   total 38080K, used 908K [0x0000000085c00000, 0x0000000088550000, 0x000000009a8c0000)
  eden space 33856K,   0% used [0x0000000085c00000, 0x0000000085c00000, 0x0000000087d10000)
  from space 4224K,  21% used [0x0000000087d10000, 0x0000000087df31d8, 0x0000000088130000)
  to   space 4224K,   0% used [0x0000000088130000, 0x0000000088130000, 0x0000000088550000)
 concurrent mark-sweep generation total 136188K, used 99344K [0x000000009a8c0000, 0x00000000a2dbf000, 0x0000000100000000)
 Metaspace       used 126917K, capacity 135997K, committed 136164K, reserved 1169408K
  class space    used 15100K, capacity 16779K, committed 16868K, reserved 1048576K
}
2020-12-20T16:29:13.232+0000: 11365.562: Total time for which application threads were stopped: 0.0082956 seconds, Stopping threads took: 0.0001094 seconds
2020-12-20T16:29:32.234+0000: 11384.565: Total time for which application threads were stopped: 0.0004232 seconds, Stopping threads took: 0.0000748 seconds
2020-12-20T16:29:41.236+0000: 11393.566: Total time for which application threads were stopped: 0.0006325 seconds, Stopping threads took: 0.0001036 seconds
2020-12-20T16:30:09.239+0000: 11421.570: Total time for which application threads were stopped: 0.0005285 seconds, Stopping threads took: 0.0000885 seconds
2020-12-20T16:30:27.242+0000: 11439.572: Total time for which application threads were stopped: 0.0005371 seconds, Stopping threads took: 0.0000853 seconds
2020-12-20T16:30:31.243+0000: 11443.573: Total time for which application threads were stopped: 0.0004183 seconds, Stopping threads took: 0.0000750 seconds
2020-12-20T16:30:32.243+0000: 11444.574: Total time for which application threads were stopped: 0.0005002 seconds, Stopping threads took: 0.0000848 seconds
{Heap before GC invocations=420 (full 6):
 par new generation   total 38080K, used 34764K [0x0000000085c00000, 0x0000000088550000, 0x000000009a8c0000)
  eden space 33856K, 100% used [0x0000000085c00000, 0x0000000087d10000, 0x0000000087d10000)
  from space 4224K,  21% used [0x0000000087d10000, 0x0000000087df31d8, 0x0000000088130000)
  to   space 4224K,   0% used [0x0000000088130000, 0x0000000088130000, 0x0000000088550000)
 concurrent mark-sweep generation total 136188K, used 99344K [0x000000009a8c0000, 0x00000000a2dbf000, 0x0000000100000000)
 Metaspace       used 126930K, capacity 136061K, committed 136164K, reserved 1169408K
  class space    used 15100K, capacity 16779K, committed 16868K, reserved 1048576K
2020-12-20T16:30:45.372+0000: 11457.702: [GC (Allocation Failure) 2020-12-20T16:30:45.372+0000: 11457.702: [ParNew
Desired survivor size 2162688 bytes, new threshold 6 (max 6)
- age   1:     225888 bytes,     225888 total
- age   2:      37808 bytes,     263696 total
- age   3:       6320 bytes,     270016 total
- age   4:      44200 bytes,     314216 total
- age   5:      90928 bytes,     405144 total
- age   6:     321088 bytes,     726232 total
: 34764K->850K(38080K), 0.0051827 secs] 134109K->100227K(174268K), 0.0054190 secs] [Times: user=0.01 sys=0.00, real=0.01 secs] 
Heap after GC invocations=421 (full 6):
 par new generation   total 38080K, used 850K [0x0000000085c00000, 0x0000000088550000, 0x000000009a8c0000)
  eden space 33856K,   0% used [0x0000000085c00000, 0x0000000085c00000, 0x0000000087d10000)
  from space 4224K,  20% used [0x0000000088130000, 0x0000000088204aa8, 0x0000000088550000)
  to   space 4224K,   0% used [0x0000000087d10000, 0x0000000087d10000, 0x0000000088130000)
 concurrent mark-sweep generation total 136188K, used 99377K [0x000000009a8c0000, 0x00000000a2dbf000, 0x0000000100000000)
 Metaspace       used 126930K, capacity 136061K, committed 136164K, reserved 1169408K
  class space    used 15100K, capacity 16779K, committed 16868K, reserved 1048576K
}
2020-12-20T16:30:45.377+0000: 11457.708: Total time for which application threads were stopped: 0.0060787 seconds, Stopping threads took: 0.0000825 seconds
2020-12-20T16:30:57.379+0000: 11469.709: Total time for which application threads were stopped: 0.0005243 seconds, Stopping threads took: 0.0000846 seconds
2020-12-20T16:31:59.387+0000: 11531.717: Total time for which application threads were stopped: 0.0004933 seconds, Stopping threads took: 0.0000775 seconds
2020-12-20T16:32:05.388+0000: 11537.719: Total time for which application threads were stopped: 0.0005157 seconds, Stopping threads took: 0.0000815 seconds
{Heap before GC invocations=421 (full 6):
 par new generation   total 38080K, used 34697K [0x0000000085c00000, 0x0000000088550000, 0x000000009a8c0000)
  eden space 33856K,  99% used [0x0000000085c00000, 0x0000000087d0d9b0, 0x0000000087d10000)
  from space 4224K,  20% used [0x0000000088130000, 0x0000000088204aa8, 0x0000000088550000)
  to   space 4224K,   0% used [0x0000000087d10000, 0x0000000087d10000, 0x0000000088130000)
 concurrent mark-sweep generation total 136188K, used 99377K [0x000000009a8c0000, 0x00000000a2dbf000, 0x0000000100000000)
 Metaspace       used 126941K, capacity 136067K, committed 136164K, reserved 1169408K
  class space    used 15100K, capacity 16780K, committed 16868K, reserved 1048576K
2020-12-20T16:32:13.555+0000: 11545.886: [GC (Allocation Failure) 2020-12-20T16:32:13.556+0000: 11545.886: [ParNew
Desired survivor size 2162688 bytes, new threshold 6 (max 6)
- age   1:     204824 bytes,     204824 total
- age   2:       7768 bytes,     212592 total
- age   3:      36048 bytes,     248640 total
- age   4:       5672 bytes,     254312 total
- age   5:      43144 bytes,     297456 total
- age   6:      90896 bytes,     388352 total
: 34697K->473K(38080K), 0.0077091 secs] 134074K->100164K(174268K), 0.0079518 secs] [Times: user=0.02 sys=0.00, real=0.01 secs] 
Heap after GC invocations=422 (full 6):
 par new generation   total 38080K, used 473K [0x0000000085c00000, 0x0000000088550000, 0x000000009a8c0000)
  eden space 33856K,   0% used [0x0000000085c00000, 0x0000000085c00000, 0x0000000087d10000)
  from space 4224K,  11% used [0x0000000087d10000, 0x0000000087d86620, 0x0000000088130000)
  to   space 4224K,   0% used [0x0000000088130000, 0x0000000088130000, 0x0000000088550000)
 concurrent mark-sweep generation total 136188K, used 99690K [0x000000009a8c0000, 0x00000000a2dbf000, 0x0000000100000000)
 Metaspace       used 126941K, capacity 136067K, committed 136164K, reserved 1169408K
  class space    used 15100K, capacity 16780K, committed 16868K, reserved 1048576K
}
2020-12-20T16:32:13.564+0000: 11545.894: Total time for which application threads were stopped: 0.0087029 seconds, Stopping threads took: 0.0000776 seconds
2020-12-20T16:32:14.564+0000: 11546.894: Total time for which application threads were stopped: 0.0004277 seconds, Stopping threads took: 0.0000770 seconds
2020-12-20T16:32:32.567+0000: 11564.897: Total time for which application threads were stopped: 0.0006113 seconds, Stopping threads took: 0.0000909 seconds
2020-12-20T16:32:36.568+0000: 11568.898: Total time for which application threads were stopped: 0.0004960 seconds, Stopping threads took: 0.0000837 seconds
2020-12-20T16:32:37.568+0000: 11569.899: Total time for which application threads were stopped: 0.0005274 seconds, Stopping threads took: 0.0000853 seconds
2020-12-20T16:33:11.572+0000: 11603.902: Total time for which application threads were stopped: 0.0004251 seconds, Stopping threads took: 0.0000777 seconds
2020-12-20T16:33:20.573+0000: 11612.904: Total time for which application threads were stopped: 0.0005420 seconds, Stopping threads took: 0.0000877 seconds
2020-12-20T16:33:32.575+0000: 11624.905: Total time for which application threads were stopped: 0.0004517 seconds, Stopping threads took: 0.0000810 seconds
{Heap before GC invocations=422 (full 6):
 par new generation   total 38080K, used 34329K [0x0000000085c00000, 0x0000000088550000, 0x000000009a8c0000)
  eden space 33856K, 100% used [0x0000000085c00000, 0x0000000087d10000, 0x0000000087d10000)
  from space 4224K,  11% used [0x0000000087d10000, 0x0000000087d86620, 0x0000000088130000)
  to   space 4224K,   0% used [0x0000000088130000, 0x0000000088130000, 0x0000000088550000)
 concurrent mark-sweep generation total 136188K, used 99690K [0x000000009a8c0000, 0x00000000a2dbf000, 0x0000000100000000)
 Metaspace       used 126968K, capacity 136085K, committed 136420K, reserved 1169408K
  class space    used 15102K, capacity 16783K, committed 16868K, reserved 1048576K
2020-12-20T16:33:41.206+0000: 11633.536: [GC (Allocation Failure) 2020-12-20T16:33:41.206+0000: 11633.537: [ParNew
Desired survivor size 2162688 bytes, new threshold 6 (max 6)
- age   1:     443352 bytes,     443352 total
- age   2:      10280 bytes,     453632 total
- age   3:       7016 bytes,     460648 total
- age   4:      23536 bytes,     484184 total
- age   5:       5672 bytes,     489856 total
- age   6:      42808 bytes,     532664 total
: 34329K->614K(38080K), 0.0051623 secs] 134020K->100394K(174268K), 0.0054232 secs] [Times: user=0.01 sys=0.00, real=0.00 secs] 
Heap after GC invocations=423 (full 6):
 par new generation   total 38080K, used 614K [0x0000000085c00000, 0x0000000088550000, 0x000000009a8c0000)
  eden space 33856K,   0% used [0x0000000085c00000, 0x0000000085c00000, 0x0000000087d10000)
  from space 4224K,  14% used [0x0000000088130000, 0x00000000881c9ba0, 0x0000000088550000)
  to   space 4224K,   0% used [0x0000000087d10000, 0x0000000087d10000, 0x0000000088130000)
 concurrent mark-sweep generation total 136188K, used 99779K [0x000000009a8c0000, 0x00000000a2dbf000, 0x0000000100000000)
 Metaspace       used 126968K, capacity 136085K, committed 136420K, reserved 1169408K
  class space    used 15102K, capacity 16783K, committed 16868K, reserved 1048576K
}
2020-12-20T16:33:41.212+0000: 11633.542: Total time for which application threads were stopped: 0.0061078 seconds, Stopping threads took: 0.0000857 seconds
2020-12-20T16:34:00.214+0000: 11652.545: Total time for which application threads were stopped: 0.0004515 seconds, Stopping threads took: 0.0000760 seconds
2020-12-20T16:34:02.215+0000: 11654.545: Total time for which application threads were stopped: 0.0005651 seconds, Stopping threads took: 0.0000949 seconds
2020-12-20T16:34:06.216+0000: 11658.546: Total time for which application threads were stopped: 0.0004347 seconds, Stopping threads took: 0.0000776 seconds
2020-12-20T16:34:12.217+0000: 11664.548: Total time for which application threads were stopped: 0.0008425 seconds, Stopping threads took: 0.0003212 seconds
{Heap before GC invocations=423 (full 6):
 par new generation   total 38080K, used 34470K [0x0000000085c00000, 0x0000000088550000, 0x000000009a8c0000)
  eden space 33856K, 100% used [0x0000000085c00000, 0x0000000087d10000, 0x0000000087d10000)
  from space 4224K,  14% used [0x0000000088130000, 0x00000000881c9ba0, 0x0000000088550000)
  to   space 4224K,   0% used [0x0000000087d10000, 0x0000000087d10000, 0x0000000088130000)
 concurrent mark-sweep generation total 136188K, used 99779K [0x000000009a8c0000, 0x00000000a2dbf000, 0x0000000100000000)
 Metaspace       used 127000K, capacity 136091K, committed 136420K, reserved 1169408K
  class space    used 15103K, capacity 16784K, committed 16868K, reserved 1048576K
2020-12-20T16:35:03.400+0000: 11715.730: [GC (Allocation Failure) 2020-12-20T16:35:03.400+0000: 11715.730: [ParNew
Desired survivor size 2162688 bytes, new threshold 6 (max 6)
- age   1:     448392 bytes,     448392 total
- age   2:     153176 bytes,     601568 total
- age   3:       9168 bytes,     610736 total
- age   4:       7016 bytes,     617752 total
- age   5:      23536 bytes,     641288 total
- age   6:       5672 bytes,     646960 total
: 34470K->765K(38080K), 0.0083097 secs] 134250K->100587K(174268K), 0.0086014 secs] [Times: user=0.02 sys=0.00, real=0.01 secs] 
Heap after GC invocations=424 (full 6):
 par new generation   total 38080K, used 765K [0x0000000085c00000, 0x0000000088550000, 0x000000009a8c0000)
  eden space 33856K,   0% used [0x0000000085c00000, 0x0000000085c00000, 0x0000000087d10000)
  from space 4224K,  18% used [0x0000000087d10000, 0x0000000087dcf5d0, 0x0000000088130000)
  to   space 4224K,   0% used [0x0000000088130000, 0x0000000088130000, 0x0000000088550000)
 concurrent mark-sweep generation total 136188K, used 99822K [0x000000009a8c0000, 0x00000000a2dbf000, 0x0000000100000000)
 Metaspace       used 127000K, capacity 136091K, committed 136420K, reserved 1169408K
  class space    used 15103K, capacity 16784K, committed 16868K, reserved 1048576K
}
2020-12-20T16:35:03.409+0000: 11715.739: Total time for which application threads were stopped: 0.0093274 seconds, Stopping threads took: 0.0000926 seconds
2020-12-20T16:35:40.414+0000: 11752.744: Total time for which application threads were stopped: 0.0005607 seconds, Stopping threads took: 0.0001928 seconds
2020-12-20T16:35:52.415+0000: 11764.746: Total time for which application threads were stopped: 0.0004863 seconds, Stopping threads took: 0.0000926 seconds
2020-12-20T16:36:26.420+0000: 11798.750: Total time for which application threads were stopped: 0.0004937 seconds, Stopping threads took: 0.0000785 seconds
2020-12-20T16:36:33.421+0000: 11805.751: Total time for which application threads were stopped: 0.0005272 seconds, Stopping threads took: 0.0000891 seconds
{Heap before GC invocations=424 (full 6):
 par new generation   total 38080K, used 34621K [0x0000000085c00000, 0x0000000088550000, 0x000000009a8c0000)
  eden space 33856K, 100% used [0x0000000085c00000, 0x0000000087d10000, 0x0000000087d10000)
  from space 4224K,  18% used [0x0000000087d10000, 0x0000000087dcf5d0, 0x0000000088130000)
  to   space 4224K,   0% used [0x0000000088130000, 0x0000000088130000, 0x0000000088550000)
 concurrent mark-sweep generation total 136188K, used 99822K [0x000000009a8c0000, 0x00000000a2dbf000, 0x0000000100000000)
 Metaspace       used 127003K, capacity 136091K, committed 136420K, reserved 1169408K
  class space    used 15103K, capacity 16784K, committed 16868K, reserved 1048576K
2020-12-20T16:36:33.495+0000: 11805.826: [GC (Allocation Failure) 2020-12-20T16:36:33.495+0000: 11805.826: [ParNew
Desired survivor size 2162688 bytes, new threshold 6 (max 6)
- age   1:     340448 bytes,     340448 total
- age   2:      30136 bytes,     370584 total
- age   3:     118864 bytes,     489448 total
- age   4:       9136 bytes,     498584 total
- age   5:       7016 bytes,     505600 total
- age   6:      23536 bytes,     529136 total
: 34621K->580K(38080K), 0.0067631 secs] 134443K->100408K(174268K), 0.0069642 secs] [Times: user=0.01 sys=0.00, real=0.01 secs] 
Heap after GC invocations=425 (full 6):
 par new generation   total 38080K, used 580K [0x0000000085c00000, 0x0000000088550000, 0x000000009a8c0000)
  eden space 33856K,   0% used [0x0000000085c00000, 0x0000000085c00000, 0x0000000087d10000)
  from space 4224K,  13% used [0x0000000088130000, 0x00000000881c1230, 0x0000000088550000)
  to   space 4224K,   0% used [0x0000000087d10000, 0x0000000087d10000, 0x0000000088130000)
 concurrent mark-sweep generation total 136188K, used 99828K [0x000000009a8c0000, 0x00000000a2dbf000, 0x0000000100000000)
 Metaspace       used 127003K, capacity 136091K, committed 136420K, reserved 1169408K
  class space    used 15103K, capacity 16784K, committed 16868K, reserved 1048576K
}
2020-12-20T16:36:33.502+0000: 11805.833: Total time for which application threads were stopped: 0.0075761 seconds, Stopping threads took: 0.0000688 seconds
2020-12-20T16:36:34.503+0000: 11806.834: Total time for which application threads were stopped: 0.0005458 seconds, Stopping threads took: 0.0000864 seconds
2020-12-20T16:37:19.508+0000: 11851.839: Total time for which application threads were stopped: 0.0004234 seconds, Stopping threads took: 0.0000747 seconds
{Heap before GC invocations=425 (full 6):
 par new generation   total 38080K, used 34436K [0x0000000085c00000, 0x0000000088550000, 0x000000009a8c0000)
  eden space 33856K, 100% used [0x0000000085c00000, 0x0000000087d10000, 0x0000000087d10000)
  from space 4224K,  13% used [0x0000000088130000, 0x00000000881c1230, 0x0000000088550000)
  to   space 4224K,   0% used [0x0000000087d10000, 0x0000000087d10000, 0x0000000088130000)
 concurrent mark-sweep generation total 136188K, used 99828K [0x000000009a8c0000, 0x00000000a2dbf000, 0x0000000100000000)
 Metaspace       used 127048K, capacity 136219K, committed 136420K, reserved 1169408K
  class space    used 15103K, capacity 16784K, committed 16868K, reserved 1048576K
2020-12-20T16:37:59.442+0000: 11891.772: [GC (Allocation Failure) 2020-12-20T16:37:59.442+0000: 11891.773: [ParNew
Desired survivor size 2162688 bytes, new threshold 6 (max 6)
- age   1:     193120 bytes,     193120 total
- age   2:      13448 bytes,     206568 total
- age   3:      27576 bytes,     234144 total
- age   4:     117800 bytes,     351944 total
- age   5:       9104 bytes,     361048 total
- age   6:       7016 bytes,     368064 total
: 34436K->441K(38080K), 0.0060910 secs] 134264K->100293K(174268K), 0.0063927 secs] [Times: user=0.02 sys=0.00, real=0.01 secs] 
Heap after GC invocations=426 (full 6):
 par new generation   total 38080K, used 441K [0x0000000085c00000, 0x0000000088550000, 0x000000009a8c0000)
  eden space 33856K,   0% used [0x0000000085c00000, 0x0000000085c00000, 0x0000000087d10000)
  from space 4224K,  10% used [0x0000000087d10000, 0x0000000087d7e660, 0x0000000088130000)
  to   space 4224K,   0% used [0x0000000088130000, 0x0000000088130000, 0x0000000088550000)
 concurrent mark-sweep generation total 136188K, used 99851K [0x000000009a8c0000, 0x00000000a2dbf000, 0x0000000100000000)
 Metaspace       used 127048K, capacity 136219K, committed 136420K, reserved 1169408K
  class space    used 15103K, capacity 16784K, committed 16868K, reserved 1048576K
}
2020-12-20T16:37:59.449+0000: 11891.779: Total time for which application threads were stopped: 0.0102827 seconds, Stopping threads took: 0.0031398 seconds
2020-12-20T16:38:50.455+0000: 11942.786: Total time for which application threads were stopped: 0.0006007 seconds, Stopping threads took: 0.0000877 seconds
{Heap before GC invocations=426 (full 6):
 par new generation   total 38080K, used 34297K [0x0000000085c00000, 0x0000000088550000, 0x000000009a8c0000)
  eden space 33856K, 100% used [0x0000000085c00000, 0x0000000087d10000, 0x0000000087d10000)
  from space 4224K,  10% used [0x0000000087d10000, 0x0000000087d7e660, 0x0000000088130000)
  to   space 4224K,   0% used [0x0000000088130000, 0x0000000088130000, 0x0000000088550000)
 concurrent mark-sweep generation total 136188K, used 99851K [0x000000009a8c0000, 0x00000000a2dbf000, 0x0000000100000000)
 Metaspace       used 127048K, capacity 136219K, committed 136420K, reserved 1169408K
  class space    used 15103K, capacity 16784K, committed 16868K, reserved 1048576K
2020-12-20T16:39:31.863+0000: 11984.194: [GC (Allocation Failure) 2020-12-20T16:39:31.864+0000: 11984.194: [ParNew
Desired survivor size 2162688 bytes, new threshold 6 (max 6)
- age   1:     218880 bytes,     218880 total
- age   2:      15704 bytes,     234584 total
- age   3:      13280 bytes,     247864 total
- age   4:      27544 bytes,     275408 total
- age   5:     117800 bytes,     393208 total
- age   6:       9104 bytes,     402312 total
: 34297K->503K(38080K), 0.0061261 secs] 134149K->100361K(174268K), 0.0063581 secs] [Times: user=0.01 sys=0.00, real=0.01 secs] 
Heap after GC invocations=427 (full 6):
 par new generation   total 38080K, used 503K [0x0000000085c00000, 0x0000000088550000, 0x000000009a8c0000)
  eden space 33856K,   0% used [0x0000000085c00000, 0x0000000085c00000, 0x0000000087d10000)
  from space 4224K,  11% used [0x0000000088130000, 0x00000000881add30, 0x0000000088550000)
  to   space 4224K,   0% used [0x0000000087d10000, 0x0000000087d10000, 0x0000000088130000)
 concurrent mark-sweep generation total 136188K, used 99858K [0x000000009a8c0000, 0x00000000a2dbf000, 0x0000000100000000)
 Metaspace       used 127048K, capacity 136219K, committed 136420K, reserved 1169408K
  class space    used 15103K, capacity 16784K, committed 16868K, reserved 1048576K
}
2020-12-20T16:39:31.870+0000: 11984.200: Total time for which application threads were stopped: 0.0071149 seconds, Stopping threads took: 0.0001013 seconds
2020-12-20T16:39:35.871+0000: 11988.201: Total time for which application threads were stopped: 0.0006827 seconds, Stopping threads took: 0.0001033 seconds
2020-12-20T16:39:39.872+0000: 11992.202: Total time for which application threads were stopped: 0.0004507 seconds, Stopping threads took: 0.0000824 seconds
2020-12-20T16:39:49.874+0000: 12002.204: Total time for which application threads were stopped: 0.0004214 seconds, Stopping threads took: 0.0000778 seconds
2020-12-20T16:40:42.880+0000: 12055.210: Total time for which application threads were stopped: 0.0005315 seconds, Stopping threads took: 0.0000842 seconds
{Heap before GC invocations=427 (full 6):
 par new generation   total 38080K, used 34359K [0x0000000085c00000, 0x0000000088550000, 0x000000009a8c0000)
  eden space 33856K, 100% used [0x0000000085c00000, 0x0000000087d10000, 0x0000000087d10000)
  from space 4224K,  11% used [0x0000000088130000, 0x00000000881add30, 0x0000000088550000)
  to   space 4224K,   0% used [0x0000000087d10000, 0x0000000087d10000, 0x0000000088130000)
 concurrent mark-sweep generation total 136188K, used 99858K [0x000000009a8c0000, 0x00000000a2dbf000, 0x0000000100000000)
 Metaspace       used 127055K, capacity 136219K, committed 136420K, reserved 1169408K
  class space    used 15103K, capacity 16784K, committed 16868K, reserved 1048576K
2020-12-20T16:40:58.025+0000: 12070.355: [GC (Allocation Failure) 2020-12-20T16:40:58.025+0000: 12070.355: [ParNew
Desired survivor size 2162688 bytes, new threshold 6 (max 6)
- age   1:     210160 bytes,     210160 total
- age   2:         64 bytes,     210224 total
- age   3:      10952 bytes,     221176 total
- age   4:      11168 bytes,     232344 total
- age   5:      27544 bytes,     259888 total
- age   6:     117800 bytes,     377688 total
: 34359K->483K(38080K), 0.0179859 secs] 134217K->100351K(174268K), 0.0182414 secs] [Times: user=0.03 sys=0.00, real=0.02 secs] 
Heap after GC invocations=428 (full 6):
 par new generation   total 38080K, used 483K [0x0000000085c00000, 0x0000000088550000, 0x000000009a8c0000)
  eden space 33856K,   0% used [0x0000000085c00000, 0x0000000085c00000, 0x0000000087d10000)
  from space 4224K,  11% used [0x0000000087d10000, 0x0000000087d88e98, 0x0000000088130000)
  to   space 4224K,   0% used [0x0000000088130000, 0x0000000088130000, 0x0000000088550000)
 concurrent mark-sweep generation total 136188K, used 99867K [0x000000009a8c0000, 0x00000000a2dbf000, 0x0000000100000000)
 Metaspace       used 127055K, capacity 136219K, committed 136420K, reserved 1169408K
  class space    used 15103K, capacity 16784K, committed 16868K, reserved 1048576K
}
2020-12-20T16:40:58.043+0000: 12070.374: Total time for which application threads were stopped: 0.0190775 seconds, Stopping threads took: 0.0001335 seconds
2020-12-20T16:40:59.044+0000: 12071.374: Total time for which application threads were stopped: 0.0005227 seconds, Stopping threads took: 0.0000855 seconds
2020-12-20T16:41:01.045+0000: 12073.375: Total time for which application threads were stopped: 0.0005465 seconds, Stopping threads took: 0.0000871 seconds
2020-12-20T16:41:41.049+0000: 12113.380: Total time for which application threads were stopped: 0.0005490 seconds, Stopping threads took: 0.0000901 seconds
2020-12-20T16:42:02.052+0000: 12134.382: Total time for which application threads were stopped: 0.0005250 seconds, Stopping threads took: 0.0000885 seconds
{Heap before GC invocations=428 (full 6):
 par new generation   total 38080K, used 34339K [0x0000000085c00000, 0x0000000088550000, 0x000000009a8c0000)
  eden space 33856K, 100% used [0x0000000085c00000, 0x0000000087d10000, 0x0000000087d10000)
  from space 4224K,  11% used [0x0000000087d10000, 0x0000000087d88e98, 0x0000000088130000)
  to   space 4224K,   0% used [0x0000000088130000, 0x0000000088130000, 0x0000000088550000)
 concurrent mark-sweep generation total 136188K, used 99867K [0x000000009a8c0000, 0x00000000a2dbf000, 0x0000000100000000)
 Metaspace       used 127057K, capacity 136219K, committed 136420K, reserved 1169408K
  class space    used 15103K, capacity 16784K, committed 16868K, reserved 1048576K
2020-12-20T16:42:15.444+0000: 12147.774: [GC (Allocation Failure) 2020-12-20T16:42:15.444+0000: 12147.774: [ParNew
Desired survivor size 2162688 bytes, new threshold 6 (max 6)
- age   1:     336176 bytes,     336176 total
- age   2:      14400 bytes,     350576 total
- age   3:         32 bytes,     350608 total
- age   4:      10768 bytes,     361376 total
- age   5:      11168 bytes,     372544 total
- age   6:      27304 bytes,     399848 total
: 34339K->497K(38080K), 0.0054256 secs] 134207K->100480K(174268K), 0.0057135 secs] [Times: user=0.02 sys=0.00, real=0.01 secs] 
Heap after GC invocations=429 (full 6):
 par new generation   total 38080K, used 497K [0x0000000085c00000, 0x0000000088550000, 0x000000009a8c0000)
  eden space 33856K,   0% used [0x0000000085c00000, 0x0000000085c00000, 0x0000000087d10000)
  from space 4224K,  11% used [0x0000000088130000, 0x00000000881ac418, 0x0000000088550000)
  to   space 4224K,   0% used [0x0000000087d10000, 0x0000000087d10000, 0x0000000088130000)
 concurrent mark-sweep generation total 136188K, used 99983K [0x000000009a8c0000, 0x00000000a2dbf000, 0x0000000100000000)
 Metaspace       used 127057K, capacity 136219K, committed 136420K, reserved 1169408K
  class space    used 15103K, capacity 16784K, committed 16868K, reserved 1048576K
}
2020-12-20T16:42:15.450+0000: 12147.780: Total time for which application threads were stopped: 0.0066011 seconds, Stopping threads took: 0.0000955 seconds
{Heap before GC invocations=429 (full 6):
 par new generation   total 38080K, used 34353K [0x0000000085c00000, 0x0000000088550000, 0x000000009a8c0000)
  eden space 33856K, 100% used [0x0000000085c00000, 0x0000000087d10000, 0x0000000087d10000)
  from space 4224K,  11% used [0x0000000088130000, 0x00000000881ac418, 0x0000000088550000)
  to   space 4224K,   0% used [0x0000000087d10000, 0x0000000087d10000, 0x0000000088130000)
 concurrent mark-sweep generation total 136188K, used 99983K [0x000000009a8c0000, 0x00000000a2dbf000, 0x0000000100000000)
 Metaspace       used 127066K, capacity 136219K, committed 136420K, reserved 1169408K
  class space    used 15103K, capacity 16784K, committed 16868K, reserved 1048576K
2020-12-20T16:43:46.847+0000: 12239.178: [GC (Allocation Failure) 2020-12-20T16:43:46.847+0000: 12239.178: [ParNew
Desired survivor size 2162688 bytes, new threshold 6 (max 6)
- age   1:     195864 bytes,     195864 total
- age   2:      17744 bytes,     213608 total
- age   3:      14280 bytes,     227888 total
- age   5:      10768 bytes,     238656 total
- age   6:      10352 bytes,     249008 total
: 34353K->275K(38080K), 0.0051560 secs] 134336K->100286K(174268K), 0.0053717 secs] [Times: user=0.01 sys=0.00, real=0.00 secs] 
Heap after GC invocations=430 (full 6):
 par new generation   total 38080K, used 275K [0x0000000085c00000, 0x0000000088550000, 0x000000009a8c0000)
  eden space 33856K,   0% used [0x0000000085c00000, 0x0000000085c00000, 0x0000000087d10000)
  from space 4224K,   6% used [0x0000000087d10000, 0x0000000087d54d60, 0x0000000088130000)
  to   space 4224K,   0% used [0x0000000088130000, 0x0000000088130000, 0x0000000088550000)
 concurrent mark-sweep generation total 136188K, used 100010K [0x000000009a8c0000, 0x00000000a2dbf000, 0x0000000100000000)
 Metaspace       used 127066K, capacity 136219K, committed 136420K, reserved 1169408K
  class space    used 15103K, capacity 16784K, committed 16868K, reserved 1048576K
}
2020-12-20T16:43:46.853+0000: 12239.183: Total time for which application threads were stopped: 0.0059306 seconds, Stopping threads took: 0.0000727 seconds
{Heap before GC invocations=430 (full 6):
 par new generation   total 38080K, used 34131K [0x0000000085c00000, 0x0000000088550000, 0x000000009a8c0000)
  eden space 33856K, 100% used [0x0000000085c00000, 0x0000000087d10000, 0x0000000087d10000)
  from space 4224K,   6% used [0x0000000087d10000, 0x0000000087d54d60, 0x0000000088130000)
  to   space 4224K,   0% used [0x0000000088130000, 0x0000000088130000, 0x0000000088550000)
 concurrent mark-sweep generation total 136188K, used 100010K [0x000000009a8c0000, 0x00000000a2dbf000, 0x0000000100000000)
 Metaspace       used 127066K, capacity 136219K, committed 136420K, reserved 1169408K
  class space    used 15103K, capacity 16784K, committed 16868K, reserved 1048576K
2020-12-20T16:45:19.010+0000: 12331.340: [GC (Allocation Failure) 2020-12-20T16:45:19.010+0000: 12331.341: [ParNew
Desired survivor size 2162688 bytes, new threshold 6 (max 6)
- age   1:     150408 bytes,     150408 total
- age   2:      11528 bytes,     161936 total
- age   3:      17744 bytes,     179680 total
- age   4:      14280 bytes,     193960 total
- age   6:      10768 bytes,     204728 total
: 34131K->263K(38080K), 0.0050670 secs] 134142K->100284K(174268K), 0.0053139 secs] [Times: user=0.02 sys=0.00, real=0.00 secs] 
Heap after GC invocations=431 (full 6):
 par new generation   total 38080K, used 263K [0x0000000085c00000, 0x0000000088550000, 0x000000009a8c0000)
  eden space 33856K,   0% used [0x0000000085c00000, 0x0000000085c00000, 0x0000000087d10000)
  from space 4224K,   6% used [0x0000000088130000, 0x0000000088171e00, 0x0000000088550000)
  to   space 4224K,   0% used [0x0000000087d10000, 0x0000000087d10000, 0x0000000088130000)
 concurrent mark-sweep generation total 136188K, used 100021K [0x000000009a8c0000, 0x00000000a2dbf000, 0x0000000100000000)
 Metaspace       used 127066K, capacity 136219K, committed 136420K, reserved 1169408K
  class space    used 15103K, capacity 16784K, committed 16868K, reserved 1048576K
}
2020-12-20T16:45:19.015+0000: 12331.346: Total time for which application threads were stopped: 0.0059539 seconds, Stopping threads took: 0.0000762 seconds
2020-12-20T16:45:32.017+0000: 12344.348: Total time for which application threads were stopped: 0.0004438 seconds, Stopping threads took: 0.0000761 seconds
2020-12-20T16:46:06.022+0000: 12378.352: Total time for which application threads were stopped: 0.0004235 seconds, Stopping threads took: 0.0000761 seconds
2020-12-20T16:46:28.025+0000: 12400.355: Total time for which application threads were stopped: 0.0005210 seconds, Stopping threads took: 0.0000875 seconds
2020-12-20T16:46:32.026+0000: 12404.357: Total time for which application threads were stopped: 0.0005942 seconds, Stopping threads took: 0.0000990 seconds
2020-12-20T16:46:34.027+0000: 12406.357: Total time for which application threads were stopped: 0.0005245 seconds, Stopping threads took: 0.0000905 seconds
{Heap before GC invocations=431 (full 6):
 par new generation   total 38080K, used 34119K [0x0000000085c00000, 0x0000000088550000, 0x000000009a8c0000)
  eden space 33856K, 100% used [0x0000000085c00000, 0x0000000087d10000, 0x0000000087d10000)
  from space 4224K,   6% used [0x0000000088130000, 0x0000000088171e00, 0x0000000088550000)
  to   space 4224K,   0% used [0x0000000087d10000, 0x0000000087d10000, 0x0000000088130000)
 concurrent mark-sweep generation total 136188K, used 100021K [0x000000009a8c0000, 0x00000000a2dbf000, 0x0000000100000000)
 Metaspace       used 127066K, capacity 136219K, committed 136420K, reserved 1169408K
  class space    used 15103K, capacity 16784K, committed 16868K, reserved 1048576K
2020-12-20T16:46:45.722+0000: 12418.053: [GC (Allocation Failure) 2020-12-20T16:46:45.723+0000: 12418.053: [ParNew
Desired survivor size 2162688 bytes, new threshold 6 (max 6)
- age   1:     249008 bytes,     249008 total
- age   2:         88 bytes,     249096 total
- age   3:      10536 bytes,     259632 total
- age   4:      16688 bytes,     276320 total
- age   5:      14248 bytes,     290568 total
: 34119K->309K(38080K), 0.0077136 secs] 134140K->100340K(174268K), 0.0080380 secs] [Times: user=0.02 sys=0.00, real=0.01 secs] 
Heap after GC invocations=432 (full 6):
 par new generation   total 38080K, used 309K [0x0000000085c00000, 0x0000000088550000, 0x000000009a8c0000)
  eden space 33856K,   0% used [0x0000000085c00000, 0x0000000085c00000, 0x0000000087d10000)
  from space 4224K,   7% used [0x0000000087d10000, 0x0000000087d5d470, 0x0000000088130000)
  to   space 4224K,   0% used [0x0000000088130000, 0x0000000088130000, 0x0000000088550000)
 concurrent mark-sweep generation total 136188K, used 100031K [0x000000009a8c0000, 0x00000000a2dbf000, 0x0000000100000000)
 Metaspace       used 127066K, capacity 136219K, committed 136420K, reserved 1169408K
  class space    used 15103K, capacity 16784K, committed 16868K, reserved 1048576K
}
2020-12-20T16:46:45.731+0000: 12418.061: Total time for which application threads were stopped: 0.0089507 seconds, Stopping threads took: 0.0000995 seconds
2020-12-20T16:46:55.732+0000: 12428.063: Total time for which application threads were stopped: 0.0005424 seconds, Stopping threads took: 0.0000907 seconds
2020-12-20T16:47:02.734+0000: 12435.064: Total time for which application threads were stopped: 0.0008871 seconds, Stopping threads took: 0.0001554 seconds
2020-12-20T16:47:53.741+0000: 12486.071: Total time for which application threads were stopped: 0.0005389 seconds, Stopping threads took: 0.0000912 seconds
2020-12-20T16:48:03.742+0000: 12496.073: Total time for which application threads were stopped: 0.0004640 seconds, Stopping threads took: 0.0000785 seconds
{Heap before GC invocations=432 (full 6):
 par new generation   total 38080K, used 34165K [0x0000000085c00000, 0x0000000088550000, 0x000000009a8c0000)
  eden space 33856K, 100% used [0x0000000085c00000, 0x0000000087d10000, 0x0000000087d10000)
  from space 4224K,   7% used [0x0000000087d10000, 0x0000000087d5d470, 0x0000000088130000)
  to   space 4224K,   0% used [0x0000000088130000, 0x0000000088130000, 0x0000000088550000)
 concurrent mark-sweep generation total 136188K, used 100031K [0x000000009a8c0000, 0x00000000a2dbf000, 0x0000000100000000)
 Metaspace       used 127085K, capacity 136231K, committed 136420K, reserved 1169408K
  class space    used 15104K, capacity 16786K, committed 16868K, reserved 1048576K
2020-12-20T16:48:09.166+0000: 12501.496: [GC (Allocation Failure) 2020-12-20T16:48:09.166+0000: 12501.496: [ParNew
Desired survivor size 2162688 bytes, new threshold 6 (max 6)
- age   1:    1082000 bytes,    1082000 total
- age   2:      57824 bytes,    1139824 total
- age   4:      10504 bytes,    1150328 total
- age   5:      15744 bytes,    1166072 total
- age   6:      14152 bytes,    1180224 total
: 34165K->1201K(38080K), 0.0057782 secs] 134196K->101232K(174268K), 0.0059850 secs] [Times: user=0.01 sys=0.01, real=0.00 secs] 
Heap after GC invocations=433 (full 6):
 par new generation   total 38080K, used 1201K [0x0000000085c00000, 0x0000000088550000, 0x000000009a8c0000)
  eden space 33856K,   0% used [0x0000000085c00000, 0x0000000085c00000, 0x0000000087d10000)
  from space 4224K,  28% used [0x0000000088130000, 0x000000008825c468, 0x0000000088550000)
  to   space 4224K,   0% used [0x0000000087d10000, 0x0000000087d10000, 0x0000000088130000)
 concurrent mark-sweep generation total 136188K, used 100031K [0x000000009a8c0000, 0x00000000a2dbf000, 0x0000000100000000)
 Metaspace       used 127085K, capacity 136231K, committed 136420K, reserved 1169408K
  class space    used 15104K, capacity 16786K, committed 16868K, reserved 1048576K
}
2020-12-20T16:48:09.172+0000: 12501.502: Total time for which application threads were stopped: 0.0065813 seconds, Stopping threads took: 0.0000712 seconds
2020-12-20T16:48:34.175+0000: 12526.506: Total time for which application threads were stopped: 0.0006771 seconds, Stopping threads took: 0.0000948 seconds
2020-12-20T16:48:54.178+0000: 12546.509: Total time for which application threads were stopped: 0.0005250 seconds, Stopping threads took: 0.0000871 seconds
2020-12-20T16:49:00.180+0000: 12552.510: Total time for which application threads were stopped: 0.0004666 seconds, Stopping threads took: 0.0000745 seconds
2020-12-20T16:49:10.181+0000: 12562.512: Total time for which application threads were stopped: 0.0004590 seconds, Stopping threads took: 0.0000707 seconds
{Heap before GC invocations=433 (full 6):
 par new generation   total 38080K, used 35057K [0x0000000085c00000, 0x0000000088550000, 0x000000009a8c0000)
  eden space 33856K, 100% used [0x0000000085c00000, 0x0000000087d10000, 0x0000000087d10000)
  from space 4224K,  28% used [0x0000000088130000, 0x000000008825c468, 0x0000000088550000)
  to   space 4224K,   0% used [0x0000000087d10000, 0x0000000087d10000, 0x0000000088130000)
 concurrent mark-sweep generation total 136188K, used 100031K [0x000000009a8c0000, 0x00000000a2dbf000, 0x0000000100000000)
 Metaspace       used 127085K, capacity 136231K, committed 136420K, reserved 1169408K
  class space    used 15104K, capacity 16786K, committed 16868K, reserved 1048576K
2020-12-20T16:49:40.823+0000: 12593.154: [GC (Allocation Failure) 2020-12-20T16:49:40.824+0000: 12593.154: [ParNew
Desired survivor size 2162688 bytes, new threshold 6 (max 6)
- age   1:     209144 bytes,     209144 total
- age   2:     863936 bytes,    1073080 total
- age   3:      57792 bytes,    1130872 total
- age   5:      10424 bytes,    1141296 total
- age   6:      15744 bytes,    1157040 total
: 35057K->1330K(38080K), 0.0052464 secs] 135088K->101375K(174268K), 0.0054713 secs] [Times: user=0.01 sys=0.00, real=0.01 secs] 
Heap after GC invocations=434 (full 6):
 par new generation   total 38080K, used 1330K [0x0000000085c00000, 0x0000000088550000, 0x000000009a8c0000)
  eden space 33856K,   0% used [0x0000000085c00000, 0x0000000085c00000, 0x0000000087d10000)
  from space 4224K,  31% used [0x0000000087d10000, 0x0000000087e5c960, 0x0000000088130000)
  to   space 4224K,   0% used [0x0000000088130000, 0x0000000088130000, 0x0000000088550000)
 concurrent mark-sweep generation total 136188K, used 100045K [0x000000009a8c0000, 0x00000000a2dbf000, 0x0000000100000000)
 Metaspace       used 127085K, capacity 136231K, committed 136420K, reserved 1169408K
  class space    used 15104K, capacity 16786K, committed 16868K, reserved 1048576K
}
2020-12-20T16:49:40.829+0000: 12593.159: Total time for which application threads were stopped: 0.0077500 seconds, Stopping threads took: 0.0017502 seconds
2020-12-20T16:50:01.836+0000: 12614.167: Total time for which application threads were stopped: 0.0005074 seconds, Stopping threads took: 0.0000827 seconds
2020-12-20T16:50:43.842+0000: 12656.172: Total time for which application threads were stopped: 0.0004431 seconds, Stopping threads took: 0.0000907 seconds
{Heap before GC invocations=434 (full 6):
 par new generation   total 38080K, used 35186K [0x0000000085c00000, 0x0000000088550000, 0x000000009a8c0000)
  eden space 33856K, 100% used [0x0000000085c00000, 0x0000000087d10000, 0x0000000087d10000)
  from space 4224K,  31% used [0x0000000087d10000, 0x0000000087e5c960, 0x0000000088130000)
  to   space 4224K,   0% used [0x0000000088130000, 0x0000000088130000, 0x0000000088550000)
 concurrent mark-sweep generation total 136188K, used 100045K [0x000000009a8c0000, 0x00000000a2dbf000, 0x0000000100000000)
 Metaspace       used 127088K, capacity 136231K, committed 136420K, reserved 1169408K
  class space    used 15104K, capacity 16786K, committed 16868K, reserved 1048576K
2020-12-20T16:51:12.271+0000: 12684.601: [GC (Allocation Failure) 2020-12-20T16:51:12.271+0000: 12684.602: [ParNew
Desired survivor size 2162688 bytes, new threshold 6 (max 6)
- age   1:     122208 bytes,     122208 total
- age   2:      58176 bytes,     180384 total
- age   3:     860648 bytes,    1041032 total
- age   4:      57736 bytes,    1098768 total
- age   6:      10392 bytes,    1109160 total
: 35186K->1412K(38080K), 0.0059963 secs] 135231K->101473K(174268K), 0.0062959 secs] [Times: user=0.03 sys=0.00, real=0.01 secs] 
Heap after GC invocations=435 (full 6):
 par new generation   total 38080K, used 1412K [0x0000000085c00000, 0x0000000088550000, 0x000000009a8c0000)
  eden space 33856K,   0% used [0x0000000085c00000, 0x0000000085c00000, 0x0000000087d10000)
  from space 4224K,  33% used [0x0000000088130000, 0x0000000088291100, 0x0000000088550000)
  to   space 4224K,   0% used [0x0000000087d10000, 0x0000000087d10000, 0x0000000088130000)
 concurrent mark-sweep generation total 136188K, used 100061K [0x000000009a8c0000, 0x00000000a2dbf000, 0x0000000100000000)
 Metaspace       used 127088K, capacity 136231K, committed 136420K, reserved 1169408K
  class space    used 15104K, capacity 16786K, committed 16868K, reserved 1048576K
}
2020-12-20T16:51:12.278+0000: 12684.608: Total time for which application threads were stopped: 0.0071370 seconds, Stopping threads took: 0.0001017 seconds
2020-12-20T16:52:34.289+0000: 12766.619: Total time for which application threads were stopped: 0.0005322 seconds, Stopping threads took: 0.0000872 seconds
{Heap before GC invocations=435 (full 6):
 par new generation   total 38080K, used 35246K [0x0000000085c00000, 0x0000000088550000, 0x000000009a8c0000)
  eden space 33856K,  99% used [0x0000000085c00000, 0x0000000087d0a9c8, 0x0000000087d10000)
  from space 4224K,  33% used [0x0000000088130000, 0x0000000088291100, 0x0000000088550000)
  to   space 4224K,   0% used [0x0000000087d10000, 0x0000000087d10000, 0x0000000088130000)
 concurrent mark-sweep generation total 136188K, used 100061K [0x000000009a8c0000, 0x00000000a2dbf000, 0x0000000100000000)
 Metaspace       used 127089K, capacity 136231K, committed 136420K, reserved 1169408K
  class space    used 15104K, capacity 16786K, committed 16868K, reserved 1048576K
2020-12-20T16:52:43.654+0000: 12775.984: [GC (Allocation Failure) 2020-12-20T16:52:43.654+0000: 12775.985: [ParNew
Desired survivor size 2162688 bytes, new threshold 6 (max 6)
- age   1:     260192 bytes,     260192 total
- age   2:       5552 bytes,     265744 total
- age   3:      58144 bytes,     323888 total
- age   4:     860648 bytes,    1184536 total
- age   5:      57736 bytes,    1242272 total
: 35246K->2042K(38080K), 0.0153766 secs] 135307K->102113K(174268K), 0.0156268 secs] [Times: user=0.03 sys=0.00, real=0.02 secs] 
